[1.136s] Invoking command in '/home/user/ros_workspaces/lab1/src/chatter': PYTHONPATH=/home/user/ros_workspaces/lab1/build/chatter/prefix_override:/usr/lib/python3/dist-packages/colcon_core/task/python/colcon_distutils_commands:/home/user/ros_workspaces/lab1/install/chatter/lib/python3.10/site-packages:${PYTHONPATH} _=/usr/bin/env /usr/bin/python3 -W ignore:setup.py install is deprecated -W ignore:easy_install command is deprecated setup.py egg_info --egg-base ../../build/chatter build --build-base /home/user/ros_workspaces/lab1/build/chatter/build install --record /home/user/ros_workspaces/lab1/build/chatter/install.log --single-version-externally-managed install_data
[1.317s] /usr/local/lib/python3.10/dist-packages/setuptools/_distutils/dist.py:289: UserWarning: Unknown distribution option: 'tests_require'
[1.317s]   warnings.warn(msg)
[1.449s] running egg_info
[1.467s] writing ../../build/chatter/chatter.egg-info/PKG-INFO
[1.467s] writing dependency_links to ../../build/chatter/chatter.egg-info/dependency_links.txt
[1.467s] writing entry points to ../../build/chatter/chatter.egg-info/entry_points.txt
[1.467s] writing requirements to ../../build/chatter/chatter.egg-info/requires.txt
[1.468s] writing top-level names to ../../build/chatter/chatter.egg-info/top_level.txt
[1.510s] reading manifest file '../../build/chatter/chatter.egg-info/SOURCES.txt'
[1.512s] writing manifest file '../../build/chatter/chatter.egg-info/SOURCES.txt'
[1.512s] running build
[1.512s] running build_py
[1.512s] copying chatter/publisher_member_function.py -> /home/user/ros_workspaces/lab1/build/chatter/build/lib/chatter
[1.513s] copying chatter/__init__.py -> /home/user/ros_workspaces/lab1/build/chatter/build/lib/chatter
[1.513s] copying chatter/subscriber_member_function.py -> /home/user/ros_workspaces/lab1/build/chatter/build/lib/chatter
[1.513s] running install
[1.518s] running install_lib
[1.544s] running install_data
[1.544s] copying resource/chatter -> /home/user/ros_workspaces/lab1/install/chatter/share/ament_index/resource_index/packages
[1.545s] copying package.xml -> /home/user/ros_workspaces/lab1/install/chatter/share/chatter
[1.545s] running install_egg_info
[1.564s] removing '/home/user/ros_workspaces/lab1/install/chatter/lib/python3.10/site-packages/chatter-0.0.0-py3.10.egg-info' (and everything under it)
[1.564s] Copying ../../build/chatter/chatter.egg-info to /home/user/ros_workspaces/lab1/install/chatter/lib/python3.10/site-packages/chatter-0.0.0-py3.10.egg-info
[1.565s] running install_scripts
[1.615s] Installing listener script to /home/user/ros_workspaces/lab1/install/chatter/lib/chatter
[1.616s] Installing talker script to /home/user/ros_workspaces/lab1/install/chatter/lib/chatter
[1.616s] writing list of installed files to '/home/user/ros_workspaces/lab1/build/chatter/install.log'
[1.644s] Invoked command in '/home/user/ros_workspaces/lab1/src/chatter' returned '0': PYTHONPATH=/home/user/ros_workspaces/lab1/build/chatter/prefix_override:/usr/lib/python3/dist-packages/colcon_core/task/python/colcon_distutils_commands:/home/user/ros_workspaces/lab1/install/chatter/lib/python3.10/site-packages:${PYTHONPATH} _=/usr/bin/env /usr/bin/python3 -W ignore:setup.py install is deprecated -W ignore:easy_install command is deprecated setup.py egg_info --egg-base ../../build/chatter build --build-base /home/user/ros_workspaces/lab1/build/chatter/build install --record /home/user/ros_workspaces/lab1/build/chatter/install.log --single-version-externally-managed install_data
