[0.015s] Invoking command in '/home/user/ros_workspaces/lab1/build/my_chatter_msgs': CMAKE_PREFIX_PATH=${CMAKE_PREFIX_PATH}:/home/user/ros_workspaces/lab1/install/my_chatter:/home/user/ros_workspaces/lab1/install/chatter:/opt/ros/humble _=/usr/bin/env /usr/bin/cmake /home/user/ros_workspaces/lab1/src/my_chatter_msgs -DCMAKE_INSTALL_PREFIX=/home/user/ros_workspaces/lab1/install/my_chatter_msgs
[0.072s] -- The C compiler identification is GNU 11.4.0
[0.130s] -- The CXX compiler identification is GNU 11.4.0
[0.136s] -- Detecting C compiler ABI info
[0.205s] -- Detecting C compiler ABI info - done
[0.212s] -- Check for working C compiler: /usr/bin/cc - skipped
[0.212s] -- Detecting C compile features
[0.213s] -- Detecting C compile features - done
[0.217s] -- Detecting CXX compiler ABI info
[0.303s] -- Detecting CXX compiler ABI info - done
[0.311s] -- Check for working CXX compiler: /usr/bin/c++ - skipped
[0.311s] -- Detecting CXX compile features
[0.311s] -- Detecting CXX compile features - done
[0.317s] -- Found ament_cmake: 1.3.12 (/opt/ros/humble/share/ament_cmake/cmake)
[0.747s] -- Found Python3: /usr/bin/python3 (found version "3.10.12") found components: Interpreter 
[0.894s] -- Found rosidl_default_generators: 1.2.0 (/opt/ros/humble/share/rosidl_default_generators/cmake)
[0.900s] -- Using all available rosidl_typesupport_c: rosidl_typesupport_fastrtps_c;rosidl_typesupport_introspection_c
[0.919s] -- Found rosidl_adapter: 3.1.7 (/opt/ros/humble/share/rosidl_adapter/cmake)
[1.001s] -- Using all available rosidl_typesupport_cpp: rosidl_typesupport_fastrtps_cpp;rosidl_typesupport_introspection_cpp
[1.342s] -- Found ament_cmake_ros: 0.10.0 (/opt/ros/humble/share/ament_cmake_ros/cmake)
[1.561s] -- Using all available rosidl_typesupport_c: rosidl_typesupport_fastrtps_c;rosidl_typesupport_introspection_c
[1.818s] -- Using all available rosidl_typesupport_cpp: rosidl_typesupport_fastrtps_cpp;rosidl_typesupport_introspection_cpp
[1.840s] -- Found PythonInterp: /usr/bin/python3 (found suitable version "3.10.12", minimum required is "3.6") 
[1.848s] -- Found python_cmake_module: 0.10.0 (/opt/ros/humble/share/python_cmake_module/cmake)
[1.878s] -- Found PythonLibs: /usr/lib/x86_64-linux-gnu/libpython3.10.so (found suitable version "3.10.12", minimum required is "3.5") 
[1.878s] -- Using PYTHON_EXECUTABLE: /usr/bin/python3
[1.878s] -- Using PYTHON_INCLUDE_DIRS: /usr/include/python3.10
[1.878s] -- Using PYTHON_LIBRARIES: /usr/lib/x86_64-linux-gnu/libpython3.10.so
[1.900s] -- Found PythonExtra: .so  
[2.151s] -- Using numpy include directory: /usr/local/lib/python3.10/dist-packages/numpy/_core/include
[2.162s] -- Found rosidl_default_runtime: 1.2.0 (/opt/ros/humble/share/rosidl_default_runtime/cmake)
[2.169s] -- Found ament_lint_auto: 0.12.14 (/opt/ros/humble/share/ament_lint_auto/cmake)
[2.208s] -- Added test 'lint_cmake' to check CMake code style
[2.209s] -- Added test 'xmllint' to check XML markup files
[2.211s] -- Configuring done
[2.245s] -- Generating done
[2.258s] -- Build files have been written to: /home/user/ros_workspaces/lab1/build/my_chatter_msgs
[2.267s] Invoked command in '/home/user/ros_workspaces/lab1/build/my_chatter_msgs' returned '0': CMAKE_PREFIX_PATH=${CMAKE_PREFIX_PATH}:/home/user/ros_workspaces/lab1/install/my_chatter:/home/user/ros_workspaces/lab1/install/chatter:/opt/ros/humble _=/usr/bin/env /usr/bin/cmake /home/user/ros_workspaces/lab1/src/my_chatter_msgs -DCMAKE_INSTALL_PREFIX=/home/user/ros_workspaces/lab1/install/my_chatter_msgs
[2.270s] Invoking command in '/home/user/ros_workspaces/lab1/build/my_chatter_msgs': CMAKE_PREFIX_PATH=${CMAKE_PREFIX_PATH}:/home/user/ros_workspaces/lab1/install/my_chatter:/home/user/ros_workspaces/lab1/install/chatter:/opt/ros/humble _=/usr/bin/env /usr/bin/cmake --build /home/user/ros_workspaces/lab1/build/my_chatter_msgs -- -j8 -l8
[2.310s] [35m[1mConsolidate compiler generated dependencies of target my_chatter_msgs__rosidl_generator_c[0m
[2.320s] [  3%] Built target my_chatter_msgs__cpp
[2.322s] [ 12%] Built target my_chatter_msgs__rosidl_generator_c
[2.333s] [35m[1mConsolidate compiler generated dependencies of target my_chatter_msgs__rosidl_typesupport_fastrtps_cpp[0m
[2.333s] [ 12%] Built target ament_cmake_python_copy_my_chatter_msgs
[2.334s] [35m[1mConsolidate compiler generated dependencies of target my_chatter_msgs__rosidl_typesupport_cpp[0m
[2.336s] [35m[1mConsolidate compiler generated dependencies of target my_chatter_msgs__rosidl_typesupport_fastrtps_c[0m
[2.340s] [35m[1mConsolidate compiler generated dependencies of target my_chatter_msgs__rosidl_typesupport_introspection_c[0m
[2.347s] [35m[1mConsolidate compiler generated dependencies of target my_chatter_msgs__rosidl_typesupport_introspection_cpp[0m
[2.356s] [35m[1mConsolidate compiler generated dependencies of target my_chatter_msgs__rosidl_typesupport_c[0m
[2.358s] [ 22%] Built target my_chatter_msgs__rosidl_typesupport_fastrtps_c
[2.361s] [ 32%] Built target my_chatter_msgs__rosidl_typesupport_cpp
[2.416s] [ 41%] Built target my_chatter_msgs__rosidl_typesupport_fastrtps_cpp
[2.416s] [ 54%] Built target my_chatter_msgs__rosidl_typesupport_introspection_cpp
[2.416s] [ 61%] Built target my_chatter_msgs__rosidl_typesupport_introspection_c
[2.419s] [ 70%] Built target my_chatter_msgs__rosidl_typesupport_c
[2.442s] [ 70%] Built target my_chatter_msgs
[2.463s] [ 74%] Built target my_chatter_msgs__py
[2.475s] [35m[1mConsolidate compiler generated dependencies of target my_chatter_msgs__rosidl_generator_py[0m
[2.491s] [ 80%] Built target my_chatter_msgs__rosidl_generator_py
[2.515s] [35m[1mConsolidate compiler generated dependencies of target my_chatter_msgs__rosidl_typesupport_c__pyext[0m
[2.520s] [35m[1mConsolidate compiler generated dependencies of target my_chatter_msgs__rosidl_typesupport_fastrtps_c__pyext[0m
[2.521s] [35m[1mConsolidate compiler generated dependencies of target my_chatter_msgs__rosidl_typesupport_introspection_c__pyext[0m
[2.529s] [ 87%] Built target my_chatter_msgs__rosidl_typesupport_c__pyext
[2.540s] [ 93%] Built target my_chatter_msgs__rosidl_typesupport_introspection_c__pyext
[2.542s] [100%] Built target my_chatter_msgs__rosidl_typesupport_fastrtps_c__pyext
[2.700s] running egg_info
[2.720s] writing my_chatter_msgs.egg-info/PKG-INFO
[2.721s] writing dependency_links to my_chatter_msgs.egg-info/dependency_links.txt
[2.721s] writing top-level names to my_chatter_msgs.egg-info/top_level.txt
[2.790s] reading manifest file 'my_chatter_msgs.egg-info/SOURCES.txt'
[2.791s] writing manifest file 'my_chatter_msgs.egg-info/SOURCES.txt'
[2.822s] [100%] Built target ament_cmake_python_build_my_chatter_msgs_egg
[2.834s] Invoked command in '/home/user/ros_workspaces/lab1/build/my_chatter_msgs' returned '0': CMAKE_PREFIX_PATH=${CMAKE_PREFIX_PATH}:/home/user/ros_workspaces/lab1/install/my_chatter:/home/user/ros_workspaces/lab1/install/chatter:/opt/ros/humble _=/usr/bin/env /usr/bin/cmake --build /home/user/ros_workspaces/lab1/build/my_chatter_msgs -- -j8 -l8
[2.844s] Invoking command in '/home/user/ros_workspaces/lab1/build/my_chatter_msgs': CMAKE_PREFIX_PATH=${CMAKE_PREFIX_PATH}:/home/user/ros_workspaces/lab1/install/my_chatter:/home/user/ros_workspaces/lab1/install/chatter:/opt/ros/humble _=/usr/bin/env /usr/bin/cmake --install /home/user/ros_workspaces/lab1/build/my_chatter_msgs
[2.853s] -- Install configuration: ""
[2.854s] -- Up-to-date: /home/user/ros_workspaces/lab1/install/my_chatter_msgs/share/ament_index/resource_index/rosidl_interfaces/my_chatter_msgs
[2.854s] -- Up-to-date: /home/user/ros_workspaces/lab1/install/my_chatter_msgs/include/my_chatter_msgs/my_chatter_msgs
[2.854s] -- Up-to-date: /home/user/ros_workspaces/lab1/install/my_chatter_msgs/include/my_chatter_msgs/my_chatter_msgs/msg
[2.854s] -- Up-to-date: /home/user/ros_workspaces/lab1/install/my_chatter_msgs/include/my_chatter_msgs/my_chatter_msgs/msg/detail
[2.854s] -- Up-to-date: /home/user/ros_workspaces/lab1/install/my_chatter_msgs/include/my_chatter_msgs/my_chatter_msgs/msg/detail/timestamp_string__struct.h
[2.854s] -- Up-to-date: /home/user/ros_workspaces/lab1/install/my_chatter_msgs/include/my_chatter_msgs/my_chatter_msgs/msg/detail/timestamp_string__type_support.h
[2.854s] -- Up-to-date: /home/user/ros_workspaces/lab1/install/my_chatter_msgs/include/my_chatter_msgs/my_chatter_msgs/msg/detail/timestamp_string__functions.h
[2.854s] -- Up-to-date: /home/user/ros_workspaces/lab1/install/my_chatter_msgs/include/my_chatter_msgs/my_chatter_msgs/msg/detail/timestamp_string__functions.c
[2.855s] -- Up-to-date: /home/user/ros_workspaces/lab1/install/my_chatter_msgs/include/my_chatter_msgs/my_chatter_msgs/msg/timestamp_string.h
[2.855s] -- Up-to-date: /home/user/ros_workspaces/lab1/install/my_chatter_msgs/include/my_chatter_msgs/my_chatter_msgs/msg/rosidl_generator_c__visibility_control.h
[2.855s] -- Up-to-date: /home/user/ros_workspaces/lab1/install/my_chatter_msgs/share/my_chatter_msgs/environment/library_path.sh
[2.855s] -- Installing: /home/user/ros_workspaces/lab1/install/my_chatter_msgs/share/my_chatter_msgs/environment/library_path.dsv
[2.855s] -- Up-to-date: /home/user/ros_workspaces/lab1/install/my_chatter_msgs/lib/libmy_chatter_msgs__rosidl_generator_c.so
[2.855s] -- Up-to-date: /home/user/ros_workspaces/lab1/install/my_chatter_msgs/include/my_chatter_msgs/my_chatter_msgs
[2.855s] -- Up-to-date: /home/user/ros_workspaces/lab1/install/my_chatter_msgs/include/my_chatter_msgs/my_chatter_msgs/msg
[2.855s] -- Up-to-date: /home/user/ros_workspaces/lab1/install/my_chatter_msgs/include/my_chatter_msgs/my_chatter_msgs/msg/detail
[2.855s] -- Up-to-date: /home/user/ros_workspaces/lab1/install/my_chatter_msgs/include/my_chatter_msgs/my_chatter_msgs/msg/detail/timestamp_string__rosidl_typesupport_fastrtps_c.h
[2.855s] -- Up-to-date: /home/user/ros_workspaces/lab1/install/my_chatter_msgs/include/my_chatter_msgs/my_chatter_msgs/msg/rosidl_typesupport_fastrtps_c__visibility_control.h
[2.856s] -- Up-to-date: /home/user/ros_workspaces/lab1/install/my_chatter_msgs/lib/libmy_chatter_msgs__rosidl_typesupport_fastrtps_c.so
[2.856s] -- Up-to-date: /home/user/ros_workspaces/lab1/install/my_chatter_msgs/include/my_chatter_msgs/my_chatter_msgs
[2.856s] -- Up-to-date: /home/user/ros_workspaces/lab1/install/my_chatter_msgs/include/my_chatter_msgs/my_chatter_msgs/msg
[2.856s] -- Up-to-date: /home/user/ros_workspaces/lab1/install/my_chatter_msgs/include/my_chatter_msgs/my_chatter_msgs/msg/detail
[2.856s] -- Up-to-date: /home/user/ros_workspaces/lab1/install/my_chatter_msgs/include/my_chatter_msgs/my_chatter_msgs/msg/detail/timestamp_string__rosidl_typesupport_introspection_c.h
[2.856s] -- Up-to-date: /home/user/ros_workspaces/lab1/install/my_chatter_msgs/include/my_chatter_msgs/my_chatter_msgs/msg/detail/timestamp_string__type_support.c
[2.856s] -- Up-to-date: /home/user/ros_workspaces/lab1/install/my_chatter_msgs/include/my_chatter_msgs/my_chatter_msgs/msg/rosidl_typesupport_introspection_c__visibility_control.h
[2.857s] -- Up-to-date: /home/user/ros_workspaces/lab1/install/my_chatter_msgs/lib/libmy_chatter_msgs__rosidl_typesupport_introspection_c.so
[2.857s] -- Up-to-date: /home/user/ros_workspaces/lab1/install/my_chatter_msgs/lib/libmy_chatter_msgs__rosidl_typesupport_c.so
[2.857s] -- Up-to-date: /home/user/ros_workspaces/lab1/install/my_chatter_msgs/include/my_chatter_msgs/my_chatter_msgs
[2.857s] -- Up-to-date: /home/user/ros_workspaces/lab1/install/my_chatter_msgs/include/my_chatter_msgs/my_chatter_msgs/msg
[2.858s] -- Up-to-date: /home/user/ros_workspaces/lab1/install/my_chatter_msgs/include/my_chatter_msgs/my_chatter_msgs/msg/detail
[2.858s] -- Up-to-date: /home/user/ros_workspaces/lab1/install/my_chatter_msgs/include/my_chatter_msgs/my_chatter_msgs/msg/detail/timestamp_string__builder.hpp
[2.858s] -- Up-to-date: /home/user/ros_workspaces/lab1/install/my_chatter_msgs/include/my_chatter_msgs/my_chatter_msgs/msg/detail/timestamp_string__traits.hpp
[2.858s] -- Up-to-date: /home/user/ros_workspaces/lab1/install/my_chatter_msgs/include/my_chatter_msgs/my_chatter_msgs/msg/detail/timestamp_string__struct.hpp
[2.858s] -- Up-to-date: /home/user/ros_workspaces/lab1/install/my_chatter_msgs/include/my_chatter_msgs/my_chatter_msgs/msg/detail/timestamp_string__type_support.hpp
[2.858s] -- Up-to-date: /home/user/ros_workspaces/lab1/install/my_chatter_msgs/include/my_chatter_msgs/my_chatter_msgs/msg/timestamp_string.hpp
[2.858s] -- Up-to-date: /home/user/ros_workspaces/lab1/install/my_chatter_msgs/include/my_chatter_msgs/my_chatter_msgs/msg/rosidl_generator_cpp__visibility_control.hpp
[2.859s] -- Up-to-date: /home/user/ros_workspaces/lab1/install/my_chatter_msgs/include/my_chatter_msgs/my_chatter_msgs
[2.859s] -- Up-to-date: /home/user/ros_workspaces/lab1/install/my_chatter_msgs/include/my_chatter_msgs/my_chatter_msgs/msg
[2.859s] -- Up-to-date: /home/user/ros_workspaces/lab1/install/my_chatter_msgs/include/my_chatter_msgs/my_chatter_msgs/msg/detail
[2.859s] -- Up-to-date: /home/user/ros_workspaces/lab1/install/my_chatter_msgs/include/my_chatter_msgs/my_chatter_msgs/msg/detail/timestamp_string__rosidl_typesupport_fastrtps_cpp.hpp
[2.859s] -- Up-to-date: /home/user/ros_workspaces/lab1/install/my_chatter_msgs/include/my_chatter_msgs/my_chatter_msgs/msg/detail/dds_fastrtps
[2.859s] -- Up-to-date: /home/user/ros_workspaces/lab1/install/my_chatter_msgs/include/my_chatter_msgs/my_chatter_msgs/msg/rosidl_typesupport_fastrtps_cpp__visibility_control.h
[2.859s] -- Up-to-date: /home/user/ros_workspaces/lab1/install/my_chatter_msgs/lib/libmy_chatter_msgs__rosidl_typesupport_fastrtps_cpp.so
[2.859s] -- Up-to-date: /home/user/ros_workspaces/lab1/install/my_chatter_msgs/include/my_chatter_msgs/my_chatter_msgs
[2.859s] -- Up-to-date: /home/user/ros_workspaces/lab1/install/my_chatter_msgs/include/my_chatter_msgs/my_chatter_msgs/msg
[2.859s] -- Up-to-date: /home/user/ros_workspaces/lab1/install/my_chatter_msgs/include/my_chatter_msgs/my_chatter_msgs/msg/detail
[2.859s] -- Up-to-date: /home/user/ros_workspaces/lab1/install/my_chatter_msgs/include/my_chatter_msgs/my_chatter_msgs/msg/detail/timestamp_string__type_support.cpp
[2.859s] -- Up-to-date: /home/user/ros_workspaces/lab1/install/my_chatter_msgs/include/my_chatter_msgs/my_chatter_msgs/msg/detail/timestamp_string__rosidl_typesupport_introspection_cpp.hpp
[2.859s] -- Up-to-date: /home/user/ros_workspaces/lab1/install/my_chatter_msgs/lib/libmy_chatter_msgs__rosidl_typesupport_introspection_cpp.so
[2.860s] -- Up-to-date: /home/user/ros_workspaces/lab1/install/my_chatter_msgs/lib/libmy_chatter_msgs__rosidl_typesupport_cpp.so
[2.860s] -- Up-to-date: /home/user/ros_workspaces/lab1/install/my_chatter_msgs/share/my_chatter_msgs/environment/pythonpath.sh
[2.860s] -- Installing: /home/user/ros_workspaces/lab1/install/my_chatter_msgs/share/my_chatter_msgs/environment/pythonpath.dsv
[2.860s] -- Up-to-date: /home/user/ros_workspaces/lab1/install/my_chatter_msgs/local/lib/python3.10/dist-packages/my_chatter_msgs-0.0.0-py3.10.egg-info
[2.860s] -- Installing: /home/user/ros_workspaces/lab1/install/my_chatter_msgs/local/lib/python3.10/dist-packages/my_chatter_msgs-0.0.0-py3.10.egg-info/PKG-INFO
[2.860s] -- Installing: /home/user/ros_workspaces/lab1/install/my_chatter_msgs/local/lib/python3.10/dist-packages/my_chatter_msgs-0.0.0-py3.10.egg-info/top_level.txt
[2.860s] -- Installing: /home/user/ros_workspaces/lab1/install/my_chatter_msgs/local/lib/python3.10/dist-packages/my_chatter_msgs-0.0.0-py3.10.egg-info/SOURCES.txt
[2.860s] -- Installing: /home/user/ros_workspaces/lab1/install/my_chatter_msgs/local/lib/python3.10/dist-packages/my_chatter_msgs-0.0.0-py3.10.egg-info/dependency_links.txt
[2.860s] -- Up-to-date: /home/user/ros_workspaces/lab1/install/my_chatter_msgs/local/lib/python3.10/dist-packages/my_chatter_msgs
[2.860s] -- Up-to-date: /home/user/ros_workspaces/lab1/install/my_chatter_msgs/local/lib/python3.10/dist-packages/my_chatter_msgs/_my_chatter_msgs_s.ep.rosidl_typesupport_fastrtps_c.c
[2.861s] -- Up-to-date: /home/user/ros_workspaces/lab1/install/my_chatter_msgs/local/lib/python3.10/dist-packages/my_chatter_msgs/my_chatter_msgs_s__rosidl_typesupport_c.cpython-310-x86_64-linux-gnu.so
[2.861s] -- Up-to-date: /home/user/ros_workspaces/lab1/install/my_chatter_msgs/local/lib/python3.10/dist-packages/my_chatter_msgs/my_chatter_msgs_s__rosidl_typesupport_introspection_c.cpython-310-x86_64-linux-gnu.so
[2.861s] -- Up-to-date: /home/user/ros_workspaces/lab1/install/my_chatter_msgs/local/lib/python3.10/dist-packages/my_chatter_msgs/my_chatter_msgs_s__rosidl_typesupport_fastrtps_c.cpython-310-x86_64-linux-gnu.so
[2.861s] -- Up-to-date: /home/user/ros_workspaces/lab1/install/my_chatter_msgs/local/lib/python3.10/dist-packages/my_chatter_msgs/_my_chatter_msgs_s.ep.rosidl_typesupport_introspection_c.c
[2.861s] -- Up-to-date: /home/user/ros_workspaces/lab1/install/my_chatter_msgs/local/lib/python3.10/dist-packages/my_chatter_msgs/msg
[2.861s] -- Up-to-date: /home/user/ros_workspaces/lab1/install/my_chatter_msgs/local/lib/python3.10/dist-packages/my_chatter_msgs/msg/_timestamp_string_s.c
[2.861s] -- Up-to-date: /home/user/ros_workspaces/lab1/install/my_chatter_msgs/local/lib/python3.10/dist-packages/my_chatter_msgs/msg/_timestamp_string.py
[2.861s] -- Up-to-date: /home/user/ros_workspaces/lab1/install/my_chatter_msgs/local/lib/python3.10/dist-packages/my_chatter_msgs/msg/__init__.py
[2.861s] -- Installing: /home/user/ros_workspaces/lab1/install/my_chatter_msgs/local/lib/python3.10/dist-packages/my_chatter_msgs/__init__.py
[2.861s] -- Up-to-date: /home/user/ros_workspaces/lab1/install/my_chatter_msgs/local/lib/python3.10/dist-packages/my_chatter_msgs/libmy_chatter_msgs__rosidl_generator_py.so
[2.861s] -- Up-to-date: /home/user/ros_workspaces/lab1/install/my_chatter_msgs/local/lib/python3.10/dist-packages/my_chatter_msgs/_my_chatter_msgs_s.ep.rosidl_typesupport_c.c
[2.896s] Listing '/home/user/ros_workspaces/lab1/install/my_chatter_msgs/local/lib/python3.10/dist-packages/my_chatter_msgs'...
[2.896s] Compiling '/home/user/ros_workspaces/lab1/install/my_chatter_msgs/local/lib/python3.10/dist-packages/my_chatter_msgs/__init__.py'...
[2.896s] Listing '/home/user/ros_workspaces/lab1/install/my_chatter_msgs/local/lib/python3.10/dist-packages/my_chatter_msgs/msg'...
[2.901s] -- Up-to-date: /home/user/ros_workspaces/lab1/install/my_chatter_msgs/local/lib/python3.10/dist-packages/my_chatter_msgs/my_chatter_msgs_s__rosidl_typesupport_fastrtps_c.cpython-310-x86_64-linux-gnu.so
[2.901s] -- Up-to-date: /home/user/ros_workspaces/lab1/install/my_chatter_msgs/local/lib/python3.10/dist-packages/my_chatter_msgs/my_chatter_msgs_s__rosidl_typesupport_introspection_c.cpython-310-x86_64-linux-gnu.so
[2.901s] -- Up-to-date: /home/user/ros_workspaces/lab1/install/my_chatter_msgs/local/lib/python3.10/dist-packages/my_chatter_msgs/my_chatter_msgs_s__rosidl_typesupport_c.cpython-310-x86_64-linux-gnu.so
[2.901s] -- Up-to-date: /home/user/ros_workspaces/lab1/install/my_chatter_msgs/lib/libmy_chatter_msgs__rosidl_generator_py.so
[2.902s] -- Up-to-date: /home/user/ros_workspaces/lab1/install/my_chatter_msgs/share/my_chatter_msgs/msg/TimestampString.idl
[2.902s] -- Up-to-date: /home/user/ros_workspaces/lab1/install/my_chatter_msgs/share/my_chatter_msgs/msg/TimestampString.msg
[2.902s] -- Up-to-date: /home/user/ros_workspaces/lab1/install/my_chatter_msgs/share/ament_index/resource_index/package_run_dependencies/my_chatter_msgs
[2.902s] -- Up-to-date: /home/user/ros_workspaces/lab1/install/my_chatter_msgs/share/ament_index/resource_index/parent_prefix_path/my_chatter_msgs
[2.902s] -- Up-to-date: /home/user/ros_workspaces/lab1/install/my_chatter_msgs/share/my_chatter_msgs/environment/ament_prefix_path.sh
[2.902s] -- Installing: /home/user/ros_workspaces/lab1/install/my_chatter_msgs/share/my_chatter_msgs/environment/ament_prefix_path.dsv
[2.902s] -- Up-to-date: /home/user/ros_workspaces/lab1/install/my_chatter_msgs/share/my_chatter_msgs/environment/path.sh
[2.903s] -- Installing: /home/user/ros_workspaces/lab1/install/my_chatter_msgs/share/my_chatter_msgs/environment/path.dsv
[2.903s] -- Up-to-date: /home/user/ros_workspaces/lab1/install/my_chatter_msgs/share/my_chatter_msgs/local_setup.bash
[2.903s] -- Up-to-date: /home/user/ros_workspaces/lab1/install/my_chatter_msgs/share/my_chatter_msgs/local_setup.sh
[2.903s] -- Up-to-date: /home/user/ros_workspaces/lab1/install/my_chatter_msgs/share/my_chatter_msgs/local_setup.zsh
[2.903s] -- Installing: /home/user/ros_workspaces/lab1/install/my_chatter_msgs/share/my_chatter_msgs/local_setup.dsv
[2.903s] -- Installing: /home/user/ros_workspaces/lab1/install/my_chatter_msgs/share/my_chatter_msgs/package.dsv
[2.903s] -- Up-to-date: /home/user/ros_workspaces/lab1/install/my_chatter_msgs/share/ament_index/resource_index/packages/my_chatter_msgs
[2.904s] -- Up-to-date: /home/user/ros_workspaces/lab1/install/my_chatter_msgs/share/my_chatter_msgs/cmake/export_my_chatter_msgs__rosidl_generator_cExport.cmake
[2.904s] -- Up-to-date: /home/user/ros_workspaces/lab1/install/my_chatter_msgs/share/my_chatter_msgs/cmake/export_my_chatter_msgs__rosidl_generator_cExport-noconfig.cmake
[2.904s] -- Up-to-date: /home/user/ros_workspaces/lab1/install/my_chatter_msgs/share/my_chatter_msgs/cmake/export_my_chatter_msgs__rosidl_typesupport_fastrtps_cExport.cmake
[2.904s] -- Up-to-date: /home/user/ros_workspaces/lab1/install/my_chatter_msgs/share/my_chatter_msgs/cmake/export_my_chatter_msgs__rosidl_typesupport_fastrtps_cExport-noconfig.cmake
[2.904s] -- Up-to-date: /home/user/ros_workspaces/lab1/install/my_chatter_msgs/share/my_chatter_msgs/cmake/my_chatter_msgs__rosidl_typesupport_introspection_cExport.cmake
[2.904s] -- Up-to-date: /home/user/ros_workspaces/lab1/install/my_chatter_msgs/share/my_chatter_msgs/cmake/my_chatter_msgs__rosidl_typesupport_introspection_cExport-noconfig.cmake
[2.904s] -- Up-to-date: /home/user/ros_workspaces/lab1/install/my_chatter_msgs/share/my_chatter_msgs/cmake/my_chatter_msgs__rosidl_typesupport_cExport.cmake
[2.905s] -- Up-to-date: /home/user/ros_workspaces/lab1/install/my_chatter_msgs/share/my_chatter_msgs/cmake/my_chatter_msgs__rosidl_typesupport_cExport-noconfig.cmake
[2.905s] -- Up-to-date: /home/user/ros_workspaces/lab1/install/my_chatter_msgs/share/my_chatter_msgs/cmake/export_my_chatter_msgs__rosidl_generator_cppExport.cmake
[2.905s] -- Up-to-date: /home/user/ros_workspaces/lab1/install/my_chatter_msgs/share/my_chatter_msgs/cmake/export_my_chatter_msgs__rosidl_typesupport_fastrtps_cppExport.cmake
[2.905s] -- Up-to-date: /home/user/ros_workspaces/lab1/install/my_chatter_msgs/share/my_chatter_msgs/cmake/export_my_chatter_msgs__rosidl_typesupport_fastrtps_cppExport-noconfig.cmake
[2.905s] -- Up-to-date: /home/user/ros_workspaces/lab1/install/my_chatter_msgs/share/my_chatter_msgs/cmake/my_chatter_msgs__rosidl_typesupport_introspection_cppExport.cmake
[2.905s] -- Up-to-date: /home/user/ros_workspaces/lab1/install/my_chatter_msgs/share/my_chatter_msgs/cmake/my_chatter_msgs__rosidl_typesupport_introspection_cppExport-noconfig.cmake
[2.905s] -- Up-to-date: /home/user/ros_workspaces/lab1/install/my_chatter_msgs/share/my_chatter_msgs/cmake/my_chatter_msgs__rosidl_typesupport_cppExport.cmake
[2.906s] -- Up-to-date: /home/user/ros_workspaces/lab1/install/my_chatter_msgs/share/my_chatter_msgs/cmake/my_chatter_msgs__rosidl_typesupport_cppExport-noconfig.cmake
[2.906s] -- Up-to-date: /home/user/ros_workspaces/lab1/install/my_chatter_msgs/share/my_chatter_msgs/cmake/export_my_chatter_msgs__rosidl_generator_pyExport.cmake
[2.906s] -- Up-to-date: /home/user/ros_workspaces/lab1/install/my_chatter_msgs/share/my_chatter_msgs/cmake/export_my_chatter_msgs__rosidl_generator_pyExport-noconfig.cmake
[2.906s] -- Up-to-date: /home/user/ros_workspaces/lab1/install/my_chatter_msgs/share/my_chatter_msgs/cmake/rosidl_cmake-extras.cmake
[2.906s] -- Up-to-date: /home/user/ros_workspaces/lab1/install/my_chatter_msgs/share/my_chatter_msgs/cmake/ament_cmake_export_include_directories-extras.cmake
[2.906s] -- Up-to-date: /home/user/ros_workspaces/lab1/install/my_chatter_msgs/share/my_chatter_msgs/cmake/ament_cmake_export_libraries-extras.cmake
[2.906s] -- Up-to-date: /home/user/ros_workspaces/lab1/install/my_chatter_msgs/share/my_chatter_msgs/cmake/ament_cmake_export_targets-extras.cmake
[2.907s] -- Up-to-date: /home/user/ros_workspaces/lab1/install/my_chatter_msgs/share/my_chatter_msgs/cmake/rosidl_cmake_export_typesupport_targets-extras.cmake
[2.907s] -- Up-to-date: /home/user/ros_workspaces/lab1/install/my_chatter_msgs/share/my_chatter_msgs/cmake/ament_cmake_export_dependencies-extras.cmake
[2.907s] -- Up-to-date: /home/user/ros_workspaces/lab1/install/my_chatter_msgs/share/my_chatter_msgs/cmake/rosidl_cmake_export_typesupport_libraries-extras.cmake
[2.907s] -- Up-to-date: /home/user/ros_workspaces/lab1/install/my_chatter_msgs/share/my_chatter_msgs/cmake/my_chatter_msgsConfig.cmake
[2.907s] -- Up-to-date: /home/user/ros_workspaces/lab1/install/my_chatter_msgs/share/my_chatter_msgs/cmake/my_chatter_msgsConfig-version.cmake
[2.907s] -- Up-to-date: /home/user/ros_workspaces/lab1/install/my_chatter_msgs/share/my_chatter_msgs/package.xml
[2.909s] Invoked command in '/home/user/ros_workspaces/lab1/build/my_chatter_msgs' returned '0': CMAKE_PREFIX_PATH=${CMAKE_PREFIX_PATH}:/home/user/ros_workspaces/lab1/install/my_chatter:/home/user/ros_workspaces/lab1/install/chatter:/opt/ros/humble _=/usr/bin/env /usr/bin/cmake --install /home/user/ros_workspaces/lab1/build/my_chatter_msgs
