[5.295s] Invoking command in '/home/cc/ee106a/fa26/class/ee106a-aej/ros_workspaces/lab2/src/turtle_patrol': PYTHONPATH=/home/cc/ee106a/fa26/class/ee106a-aej/ros_workspaces/lab2/build/turtle_patrol/prefix_override:/usr/lib/python3/dist-packages/colcon_core/task/python/colcon_distutils_commands:/home/cc/ee106a/fa26/class/ee106a-aej/ros_workspaces/lab2/install/turtle_patrol/lib/python3.10/site-packages:${PYTHONPATH} /usr/bin/python3 -W ignore:setup.py install is deprecated -W ignore:easy_install command is deprecated setup.py egg_info --egg-base ../../build/turtle_patrol build --build-base /home/cc/ee106a/fa26/class/ee106a-aej/ros_workspaces/lab2/build/turtle_patrol/build install --record /home/cc/ee106a/fa26/class/ee106a-aej/ros_workspaces/lab2/build/turtle_patrol/install.log --install-scripts $base/lib/turtle_patrol --single-version-externally-managed install_data
[7.073s] running egg_info
[7.079s] writing ../../build/turtle_patrol/turtle_patrol.egg-info/PKG-INFO
[7.089s] writing dependency_links to ../../build/turtle_patrol/turtle_patrol.egg-info/dependency_links.txt
[7.097s] writing entry points to ../../build/turtle_patrol/turtle_patrol.egg-info/entry_points.txt
[7.103s] writing requirements to ../../build/turtle_patrol/turtle_patrol.egg-info/requires.txt
[7.107s] writing top-level names to ../../build/turtle_patrol/turtle_patrol.egg-info/top_level.txt
[7.137s] reading manifest file '../../build/turtle_patrol/turtle_patrol.egg-info/SOURCES.txt'
[7.148s] writing manifest file '../../build/turtle_patrol/turtle_patrol.egg-info/SOURCES.txt'
[7.153s] running build
[7.157s] running build_py
[7.161s] copying turtle_patrol/multi_patrol_server.py -> /home/cc/ee106a/fa26/class/ee106a-aej/ros_workspaces/lab2/build/turtle_patrol/build/lib/turtle_patrol
[7.176s] running install
[7.181s] running install_lib
[7.186s] copying /home/cc/ee106a/fa26/class/ee106a-aej/ros_workspaces/lab2/build/turtle_patrol/build/lib/turtle_patrol/multi_patrol_server.py -> /home/cc/ee106a/fa26/class/ee106a-aej/ros_workspaces/lab2/install/turtle_patrol/lib/python3.10/site-packages/turtle_patrol
[7.202s] byte-compiling /home/cc/ee106a/fa26/class/ee106a-aej/ros_workspaces/lab2/install/turtle_patrol/lib/python3.10/site-packages/turtle_patrol/multi_patrol_server.py to multi_patrol_server.cpython-310.pyc
[7.217s] running install_data
[7.221s] running install_egg_info
[7.235s] removing '/home/cc/ee106a/fa26/class/ee106a-aej/ros_workspaces/lab2/install/turtle_patrol/lib/python3.10/site-packages/turtle_patrol-0.0.0-py3.10.egg-info' (and everything under it)
[7.251s] Copying ../../build/turtle_patrol/turtle_patrol.egg-info to /home/cc/ee106a/fa26/class/ee106a-aej/ros_workspaces/lab2/install/turtle_patrol/lib/python3.10/site-packages/turtle_patrol-0.0.0-py3.10.egg-info
[7.330s] running install_scripts
[7.424s] Installing multi_patrol_client script to /home/cc/ee106a/fa26/class/ee106a-aej/ros_workspaces/lab2/install/turtle_patrol/lib/turtle_patrol
[7.432s] Installing multi_patrol_server script to /home/cc/ee106a/fa26/class/ee106a-aej/ros_workspaces/lab2/install/turtle_patrol/lib/turtle_patrol
[7.438s] Installing patrol_client script to /home/cc/ee106a/fa26/class/ee106a-aej/ros_workspaces/lab2/install/turtle_patrol/lib/turtle_patrol
[7.447s] Installing patrol_server script to /home/cc/ee106a/fa26/class/ee106a-aej/ros_workspaces/lab2/install/turtle_patrol/lib/turtle_patrol
[7.454s] writing list of installed files to '/home/cc/ee106a/fa26/class/ee106a-aej/ros_workspaces/lab2/build/turtle_patrol/install.log'
[7.536s] Invoked command in '/home/cc/ee106a/fa26/class/ee106a-aej/ros_workspaces/lab2/src/turtle_patrol' returned '0': PYTHONPATH=/home/cc/ee106a/fa26/class/ee106a-aej/ros_workspaces/lab2/build/turtle_patrol/prefix_override:/usr/lib/python3/dist-packages/colcon_core/task/python/colcon_distutils_commands:/home/cc/ee106a/fa26/class/ee106a-aej/ros_workspaces/lab2/install/turtle_patrol/lib/python3.10/site-packages:${PYTHONPATH} /usr/bin/python3 -W ignore:setup.py install is deprecated -W ignore:easy_install command is deprecated setup.py egg_info --egg-base ../../build/turtle_patrol build --build-base /home/cc/ee106a/fa26/class/ee106a-aej/ros_workspaces/lab2/build/turtle_patrol/build install --record /home/cc/ee106a/fa26/class/ee106a-aej/ros_workspaces/lab2/build/turtle_patrol/install.log --install-scripts $base/lib/turtle_patrol --single-version-externally-managed install_data
