[0.670s] DEBUG:colcon:Command line arguments: ['/usr/bin/colcon', 'build']
[0.671s] DEBUG:colcon:Parsed command line arguments: Namespace(log_base=None, log_level=None, verb_name='build', build_base='build', install_base='install', merge_install=False, symlink_install=False, test_result_base=None, continue_on_error=False, executor='parallel', parallel_workers=32, event_handlers=None, ignore_user_meta=False, metas=['./colcon.meta'], base_paths=['.'], packages_ignore=None, packages_ignore_regex=None, paths=None, packages_up_to=None, packages_up_to_regex=None, packages_above=None, packages_above_and_dependencies=None, packages_above_depth=None, packages_select_by_dep=None, packages_skip_by_dep=None, packages_skip_up_to=None, packages_select_build_failed=False, packages_skip_build_finished=False, packages_select_test_failures=False, packages_skip_test_passed=False, packages_select=None, packages_skip=None, packages_select_regex=None, packages_skip_regex=None, packages_start=None, packages_end=None, cmake_args=None, cmake_target=None, cmake_target_skip_unavailable=False, cmake_clean_cache=False, cmake_clean_first=False, cmake_force_configure=False, ament_cmake_args=None, catkin_cmake_args=None, catkin_skip_building_tests=False, mixin_files=None, mixin=None, verb_parser=<colcon_mixin.mixin.mixin_argument.MixinArgumentDecorator object at 0x7626bd7dd5a0>, verb_extension=<colcon_core.verb.build.BuildVerb object at 0x7626bd7dd0c0>, main=<bound method BuildVerb.main of <colcon_core.verb.build.BuildVerb object at 0x7626bd7dd0c0>>, mixin_verb=('build',))
[0.970s] Level 1:colcon.colcon_core.package_discovery:discover_packages(colcon_meta) check parameters
[0.971s] Level 1:colcon.colcon_core.package_discovery:discover_packages(recursive) check parameters
[0.971s] Level 1:colcon.colcon_core.package_discovery:discover_packages(ignore) check parameters
[0.971s] Level 1:colcon.colcon_core.package_discovery:discover_packages(path) check parameters
[0.971s] Level 1:colcon.colcon_core.package_discovery:discover_packages(colcon_meta) discover
[0.971s] Level 1:colcon.colcon_core.package_discovery:discover_packages(recursive) discover
[0.971s] INFO:colcon.colcon_core.package_discovery:Crawling recursively for packages in '/home/cc/ee106a/fa26/class/ee106a-aej/ros_workspaces/lab3'
[0.972s] Level 1:colcon.colcon_core.package_identification:_identify(.) by extensions ['ignore', 'ignore_ament_install']
[0.972s] Level 1:colcon.colcon_core.package_identification:_identify(.) by extension 'ignore'
[0.973s] Level 1:colcon.colcon_core.package_identification:_identify(.) by extension 'ignore_ament_install'
[0.973s] Level 1:colcon.colcon_core.package_identification:_identify(.) by extensions ['colcon_pkg']
[0.973s] Level 1:colcon.colcon_core.package_identification:_identify(.) by extension 'colcon_pkg'
[0.974s] Level 1:colcon.colcon_core.package_identification:_identify(.) by extensions ['colcon_meta']
[0.974s] Level 1:colcon.colcon_core.package_identification:_identify(.) by extension 'colcon_meta'
[0.974s] Level 1:colcon.colcon_core.package_identification:_identify(.) by extensions ['ros']
[0.974s] Level 1:colcon.colcon_core.package_identification:_identify(.) by extension 'ros'
[1.006s] Level 1:colcon.colcon_core.package_identification:_identify(.) by extensions ['cmake', 'python']
[1.006s] Level 1:colcon.colcon_core.package_identification:_identify(.) by extension 'cmake'
[1.006s] Level 1:colcon.colcon_core.package_identification:_identify(.) by extension 'python'
[1.007s] Level 1:colcon.colcon_core.package_identification:_identify(.) by extensions ['python_setup_py']
[1.007s] Level 1:colcon.colcon_core.package_identification:_identify(.) by extension 'python_setup_py'
[1.009s] Level 1:colcon.colcon_core.package_identification:_identify(build) by extensions ['ignore', 'ignore_ament_install']
[1.009s] Level 1:colcon.colcon_core.package_identification:_identify(build) by extension 'ignore'
[1.009s] Level 1:colcon.colcon_core.package_identification:_identify(build) ignored
[1.011s] Level 1:colcon.colcon_core.package_identification:_identify(install) by extensions ['ignore', 'ignore_ament_install']
[1.011s] Level 1:colcon.colcon_core.package_identification:_identify(install) by extension 'ignore'
[1.011s] Level 1:colcon.colcon_core.package_identification:_identify(install) ignored
[1.014s] Level 1:colcon.colcon_core.package_identification:_identify(log) by extensions ['ignore', 'ignore_ament_install']
[1.014s] Level 1:colcon.colcon_core.package_identification:_identify(log) by extension 'ignore'
[1.014s] Level 1:colcon.colcon_core.package_identification:_identify(log) ignored
[1.016s] Level 1:colcon.colcon_core.package_identification:_identify(src) by extensions ['ignore', 'ignore_ament_install']
[1.016s] Level 1:colcon.colcon_core.package_identification:_identify(src) by extension 'ignore'
[1.017s] Level 1:colcon.colcon_core.package_identification:_identify(src) by extension 'ignore_ament_install'
[1.017s] Level 1:colcon.colcon_core.package_identification:_identify(src) by extensions ['colcon_pkg']
[1.017s] Level 1:colcon.colcon_core.package_identification:_identify(src) by extension 'colcon_pkg'
[1.018s] Level 1:colcon.colcon_core.package_identification:_identify(src) by extensions ['colcon_meta']
[1.018s] Level 1:colcon.colcon_core.package_identification:_identify(src) by extension 'colcon_meta'
[1.018s] Level 1:colcon.colcon_core.package_identification:_identify(src) by extensions ['ros']
[1.018s] Level 1:colcon.colcon_core.package_identification:_identify(src) by extension 'ros'
[1.019s] Level 1:colcon.colcon_core.package_identification:_identify(src) by extensions ['cmake', 'python']
[1.019s] Level 1:colcon.colcon_core.package_identification:_identify(src) by extension 'cmake'
[1.019s] Level 1:colcon.colcon_core.package_identification:_identify(src) by extension 'python'
[1.020s] Level 1:colcon.colcon_core.package_identification:_identify(src) by extensions ['python_setup_py']
[1.020s] Level 1:colcon.colcon_core.package_identification:_identify(src) by extension 'python_setup_py'
[1.022s] Level 1:colcon.colcon_core.package_identification:_identify(src/forward_kinematics) by extensions ['ignore', 'ignore_ament_install']
[1.022s] Level 1:colcon.colcon_core.package_identification:_identify(src/forward_kinematics) by extension 'ignore'
[1.022s] Level 1:colcon.colcon_core.package_identification:_identify(src/forward_kinematics) by extension 'ignore_ament_install'
[1.023s] Level 1:colcon.colcon_core.package_identification:_identify(src/forward_kinematics) by extensions ['colcon_pkg']
[1.023s] Level 1:colcon.colcon_core.package_identification:_identify(src/forward_kinematics) by extension 'colcon_pkg'
[1.023s] Level 1:colcon.colcon_core.package_identification:_identify(src/forward_kinematics) by extensions ['colcon_meta']
[1.023s] Level 1:colcon.colcon_core.package_identification:_identify(src/forward_kinematics) by extension 'colcon_meta'
[1.023s] Level 1:colcon.colcon_core.package_identification:_identify(src/forward_kinematics) by extensions ['ros']
[1.023s] Level 1:colcon.colcon_core.package_identification:_identify(src/forward_kinematics) by extension 'ros'
[1.033s] DEBUG:colcon.colcon_core.package_identification:Package 'src/forward_kinematics' with type 'ros.ament_python' and name 'forward_kinematics'
[1.035s] Level 1:colcon.colcon_core.package_identification:_identify(src/joint_control) by extensions ['ignore', 'ignore_ament_install']
[1.035s] Level 1:colcon.colcon_core.package_identification:_identify(src/joint_control) by extension 'ignore'
[1.036s] Level 1:colcon.colcon_core.package_identification:_identify(src/joint_control) by extension 'ignore_ament_install'
[1.037s] Level 1:colcon.colcon_core.package_identification:_identify(src/joint_control) by extensions ['colcon_pkg']
[1.037s] Level 1:colcon.colcon_core.package_identification:_identify(src/joint_control) by extension 'colcon_pkg'
[1.037s] Level 1:colcon.colcon_core.package_identification:_identify(src/joint_control) by extensions ['colcon_meta']
[1.037s] Level 1:colcon.colcon_core.package_identification:_identify(src/joint_control) by extension 'colcon_meta'
[1.038s] Level 1:colcon.colcon_core.package_identification:_identify(src/joint_control) by extensions ['ros']
[1.038s] Level 1:colcon.colcon_core.package_identification:_identify(src/joint_control) by extension 'ros'
[1.041s] DEBUG:colcon.colcon_core.package_identification:Package 'src/joint_control' with type 'ros.ament_python' and name 'joint_control'
[1.042s] Level 1:colcon.colcon_core.package_identification:_identify(src/straight_line) by extensions ['ignore', 'ignore_ament_install']
[1.043s] Level 1:colcon.colcon_core.package_identification:_identify(src/straight_line) by extension 'ignore'
[1.043s] Level 1:colcon.colcon_core.package_identification:_identify(src/straight_line) by extension 'ignore_ament_install'
[1.044s] Level 1:colcon.colcon_core.package_identification:_identify(src/straight_line) by extensions ['colcon_pkg']
[1.044s] Level 1:colcon.colcon_core.package_identification:_identify(src/straight_line) by extension 'colcon_pkg'
[1.044s] Level 1:colcon.colcon_core.package_identification:_identify(src/straight_line) by extensions ['colcon_meta']
[1.044s] Level 1:colcon.colcon_core.package_identification:_identify(src/straight_line) by extension 'colcon_meta'
[1.044s] Level 1:colcon.colcon_core.package_identification:_identify(src/straight_line) by extensions ['ros']
[1.044s] Level 1:colcon.colcon_core.package_identification:_identify(src/straight_line) by extension 'ros'
[1.048s] DEBUG:colcon.colcon_core.package_identification:Package 'src/straight_line' with type 'ros.ament_python' and name 'straight_line'
[1.050s] Level 1:colcon.colcon_core.package_identification:_identify(src/straight_line_interface) by extensions ['ignore', 'ignore_ament_install']
[1.050s] Level 1:colcon.colcon_core.package_identification:_identify(src/straight_line_interface) by extension 'ignore'
[1.051s] Level 1:colcon.colcon_core.package_identification:_identify(src/straight_line_interface) by extension 'ignore_ament_install'
[1.051s] Level 1:colcon.colcon_core.package_identification:_identify(src/straight_line_interface) by extensions ['colcon_pkg']
[1.051s] Level 1:colcon.colcon_core.package_identification:_identify(src/straight_line_interface) by extension 'colcon_pkg'
[1.051s] Level 1:colcon.colcon_core.package_identification:_identify(src/straight_line_interface) by extensions ['colcon_meta']
[1.052s] Level 1:colcon.colcon_core.package_identification:_identify(src/straight_line_interface) by extension 'colcon_meta'
[1.052s] Level 1:colcon.colcon_core.package_identification:_identify(src/straight_line_interface) by extensions ['ros']
[1.052s] Level 1:colcon.colcon_core.package_identification:_identify(src/straight_line_interface) by extension 'ros'
[1.054s] DEBUG:colcon.colcon_core.package_identification:Package 'src/straight_line_interface' with type 'ros.ament_cmake' and name 'straight_line_interface'
[1.056s] Level 1:colcon.colcon_core.package_identification:_identify(src/tf_listener) by extensions ['ignore', 'ignore_ament_install']
[1.056s] Level 1:colcon.colcon_core.package_identification:_identify(src/tf_listener) by extension 'ignore'
[1.056s] Level 1:colcon.colcon_core.package_identification:_identify(src/tf_listener) by extension 'ignore_ament_install'
[1.057s] Level 1:colcon.colcon_core.package_identification:_identify(src/tf_listener) by extensions ['colcon_pkg']
[1.057s] Level 1:colcon.colcon_core.package_identification:_identify(src/tf_listener) by extension 'colcon_pkg'
[1.057s] Level 1:colcon.colcon_core.package_identification:_identify(src/tf_listener) by extensions ['colcon_meta']
[1.057s] Level 1:colcon.colcon_core.package_identification:_identify(src/tf_listener) by extension 'colcon_meta'
[1.057s] Level 1:colcon.colcon_core.package_identification:_identify(src/tf_listener) by extensions ['ros']
[1.057s] Level 1:colcon.colcon_core.package_identification:_identify(src/tf_listener) by extension 'ros'
[1.060s] DEBUG:colcon.colcon_core.package_identification:Package 'src/tf_listener' with type 'ros.ament_python' and name 'tf_listener'
[1.060s] Level 1:colcon.colcon_core.package_discovery:discover_packages(recursive) using defaults
[1.060s] Level 1:colcon.colcon_core.package_discovery:discover_packages(ignore) discover
[1.061s] Level 1:colcon.colcon_core.package_discovery:discover_packages(ignore) using defaults
[1.061s] Level 1:colcon.colcon_core.package_discovery:discover_packages(path) discover
[1.061s] Level 1:colcon.colcon_core.package_discovery:discover_packages(path) using defaults
[1.124s] Level 5:colcon.colcon_core.verb:set package 'forward_kinematics' build argument 'cmake_args' from command line to 'None'
[1.124s] Level 5:colcon.colcon_core.verb:set package 'forward_kinematics' build argument 'cmake_target' from command line to 'None'
[1.124s] Level 5:colcon.colcon_core.verb:set package 'forward_kinematics' build argument 'cmake_target_skip_unavailable' from command line to 'False'
[1.124s] Level 5:colcon.colcon_core.verb:set package 'forward_kinematics' build argument 'cmake_clean_cache' from command line to 'False'
[1.124s] Level 5:colcon.colcon_core.verb:set package 'forward_kinematics' build argument 'cmake_clean_first' from command line to 'False'
[1.124s] Level 5:colcon.colcon_core.verb:set package 'forward_kinematics' build argument 'cmake_force_configure' from command line to 'False'
[1.124s] Level 5:colcon.colcon_core.verb:set package 'forward_kinematics' build argument 'ament_cmake_args' from command line to 'None'
[1.124s] Level 5:colcon.colcon_core.verb:set package 'forward_kinematics' build argument 'catkin_cmake_args' from command line to 'None'
[1.124s] Level 5:colcon.colcon_core.verb:set package 'forward_kinematics' build argument 'catkin_skip_building_tests' from command line to 'False'
[1.124s] DEBUG:colcon.colcon_core.verb:Building package 'forward_kinematics' with the following arguments: {'ament_cmake_args': None, 'build_base': '/home/cc/ee106a/fa26/class/ee106a-aej/ros_workspaces/lab3/build/forward_kinematics', 'catkin_cmake_args': None, 'catkin_skip_building_tests': False, 'cmake_args': None, 'cmake_clean_cache': False, 'cmake_clean_first': False, 'cmake_force_configure': False, 'cmake_target': None, 'cmake_target_skip_unavailable': False, 'install_base': '/home/cc/ee106a/fa26/class/ee106a-aej/ros_workspaces/lab3/install/forward_kinematics', 'merge_install': False, 'path': '/home/cc/ee106a/fa26/class/ee106a-aej/ros_workspaces/lab3/src/forward_kinematics', 'symlink_install': False, 'test_result_base': None}
[1.124s] Level 5:colcon.colcon_core.verb:set package 'joint_control' build argument 'cmake_args' from command line to 'None'
[1.124s] Level 5:colcon.colcon_core.verb:set package 'joint_control' build argument 'cmake_target' from command line to 'None'
[1.124s] Level 5:colcon.colcon_core.verb:set package 'joint_control' build argument 'cmake_target_skip_unavailable' from command line to 'False'
[1.125s] Level 5:colcon.colcon_core.verb:set package 'joint_control' build argument 'cmake_clean_cache' from command line to 'False'
[1.125s] Level 5:colcon.colcon_core.verb:set package 'joint_control' build argument 'cmake_clean_first' from command line to 'False'
[1.125s] Level 5:colcon.colcon_core.verb:set package 'joint_control' build argument 'cmake_force_configure' from command line to 'False'
[1.125s] Level 5:colcon.colcon_core.verb:set package 'joint_control' build argument 'ament_cmake_args' from command line to 'None'
[1.125s] Level 5:colcon.colcon_core.verb:set package 'joint_control' build argument 'catkin_cmake_args' from command line to 'None'
[1.125s] Level 5:colcon.colcon_core.verb:set package 'joint_control' build argument 'catkin_skip_building_tests' from command line to 'False'
[1.125s] DEBUG:colcon.colcon_core.verb:Building package 'joint_control' with the following arguments: {'ament_cmake_args': None, 'build_base': '/home/cc/ee106a/fa26/class/ee106a-aej/ros_workspaces/lab3/build/joint_control', 'catkin_cmake_args': None, 'catkin_skip_building_tests': False, 'cmake_args': None, 'cmake_clean_cache': False, 'cmake_clean_first': False, 'cmake_force_configure': False, 'cmake_target': None, 'cmake_target_skip_unavailable': False, 'install_base': '/home/cc/ee106a/fa26/class/ee106a-aej/ros_workspaces/lab3/install/joint_control', 'merge_install': False, 'path': '/home/cc/ee106a/fa26/class/ee106a-aej/ros_workspaces/lab3/src/joint_control', 'symlink_install': False, 'test_result_base': None}
[1.125s] Level 5:colcon.colcon_core.verb:set package 'straight_line_interface' build argument 'cmake_args' from command line to 'None'
[1.125s] Level 5:colcon.colcon_core.verb:set package 'straight_line_interface' build argument 'cmake_target' from command line to 'None'
[1.125s] Level 5:colcon.colcon_core.verb:set package 'straight_line_interface' build argument 'cmake_target_skip_unavailable' from command line to 'False'
[1.125s] Level 5:colcon.colcon_core.verb:set package 'straight_line_interface' build argument 'cmake_clean_cache' from command line to 'False'
[1.125s] Level 5:colcon.colcon_core.verb:set package 'straight_line_interface' build argument 'cmake_clean_first' from command line to 'False'
[1.125s] Level 5:colcon.colcon_core.verb:set package 'straight_line_interface' build argument 'cmake_force_configure' from command line to 'False'
[1.125s] Level 5:colcon.colcon_core.verb:set package 'straight_line_interface' build argument 'ament_cmake_args' from command line to 'None'
[1.125s] Level 5:colcon.colcon_core.verb:set package 'straight_line_interface' build argument 'catkin_cmake_args' from command line to 'None'
[1.125s] Level 5:colcon.colcon_core.verb:set package 'straight_line_interface' build argument 'catkin_skip_building_tests' from command line to 'False'
[1.125s] DEBUG:colcon.colcon_core.verb:Building package 'straight_line_interface' with the following arguments: {'ament_cmake_args': None, 'build_base': '/home/cc/ee106a/fa26/class/ee106a-aej/ros_workspaces/lab3/build/straight_line_interface', 'catkin_cmake_args': None, 'catkin_skip_building_tests': False, 'cmake_args': None, 'cmake_clean_cache': False, 'cmake_clean_first': False, 'cmake_force_configure': False, 'cmake_target': None, 'cmake_target_skip_unavailable': False, 'install_base': '/home/cc/ee106a/fa26/class/ee106a-aej/ros_workspaces/lab3/install/straight_line_interface', 'merge_install': False, 'path': '/home/cc/ee106a/fa26/class/ee106a-aej/ros_workspaces/lab3/src/straight_line_interface', 'symlink_install': False, 'test_result_base': None}
[1.126s] Level 5:colcon.colcon_core.verb:set package 'tf_listener' build argument 'cmake_args' from command line to 'None'
[1.126s] Level 5:colcon.colcon_core.verb:set package 'tf_listener' build argument 'cmake_target' from command line to 'None'
[1.126s] Level 5:colcon.colcon_core.verb:set package 'tf_listener' build argument 'cmake_target_skip_unavailable' from command line to 'False'
[1.126s] Level 5:colcon.colcon_core.verb:set package 'tf_listener' build argument 'cmake_clean_cache' from command line to 'False'
[1.126s] Level 5:colcon.colcon_core.verb:set package 'tf_listener' build argument 'cmake_clean_first' from command line to 'False'
[1.126s] Level 5:colcon.colcon_core.verb:set package 'tf_listener' build argument 'cmake_force_configure' from command line to 'False'
[1.126s] Level 5:colcon.colcon_core.verb:set package 'tf_listener' build argument 'ament_cmake_args' from command line to 'None'
[1.126s] Level 5:colcon.colcon_core.verb:set package 'tf_listener' build argument 'catkin_cmake_args' from command line to 'None'
[1.126s] Level 5:colcon.colcon_core.verb:set package 'tf_listener' build argument 'catkin_skip_building_tests' from command line to 'False'
[1.126s] DEBUG:colcon.colcon_core.verb:Building package 'tf_listener' with the following arguments: {'ament_cmake_args': None, 'build_base': '/home/cc/ee106a/fa26/class/ee106a-aej/ros_workspaces/lab3/build/tf_listener', 'catkin_cmake_args': None, 'catkin_skip_building_tests': False, 'cmake_args': None, 'cmake_clean_cache': False, 'cmake_clean_first': False, 'cmake_force_configure': False, 'cmake_target': None, 'cmake_target_skip_unavailable': False, 'install_base': '/home/cc/ee106a/fa26/class/ee106a-aej/ros_workspaces/lab3/install/tf_listener', 'merge_install': False, 'path': '/home/cc/ee106a/fa26/class/ee106a-aej/ros_workspaces/lab3/src/tf_listener', 'symlink_install': False, 'test_result_base': None}
[1.127s] Level 5:colcon.colcon_core.verb:set package 'straight_line' build argument 'cmake_args' from command line to 'None'
[1.127s] Level 5:colcon.colcon_core.verb:set package 'straight_line' build argument 'cmake_target' from command line to 'None'
[1.127s] Level 5:colcon.colcon_core.verb:set package 'straight_line' build argument 'cmake_target_skip_unavailable' from command line to 'False'
[1.127s] Level 5:colcon.colcon_core.verb:set package 'straight_line' build argument 'cmake_clean_cache' from command line to 'False'
[1.127s] Level 5:colcon.colcon_core.verb:set package 'straight_line' build argument 'cmake_clean_first' from command line to 'False'
[1.127s] Level 5:colcon.colcon_core.verb:set package 'straight_line' build argument 'cmake_force_configure' from command line to 'False'
[1.127s] Level 5:colcon.colcon_core.verb:set package 'straight_line' build argument 'ament_cmake_args' from command line to 'None'
[1.127s] Level 5:colcon.colcon_core.verb:set package 'straight_line' build argument 'catkin_cmake_args' from command line to 'None'
[1.127s] Level 5:colcon.colcon_core.verb:set package 'straight_line' build argument 'catkin_skip_building_tests' from command line to 'False'
[1.127s] DEBUG:colcon.colcon_core.verb:Building package 'straight_line' with the following arguments: {'ament_cmake_args': None, 'build_base': '/home/cc/ee106a/fa26/class/ee106a-aej/ros_workspaces/lab3/build/straight_line', 'catkin_cmake_args': None, 'catkin_skip_building_tests': False, 'cmake_args': None, 'cmake_clean_cache': False, 'cmake_clean_first': False, 'cmake_force_configure': False, 'cmake_target': None, 'cmake_target_skip_unavailable': False, 'install_base': '/home/cc/ee106a/fa26/class/ee106a-aej/ros_workspaces/lab3/install/straight_line', 'merge_install': False, 'path': '/home/cc/ee106a/fa26/class/ee106a-aej/ros_workspaces/lab3/src/straight_line', 'symlink_install': False, 'test_result_base': None}
[1.127s] INFO:colcon.colcon_core.executor:Executing jobs using 'parallel' executor
[1.129s] DEBUG:colcon.colcon_parallel_executor.executor.parallel:run_until_complete
[1.130s] INFO:colcon.colcon_ros.task.ament_cmake.build:Building ROS package in '/home/cc/ee106a/fa26/class/ee106a-aej/ros_workspaces/lab3/src/straight_line_interface' with build type 'ament_cmake'
[1.130s] INFO:colcon.colcon_cmake.task.cmake.build:Building CMake package in '/home/cc/ee106a/fa26/class/ee106a-aej/ros_workspaces/lab3/src/straight_line_interface'
[1.144s] INFO:colcon.colcon_core.plugin_system:Skipping extension 'colcon_core.shell.bat': Not used on non-Windows systems
[1.144s] INFO:colcon.colcon_core.shell:Skip shell extension 'powershell' for command environment: Not usable outside of PowerShell
[1.144s] DEBUG:colcon.colcon_core.shell:Skip shell extension 'dsv' for command environment
[1.164s] INFO:colcon.colcon_ros.task.ament_python.build:Building ROS package in '/home/cc/ee106a/fa26/class/ee106a-aej/ros_workspaces/lab3/src/forward_kinematics' with build type 'ament_python'
[1.164s] Level 1:colcon.colcon_core.shell:create_environment_hook('forward_kinematics', 'ament_prefix_path')
[1.165s] INFO:colcon.colcon_core.shell:Creating environment hook '/home/cc/ee106a/fa26/class/ee106a-aej/ros_workspaces/lab3/install/forward_kinematics/share/forward_kinematics/hook/ament_prefix_path.ps1'
[1.172s] INFO:colcon.colcon_core.shell:Creating environment descriptor '/home/cc/ee106a/fa26/class/ee106a-aej/ros_workspaces/lab3/install/forward_kinematics/share/forward_kinematics/hook/ament_prefix_path.dsv'
[1.178s] INFO:colcon.colcon_core.shell:Creating environment hook '/home/cc/ee106a/fa26/class/ee106a-aej/ros_workspaces/lab3/install/forward_kinematics/share/forward_kinematics/hook/ament_prefix_path.sh'
[1.183s] INFO:colcon.colcon_core.shell:Skip shell extension 'powershell' for command environment: Not usable outside of PowerShell
[1.183s] DEBUG:colcon.colcon_core.shell:Skip shell extension 'dsv' for command environment
[1.196s] INFO:colcon.colcon_ros.task.ament_python.build:Building ROS package in '/home/cc/ee106a/fa26/class/ee106a-aej/ros_workspaces/lab3/src/joint_control' with build type 'ament_python'
[1.197s] Level 1:colcon.colcon_core.shell:create_environment_hook('joint_control', 'ament_prefix_path')
[1.197s] INFO:colcon.colcon_core.shell:Creating environment hook '/home/cc/ee106a/fa26/class/ee106a-aej/ros_workspaces/lab3/install/joint_control/share/joint_control/hook/ament_prefix_path.ps1'
[1.204s] INFO:colcon.colcon_core.shell:Creating environment descriptor '/home/cc/ee106a/fa26/class/ee106a-aej/ros_workspaces/lab3/install/joint_control/share/joint_control/hook/ament_prefix_path.dsv'
[1.208s] INFO:colcon.colcon_core.shell:Creating environment hook '/home/cc/ee106a/fa26/class/ee106a-aej/ros_workspaces/lab3/install/joint_control/share/joint_control/hook/ament_prefix_path.sh'
[1.211s] INFO:colcon.colcon_core.shell:Skip shell extension 'powershell' for command environment: Not usable outside of PowerShell
[1.211s] DEBUG:colcon.colcon_core.shell:Skip shell extension 'dsv' for command environment
[1.220s] INFO:colcon.colcon_ros.task.ament_python.build:Building ROS package in '/home/cc/ee106a/fa26/class/ee106a-aej/ros_workspaces/lab3/src/tf_listener' with build type 'ament_python'
[1.220s] Level 1:colcon.colcon_core.shell:create_environment_hook('tf_listener', 'ament_prefix_path')
[1.220s] INFO:colcon.colcon_core.shell:Creating environment hook '/home/cc/ee106a/fa26/class/ee106a-aej/ros_workspaces/lab3/install/tf_listener/share/tf_listener/hook/ament_prefix_path.ps1'
[1.226s] INFO:colcon.colcon_core.shell:Creating environment descriptor '/home/cc/ee106a/fa26/class/ee106a-aej/ros_workspaces/lab3/install/tf_listener/share/tf_listener/hook/ament_prefix_path.dsv'
[1.230s] INFO:colcon.colcon_core.shell:Creating environment hook '/home/cc/ee106a/fa26/class/ee106a-aej/ros_workspaces/lab3/install/tf_listener/share/tf_listener/hook/ament_prefix_path.sh'
[1.234s] INFO:colcon.colcon_core.shell:Skip shell extension 'powershell' for command environment: Not usable outside of PowerShell
[1.234s] DEBUG:colcon.colcon_core.shell:Skip shell extension 'dsv' for command environment
[1.265s] DEBUG:colcon.colcon_core.event_handler.log_command:Invoking command in '/home/cc/ee106a/fa26/class/ee106a-aej/ros_workspaces/lab3/build/straight_line_interface': CMAKE_PREFIX_PATH=/home/ff/ee106a/robot_workspaces/ur/install/ur7e_utils:/opt/ros/humble /usr/bin/cmake --build /home/cc/ee106a/fa26/class/ee106a-aej/ros_workspaces/lab3/build/straight_line_interface -- -j32 -l32
[3.633s] INFO:colcon.colcon_core.task.python.build:Building Python package in '/home/cc/ee106a/fa26/class/ee106a-aej/ros_workspaces/lab3/src/forward_kinematics'
[3.634s] INFO:colcon.colcon_core.shell:Skip shell extension 'powershell' for command environment: Not usable outside of PowerShell
[3.634s] DEBUG:colcon.colcon_core.shell:Skip shell extension 'dsv' for command environment
[3.889s] INFO:colcon.colcon_core.task.python.build:Building Python package in '/home/cc/ee106a/fa26/class/ee106a-aej/ros_workspaces/lab3/src/joint_control'
[3.889s] INFO:colcon.colcon_core.shell:Skip shell extension 'powershell' for command environment: Not usable outside of PowerShell
[3.889s] DEBUG:colcon.colcon_core.shell:Skip shell extension 'dsv' for command environment
[4.157s] INFO:colcon.colcon_core.task.python.build:Building Python package in '/home/cc/ee106a/fa26/class/ee106a-aej/ros_workspaces/lab3/src/tf_listener'
[4.157s] INFO:colcon.colcon_core.shell:Skip shell extension 'powershell' for command environment: Not usable outside of PowerShell
[4.157s] DEBUG:colcon.colcon_core.shell:Skip shell extension 'dsv' for command environment
[4.167s] DEBUG:colcon.colcon_core.event_handler.log_command:Invoked command in '/home/cc/ee106a/fa26/class/ee106a-aej/ros_workspaces/lab3/build/straight_line_interface' returned '0': CMAKE_PREFIX_PATH=/home/ff/ee106a/robot_workspaces/ur/install/ur7e_utils:/opt/ros/humble /usr/bin/cmake --build /home/cc/ee106a/fa26/class/ee106a-aej/ros_workspaces/lab3/build/straight_line_interface -- -j32 -l32
[4.209s] DEBUG:colcon.colcon_core.event_handler.log_command:Invoking command in '/home/cc/ee106a/fa26/class/ee106a-aej/ros_workspaces/lab3/build/straight_line_interface': CMAKE_PREFIX_PATH=/home/ff/ee106a/robot_workspaces/ur/install/ur7e_utils:/opt/ros/humble /usr/bin/cmake --install /home/cc/ee106a/fa26/class/ee106a-aej/ros_workspaces/lab3/build/straight_line_interface
[4.732s] Level 1:colcon.colcon_core.environment:create_environment_scripts_only(straight_line_interface)
[4.733s] DEBUG:colcon.colcon_core.event_handler.log_command:Invoked command in '/home/cc/ee106a/fa26/class/ee106a-aej/ros_workspaces/lab3/build/straight_line_interface' returned '0': CMAKE_PREFIX_PATH=/home/ff/ee106a/robot_workspaces/ur/install/ur7e_utils:/opt/ros/humble /usr/bin/cmake --install /home/cc/ee106a/fa26/class/ee106a-aej/ros_workspaces/lab3/build/straight_line_interface
[4.750s] Level 1:colcon.colcon_core.environment:checking '/home/cc/ee106a/fa26/class/ee106a-aej/ros_workspaces/lab3/install/straight_line_interface' for CMake module files
[4.756s] Level 1:colcon.colcon_core.environment:checking '/home/cc/ee106a/fa26/class/ee106a-aej/ros_workspaces/lab3/install/straight_line_interface' for CMake config files
[4.766s] Level 1:colcon.colcon_core.shell:create_environment_hook('straight_line_interface', 'cmake_prefix_path')
[4.766s] INFO:colcon.colcon_core.shell:Creating environment hook '/home/cc/ee106a/fa26/class/ee106a-aej/ros_workspaces/lab3/install/straight_line_interface/share/straight_line_interface/hook/cmake_prefix_path.ps1'
[4.776s] INFO:colcon.colcon_core.shell:Creating environment descriptor '/home/cc/ee106a/fa26/class/ee106a-aej/ros_workspaces/lab3/install/straight_line_interface/share/straight_line_interface/hook/cmake_prefix_path.dsv'
[4.780s] INFO:colcon.colcon_core.shell:Creating environment hook '/home/cc/ee106a/fa26/class/ee106a-aej/ros_workspaces/lab3/install/straight_line_interface/share/straight_line_interface/hook/cmake_prefix_path.sh'
[4.785s] Level 1:colcon.colcon_core.environment:checking '/home/cc/ee106a/fa26/class/ee106a-aej/ros_workspaces/lab3/install/straight_line_interface/lib'
[4.786s] Level 1:colcon.colcon_core.shell:create_environment_hook('straight_line_interface', 'ld_library_path_lib')
[4.787s] INFO:colcon.colcon_core.shell:Creating environment hook '/home/cc/ee106a/fa26/class/ee106a-aej/ros_workspaces/lab3/install/straight_line_interface/share/straight_line_interface/hook/ld_library_path_lib.ps1'
[4.791s] INFO:colcon.colcon_core.shell:Creating environment descriptor '/home/cc/ee106a/fa26/class/ee106a-aej/ros_workspaces/lab3/install/straight_line_interface/share/straight_line_interface/hook/ld_library_path_lib.dsv'
[4.799s] INFO:colcon.colcon_core.shell:Creating environment hook '/home/cc/ee106a/fa26/class/ee106a-aej/ros_workspaces/lab3/install/straight_line_interface/share/straight_line_interface/hook/ld_library_path_lib.sh'
[4.805s] Level 1:colcon.colcon_core.environment:checking '/home/cc/ee106a/fa26/class/ee106a-aej/ros_workspaces/lab3/install/straight_line_interface/bin'
[4.805s] Level 1:colcon.colcon_core.environment:checking '/home/cc/ee106a/fa26/class/ee106a-aej/ros_workspaces/lab3/install/straight_line_interface/lib/pkgconfig/straight_line_interface.pc'
[4.806s] Level 1:colcon.colcon_core.environment:checking '/home/cc/ee106a/fa26/class/ee106a-aej/ros_workspaces/lab3/install/straight_line_interface/lib/python3.10/site-packages'
[4.807s] Level 1:colcon.colcon_core.environment:checking '/home/cc/ee106a/fa26/class/ee106a-aej/ros_workspaces/lab3/install/straight_line_interface/bin'
[4.808s] INFO:colcon.colcon_core.shell:Creating package script '/home/cc/ee106a/fa26/class/ee106a-aej/ros_workspaces/lab3/install/straight_line_interface/share/straight_line_interface/package.ps1'
[4.820s] INFO:colcon.colcon_core.shell:Creating package descriptor '/home/cc/ee106a/fa26/class/ee106a-aej/ros_workspaces/lab3/install/straight_line_interface/share/straight_line_interface/package.dsv'
[4.856s] INFO:colcon.colcon_core.shell:Creating package script '/home/cc/ee106a/fa26/class/ee106a-aej/ros_workspaces/lab3/install/straight_line_interface/share/straight_line_interface/package.sh'
[4.877s] INFO:colcon.colcon_core.shell:Creating package script '/home/cc/ee106a/fa26/class/ee106a-aej/ros_workspaces/lab3/install/straight_line_interface/share/straight_line_interface/package.bash'
[4.881s] INFO:colcon.colcon_core.shell:Creating package script '/home/cc/ee106a/fa26/class/ee106a-aej/ros_workspaces/lab3/install/straight_line_interface/share/straight_line_interface/package.zsh'
[4.887s] Level 1:colcon.colcon_core.environment:create_file_with_runtime_dependencies(/home/cc/ee106a/fa26/class/ee106a-aej/ros_workspaces/lab3/install/straight_line_interface/share/colcon-core/packages/straight_line_interface)
[4.892s] Level 1:colcon.colcon_core.environment:create_environment_scripts_only(straight_line_interface)
[4.893s] Level 1:colcon.colcon_core.environment:checking '/home/cc/ee106a/fa26/class/ee106a-aej/ros_workspaces/lab3/install/straight_line_interface' for CMake module files
[4.896s] Level 1:colcon.colcon_core.environment:checking '/home/cc/ee106a/fa26/class/ee106a-aej/ros_workspaces/lab3/install/straight_line_interface' for CMake config files
[4.903s] Level 1:colcon.colcon_core.shell:create_environment_hook('straight_line_interface', 'cmake_prefix_path')
[4.904s] INFO:colcon.colcon_core.shell:Creating environment hook '/home/cc/ee106a/fa26/class/ee106a-aej/ros_workspaces/lab3/install/straight_line_interface/share/straight_line_interface/hook/cmake_prefix_path.ps1'
[4.907s] INFO:colcon.colcon_core.shell:Creating environment descriptor '/home/cc/ee106a/fa26/class/ee106a-aej/ros_workspaces/lab3/install/straight_line_interface/share/straight_line_interface/hook/cmake_prefix_path.dsv'
[4.910s] INFO:colcon.colcon_core.shell:Creating environment hook '/home/cc/ee106a/fa26/class/ee106a-aej/ros_workspaces/lab3/install/straight_line_interface/share/straight_line_interface/hook/cmake_prefix_path.sh'
[4.913s] Level 1:colcon.colcon_core.environment:checking '/home/cc/ee106a/fa26/class/ee106a-aej/ros_workspaces/lab3/install/straight_line_interface/lib'
[4.914s] Level 1:colcon.colcon_core.shell:create_environment_hook('straight_line_interface', 'ld_library_path_lib')
[4.914s] INFO:colcon.colcon_core.shell:Creating environment hook '/home/cc/ee106a/fa26/class/ee106a-aej/ros_workspaces/lab3/install/straight_line_interface/share/straight_line_interface/hook/ld_library_path_lib.ps1'
[4.917s] INFO:colcon.colcon_core.shell:Creating environment descriptor '/home/cc/ee106a/fa26/class/ee106a-aej/ros_workspaces/lab3/install/straight_line_interface/share/straight_line_interface/hook/ld_library_path_lib.dsv'
[4.919s] INFO:colcon.colcon_core.shell:Creating environment hook '/home/cc/ee106a/fa26/class/ee106a-aej/ros_workspaces/lab3/install/straight_line_interface/share/straight_line_interface/hook/ld_library_path_lib.sh'
[4.922s] Level 1:colcon.colcon_core.environment:checking '/home/cc/ee106a/fa26/class/ee106a-aej/ros_workspaces/lab3/install/straight_line_interface/bin'
[4.922s] Level 1:colcon.colcon_core.environment:checking '/home/cc/ee106a/fa26/class/ee106a-aej/ros_workspaces/lab3/install/straight_line_interface/lib/pkgconfig/straight_line_interface.pc'
[4.923s] Level 1:colcon.colcon_core.environment:checking '/home/cc/ee106a/fa26/class/ee106a-aej/ros_workspaces/lab3/install/straight_line_interface/lib/python3.10/site-packages'
[4.923s] Level 1:colcon.colcon_core.environment:checking '/home/cc/ee106a/fa26/class/ee106a-aej/ros_workspaces/lab3/install/straight_line_interface/bin'
[4.923s] INFO:colcon.colcon_core.shell:Creating package script '/home/cc/ee106a/fa26/class/ee106a-aej/ros_workspaces/lab3/install/straight_line_interface/share/straight_line_interface/package.ps1'
[4.927s] INFO:colcon.colcon_core.shell:Creating package descriptor '/home/cc/ee106a/fa26/class/ee106a-aej/ros_workspaces/lab3/install/straight_line_interface/share/straight_line_interface/package.dsv'
[4.930s] INFO:colcon.colcon_core.shell:Creating package script '/home/cc/ee106a/fa26/class/ee106a-aej/ros_workspaces/lab3/install/straight_line_interface/share/straight_line_interface/package.sh'
[4.933s] INFO:colcon.colcon_core.shell:Creating package script '/home/cc/ee106a/fa26/class/ee106a-aej/ros_workspaces/lab3/install/straight_line_interface/share/straight_line_interface/package.bash'
[4.936s] INFO:colcon.colcon_core.shell:Creating package script '/home/cc/ee106a/fa26/class/ee106a-aej/ros_workspaces/lab3/install/straight_line_interface/share/straight_line_interface/package.zsh'
[4.939s] Level 1:colcon.colcon_core.environment:create_file_with_runtime_dependencies(/home/cc/ee106a/fa26/class/ee106a-aej/ros_workspaces/lab3/install/straight_line_interface/share/colcon-core/packages/straight_line_interface)
[4.942s] INFO:colcon.colcon_ros.task.ament_python.build:Building ROS package in '/home/cc/ee106a/fa26/class/ee106a-aej/ros_workspaces/lab3/src/straight_line' with build type 'ament_python'
[4.942s] Level 1:colcon.colcon_core.shell:create_environment_hook('straight_line', 'ament_prefix_path')
[4.942s] INFO:colcon.colcon_core.shell:Creating environment hook '/home/cc/ee106a/fa26/class/ee106a-aej/ros_workspaces/lab3/install/straight_line/share/straight_line/hook/ament_prefix_path.ps1'
[4.950s] INFO:colcon.colcon_core.shell:Creating environment descriptor '/home/cc/ee106a/fa26/class/ee106a-aej/ros_workspaces/lab3/install/straight_line/share/straight_line/hook/ament_prefix_path.dsv'
[4.955s] INFO:colcon.colcon_core.shell:Creating environment hook '/home/cc/ee106a/fa26/class/ee106a-aej/ros_workspaces/lab3/install/straight_line/share/straight_line/hook/ament_prefix_path.sh'
[4.960s] INFO:colcon.colcon_core.shell:Skip shell extension 'powershell' for command environment: Not usable outside of PowerShell
[4.960s] DEBUG:colcon.colcon_core.shell:Skip shell extension 'dsv' for command environment
[4.978s] DEBUG:colcon.colcon_core.task.python.build:Available setuptools commands: test, alias, egg_info, install_lib, bdist, install_headers, extract_messages, easy_install, build, update_catalog, dist_info, bdist_dumb, bdist_rpm, compile_catalog, setopt, install_egg_info, symlink_data, check, build_py, bdist_wheel, rotate, build_ext, build_scripts, upload, init_catalog, sdist, upload_docs, clean, bdist_egg, develop, register, install, build_clib, install_scripts, install_data, saveopts
[4.985s] DEBUG:colcon.colcon_core.task.python.build:Available setuptools commands: test, alias, egg_info, install_lib, bdist, install_headers, extract_messages, easy_install, build, update_catalog, dist_info, bdist_dumb, bdist_rpm, compile_catalog, setopt, install_egg_info, symlink_data, check, build_py, bdist_wheel, rotate, build_ext, build_scripts, upload, init_catalog, sdist, upload_docs, clean, bdist_egg, develop, register, install, build_clib, install_scripts, install_data, saveopts
[4.990s] DEBUG:colcon.colcon_core.task.python.build:Available setuptools commands: test, alias, egg_info, install_lib, bdist, install_headers, extract_messages, easy_install, build, update_catalog, dist_info, bdist_dumb, bdist_rpm, compile_catalog, setopt, install_egg_info, symlink_data, check, build_py, bdist_wheel, rotate, build_ext, build_scripts, upload, init_catalog, sdist, upload_docs, clean, bdist_egg, develop, register, install, build_clib, install_scripts, install_data, saveopts
[5.000s] DEBUG:colcon.colcon_core.event_handler.log_command:Invoking command in '/home/cc/ee106a/fa26/class/ee106a-aej/ros_workspaces/lab3/src/forward_kinematics': PYTHONPATH=/home/cc/ee106a/fa26/class/ee106a-aej/ros_workspaces/lab3/build/forward_kinematics/prefix_override:/usr/lib/python3/dist-packages/colcon_core/task/python/colcon_distutils_commands:/home/cc/ee106a/fa26/class/ee106a-aej/ros_workspaces/lab3/install/forward_kinematics/lib/python3.10/site-packages:${PYTHONPATH} /usr/bin/python3 -W ignore:setup.py install is deprecated -W ignore:easy_install command is deprecated setup.py egg_info --egg-base ../../build/forward_kinematics build --build-base /home/cc/ee106a/fa26/class/ee106a-aej/ros_workspaces/lab3/build/forward_kinematics/build install --record /home/cc/ee106a/fa26/class/ee106a-aej/ros_workspaces/lab3/build/forward_kinematics/install.log --install-scripts $base/lib/forward_kinematics --single-version-externally-managed install_data
[5.015s] DEBUG:colcon.colcon_core.event_handler.log_command:Invoking command in '/home/cc/ee106a/fa26/class/ee106a-aej/ros_workspaces/lab3/src/joint_control': PYTHONPATH=/home/cc/ee106a/fa26/class/ee106a-aej/ros_workspaces/lab3/build/joint_control/prefix_override:/usr/lib/python3/dist-packages/colcon_core/task/python/colcon_distutils_commands:/home/cc/ee106a/fa26/class/ee106a-aej/ros_workspaces/lab3/install/joint_control/lib/python3.10/site-packages:${PYTHONPATH} /usr/bin/python3 -W ignore:setup.py install is deprecated -W ignore:easy_install command is deprecated setup.py egg_info --egg-base ../../build/joint_control build --build-base /home/cc/ee106a/fa26/class/ee106a-aej/ros_workspaces/lab3/build/joint_control/build install --record /home/cc/ee106a/fa26/class/ee106a-aej/ros_workspaces/lab3/build/joint_control/install.log --install-scripts $base/lib/joint_control --single-version-externally-managed install_data
[5.024s] DEBUG:colcon.colcon_core.event_handler.log_command:Invoking command in '/home/cc/ee106a/fa26/class/ee106a-aej/ros_workspaces/lab3/src/tf_listener': PYTHONPATH=/home/cc/ee106a/fa26/class/ee106a-aej/ros_workspaces/lab3/build/tf_listener/prefix_override:/usr/lib/python3/dist-packages/colcon_core/task/python/colcon_distutils_commands:/home/cc/ee106a/fa26/class/ee106a-aej/ros_workspaces/lab3/install/tf_listener/lib/python3.10/site-packages:${PYTHONPATH} /usr/bin/python3 -W ignore:setup.py install is deprecated -W ignore:easy_install command is deprecated setup.py egg_info --egg-base ../../build/tf_listener build --build-base /home/cc/ee106a/fa26/class/ee106a-aej/ros_workspaces/lab3/build/tf_listener/build install --record /home/cc/ee106a/fa26/class/ee106a-aej/ros_workspaces/lab3/build/tf_listener/install.log --install-scripts $base/lib/tf_listener --single-version-externally-managed install_data
[5.232s] INFO:colcon.colcon_core.task.python.build:Building Python package in '/home/cc/ee106a/fa26/class/ee106a-aej/ros_workspaces/lab3/src/straight_line'
[5.232s] INFO:colcon.colcon_core.shell:Skip shell extension 'powershell' for command environment: Not usable outside of PowerShell
[5.232s] DEBUG:colcon.colcon_core.shell:Skip shell extension 'dsv' for command environment
[5.357s] Level 1:colcon.colcon_core.environment:checking '/home/cc/ee106a/fa26/class/ee106a-aej/ros_workspaces/lab3/install/tf_listener' for CMake module files
[5.357s] DEBUG:colcon.colcon_core.event_handler.log_command:Invoked command in '/home/cc/ee106a/fa26/class/ee106a-aej/ros_workspaces/lab3/src/tf_listener' returned '0': PYTHONPATH=/home/cc/ee106a/fa26/class/ee106a-aej/ros_workspaces/lab3/build/tf_listener/prefix_override:/usr/lib/python3/dist-packages/colcon_core/task/python/colcon_distutils_commands:/home/cc/ee106a/fa26/class/ee106a-aej/ros_workspaces/lab3/install/tf_listener/lib/python3.10/site-packages:${PYTHONPATH} /usr/bin/python3 -W ignore:setup.py install is deprecated -W ignore:easy_install command is deprecated setup.py egg_info --egg-base ../../build/tf_listener build --build-base /home/cc/ee106a/fa26/class/ee106a-aej/ros_workspaces/lab3/build/tf_listener/build install --record /home/cc/ee106a/fa26/class/ee106a-aej/ros_workspaces/lab3/build/tf_listener/install.log --install-scripts $base/lib/tf_listener --single-version-externally-managed install_data
[5.362s] Level 1:colcon.colcon_core.environment:checking '/home/cc/ee106a/fa26/class/ee106a-aej/ros_workspaces/lab3/install/tf_listener' for CMake config files
[5.373s] Level 1:colcon.colcon_core.environment:checking '/home/cc/ee106a/fa26/class/ee106a-aej/ros_workspaces/lab3/install/tf_listener/lib'
[5.374s] Level 1:colcon.colcon_core.environment:checking '/home/cc/ee106a/fa26/class/ee106a-aej/ros_workspaces/lab3/install/tf_listener/bin'
[5.374s] Level 1:colcon.colcon_core.environment:checking '/home/cc/ee106a/fa26/class/ee106a-aej/ros_workspaces/lab3/install/tf_listener/lib/pkgconfig/tf_listener.pc'
[5.375s] Level 1:colcon.colcon_core.environment:checking '/home/cc/ee106a/fa26/class/ee106a-aej/ros_workspaces/lab3/install/tf_listener/lib/python3.10/site-packages'
[5.375s] Level 1:colcon.colcon_core.shell:create_environment_hook('tf_listener', 'pythonpath')
[5.375s] INFO:colcon.colcon_core.shell:Creating environment hook '/home/cc/ee106a/fa26/class/ee106a-aej/ros_workspaces/lab3/install/tf_listener/share/tf_listener/hook/pythonpath.ps1'
[5.378s] INFO:colcon.colcon_core.shell:Creating environment descriptor '/home/cc/ee106a/fa26/class/ee106a-aej/ros_workspaces/lab3/install/tf_listener/share/tf_listener/hook/pythonpath.dsv'
[5.381s] INFO:colcon.colcon_core.shell:Creating environment hook '/home/cc/ee106a/fa26/class/ee106a-aej/ros_workspaces/lab3/install/tf_listener/share/tf_listener/hook/pythonpath.sh'
[5.385s] Level 1:colcon.colcon_core.environment:checking '/home/cc/ee106a/fa26/class/ee106a-aej/ros_workspaces/lab3/install/tf_listener/bin'
[5.385s] Level 1:colcon.colcon_core.environment:create_environment_scripts_only(tf_listener)
[5.385s] INFO:colcon.colcon_core.shell:Creating package script '/home/cc/ee106a/fa26/class/ee106a-aej/ros_workspaces/lab3/install/tf_listener/share/tf_listener/package.ps1'
[5.389s] INFO:colcon.colcon_core.shell:Creating package descriptor '/home/cc/ee106a/fa26/class/ee106a-aej/ros_workspaces/lab3/install/tf_listener/share/tf_listener/package.dsv'
[5.392s] INFO:colcon.colcon_core.shell:Creating package script '/home/cc/ee106a/fa26/class/ee106a-aej/ros_workspaces/lab3/install/tf_listener/share/tf_listener/package.sh'
[5.395s] INFO:colcon.colcon_core.shell:Creating package script '/home/cc/ee106a/fa26/class/ee106a-aej/ros_workspaces/lab3/install/tf_listener/share/tf_listener/package.bash'
[5.398s] INFO:colcon.colcon_core.shell:Creating package script '/home/cc/ee106a/fa26/class/ee106a-aej/ros_workspaces/lab3/install/tf_listener/share/tf_listener/package.zsh'
[5.401s] Level 1:colcon.colcon_core.environment:create_file_with_runtime_dependencies(/home/cc/ee106a/fa26/class/ee106a-aej/ros_workspaces/lab3/install/tf_listener/share/colcon-core/packages/tf_listener)
[5.405s] Level 1:colcon.colcon_core.environment:checking '/home/cc/ee106a/fa26/class/ee106a-aej/ros_workspaces/lab3/install/joint_control' for CMake module files
[5.409s] Level 1:colcon.colcon_core.environment:checking '/home/cc/ee106a/fa26/class/ee106a-aej/ros_workspaces/lab3/install/joint_control' for CMake config files
[5.412s] DEBUG:colcon.colcon_core.event_handler.log_command:Invoked command in '/home/cc/ee106a/fa26/class/ee106a-aej/ros_workspaces/lab3/src/joint_control' returned '0': PYTHONPATH=/home/cc/ee106a/fa26/class/ee106a-aej/ros_workspaces/lab3/build/joint_control/prefix_override:/usr/lib/python3/dist-packages/colcon_core/task/python/colcon_distutils_commands:/home/cc/ee106a/fa26/class/ee106a-aej/ros_workspaces/lab3/install/joint_control/lib/python3.10/site-packages:${PYTHONPATH} /usr/bin/python3 -W ignore:setup.py install is deprecated -W ignore:easy_install command is deprecated setup.py egg_info --egg-base ../../build/joint_control build --build-base /home/cc/ee106a/fa26/class/ee106a-aej/ros_workspaces/lab3/build/joint_control/build install --record /home/cc/ee106a/fa26/class/ee106a-aej/ros_workspaces/lab3/build/joint_control/install.log --install-scripts $base/lib/joint_control --single-version-externally-managed install_data
[5.420s] Level 1:colcon.colcon_core.environment:checking '/home/cc/ee106a/fa26/class/ee106a-aej/ros_workspaces/lab3/install/joint_control/lib'
[5.421s] Level 1:colcon.colcon_core.environment:checking '/home/cc/ee106a/fa26/class/ee106a-aej/ros_workspaces/lab3/install/joint_control/bin'
[5.421s] Level 1:colcon.colcon_core.environment:checking '/home/cc/ee106a/fa26/class/ee106a-aej/ros_workspaces/lab3/install/joint_control/lib/pkgconfig/joint_control.pc'
[5.421s] Level 1:colcon.colcon_core.environment:checking '/home/cc/ee106a/fa26/class/ee106a-aej/ros_workspaces/lab3/install/joint_control/lib/python3.10/site-packages'
[5.421s] Level 1:colcon.colcon_core.shell:create_environment_hook('joint_control', 'pythonpath')
[5.422s] INFO:colcon.colcon_core.shell:Creating environment hook '/home/cc/ee106a/fa26/class/ee106a-aej/ros_workspaces/lab3/install/joint_control/share/joint_control/hook/pythonpath.ps1'
[5.425s] INFO:colcon.colcon_core.shell:Creating environment descriptor '/home/cc/ee106a/fa26/class/ee106a-aej/ros_workspaces/lab3/install/joint_control/share/joint_control/hook/pythonpath.dsv'
[5.427s] INFO:colcon.colcon_core.shell:Creating environment hook '/home/cc/ee106a/fa26/class/ee106a-aej/ros_workspaces/lab3/install/joint_control/share/joint_control/hook/pythonpath.sh'
[5.430s] Level 1:colcon.colcon_core.environment:checking '/home/cc/ee106a/fa26/class/ee106a-aej/ros_workspaces/lab3/install/joint_control/bin'
[5.431s] Level 1:colcon.colcon_core.environment:create_environment_scripts_only(joint_control)
[5.431s] INFO:colcon.colcon_core.shell:Creating package script '/home/cc/ee106a/fa26/class/ee106a-aej/ros_workspaces/lab3/install/joint_control/share/joint_control/package.ps1'
[5.434s] INFO:colcon.colcon_core.shell:Creating package descriptor '/home/cc/ee106a/fa26/class/ee106a-aej/ros_workspaces/lab3/install/joint_control/share/joint_control/package.dsv'
[5.437s] INFO:colcon.colcon_core.shell:Creating package script '/home/cc/ee106a/fa26/class/ee106a-aej/ros_workspaces/lab3/install/joint_control/share/joint_control/package.sh'
[5.440s] INFO:colcon.colcon_core.shell:Creating package script '/home/cc/ee106a/fa26/class/ee106a-aej/ros_workspaces/lab3/install/joint_control/share/joint_control/package.bash'
[5.444s] INFO:colcon.colcon_core.shell:Creating package script '/home/cc/ee106a/fa26/class/ee106a-aej/ros_workspaces/lab3/install/joint_control/share/joint_control/package.zsh'
[5.447s] Level 1:colcon.colcon_core.environment:create_file_with_runtime_dependencies(/home/cc/ee106a/fa26/class/ee106a-aej/ros_workspaces/lab3/install/joint_control/share/colcon-core/packages/joint_control)
[5.450s] Level 1:colcon.colcon_core.environment:checking '/home/cc/ee106a/fa26/class/ee106a-aej/ros_workspaces/lab3/install/forward_kinematics' for CMake module files
[5.455s] Level 1:colcon.colcon_core.environment:checking '/home/cc/ee106a/fa26/class/ee106a-aej/ros_workspaces/lab3/install/forward_kinematics' for CMake config files
[5.458s] DEBUG:colcon.colcon_core.event_handler.log_command:Invoked command in '/home/cc/ee106a/fa26/class/ee106a-aej/ros_workspaces/lab3/src/forward_kinematics' returned '0': PYTHONPATH=/home/cc/ee106a/fa26/class/ee106a-aej/ros_workspaces/lab3/build/forward_kinematics/prefix_override:/usr/lib/python3/dist-packages/colcon_core/task/python/colcon_distutils_commands:/home/cc/ee106a/fa26/class/ee106a-aej/ros_workspaces/lab3/install/forward_kinematics/lib/python3.10/site-packages:${PYTHONPATH} /usr/bin/python3 -W ignore:setup.py install is deprecated -W ignore:easy_install command is deprecated setup.py egg_info --egg-base ../../build/forward_kinematics build --build-base /home/cc/ee106a/fa26/class/ee106a-aej/ros_workspaces/lab3/build/forward_kinematics/build install --record /home/cc/ee106a/fa26/class/ee106a-aej/ros_workspaces/lab3/build/forward_kinematics/install.log --install-scripts $base/lib/forward_kinematics --single-version-externally-managed install_data
[5.466s] Level 1:colcon.colcon_core.environment:checking '/home/cc/ee106a/fa26/class/ee106a-aej/ros_workspaces/lab3/install/forward_kinematics/lib'
[5.466s] Level 1:colcon.colcon_core.environment:checking '/home/cc/ee106a/fa26/class/ee106a-aej/ros_workspaces/lab3/install/forward_kinematics/bin'
[5.467s] Level 1:colcon.colcon_core.environment:checking '/home/cc/ee106a/fa26/class/ee106a-aej/ros_workspaces/lab3/install/forward_kinematics/lib/pkgconfig/forward_kinematics.pc'
[5.467s] Level 1:colcon.colcon_core.environment:checking '/home/cc/ee106a/fa26/class/ee106a-aej/ros_workspaces/lab3/install/forward_kinematics/lib/python3.10/site-packages'
[5.467s] Level 1:colcon.colcon_core.shell:create_environment_hook('forward_kinematics', 'pythonpath')
[5.467s] INFO:colcon.colcon_core.shell:Creating environment hook '/home/cc/ee106a/fa26/class/ee106a-aej/ros_workspaces/lab3/install/forward_kinematics/share/forward_kinematics/hook/pythonpath.ps1'
[5.470s] INFO:colcon.colcon_core.shell:Creating environment descriptor '/home/cc/ee106a/fa26/class/ee106a-aej/ros_workspaces/lab3/install/forward_kinematics/share/forward_kinematics/hook/pythonpath.dsv'
[5.473s] INFO:colcon.colcon_core.shell:Creating environment hook '/home/cc/ee106a/fa26/class/ee106a-aej/ros_workspaces/lab3/install/forward_kinematics/share/forward_kinematics/hook/pythonpath.sh'
[5.476s] Level 1:colcon.colcon_core.environment:checking '/home/cc/ee106a/fa26/class/ee106a-aej/ros_workspaces/lab3/install/forward_kinematics/bin'
[5.476s] Level 1:colcon.colcon_core.environment:create_environment_scripts_only(forward_kinematics)
[5.476s] INFO:colcon.colcon_core.shell:Creating package script '/home/cc/ee106a/fa26/class/ee106a-aej/ros_workspaces/lab3/install/forward_kinematics/share/forward_kinematics/package.ps1'
[5.480s] INFO:colcon.colcon_core.shell:Creating package descriptor '/home/cc/ee106a/fa26/class/ee106a-aej/ros_workspaces/lab3/install/forward_kinematics/share/forward_kinematics/package.dsv'
[5.483s] INFO:colcon.colcon_core.shell:Creating package script '/home/cc/ee106a/fa26/class/ee106a-aej/ros_workspaces/lab3/install/forward_kinematics/share/forward_kinematics/package.sh'
[5.486s] INFO:colcon.colcon_core.shell:Creating package script '/home/cc/ee106a/fa26/class/ee106a-aej/ros_workspaces/lab3/install/forward_kinematics/share/forward_kinematics/package.bash'
[5.489s] INFO:colcon.colcon_core.shell:Creating package script '/home/cc/ee106a/fa26/class/ee106a-aej/ros_workspaces/lab3/install/forward_kinematics/share/forward_kinematics/package.zsh'
[5.492s] Level 1:colcon.colcon_core.environment:create_file_with_runtime_dependencies(/home/cc/ee106a/fa26/class/ee106a-aej/ros_workspaces/lab3/install/forward_kinematics/share/colcon-core/packages/forward_kinematics)
[5.651s] DEBUG:colcon.colcon_core.task.python.build:Available setuptools commands: test, alias, egg_info, install_lib, bdist, install_headers, extract_messages, easy_install, build, update_catalog, dist_info, bdist_dumb, bdist_rpm, compile_catalog, setopt, install_egg_info, symlink_data, check, build_py, bdist_wheel, rotate, build_ext, build_scripts, upload, init_catalog, sdist, upload_docs, clean, bdist_egg, develop, register, install, build_clib, install_scripts, install_data, saveopts
[5.667s] DEBUG:colcon.colcon_core.event_handler.log_command:Invoking command in '/home/cc/ee106a/fa26/class/ee106a-aej/ros_workspaces/lab3/src/straight_line': AMENT_PREFIX_PATH=/home/cc/ee106a/fa26/class/ee106a-aej/ros_workspaces/lab3/install/straight_line_interface:${AMENT_PREFIX_PATH} CMAKE_PREFIX_PATH=/home/cc/ee106a/fa26/class/ee106a-aej/ros_workspaces/lab3/install/straight_line_interface LD_LIBRARY_PATH=/home/cc/ee106a/fa26/class/ee106a-aej/ros_workspaces/lab3/install/straight_line_interface/lib:${LD_LIBRARY_PATH} PYTHONPATH=/home/cc/ee106a/fa26/class/ee106a-aej/ros_workspaces/lab3/build/straight_line/prefix_override:/usr/lib/python3/dist-packages/colcon_core/task/python/colcon_distutils_commands:/home/cc/ee106a/fa26/class/ee106a-aej/ros_workspaces/lab3/install/straight_line/lib/python3.10/site-packages:/home/cc/ee106a/fa26/class/ee106a-aej/ros_workspaces/lab3/install/straight_line_interface/local/lib/python3.10/dist-packages:${PYTHONPATH} /usr/bin/python3 -W ignore:setup.py install is deprecated -W ignore:easy_install command is deprecated setup.py egg_info --egg-base ../../build/straight_line build --build-base /home/cc/ee106a/fa26/class/ee106a-aej/ros_workspaces/lab3/build/straight_line/build install --record /home/cc/ee106a/fa26/class/ee106a-aej/ros_workspaces/lab3/build/straight_line/install.log --install-scripts $base/lib/straight_line --single-version-externally-managed install_data
[6.048s] Level 1:colcon.colcon_core.environment:checking '/home/cc/ee106a/fa26/class/ee106a-aej/ros_workspaces/lab3/install/straight_line' for CMake module files
[6.049s] DEBUG:colcon.colcon_core.event_handler.log_command:Invoked command in '/home/cc/ee106a/fa26/class/ee106a-aej/ros_workspaces/lab3/src/straight_line' returned '0': AMENT_PREFIX_PATH=/home/cc/ee106a/fa26/class/ee106a-aej/ros_workspaces/lab3/install/straight_line_interface:${AMENT_PREFIX_PATH} CMAKE_PREFIX_PATH=/home/cc/ee106a/fa26/class/ee106a-aej/ros_workspaces/lab3/install/straight_line_interface LD_LIBRARY_PATH=/home/cc/ee106a/fa26/class/ee106a-aej/ros_workspaces/lab3/install/straight_line_interface/lib:${LD_LIBRARY_PATH} PYTHONPATH=/home/cc/ee106a/fa26/class/ee106a-aej/ros_workspaces/lab3/build/straight_line/prefix_override:/usr/lib/python3/dist-packages/colcon_core/task/python/colcon_distutils_commands:/home/cc/ee106a/fa26/class/ee106a-aej/ros_workspaces/lab3/install/straight_line/lib/python3.10/site-packages:/home/cc/ee106a/fa26/class/ee106a-aej/ros_workspaces/lab3/install/straight_line_interface/local/lib/python3.10/dist-packages:${PYTHONPATH} /usr/bin/python3 -W ignore:setup.py install is deprecated -W ignore:easy_install command is deprecated setup.py egg_info --egg-base ../../build/straight_line build --build-base /home/cc/ee106a/fa26/class/ee106a-aej/ros_workspaces/lab3/build/straight_line/build install --record /home/cc/ee106a/fa26/class/ee106a-aej/ros_workspaces/lab3/build/straight_line/install.log --install-scripts $base/lib/straight_line --single-version-externally-managed install_data
[6.052s] Level 1:colcon.colcon_core.environment:checking '/home/cc/ee106a/fa26/class/ee106a-aej/ros_workspaces/lab3/install/straight_line' for CMake config files
[6.062s] Level 1:colcon.colcon_core.environment:checking '/home/cc/ee106a/fa26/class/ee106a-aej/ros_workspaces/lab3/install/straight_line/lib'
[6.063s] Level 1:colcon.colcon_core.environment:checking '/home/cc/ee106a/fa26/class/ee106a-aej/ros_workspaces/lab3/install/straight_line/bin'
[6.063s] Level 1:colcon.colcon_core.environment:checking '/home/cc/ee106a/fa26/class/ee106a-aej/ros_workspaces/lab3/install/straight_line/lib/pkgconfig/straight_line.pc'
[6.064s] Level 1:colcon.colcon_core.environment:checking '/home/cc/ee106a/fa26/class/ee106a-aej/ros_workspaces/lab3/install/straight_line/lib/python3.10/site-packages'
[6.064s] Level 1:colcon.colcon_core.shell:create_environment_hook('straight_line', 'pythonpath')
[6.064s] INFO:colcon.colcon_core.shell:Creating environment hook '/home/cc/ee106a/fa26/class/ee106a-aej/ros_workspaces/lab3/install/straight_line/share/straight_line/hook/pythonpath.ps1'
[6.067s] INFO:colcon.colcon_core.shell:Creating environment descriptor '/home/cc/ee106a/fa26/class/ee106a-aej/ros_workspaces/lab3/install/straight_line/share/straight_line/hook/pythonpath.dsv'
[6.071s] INFO:colcon.colcon_core.shell:Creating environment hook '/home/cc/ee106a/fa26/class/ee106a-aej/ros_workspaces/lab3/install/straight_line/share/straight_line/hook/pythonpath.sh'
[6.075s] Level 1:colcon.colcon_core.environment:checking '/home/cc/ee106a/fa26/class/ee106a-aej/ros_workspaces/lab3/install/straight_line/bin'
[6.075s] Level 1:colcon.colcon_core.environment:create_environment_scripts_only(straight_line)
[6.075s] INFO:colcon.colcon_core.shell:Creating package script '/home/cc/ee106a/fa26/class/ee106a-aej/ros_workspaces/lab3/install/straight_line/share/straight_line/package.ps1'
[6.080s] INFO:colcon.colcon_core.shell:Creating package descriptor '/home/cc/ee106a/fa26/class/ee106a-aej/ros_workspaces/lab3/install/straight_line/share/straight_line/package.dsv'
[6.084s] INFO:colcon.colcon_core.shell:Creating package script '/home/cc/ee106a/fa26/class/ee106a-aej/ros_workspaces/lab3/install/straight_line/share/straight_line/package.sh'
[6.088s] INFO:colcon.colcon_core.shell:Creating package script '/home/cc/ee106a/fa26/class/ee106a-aej/ros_workspaces/lab3/install/straight_line/share/straight_line/package.bash'
[6.091s] INFO:colcon.colcon_core.shell:Creating package script '/home/cc/ee106a/fa26/class/ee106a-aej/ros_workspaces/lab3/install/straight_line/share/straight_line/package.zsh'
[6.095s] Level 1:colcon.colcon_core.environment:create_file_with_runtime_dependencies(/home/cc/ee106a/fa26/class/ee106a-aej/ros_workspaces/lab3/install/straight_line/share/colcon-core/packages/straight_line)
[6.099s] DEBUG:colcon.colcon_parallel_executor.executor.parallel:closing loop
[6.099s] DEBUG:colcon.colcon_parallel_executor.executor.parallel:loop closed
[6.099s] DEBUG:colcon.colcon_parallel_executor.executor.parallel:run_until_complete finished with '0'
[6.099s] DEBUG:colcon.colcon_core.event_reactor:joining thread
[6.148s] INFO:colcon.colcon_core.plugin_system:Skipping extension 'colcon_notification.desktop_notification.notify_send': Could not find 'notify-send'
[6.148s] INFO:colcon.colcon_core.plugin_system:Skipping extension 'colcon_notification.desktop_notification.terminal_notifier': Not used on non-Darwin systems
[6.148s] INFO:colcon.colcon_core.plugin_system:Skipping extension 'colcon_notification.desktop_notification.win32': Not used on non-Windows systems
[6.148s] INFO:colcon.colcon_notification.desktop_notification:Sending desktop notification using 'notify2'
[6.230s] DEBUG:colcon.colcon_core.event_reactor:joined thread
[6.230s] INFO:colcon.colcon_core.shell:Creating prefix script '/home/cc/ee106a/fa26/class/ee106a-aej/ros_workspaces/lab3/install/local_setup.ps1'
[6.234s] INFO:colcon.colcon_core.shell:Creating prefix util module '/home/cc/ee106a/fa26/class/ee106a-aej/ros_workspaces/lab3/install/_local_setup_util_ps1.py'
[6.238s] INFO:colcon.colcon_core.shell:Creating prefix chain script '/home/cc/ee106a/fa26/class/ee106a-aej/ros_workspaces/lab3/install/setup.ps1'
[6.243s] INFO:colcon.colcon_core.shell:Creating prefix script '/home/cc/ee106a/fa26/class/ee106a-aej/ros_workspaces/lab3/install/local_setup.sh'
[6.247s] INFO:colcon.colcon_core.shell:Creating prefix util module '/home/cc/ee106a/fa26/class/ee106a-aej/ros_workspaces/lab3/install/_local_setup_util_sh.py'
[6.251s] INFO:colcon.colcon_core.shell:Creating prefix chain script '/home/cc/ee106a/fa26/class/ee106a-aej/ros_workspaces/lab3/install/setup.sh'
[6.256s] INFO:colcon.colcon_core.shell:Creating prefix script '/home/cc/ee106a/fa26/class/ee106a-aej/ros_workspaces/lab3/install/local_setup.bash'
[6.260s] INFO:colcon.colcon_core.shell:Creating prefix chain script '/home/cc/ee106a/fa26/class/ee106a-aej/ros_workspaces/lab3/install/setup.bash'
[6.264s] INFO:colcon.colcon_core.shell:Creating prefix script '/home/cc/ee106a/fa26/class/ee106a-aej/ros_workspaces/lab3/install/local_setup.zsh'
[6.268s] INFO:colcon.colcon_core.shell:Creating prefix chain script '/home/cc/ee106a/fa26/class/ee106a-aej/ros_workspaces/lab3/install/setup.zsh'
