[0.000000] (-) TimerEvent: {}
[0.001117] (lab2_turtlesim) JobQueued: {'identifier': 'lab2_turtlesim', 'dependencies': OrderedDict()}
[0.001200] (turtle_patrol) JobQueued: {'identifier': 'turtle_patrol', 'dependencies': OrderedDict()}
[0.001242] (turtle_patrol_interface) JobQueued: {'identifier': 'turtle_patrol_interface', 'dependencies': OrderedDict()}
[0.001281] (lab2_turtlesim) JobStarted: {'identifier': 'lab2_turtlesim'}
[0.098105] (-) TimerEvent: {}
[0.156246] (turtle_patrol) JobStarted: {'identifier': 'turtle_patrol'}
[0.198249] (-) TimerEvent: {}
[0.221590] (turtle_patrol_interface) JobStarted: {'identifier': 'turtle_patrol_interface'}
[0.298408] (-) TimerEvent: {}
[0.398936] (-) TimerEvent: {}
[0.499605] (-) TimerEvent: {}
[0.600219] (-) TimerEvent: {}
[0.701332] (-) TimerEvent: {}
[0.802315] (-) TimerEvent: {}
[0.903063] (-) TimerEvent: {}
[1.003936] (-) TimerEvent: {}
[1.104876] (-) TimerEvent: {}
[1.205602] (-) TimerEvent: {}
[1.306930] (-) TimerEvent: {}
[1.407831] (-) TimerEvent: {}
[1.508741] (-) TimerEvent: {}
[1.609916] (-) TimerEvent: {}
[1.711680] (-) TimerEvent: {}
[1.812395] (-) TimerEvent: {}
[1.913115] (-) TimerEvent: {}
[2.013916] (-) TimerEvent: {}
[2.114754] (-) TimerEvent: {}
[2.215403] (-) TimerEvent: {}
[2.316963] (-) TimerEvent: {}
[2.417782] (-) TimerEvent: {}
[2.518709] (-) TimerEvent: {}
[2.619721] (-) TimerEvent: {}
[2.720762] (-) TimerEvent: {}
[2.821466] (-) TimerEvent: {}
[2.922639] (-) TimerEvent: {}
[3.023652] (-) TimerEvent: {}
[3.124446] (-) TimerEvent: {}
[3.225616] (-) TimerEvent: {}
[3.326260] (-) TimerEvent: {}
[3.427120] (-) TimerEvent: {}
[3.528062] (-) TimerEvent: {}
[3.628671] (-) TimerEvent: {}
[3.729875] (-) TimerEvent: {}
[3.830366] (-) TimerEvent: {}
[3.931085] (-) TimerEvent: {}
[4.032471] (-) TimerEvent: {}
[4.133673] (-) TimerEvent: {}
[4.234717] (-) TimerEvent: {}
[4.336157] (-) TimerEvent: {}
[4.439361] (turtle_patrol_interface) JobProgress: {'identifier': 'turtle_patrol_interface', 'progress': 'cmake'}
[4.439552] (-) TimerEvent: {}
[4.455012] (turtle_patrol_interface) JobProgress: {'identifier': 'turtle_patrol_interface', 'progress': 'build'}
[4.455363] (turtle_patrol_interface) Command: {'cmd': ['/usr/bin/cmake', '--build', '/home/cc/ee106a/fa26/class/ee106a-aej/ros_workspaces/lab2/build/turtle_patrol_interface', '--', '-j24', '-l24'], 'cwd': '/home/cc/ee106a/fa26/class/ee106a-aej/ros_workspaces/lab2/build/turtle_patrol_interface', 'env': OrderedDict([('ARCH', 'x86_64'), ('QT_SCALE_FACTOR', '1'), ('USER', 'ee106a-aej'), ('HOSTNAME', 'lab12'), ('SSH_AGENT_PID', '1925184'), ('XDG_SESSION_TYPE', 'x11'), ('MASTERDIR', '/home/ff/ee106a'), ('XDG_CACHE_HOME', '/home/cc/ee106a/fa26/class/ee106a-aej/.cache'), ('SHLVL', '2'), ('LD_LIBRARY_PATH', '/usr/lib/x86_64-linux-gnu/gazebo-11/plugins:/opt/ros/humble/opt/rviz_ogre_vendor/lib:/opt/ros/humble/lib/x86_64-linux-gnu:/opt/ros/humble/lib'), ('HOME', '/home/cc/ee106a/fa26/class/ee106a-aej'), ('OLDPWD', '/home/cc/ee106a/fa26/class/ee106a-aej'), ('ROS_PYTHON_VERSION', '3'), ('GTK_MODULES', 'appmenu-gtk-module:gail:atk-bridge'), ('MANAGERPID', '1924501'), ('DISTROBOX_ENTER_PATH', '/usr/local/bin/distrobox-enter'), ('DBUS_STARTER_BUS_TYPE', 'session'), ('SYSTEMD_EXEC_PID', '1924660'), ('XRDP_PULSE_SOURCE_SOCKET', 'xrdp_chansrv_audio_in_socket_95'), ('NNTPSERVER', 'news.csua.berkeley.edu'), ('VISUAL', 'emacs'), ('XRDP_PULSE_SINK_SOCKET', 'xrdp_chansrv_audio_out_socket_95'), ('XDG_STATE_HOME', '/home/cc/ee106a/fa26/class/ee106a-aej/.local/state'), ('DBUS_SESSION_BUS_ADDRESS', 'unix:path=/run/user/90978/bus,guid=38feeb94c51f38d4fa153d596aa35279'), ('COLORTERM', 'truecolor'), ('container', 'podman'), ('LIBVIRT_DEFAULT_URI', 'qemu:///system'), ('UBUNTU_MENUPROXY', '1'), ('PULSE_SCRIPT', '/etc/xrdp/pulse/default.pa'), ('IM_CONFIG_PHASE', '1'), ('COLCON_PREFIX_PATH', '/home/ff/ee106a/robot_workspaces/ur/install'), ('ROS_DISTRO', 'humble'), ('GTK_IM_MODULE', 'ibus'), ('LOGNAME', 'ee106a-aej'), ('MASTER', 'ee106a'), ('WINDOWID', '44040198'), ('JOURNAL_STREAM', '8:42549703'), ('ROS_VERSION', '2'), ('XDG_SESSION_CLASS', 'user'), ('TERMINFO_DIRS', '/usr/share/terminfo:/run/host/usr/share/terminfo'), ('TERM', 'xterm-256color'), ('GTK_OVERLAY_SCROLLING', '0'), ('ROS_LOCALHOST_ONLY', '0'), ('GTK2_MODULES', 'overlay-scrollbar'), ('PATH', '/opt/ros/humble/bin:/share/b/grading/bin:/home/ff/ee106a/bin:/home/ff/ee106a/bin/arch/x86_64:/share/b/grading/bin:/home/ff/ee106a/bin:/home/ff/ee106a/bin/arch/x86_64:/usr/local/sbin:/usr/local/bin:/usr/sbin:/usr/bin:/sbin:/bin:/usr/games:/usr/local/games:/snap/bin:/share/b/grading/bin:/share/b/grading/sbin:/share/b/runas/x86_64:/share/b/bin:/home/ff/ee106a/venvs/all:/usr/local/sbin:/usr/local/bin:/usr/sbin:/usr/bin:/sbin:/bin:/share/b/grading/bin:/share/b/grading/sbin:/share/b/runas/x86_64:/share/b/bin:/home/ff/ee106a/venvs/all'), ('SESSION_MANAGER', 'local/derby:@/tmp/.ICE-unix/1924707,unix/derby:/tmp/.ICE-unix/1924707'), ('INVOCATION_ID', '1d6ecfd380c940718ceb287ae79c0768'), ('OS', 'Linux'), ('XRDP_SOCKET_PATH', '/run/xrdp/sockdir'), ('XDG_RUNTIME_DIR', '/run/user/90978'), ('DISPLAY', ':95.0'), ('LANG', 'en_US.UTF-8'), ('XDG_CURRENT_DESKTOP', 'MATE'), ('XDG_DATA_HOME', '/home/cc/ee106a/fa26/class/ee106a-aej/.local/share'), ('XDG_CONFIG_HOME', '/home/cc/ee106a/fa26/class/ee106a-aej/.config'), ('XMODIFIERS', '@im=ibus'), ('SSH_AUTH_SOCK', '/run/user/90978/keyring/ssh'), ('AMENT_PREFIX_PATH', '/home/ff/ee106a/robot_workspaces/ur/install/ur7e_utils:/opt/ros/humble'), ('UID', '90978'), ('SHELL', '/usr/bin/bash'), ('QT_ACCESSIBILITY', '1'), ('RUNAS', '/share/b/runas/x86_64'), ('XRDP_SESSION', '1'), ('GPG_AGENT_INFO', '/run/user/90978/gnupg/S.gpg-agent:0:1'), ('CONFIG_SHELL', '/usr/bin/ksh'), ('QT_IM_MODULE', 'ibus'), ('PWD', '/home/cc/ee106a/fa26/class/ee106a-aej/ros_workspaces/lab2/build/turtle_patrol_interface'), ('EE106_ENV_SETUP', 'lab12'), ('CONTAINER_ID', 'lab12'), ('LC_ALL', 'C.UTF-8'), ('XDG_CONFIG_DIRS', '/etc/xdg'), ('CLUTTER_IM_MODULE', 'ibus'), ('DBUS_STARTER_ADDRESS', 'unix:path=/run/user/90978/bus,guid=38feeb94c51f38d4fa153d596aa35279'), ('XDG_DATA_DIRS', '/usr/share/mate:/usr/share/gnome:/home/cc/ee106a/fa26/class/ee106a-aej/.local/share/flatpak/exports/share:/var/lib/flatpak/exports/share:/usr/local/share:/usr/share:/var/lib/snapd/desktop'), ('PYTHONPATH', '/home/ff/ee106a/robot_workspaces/ur/install/ur7e_utils/lib/python3.10/site-packages:/opt/ros/humble/lib/python3.10/site-packages:/opt/ros/humble/local/lib/python3.10/dist-packages'), ('MATE_DESKTOP_SESSION_ID', 'this-is-deprecated'), ('COLCON', '1'), ('MANPATH', '/usr/local/man:/usr/man:/usr/X11/man:/usr/local/man:/share/b/grading/man:/usr/local/man:/usr/man:/usr/X11/man:/usr/local/man:/share/b/grading/man:'), ('VTE_VERSION', '6800'), ('EDITOR', 'emacs'), ('QT_FONT_DPI', '96'), ('CMAKE_PREFIX_PATH', '/home/ff/ee106a/robot_workspaces/ur/install/ur7e_utils:/opt/ros/humble')]), 'shell': False}
[4.539841] (-) TimerEvent: {}
[4.640970] (-) TimerEvent: {}
[4.742817] (-) TimerEvent: {}
[4.845045] (-) TimerEvent: {}
[4.946673] (-) TimerEvent: {}
[5.047251] (-) TimerEvent: {}
[5.147901] (-) TimerEvent: {}
[5.248599] (-) TimerEvent: {}
[5.349227] (-) TimerEvent: {}
[5.450002] (-) TimerEvent: {}
[5.550725] (-) TimerEvent: {}
[5.652753] (-) TimerEvent: {}
[5.753442] (-) TimerEvent: {}
[5.854311] (-) TimerEvent: {}
[5.955797] (-) TimerEvent: {}
[6.056668] (-) TimerEvent: {}
[6.157576] (-) TimerEvent: {}
[6.258400] (-) TimerEvent: {}
[6.360064] (-) TimerEvent: {}
[6.460682] (-) TimerEvent: {}
[6.561207] (-) TimerEvent: {}
[6.661773] (-) TimerEvent: {}
[6.762449] (-) TimerEvent: {}
[6.863355] (-) TimerEvent: {}
[6.964024] (-) TimerEvent: {}
[7.064729] (-) TimerEvent: {}
[7.165329] (-) TimerEvent: {}
[7.266467] (-) TimerEvent: {}
[7.367292] (-) TimerEvent: {}
[7.468093] (-) TimerEvent: {}
[7.568756] (-) TimerEvent: {}
[7.669391] (-) TimerEvent: {}
[7.770235] (-) TimerEvent: {}
[7.871071] (-) TimerEvent: {}
[7.971956] (-) TimerEvent: {}
[8.073265] (-) TimerEvent: {}
[8.174775] (-) TimerEvent: {}
[8.275736] (-) TimerEvent: {}
[8.376831] (-) TimerEvent: {}
[8.477492] (-) TimerEvent: {}
[8.578180] (-) TimerEvent: {}
[8.678922] (-) TimerEvent: {}
[8.779634] (-) TimerEvent: {}
[8.880356] (-) TimerEvent: {}
[8.981137] (-) TimerEvent: {}
[9.081870] (-) TimerEvent: {}
[9.182590] (-) TimerEvent: {}
[9.283361] (-) TimerEvent: {}
[9.384202] (-) TimerEvent: {}
[9.485101] (-) TimerEvent: {}
[9.585901] (-) TimerEvent: {}
[9.687075] (-) TimerEvent: {}
[9.788092] (-) TimerEvent: {}
[9.888789] (-) TimerEvent: {}
[9.989607] (-) TimerEvent: {}
[10.090571] (-) TimerEvent: {}
[10.191639] (-) TimerEvent: {}
[10.292373] (-) TimerEvent: {}
[10.393375] (-) TimerEvent: {}
[10.494086] (-) TimerEvent: {}
[10.594672] (-) TimerEvent: {}
[10.695256] (-) TimerEvent: {}
[10.795849] (-) TimerEvent: {}
[10.896467] (-) TimerEvent: {}
[10.997072] (-) TimerEvent: {}
[11.097645] (-) TimerEvent: {}
[11.198217] (-) TimerEvent: {}
[11.298978] (-) TimerEvent: {}
[11.401198] (-) TimerEvent: {}
[11.502578] (-) TimerEvent: {}
[11.603351] (-) TimerEvent: {}
[11.704413] (-) TimerEvent: {}
[11.805578] (-) TimerEvent: {}
[11.909711] (-) TimerEvent: {}
[12.011176] (-) TimerEvent: {}
[12.111846] (-) TimerEvent: {}
[12.212686] (-) TimerEvent: {}
[12.313357] (-) TimerEvent: {}
[12.414130] (-) TimerEvent: {}
[12.515303] (-) TimerEvent: {}
[12.616714] (-) TimerEvent: {}
[12.717689] (-) TimerEvent: {}
[12.818445] (-) TimerEvent: {}
[12.919206] (-) TimerEvent: {}
[12.944306] (turtle_patrol_interface) StdoutLine: {'line': b'-- Found ament_cmake: 1.3.14 (/opt/ros/humble/share/ament_cmake/cmake)\n'}
[13.019446] (-) TimerEvent: {}
[13.121151] (-) TimerEvent: {}
[13.221903] (-) TimerEvent: {}
[13.322740] (-) TimerEvent: {}
[13.423631] (-) TimerEvent: {}
[13.524775] (-) TimerEvent: {}
[13.625839] (-) TimerEvent: {}
[13.726675] (-) TimerEvent: {}
[13.827750] (-) TimerEvent: {}
[13.928317] (-) TimerEvent: {}
[14.030623] (-) TimerEvent: {}
[14.131348] (-) TimerEvent: {}
[14.232235] (-) TimerEvent: {}
[14.333017] (-) TimerEvent: {}
[14.355359] (turtle_patrol_interface) StdoutLine: {'line': b'-- Found geometry_msgs: 4.9.2 (/opt/ros/humble/share/geometry_msgs/cmake)\n'}
[14.433238] (-) TimerEvent: {}
[14.534098] (-) TimerEvent: {}
[14.634841] (-) TimerEvent: {}
[14.735640] (-) TimerEvent: {}
[14.836355] (-) TimerEvent: {}
[14.937151] (-) TimerEvent: {}
[15.038009] (-) TimerEvent: {}
[15.138874] (-) TimerEvent: {}
[15.240276] (-) TimerEvent: {}
[15.303191] (turtle_patrol_interface) StdoutLine: {'line': b'-- Found rosidl_generator_c: 3.1.9 (/opt/ros/humble/share/rosidl_generator_c/cmake)\n'}
[15.329133] (turtle_patrol_interface) StdoutLine: {'line': b'-- Found rosidl_adapter: 3.1.9 (/opt/ros/humble/share/rosidl_adapter/cmake)\n'}
[15.340895] (-) TimerEvent: {}
[15.403584] (turtle_patrol_interface) StdoutLine: {'line': b'-- Found rosidl_generator_cpp: 3.1.9 (/opt/ros/humble/share/rosidl_generator_cpp/cmake)\n'}
[15.441252] (-) TimerEvent: {}
[15.539303] (turtle_patrol_interface) StdoutLine: {'line': b'-- Using all available rosidl_typesupport_c: rosidl_typesupport_fastrtps_c;rosidl_typesupport_introspection_c\n'}
[15.541344] (-) TimerEvent: {}
[15.642141] (-) TimerEvent: {}
[15.742901] (-) TimerEvent: {}
[15.843647] (-) TimerEvent: {}
[15.897250] (turtle_patrol_interface) StdoutLine: {'line': b'-- Using all available rosidl_typesupport_cpp: rosidl_typesupport_fastrtps_cpp;rosidl_typesupport_introspection_cpp\n'}
[15.943833] (-) TimerEvent: {}
[16.044291] (-) TimerEvent: {}
[16.144862] (-) TimerEvent: {}
[16.185461] (turtle_patrol_interface) StdoutLine: {'line': b'-- Found rosidl_default_generators: 1.2.1 (/opt/ros/humble/share/rosidl_default_generators/cmake)\n'}
[16.245038] (-) TimerEvent: {}
[16.345679] (-) TimerEvent: {}
[16.446302] (-) TimerEvent: {}
[16.547089] (-) TimerEvent: {}
[16.648264] (-) TimerEvent: {}
[16.749366] (-) TimerEvent: {}
[16.850059] (-) TimerEvent: {}
[16.950828] (-) TimerEvent: {}
[17.051697] (-) TimerEvent: {}
[17.152457] (-) TimerEvent: {}
[17.253211] (-) TimerEvent: {}
[17.353976] (-) TimerEvent: {}
[17.454880] (-) TimerEvent: {}
[17.557199] (-) TimerEvent: {}
[17.658042] (-) TimerEvent: {}
[17.768646] (lab2_turtlesim) Command: {'cmd': ['/usr/bin/python3', '-W', 'ignore:setup.py install is deprecated', '-W', 'ignore:easy_install command is deprecated', 'setup.py', 'egg_info', '--egg-base', '../../build/lab2_turtlesim', 'build', '--build-base', '/home/cc/ee106a/fa26/class/ee106a-aej/ros_workspaces/lab2/build/lab2_turtlesim/build', 'install', '--record', '/home/cc/ee106a/fa26/class/ee106a-aej/ros_workspaces/lab2/build/lab2_turtlesim/install.log', '--install-scripts', '$base/lib/lab2_turtlesim', '--single-version-externally-managed', 'install_data'], 'cwd': '/home/cc/ee106a/fa26/class/ee106a-aej/ros_workspaces/lab2/src/lab2_turtlesim', 'env': {'ARCH': 'x86_64', 'QT_SCALE_FACTOR': '1', 'USER': 'ee106a-aej', 'HOSTNAME': 'lab12', 'SSH_AGENT_PID': '1925184', 'XDG_SESSION_TYPE': 'x11', 'MASTERDIR': '/home/ff/ee106a', 'XDG_CACHE_HOME': '/home/cc/ee106a/fa26/class/ee106a-aej/.cache', 'SHLVL': '2', 'LD_LIBRARY_PATH': '/usr/lib/x86_64-linux-gnu/gazebo-11/plugins:/opt/ros/humble/opt/rviz_ogre_vendor/lib:/opt/ros/humble/lib/x86_64-linux-gnu:/opt/ros/humble/lib', 'HOME': '/home/cc/ee106a/fa26/class/ee106a-aej', 'OLDPWD': '/home/cc/ee106a/fa26/class/ee106a-aej', 'ROS_PYTHON_VERSION': '3', 'GTK_MODULES': 'appmenu-gtk-module:gail:atk-bridge', 'MANAGERPID': '1924501', 'DISTROBOX_ENTER_PATH': '/usr/local/bin/distrobox-enter', 'DBUS_STARTER_BUS_TYPE': 'session', 'SYSTEMD_EXEC_PID': '1924660', 'XRDP_PULSE_SOURCE_SOCKET': 'xrdp_chansrv_audio_in_socket_95', 'NNTPSERVER': 'news.csua.berkeley.edu', 'VISUAL': 'emacs', 'XRDP_PULSE_SINK_SOCKET': 'xrdp_chansrv_audio_out_socket_95', 'XDG_STATE_HOME': '/home/cc/ee106a/fa26/class/ee106a-aej/.local/state', 'DBUS_SESSION_BUS_ADDRESS': 'unix:path=/run/user/90978/bus,guid=38feeb94c51f38d4fa153d596aa35279', 'COLORTERM': 'truecolor', 'container': 'podman', 'LIBVIRT_DEFAULT_URI': 'qemu:///system', 'UBUNTU_MENUPROXY': '1', 'PULSE_SCRIPT': '/etc/xrdp/pulse/default.pa', 'IM_CONFIG_PHASE': '1', 'COLCON_PREFIX_PATH': '/home/ff/ee106a/robot_workspaces/ur/install', 'ROS_DISTRO': 'humble', 'GTK_IM_MODULE': 'ibus', 'LOGNAME': 'ee106a-aej', 'MASTER': 'ee106a', 'WINDOWID': '44040198', 'JOURNAL_STREAM': '8:42549703', 'ROS_VERSION': '2', 'XDG_SESSION_CLASS': 'user', 'TERMINFO_DIRS': '/usr/share/terminfo:/run/host/usr/share/terminfo', 'TERM': 'xterm-256color', 'GTK_OVERLAY_SCROLLING': '0', 'ROS_LOCALHOST_ONLY': '0', 'GTK2_MODULES': 'overlay-scrollbar', 'PATH': '/opt/ros/humble/bin:/share/b/grading/bin:/home/ff/ee106a/bin:/home/ff/ee106a/bin/arch/x86_64:/share/b/grading/bin:/home/ff/ee106a/bin:/home/ff/ee106a/bin/arch/x86_64:/usr/local/sbin:/usr/local/bin:/usr/sbin:/usr/bin:/sbin:/bin:/usr/games:/usr/local/games:/snap/bin:/share/b/grading/bin:/share/b/grading/sbin:/share/b/runas/x86_64:/share/b/bin:/home/ff/ee106a/venvs/all:/usr/local/sbin:/usr/local/bin:/usr/sbin:/usr/bin:/sbin:/bin:/share/b/grading/bin:/share/b/grading/sbin:/share/b/runas/x86_64:/share/b/bin:/home/ff/ee106a/venvs/all', 'SESSION_MANAGER': 'local/derby:@/tmp/.ICE-unix/1924707,unix/derby:/tmp/.ICE-unix/1924707', 'INVOCATION_ID': '1d6ecfd380c940718ceb287ae79c0768', 'OS': 'Linux', 'XRDP_SOCKET_PATH': '/run/xrdp/sockdir', 'XDG_RUNTIME_DIR': '/run/user/90978', 'DISPLAY': ':95.0', 'LANG': 'en_US.UTF-8', 'XDG_CURRENT_DESKTOP': 'MATE', 'XDG_DATA_HOME': '/home/cc/ee106a/fa26/class/ee106a-aej/.local/share', 'XDG_CONFIG_HOME': '/home/cc/ee106a/fa26/class/ee106a-aej/.config', 'XMODIFIERS': '@im=ibus', 'SSH_AUTH_SOCK': '/run/user/90978/keyring/ssh', 'AMENT_PREFIX_PATH': '/home/ff/ee106a/robot_workspaces/ur/install/ur7e_utils:/opt/ros/humble', 'UID': '90978', 'SHELL': '/usr/bin/bash', 'QT_ACCESSIBILITY': '1', 'RUNAS': '/share/b/runas/x86_64', 'XRDP_SESSION': '1', 'GPG_AGENT_INFO': '/run/user/90978/gnupg/S.gpg-agent:0:1', 'CONFIG_SHELL': '/usr/bin/ksh', 'QT_IM_MODULE': 'ibus', 'PWD': '/home/cc/ee106a/fa26/class/ee106a-aej/ros_workspaces/lab2/build/lab2_turtlesim', 'EE106_ENV_SETUP': 'lab12', 'CONTAINER_ID': 'lab12', 'LC_ALL': 'C.UTF-8', 'XDG_CONFIG_DIRS': '/etc/xdg', 'CLUTTER_IM_MODULE': 'ibus', 'DBUS_STARTER_ADDRESS': 'unix:path=/run/user/90978/bus,guid=38feeb94c51f38d4fa153d596aa35279', 'XDG_DATA_DIRS': '/usr/share/mate:/usr/share/gnome:/home/cc/ee106a/fa26/class/ee106a-aej/.local/share/flatpak/exports/share:/var/lib/flatpak/exports/share:/usr/local/share:/usr/share:/var/lib/snapd/desktop', 'PYTHONPATH': '/home/cc/ee106a/fa26/class/ee106a-aej/ros_workspaces/lab2/build/lab2_turtlesim/prefix_override:/usr/lib/python3/dist-packages/colcon_core/task/python/colcon_distutils_commands:/home/cc/ee106a/fa26/class/ee106a-aej/ros_workspaces/lab2/install/lab2_turtlesim/lib/python3.10/site-packages:/home/ff/ee106a/robot_workspaces/ur/install/ur7e_utils/lib/python3.10/site-packages:/opt/ros/humble/lib/python3.10/site-packages:/opt/ros/humble/local/lib/python3.10/dist-packages', 'MATE_DESKTOP_SESSION_ID': 'this-is-deprecated', 'COLCON': '1', 'MANPATH': '/usr/local/man:/usr/man:/usr/X11/man:/usr/local/man:/share/b/grading/man:/usr/local/man:/usr/man:/usr/X11/man:/usr/local/man:/share/b/grading/man:', 'VTE_VERSION': '6800', 'EDITOR': 'emacs', 'QT_FONT_DPI': '96'}, 'shell': False}
[17.812394] (-) TimerEvent: {}
[17.812755] (turtle_patrol) Command: {'cmd': ['/usr/bin/python3', '-W', 'ignore:setup.py install is deprecated', '-W', 'ignore:easy_install command is deprecated', 'setup.py', 'egg_info', '--egg-base', '../../build/turtle_patrol', 'build', '--build-base', '/home/cc/ee106a/fa26/class/ee106a-aej/ros_workspaces/lab2/build/turtle_patrol/build', 'install', '--record', '/home/cc/ee106a/fa26/class/ee106a-aej/ros_workspaces/lab2/build/turtle_patrol/install.log', '--install-scripts', '$base/lib/turtle_patrol', '--single-version-externally-managed', 'install_data'], 'cwd': '/home/cc/ee106a/fa26/class/ee106a-aej/ros_workspaces/lab2/src/turtle_patrol', 'env': {'ARCH': 'x86_64', 'QT_SCALE_FACTOR': '1', 'USER': 'ee106a-aej', 'HOSTNAME': 'lab12', 'SSH_AGENT_PID': '1925184', 'XDG_SESSION_TYPE': 'x11', 'MASTERDIR': '/home/ff/ee106a', 'XDG_CACHE_HOME': '/home/cc/ee106a/fa26/class/ee106a-aej/.cache', 'SHLVL': '2', 'LD_LIBRARY_PATH': '/usr/lib/x86_64-linux-gnu/gazebo-11/plugins:/opt/ros/humble/opt/rviz_ogre_vendor/lib:/opt/ros/humble/lib/x86_64-linux-gnu:/opt/ros/humble/lib', 'HOME': '/home/cc/ee106a/fa26/class/ee106a-aej', 'OLDPWD': '/home/cc/ee106a/fa26/class/ee106a-aej', 'ROS_PYTHON_VERSION': '3', 'GTK_MODULES': 'appmenu-gtk-module:gail:atk-bridge', 'MANAGERPID': '1924501', 'DISTROBOX_ENTER_PATH': '/usr/local/bin/distrobox-enter', 'DBUS_STARTER_BUS_TYPE': 'session', 'SYSTEMD_EXEC_PID': '1924660', 'XRDP_PULSE_SOURCE_SOCKET': 'xrdp_chansrv_audio_in_socket_95', 'NNTPSERVER': 'news.csua.berkeley.edu', 'VISUAL': 'emacs', 'XRDP_PULSE_SINK_SOCKET': 'xrdp_chansrv_audio_out_socket_95', 'XDG_STATE_HOME': '/home/cc/ee106a/fa26/class/ee106a-aej/.local/state', 'DBUS_SESSION_BUS_ADDRESS': 'unix:path=/run/user/90978/bus,guid=38feeb94c51f38d4fa153d596aa35279', 'COLORTERM': 'truecolor', 'container': 'podman', 'LIBVIRT_DEFAULT_URI': 'qemu:///system', 'UBUNTU_MENUPROXY': '1', 'PULSE_SCRIPT': '/etc/xrdp/pulse/default.pa', 'IM_CONFIG_PHASE': '1', 'COLCON_PREFIX_PATH': '/home/ff/ee106a/robot_workspaces/ur/install', 'ROS_DISTRO': 'humble', 'GTK_IM_MODULE': 'ibus', 'LOGNAME': 'ee106a-aej', 'MASTER': 'ee106a', 'WINDOWID': '44040198', 'JOURNAL_STREAM': '8:42549703', 'ROS_VERSION': '2', 'XDG_SESSION_CLASS': 'user', 'TERMINFO_DIRS': '/usr/share/terminfo:/run/host/usr/share/terminfo', 'TERM': 'xterm-256color', 'GTK_OVERLAY_SCROLLING': '0', 'ROS_LOCALHOST_ONLY': '0', 'GTK2_MODULES': 'overlay-scrollbar', 'PATH': '/opt/ros/humble/bin:/share/b/grading/bin:/home/ff/ee106a/bin:/home/ff/ee106a/bin/arch/x86_64:/share/b/grading/bin:/home/ff/ee106a/bin:/home/ff/ee106a/bin/arch/x86_64:/usr/local/sbin:/usr/local/bin:/usr/sbin:/usr/bin:/sbin:/bin:/usr/games:/usr/local/games:/snap/bin:/share/b/grading/bin:/share/b/grading/sbin:/share/b/runas/x86_64:/share/b/bin:/home/ff/ee106a/venvs/all:/usr/local/sbin:/usr/local/bin:/usr/sbin:/usr/bin:/sbin:/bin:/share/b/grading/bin:/share/b/grading/sbin:/share/b/runas/x86_64:/share/b/bin:/home/ff/ee106a/venvs/all', 'SESSION_MANAGER': 'local/derby:@/tmp/.ICE-unix/1924707,unix/derby:/tmp/.ICE-unix/1924707', 'INVOCATION_ID': '1d6ecfd380c940718ceb287ae79c0768', 'OS': 'Linux', 'XRDP_SOCKET_PATH': '/run/xrdp/sockdir', 'XDG_RUNTIME_DIR': '/run/user/90978', 'DISPLAY': ':95.0', 'LANG': 'en_US.UTF-8', 'XDG_CURRENT_DESKTOP': 'MATE', 'XDG_DATA_HOME': '/home/cc/ee106a/fa26/class/ee106a-aej/.local/share', 'XDG_CONFIG_HOME': '/home/cc/ee106a/fa26/class/ee106a-aej/.config', 'XMODIFIERS': '@im=ibus', 'SSH_AUTH_SOCK': '/run/user/90978/keyring/ssh', 'AMENT_PREFIX_PATH': '/home/ff/ee106a/robot_workspaces/ur/install/ur7e_utils:/opt/ros/humble', 'UID': '90978', 'SHELL': '/usr/bin/bash', 'QT_ACCESSIBILITY': '1', 'RUNAS': '/share/b/runas/x86_64', 'XRDP_SESSION': '1', 'GPG_AGENT_INFO': '/run/user/90978/gnupg/S.gpg-agent:0:1', 'CONFIG_SHELL': '/usr/bin/ksh', 'QT_IM_MODULE': 'ibus', 'PWD': '/home/cc/ee106a/fa26/class/ee106a-aej/ros_workspaces/lab2/build/turtle_patrol', 'EE106_ENV_SETUP': 'lab12', 'CONTAINER_ID': 'lab12', 'LC_ALL': 'C.UTF-8', 'XDG_CONFIG_DIRS': '/etc/xdg', 'CLUTTER_IM_MODULE': 'ibus', 'DBUS_STARTER_ADDRESS': 'unix:path=/run/user/90978/bus,guid=38feeb94c51f38d4fa153d596aa35279', 'XDG_DATA_DIRS': '/usr/share/mate:/usr/share/gnome:/home/cc/ee106a/fa26/class/ee106a-aej/.local/share/flatpak/exports/share:/var/lib/flatpak/exports/share:/usr/local/share:/usr/share:/var/lib/snapd/desktop', 'PYTHONPATH': '/home/cc/ee106a/fa26/class/ee106a-aej/ros_workspaces/lab2/build/turtle_patrol/prefix_override:/usr/lib/python3/dist-packages/colcon_core/task/python/colcon_distutils_commands:/home/cc/ee106a/fa26/class/ee106a-aej/ros_workspaces/lab2/install/turtle_patrol/lib/python3.10/site-packages:/home/ff/ee106a/robot_workspaces/ur/install/ur7e_utils/lib/python3.10/site-packages:/opt/ros/humble/lib/python3.10/site-packages:/opt/ros/humble/local/lib/python3.10/dist-packages', 'MATE_DESKTOP_SESSION_ID': 'this-is-deprecated', 'COLCON': '1', 'MANPATH': '/usr/local/man:/usr/man:/usr/X11/man:/usr/local/man:/share/b/grading/man:/usr/local/man:/usr/man:/usr/X11/man:/usr/local/man:/share/b/grading/man:', 'VTE_VERSION': '6800', 'EDITOR': 'emacs', 'QT_FONT_DPI': '96'}, 'shell': False}
[17.912760] (-) TimerEvent: {}
[18.013400] (-) TimerEvent: {}
[18.114065] (-) TimerEvent: {}
[18.214698] (-) TimerEvent: {}
[18.315287] (-) TimerEvent: {}
[18.416313] (-) TimerEvent: {}
[18.517057] (-) TimerEvent: {}
[18.617724] (-) TimerEvent: {}
[18.718442] (-) TimerEvent: {}
[18.819264] (-) TimerEvent: {}
[18.920016] (-) TimerEvent: {}
[19.020728] (-) TimerEvent: {}
[19.121915] (-) TimerEvent: {}
[19.224929] (-) TimerEvent: {}
[19.325686] (-) TimerEvent: {}
[19.427815] (-) TimerEvent: {}
[19.528345] (-) TimerEvent: {}
[19.629212] (-) TimerEvent: {}
[19.731894] (-) TimerEvent: {}
[19.765910] (turtle_patrol_interface) StdoutLine: {'line': b'-- Found ament_cmake_ros: 0.10.0 (/opt/ros/humble/share/ament_cmake_ros/cmake)\n'}
[19.832127] (-) TimerEvent: {}
[19.933646] (-) TimerEvent: {}
[20.035708] (-) TimerEvent: {}
[20.069337] (lab2_turtlesim) StdoutLine: {'line': b'running egg_info\n'}
[20.075459] (lab2_turtlesim) StdoutLine: {'line': b'writing ../../build/lab2_turtlesim/lab2_turtlesim.egg-info/PKG-INFO\n'}
[20.076091] (turtle_patrol) StdoutLine: {'line': b'running egg_info\n'}
[20.078331] (turtle_patrol) StdoutLine: {'line': b'writing ../../build/turtle_patrol/turtle_patrol.egg-info/PKG-INFO\n'}
[20.084890] (lab2_turtlesim) StdoutLine: {'line': b'writing dependency_links to ../../build/lab2_turtlesim/lab2_turtlesim.egg-info/dependency_links.txt\n'}
[20.089616] (turtle_patrol) StdoutLine: {'line': b'writing dependency_links to ../../build/turtle_patrol/turtle_patrol.egg-info/dependency_links.txt\n'}
[20.092830] (lab2_turtlesim) StdoutLine: {'line': b'writing entry points to ../../build/lab2_turtlesim/lab2_turtlesim.egg-info/entry_points.txt\n'}
[20.096886] (turtle_patrol) StdoutLine: {'line': b'writing entry points to ../../build/turtle_patrol/turtle_patrol.egg-info/entry_points.txt\n'}
[20.099560] (lab2_turtlesim) StdoutLine: {'line': b'writing requirements to ../../build/lab2_turtlesim/lab2_turtlesim.egg-info/requires.txt\n'}
[20.103099] (turtle_patrol) StdoutLine: {'line': b'writing requirements to ../../build/turtle_patrol/turtle_patrol.egg-info/requires.txt\n'}
[20.104599] (lab2_turtlesim) StdoutLine: {'line': b'writing top-level names to ../../build/lab2_turtlesim/lab2_turtlesim.egg-info/top_level.txt\n'}
[20.108771] (turtle_patrol) StdoutLine: {'line': b'writing top-level names to ../../build/turtle_patrol/turtle_patrol.egg-info/top_level.txt\n'}
[20.127308] (lab2_turtlesim) StdoutLine: {'line': b"reading manifest file '../../build/lab2_turtlesim/lab2_turtlesim.egg-info/SOURCES.txt'\n"}
[20.132391] (turtle_patrol) StdoutLine: {'line': b"reading manifest file '../../build/turtle_patrol/turtle_patrol.egg-info/SOURCES.txt'\n"}
[20.135814] (-) TimerEvent: {}
[20.137142] (lab2_turtlesim) StdoutLine: {'line': b"writing manifest file '../../build/lab2_turtlesim/lab2_turtlesim.egg-info/SOURCES.txt'\n"}
[20.144689] (turtle_patrol) StdoutLine: {'line': b"writing manifest file '../../build/turtle_patrol/turtle_patrol.egg-info/SOURCES.txt'\n"}
[20.147645] (lab2_turtlesim) StdoutLine: {'line': b'running build\n'}
[20.148082] (lab2_turtlesim) StdoutLine: {'line': b'running build_py\n'}
[20.149779] (turtle_patrol) StdoutLine: {'line': b'running build\n'}
[20.150250] (turtle_patrol) StdoutLine: {'line': b'running build_py\n'}
[20.158135] (lab2_turtlesim) StdoutLine: {'line': b'running install\n'}
[20.158584] (lab2_turtlesim) StdoutLine: {'line': b'running install_lib\n'}
[20.159720] (turtle_patrol) StdoutLine: {'line': b'copying turtle_patrol/multi_patrol_server.py -> /home/cc/ee106a/fa26/class/ee106a-aej/ros_workspaces/lab2/build/turtle_patrol/build/lib/turtle_patrol\n'}
[20.174214] (lab2_turtlesim) StdoutLine: {'line': b'running install_data\n'}
[20.176869] (lab2_turtlesim) StdoutLine: {'line': b'running install_egg_info\n'}
[20.190363] (lab2_turtlesim) StdoutLine: {'line': b"removing '/home/cc/ee106a/fa26/class/ee106a-aej/ros_workspaces/lab2/install/lab2_turtlesim/lib/python3.10/site-packages/lab2_turtlesim-0.0.0-py3.10.egg-info' (and everything under it)\n"}
[20.236097] (-) TimerEvent: {}
[20.275133] (turtle_patrol) StdoutLine: {'line': b'copying turtle_patrol/multi_patrol_client.py -> /home/cc/ee106a/fa26/class/ee106a-aej/ros_workspaces/lab2/build/turtle_patrol/build/lib/turtle_patrol\n'}
[20.283709] (turtle_patrol) StdoutLine: {'line': b'running install\n'}
[20.284388] (turtle_patrol) StdoutLine: {'line': b'running install_lib\n'}
[20.292659] (turtle_patrol) StdoutLine: {'line': b'copying /home/cc/ee106a/fa26/class/ee106a-aej/ros_workspaces/lab2/build/turtle_patrol/build/lib/turtle_patrol/multi_patrol_server.py -> /home/cc/ee106a/fa26/class/ee106a-aej/ros_workspaces/lab2/install/turtle_patrol/lib/python3.10/site-packages/turtle_patrol\n'}
[20.336291] (-) TimerEvent: {}
[20.403337] (turtle_patrol) StdoutLine: {'line': b'copying /home/cc/ee106a/fa26/class/ee106a-aej/ros_workspaces/lab2/build/turtle_patrol/build/lib/turtle_patrol/multi_patrol_client.py -> /home/cc/ee106a/fa26/class/ee106a-aej/ros_workspaces/lab2/install/turtle_patrol/lib/python3.10/site-packages/turtle_patrol\n'}
[20.415111] (turtle_patrol) StdoutLine: {'line': b'byte-compiling /home/cc/ee106a/fa26/class/ee106a-aej/ros_workspaces/lab2/install/turtle_patrol/lib/python3.10/site-packages/turtle_patrol/multi_patrol_server.py to multi_patrol_server.cpython-310.pyc\n'}
[20.421697] (lab2_turtlesim) StdoutLine: {'line': b'Copying ../../build/lab2_turtlesim/lab2_turtlesim.egg-info to /home/cc/ee106a/fa26/class/ee106a-aej/ros_workspaces/lab2/install/lab2_turtlesim/lib/python3.10/site-packages/lab2_turtlesim-0.0.0-py3.10.egg-info\n'}
[20.436626] (-) TimerEvent: {}
[20.486442] (lab2_turtlesim) StdoutLine: {'line': b'running install_scripts\n'}
[20.532794] (turtle_patrol) StdoutLine: {'line': b'byte-compiling /home/cc/ee106a/fa26/class/ee106a-aej/ros_workspaces/lab2/install/turtle_patrol/lib/python3.10/site-packages/turtle_patrol/multi_patrol_client.py to multi_patrol_client.cpython-310.pyc\n'}
[20.534985] (turtle_patrol) StderrLine: {'line': b'  File "/home/cc/ee106a/fa26/class/ee106a-aej/ros_workspaces/lab2/install/turtle_patrol/lib/python3.10/site-packages/turtle_patrol/multi_patrol_client.py", line 37\n'}
[20.535676] (turtle_patrol) StderrLine: {'line': b'    def main(args=None)\n'}
[20.535862] (turtle_patrol) StderrLine: {'line': b'                       ^\n'}
[20.536031] (turtle_patrol) StderrLine: {'line': b"SyntaxError: expected ':'\n"}
[20.536164] (turtle_patrol) StderrLine: {'line': b'\n'}
[20.536282] (turtle_patrol) StdoutLine: {'line': b'running install_data\n'}
[20.536732] (-) TimerEvent: {}
[20.539798] (turtle_patrol) StdoutLine: {'line': b'running install_egg_info\n'}
[20.552683] (turtle_patrol) StdoutLine: {'line': b"removing '/home/cc/ee106a/fa26/class/ee106a-aej/ros_workspaces/lab2/install/turtle_patrol/lib/python3.10/site-packages/turtle_patrol-0.0.0-py3.10.egg-info' (and everything under it)\n"}
[20.593626] (lab2_turtlesim) StdoutLine: {'line': b'Installing turtle_controller script to /home/cc/ee106a/fa26/class/ee106a-aej/ros_workspaces/lab2/install/lab2_turtlesim/lib/lab2_turtlesim\n'}
[20.601310] (lab2_turtlesim) StdoutLine: {'line': b"writing list of installed files to '/home/cc/ee106a/fa26/class/ee106a-aej/ros_workspaces/lab2/build/lab2_turtlesim/install.log'\n"}
[20.636968] (-) TimerEvent: {}
[20.683238] (lab2_turtlesim) CommandEnded: {'returncode': 0}
[20.737281] (-) TimerEvent: {}
[20.775254] (turtle_patrol) StdoutLine: {'line': b'Copying ../../build/turtle_patrol/turtle_patrol.egg-info to /home/cc/ee106a/fa26/class/ee106a-aej/ros_workspaces/lab2/install/turtle_patrol/lib/python3.10/site-packages/turtle_patrol-0.0.0-py3.10.egg-info\n'}
[20.837566] (-) TimerEvent: {}
[20.844176] (turtle_patrol) StdoutLine: {'line': b'running install_scripts\n'}
[20.858061] (lab2_turtlesim) JobEnded: {'identifier': 'lab2_turtlesim', 'rc': 0}
[20.937675] (-) TimerEvent: {}
[20.957293] (turtle_patrol) StdoutLine: {'line': b'Installing multi_patrol_client script to /home/cc/ee106a/fa26/class/ee106a-aej/ros_workspaces/lab2/install/turtle_patrol/lib/turtle_patrol\n'}
[21.037932] (-) TimerEvent: {}
[21.073393] (turtle_patrol) StdoutLine: {'line': b'Installing multi_patrol_server script to /home/cc/ee106a/fa26/class/ee106a-aej/ros_workspaces/lab2/install/turtle_patrol/lib/turtle_patrol\n'}
[21.078758] (turtle_patrol) StdoutLine: {'line': b'Installing patrol_client script to /home/cc/ee106a/fa26/class/ee106a-aej/ros_workspaces/lab2/install/turtle_patrol/lib/turtle_patrol\n'}
[21.084896] (turtle_patrol) StdoutLine: {'line': b'Installing patrol_server script to /home/cc/ee106a/fa26/class/ee106a-aej/ros_workspaces/lab2/install/turtle_patrol/lib/turtle_patrol\n'}
[21.092459] (turtle_patrol) StdoutLine: {'line': b"writing list of installed files to '/home/cc/ee106a/fa26/class/ee106a-aej/ros_workspaces/lab2/build/turtle_patrol/install.log'\n"}
[21.138156] (-) TimerEvent: {}
[21.171602] (turtle_patrol) CommandEnded: {'returncode': 0}
[21.238779] (-) TimerEvent: {}
[21.263807] (turtle_patrol) JobEnded: {'identifier': 'turtle_patrol', 'rc': 0}
[21.339019] (-) TimerEvent: {}
[21.440407] (-) TimerEvent: {}
[21.541307] (-) TimerEvent: {}
[21.642146] (-) TimerEvent: {}
[21.742901] (-) TimerEvent: {}
[21.843592] (-) TimerEvent: {}
[21.944173] (-) TimerEvent: {}
[22.044834] (-) TimerEvent: {}
[22.145409] (-) TimerEvent: {}
[22.246015] (-) TimerEvent: {}
[22.346630] (-) TimerEvent: {}
[22.447190] (-) TimerEvent: {}
[22.547884] (-) TimerEvent: {}
[22.648661] (-) TimerEvent: {}
[22.749738] (-) TimerEvent: {}
[22.850558] (-) TimerEvent: {}
[22.951219] (-) TimerEvent: {}
[23.052032] (-) TimerEvent: {}
[23.152756] (-) TimerEvent: {}
[23.253388] (-) TimerEvent: {}
[23.354085] (-) TimerEvent: {}
[23.454846] (-) TimerEvent: {}
[23.555769] (-) TimerEvent: {}
[23.656899] (-) TimerEvent: {}
[23.757759] (-) TimerEvent: {}
[23.858411] (-) TimerEvent: {}
[23.959185] (-) TimerEvent: {}
[24.060157] (-) TimerEvent: {}
[24.160846] (-) TimerEvent: {}
[24.261939] (-) TimerEvent: {}
[24.363057] (-) TimerEvent: {}
[24.384357] (turtle_patrol_interface) StdoutLine: {'line': b'-- Using all available rosidl_typesupport_c: rosidl_typesupport_fastrtps_c;rosidl_typesupport_introspection_c\n'}
[24.463297] (-) TimerEvent: {}
[24.564158] (-) TimerEvent: {}
[24.664867] (-) TimerEvent: {}
[24.765886] (-) TimerEvent: {}
[24.866844] (-) TimerEvent: {}
[24.967564] (-) TimerEvent: {}
[25.068550] (-) TimerEvent: {}
[25.169353] (-) TimerEvent: {}
[25.270173] (-) TimerEvent: {}
[25.371004] (-) TimerEvent: {}
[25.472021] (-) TimerEvent: {}
[25.573145] (-) TimerEvent: {}
[25.674281] (-) TimerEvent: {}
[25.775350] (-) TimerEvent: {}
[25.877017] (-) TimerEvent: {}
[25.977668] (-) TimerEvent: {}
[26.078342] (-) TimerEvent: {}
[26.147148] (turtle_patrol_interface) StdoutLine: {'line': b'-- Using all available rosidl_typesupport_cpp: rosidl_typesupport_fastrtps_cpp;rosidl_typesupport_introspection_cpp\n'}
[26.178608] (-) TimerEvent: {}
[26.279221] (-) TimerEvent: {}
[26.380721] (-) TimerEvent: {}
[26.383414] (turtle_patrol_interface) StdoutLine: {'line': b'-- Found python_cmake_module: 0.10.0 (/opt/ros/humble/share/python_cmake_module/cmake)\n'}
[26.481403] (-) TimerEvent: {}
[26.582266] (-) TimerEvent: {}
[26.683242] (-) TimerEvent: {}
[26.685651] (turtle_patrol_interface) StdoutLine: {'line': b'-- Using PYTHON_EXECUTABLE: /usr/bin/python3\n'}
[26.685934] (turtle_patrol_interface) StdoutLine: {'line': b'-- Using PYTHON_INCLUDE_DIRS: /usr/include/python3.10\n'}
[26.686076] (turtle_patrol_interface) StdoutLine: {'line': b'-- Using PYTHON_LIBRARIES: /usr/lib/x86_64-linux-gnu/libpython3.10.so\n'}
[26.783451] (-) TimerEvent: {}
[26.884229] (-) TimerEvent: {}
[26.984974] (-) TimerEvent: {}
[27.085699] (-) TimerEvent: {}
[27.187074] (-) TimerEvent: {}
[27.287834] (-) TimerEvent: {}
[27.388688] (-) TimerEvent: {}
[27.490440] (-) TimerEvent: {}
[27.591179] (-) TimerEvent: {}
[27.691955] (-) TimerEvent: {}
[27.792612] (-) TimerEvent: {}
[27.893321] (-) TimerEvent: {}
[27.994841] (-) TimerEvent: {}
[28.095817] (-) TimerEvent: {}
[28.197195] (-) TimerEvent: {}
[28.298083] (-) TimerEvent: {}
[28.398945] (-) TimerEvent: {}
[28.459372] (turtle_patrol_interface) StdoutLine: {'line': b'-- Found ament_lint_auto: 0.12.15 (/opt/ros/humble/share/ament_lint_auto/cmake)\n'}
[28.499426] (-) TimerEvent: {}
[28.600162] (-) TimerEvent: {}
[28.700923] (-) TimerEvent: {}
[28.801904] (-) TimerEvent: {}
[28.904152] (-) TimerEvent: {}
[29.005170] (-) TimerEvent: {}
[29.107637] (-) TimerEvent: {}
[29.208300] (-) TimerEvent: {}
[29.300940] (turtle_patrol_interface) StdoutLine: {'line': b"-- Added test 'lint_cmake' to check CMake code style\n"}
[29.308720] (-) TimerEvent: {}
[29.325213] (turtle_patrol_interface) StdoutLine: {'line': b"-- Added test 'xmllint' to check XML markup files\n"}
[29.409000] (-) TimerEvent: {}
[29.510903] (-) TimerEvent: {}
[29.519066] (turtle_patrol_interface) StdoutLine: {'line': b'-- Configuring done\n'}
[29.611093] (-) TimerEvent: {}
[29.711717] (-) TimerEvent: {}
[29.812432] (-) TimerEvent: {}
[29.913706] (-) TimerEvent: {}
[30.014487] (-) TimerEvent: {}
[30.115217] (-) TimerEvent: {}
[30.216600] (-) TimerEvent: {}
[30.317903] (-) TimerEvent: {}
[30.418730] (-) TimerEvent: {}
[30.519788] (-) TimerEvent: {}
[30.621714] (-) TimerEvent: {}
[30.724021] (-) TimerEvent: {}
[30.824682] (-) TimerEvent: {}
[30.925413] (-) TimerEvent: {}
[31.026906] (-) TimerEvent: {}
[31.127723] (-) TimerEvent: {}
[31.229744] (-) TimerEvent: {}
[31.330804] (-) TimerEvent: {}
[31.431397] (-) TimerEvent: {}
[31.532310] (-) TimerEvent: {}
[31.633175] (-) TimerEvent: {}
[31.733990] (-) TimerEvent: {}
[31.834784] (-) TimerEvent: {}
[31.935473] (-) TimerEvent: {}
[32.036609] (-) TimerEvent: {}
[32.137335] (-) TimerEvent: {}
[32.238944] (-) TimerEvent: {}
[32.341488] (-) TimerEvent: {}
[32.442674] (-) TimerEvent: {}
[32.543372] (-) TimerEvent: {}
[32.645268] (-) TimerEvent: {}
[32.745848] (-) TimerEvent: {}
[32.846671] (-) TimerEvent: {}
[32.947271] (-) TimerEvent: {}
[33.048055] (-) TimerEvent: {}
[33.149224] (-) TimerEvent: {}
[33.250245] (-) TimerEvent: {}
[33.351000] (-) TimerEvent: {}
[33.451717] (-) TimerEvent: {}
[33.552639] (-) TimerEvent: {}
[33.653327] (-) TimerEvent: {}
[33.754839] (-) TimerEvent: {}
[33.855656] (-) TimerEvent: {}
[33.956559] (-) TimerEvent: {}
[34.057315] (-) TimerEvent: {}
[34.158053] (-) TimerEvent: {}
[34.259760] (-) TimerEvent: {}
[34.360729] (-) TimerEvent: {}
[34.461379] (-) TimerEvent: {}
[34.562062] (-) TimerEvent: {}
[34.662708] (-) TimerEvent: {}
[34.754882] (turtle_patrol_interface) StdoutLine: {'line': b'-- Generating done\n'}
[34.762929] (-) TimerEvent: {}
[34.863817] (-) TimerEvent: {}
[34.964649] (-) TimerEvent: {}
[35.065310] (-) TimerEvent: {}
[35.166294] (-) TimerEvent: {}
[35.267155] (-) TimerEvent: {}
[35.371678] (turtle_patrol_interface) StdoutLine: {'line': b'-- Build files have been written to: /home/cc/ee106a/fa26/class/ee106a-aej/ros_workspaces/lab2/build/turtle_patrol_interface\n'}
[35.372199] (-) TimerEvent: {}
[35.472948] (-) TimerEvent: {}
[35.576943] (-) TimerEvent: {}
[35.677792] (-) TimerEvent: {}
[35.778631] (-) TimerEvent: {}
[35.825918] (turtle_patrol_interface) StdoutLine: {'line': b'[  3%] \x1b[34m\x1b[1mGenerating C code for ROS interfaces\x1b[0m\n'}
[35.880117] (-) TimerEvent: {}
[35.981429] (-) TimerEvent: {}
[36.064278] (turtle_patrol_interface) StdoutLine: {'line': b'[  6%] \x1b[34m\x1b[1mGenerating Rust code for ROS interfaces\x1b[0m\n'}
[36.081672] (-) TimerEvent: {}
[36.085293] (turtle_patrol_interface) StdoutLine: {'line': b'[  9%] \x1b[34m\x1b[1mGenerating C++ code for ROS interfaces\x1b[0m\n'}
[36.183199] (-) TimerEvent: {}
[36.284403] (-) TimerEvent: {}
[36.386906] (-) TimerEvent: {}
[36.488708] (-) TimerEvent: {}
[36.525318] (turtle_patrol_interface) StdoutLine: {'line': b'[  9%] Built target ament_cmake_python_copy_turtle_patrol_interface\n'}
[36.588215] (-) TimerEvent: {}
[36.690382] (-) TimerEvent: {}
[36.791775] (-) TimerEvent: {}
[36.892691] (-) TimerEvent: {}
[36.993617] (-) TimerEvent: {}
[37.094455] (-) TimerEvent: {}
[37.195400] (-) TimerEvent: {}
[37.296216] (-) TimerEvent: {}
[37.397238] (-) TimerEvent: {}
[37.498285] (-) TimerEvent: {}
[37.599039] (-) TimerEvent: {}
[37.700648] (-) TimerEvent: {}
[37.801279] (-) TimerEvent: {}
[37.901964] (-) TimerEvent: {}
[38.002704] (-) TimerEvent: {}
[38.035831] (turtle_patrol_interface) StdoutLine: {'line': b'\x1b[35m\x1b[1mConsolidate compiler generated dependencies of target turtle_patrol_interface__rosidl_generator_c\x1b[0m\n'}
[38.038990] (turtle_patrol_interface) StdoutLine: {'line': b'[  9%] Built target turtle_patrol_interface__rs\n'}
[38.087802] (turtle_patrol_interface) StdoutLine: {'line': b'[  9%] Built target turtle_patrol_interface__cpp\n'}
[38.102939] (-) TimerEvent: {}
[38.203939] (-) TimerEvent: {}
[38.304813] (-) TimerEvent: {}
[38.405994] (-) TimerEvent: {}
[38.506724] (-) TimerEvent: {}
[38.607351] (-) TimerEvent: {}
[38.708412] (-) TimerEvent: {}
[38.809162] (-) TimerEvent: {}
[38.910010] (-) TimerEvent: {}
[39.010765] (-) TimerEvent: {}
[39.111697] (-) TimerEvent: {}
[39.212383] (-) TimerEvent: {}
[39.313165] (-) TimerEvent: {}
[39.413938] (-) TimerEvent: {}
[39.516759] (-) TimerEvent: {}
[39.574159] (turtle_patrol_interface) StdoutLine: {'line': b'[ 12%] \x1b[34m\x1b[1mGenerating C++ type support for eProsima Fast-RTPS\x1b[0m\n'}
[39.585089] (turtle_patrol_interface) StdoutLine: {'line': b'[ 15%] \x1b[34m\x1b[1mGenerating C++ introspection for ROS interfaces\x1b[0m\n'}
[39.593549] (turtle_patrol_interface) StdoutLine: {'line': b'[ 21%] \x1b[32mBuilding C object CMakeFiles/turtle_patrol_interface__rosidl_generator_c.dir/rosidl_generator_c/turtle_patrol_interface/srv/detail/patrol__functions.c.o\x1b[0m\n'}
[39.594216] (turtle_patrol_interface) StdoutLine: {'line': b'[ 21%] \x1b[34m\x1b[1mGenerating C++ type support dispatch for ROS interfaces\x1b[0m\n'}
[39.617037] (-) TimerEvent: {}
[39.717870] (-) TimerEvent: {}
[39.819774] (-) TimerEvent: {}
[39.920640] (-) TimerEvent: {}
[40.021402] (-) TimerEvent: {}
[40.122683] (-) TimerEvent: {}
[40.223402] (-) TimerEvent: {}
[40.324263] (-) TimerEvent: {}
[40.425566] (-) TimerEvent: {}
[40.531739] (-) TimerEvent: {}
[40.617773] (turtle_patrol_interface) StdoutLine: {'line': b'[ 25%] \x1b[32m\x1b[1mLinking C shared library libturtle_patrol_interface__rosidl_generator_c.so\x1b[0m\n'}
[40.631935] (-) TimerEvent: {}
[40.733712] (-) TimerEvent: {}
[40.838044] (-) TimerEvent: {}
[40.940872] (-) TimerEvent: {}
[41.043344] (-) TimerEvent: {}
[41.144008] (-) TimerEvent: {}
[41.153812] (turtle_patrol_interface) StdoutLine: {'line': b'\x1b[35m\x1b[1mConsolidate compiler generated dependencies of target turtle_patrol_interface__rosidl_typesupport_cpp\x1b[0m\n'}
[41.244843] (-) TimerEvent: {}
[41.345440] (-) TimerEvent: {}
[41.446270] (-) TimerEvent: {}
[41.499727] (turtle_patrol_interface) StdoutLine: {'line': b'\x1b[35m\x1b[1mConsolidate compiler generated dependencies of target turtle_patrol_interface__rosidl_typesupport_introspection_cpp\x1b[0m\n'}
[41.547748] (-) TimerEvent: {}
[41.570760] (turtle_patrol_interface) StdoutLine: {'line': b'[ 25%] Built target turtle_patrol_interface__rosidl_generator_c\n'}
[41.647983] (-) TimerEvent: {}
[41.748723] (-) TimerEvent: {}
[41.849389] (-) TimerEvent: {}
[41.950307] (-) TimerEvent: {}
[42.050920] (-) TimerEvent: {}
[42.151640] (-) TimerEvent: {}
[42.252403] (-) TimerEvent: {}
[42.353286] (-) TimerEvent: {}
[42.454438] (-) TimerEvent: {}
[42.556268] (-) TimerEvent: {}
[42.657322] (-) TimerEvent: {}
[42.666784] (turtle_patrol_interface) StdoutLine: {'line': b'\x1b[35m\x1b[1mConsolidate compiler generated dependencies of target turtle_patrol_interface__rosidl_typesupport_fastrtps_cpp\x1b[0m\n'}
[42.757568] (-) TimerEvent: {}
[42.817731] (turtle_patrol_interface) StdoutLine: {'line': b'running egg_info\n'}
[42.828340] (turtle_patrol_interface) StdoutLine: {'line': b'writing turtle_patrol_interface.egg-info/PKG-INFO\n'}
[42.835117] (turtle_patrol_interface) StdoutLine: {'line': b'writing dependency_links to turtle_patrol_interface.egg-info/dependency_links.txt\n'}
[42.845194] (turtle_patrol_interface) StdoutLine: {'line': b'writing top-level names to turtle_patrol_interface.egg-info/top_level.txt\n'}
[42.858315] (-) TimerEvent: {}
[42.888276] (turtle_patrol_interface) StdoutLine: {'line': b"reading manifest file 'turtle_patrol_interface.egg-info/SOURCES.txt'\n"}
[42.894186] (turtle_patrol_interface) StdoutLine: {'line': b"writing manifest file 'turtle_patrol_interface.egg-info/SOURCES.txt'\n"}
[42.958484] (-) TimerEvent: {}
[43.058997] (-) TimerEvent: {}
[43.158301] (turtle_patrol_interface) StdoutLine: {'line': b'[ 28%] \x1b[32mBuilding CXX object CMakeFiles/turtle_patrol_interface__rosidl_typesupport_cpp.dir/rosidl_typesupport_cpp/turtle_patrol_interface/srv/patrol__type_support.cpp.o\x1b[0m\n'}
[43.159103] (-) TimerEvent: {}
[43.185014] (turtle_patrol_interface) StdoutLine: {'line': b'[ 31%] \x1b[32mBuilding CXX object CMakeFiles/turtle_patrol_interface__rosidl_typesupport_introspection_cpp.dir/rosidl_typesupport_introspection_cpp/turtle_patrol_interface/srv/detail/patrol__type_support.cpp.o\x1b[0m\n'}
[43.208596] (turtle_patrol_interface) StdoutLine: {'line': b'[ 34%] \x1b[34m\x1b[1mGenerating C type support for eProsima Fast-RTPS\x1b[0m\n'}
[43.233258] (turtle_patrol_interface) StdoutLine: {'line': b'[ 37%] \x1b[34m\x1b[1mGenerating C type support dispatch for ROS interfaces\x1b[0m\n'}
[43.241802] (turtle_patrol_interface) StdoutLine: {'line': b'[ 40%] \x1b[34m\x1b[1mGenerating C introspection for ROS interfaces\x1b[0m\n'}
[43.259315] (-) TimerEvent: {}
[43.360019] (-) TimerEvent: {}
[43.363658] (turtle_patrol_interface) StdoutLine: {'line': b'[ 40%] Built target ament_cmake_python_build_turtle_patrol_interface_egg\n'}
[43.412473] (turtle_patrol_interface) StdoutLine: {'line': b'[ 43%] \x1b[32mBuilding CXX object CMakeFiles/turtle_patrol_interface__rosidl_typesupport_fastrtps_cpp.dir/rosidl_typesupport_fastrtps_cpp/turtle_patrol_interface/srv/detail/dds_fastrtps/patrol__type_support.cpp.o\x1b[0m\n'}
[43.461840] (-) TimerEvent: {}
[43.562669] (-) TimerEvent: {}
[43.664064] (-) TimerEvent: {}
[43.766833] (-) TimerEvent: {}
[43.867584] (-) TimerEvent: {}
[43.969332] (-) TimerEvent: {}
[44.070286] (-) TimerEvent: {}
[44.172924] (-) TimerEvent: {}
[44.273869] (-) TimerEvent: {}
[44.379443] (-) TimerEvent: {}
[44.487979] (-) TimerEvent: {}
[44.590163] (-) TimerEvent: {}
[44.690921] (-) TimerEvent: {}
[44.798160] (-) TimerEvent: {}
[44.901902] (-) TimerEvent: {}
[45.003776] (-) TimerEvent: {}
[45.104731] (-) TimerEvent: {}
[45.119749] (turtle_patrol_interface) StdoutLine: {'line': b'\x1b[35m\x1b[1mConsolidate compiler generated dependencies of target turtle_patrol_interface__rosidl_typesupport_c\x1b[0m\n'}
[45.205046] (-) TimerEvent: {}
[45.309405] (-) TimerEvent: {}
[45.414832] (-) TimerEvent: {}
[45.495947] (turtle_patrol_interface) StdoutLine: {'line': b'\x1b[35m\x1b[1mConsolidate compiler generated dependencies of target turtle_patrol_interface__rosidl_typesupport_introspection_c\x1b[0m\n'}
[45.503162] (turtle_patrol_interface) StdoutLine: {'line': b'\x1b[35m\x1b[1mConsolidate compiler generated dependencies of target turtle_patrol_interface__rosidl_typesupport_fastrtps_c\x1b[0m\n'}
[45.515615] (-) TimerEvent: {}
[45.519410] (turtle_patrol_interface) StdoutLine: {'line': b'[ 46%] \x1b[32mBuilding CXX object CMakeFiles/turtle_patrol_interface__rosidl_typesupport_c.dir/rosidl_typesupport_c/turtle_patrol_interface/srv/patrol__type_support.cpp.o\x1b[0m\n'}
[45.615902] (-) TimerEvent: {}
[45.719704] (-) TimerEvent: {}
[45.821790] (-) TimerEvent: {}
[45.851442] (turtle_patrol_interface) StdoutLine: {'line': b'[ 50%] \x1b[32mBuilding C object CMakeFiles/turtle_patrol_interface__rosidl_typesupport_introspection_c.dir/rosidl_typesupport_introspection_c/turtle_patrol_interface/srv/detail/patrol__type_support.c.o\x1b[0m\n'}
[45.922055] (-) TimerEvent: {}
[45.941618] (turtle_patrol_interface) StdoutLine: {'line': b'[ 53%] \x1b[32mBuilding CXX object CMakeFiles/turtle_patrol_interface__rosidl_typesupport_fastrtps_c.dir/rosidl_typesupport_fastrtps_c/turtle_patrol_interface/srv/detail/patrol__type_support_c.cpp.o\x1b[0m\n'}
[45.962035] (turtle_patrol_interface) StdoutLine: {'line': b'[ 56%] \x1b[32m\x1b[1mLinking CXX shared library libturtle_patrol_interface__rosidl_typesupport_cpp.so\x1b[0m\n'}
[46.022355] (-) TimerEvent: {}
[46.123256] (-) TimerEvent: {}
[46.186645] (turtle_patrol_interface) StdoutLine: {'line': b'[ 59%] \x1b[32m\x1b[1mLinking CXX shared library libturtle_patrol_interface__rosidl_typesupport_c.so\x1b[0m\n'}
[46.223730] (-) TimerEvent: {}
[46.324785] (-) TimerEvent: {}
[46.427064] (-) TimerEvent: {}
[46.527666] (-) TimerEvent: {}
[46.528155] (turtle_patrol_interface) StdoutLine: {'line': b'[ 62%] \x1b[32m\x1b[1mLinking CXX shared library libturtle_patrol_interface__rosidl_typesupport_introspection_cpp.so\x1b[0m\n'}
[46.627868] (-) TimerEvent: {}
[46.708591] (turtle_patrol_interface) StdoutLine: {'line': b'[ 65%] \x1b[32m\x1b[1mLinking CXX shared library libturtle_patrol_interface__rosidl_typesupport_fastrtps_cpp.so\x1b[0m\n'}
[46.718631] (turtle_patrol_interface) StdoutLine: {'line': b'[ 68%] \x1b[32m\x1b[1mLinking C shared library libturtle_patrol_interface__rosidl_typesupport_introspection_c.so\x1b[0m\n'}
[46.728586] (-) TimerEvent: {}
[46.829408] (-) TimerEvent: {}
[46.844493] (turtle_patrol_interface) StdoutLine: {'line': b'[ 68%] Built target turtle_patrol_interface__rosidl_typesupport_cpp\n'}
[46.929633] (-) TimerEvent: {}
[47.030245] (-) TimerEvent: {}
[47.130974] (-) TimerEvent: {}
[47.175734] (turtle_patrol_interface) StdoutLine: {'line': b'[ 68%] Built target turtle_patrol_interface__rosidl_typesupport_c\n'}
[47.231191] (-) TimerEvent: {}
[47.332204] (-) TimerEvent: {}
[47.434422] (-) TimerEvent: {}
[47.510322] (turtle_patrol_interface) StdoutLine: {'line': b'[ 68%] Built target turtle_patrol_interface__rosidl_typesupport_introspection_c\n'}
[47.530467] (turtle_patrol_interface) StdoutLine: {'line': b'[ 68%] Built target turtle_patrol_interface__rosidl_typesupport_introspection_cpp\n'}
[47.534611] (-) TimerEvent: {}
[47.636005] (-) TimerEvent: {}
[47.711810] (turtle_patrol_interface) StdoutLine: {'line': b'[ 68%] Built target turtle_patrol_interface__rosidl_typesupport_fastrtps_cpp\n'}
[47.736207] (-) TimerEvent: {}
[47.837001] (-) TimerEvent: {}
[47.937755] (-) TimerEvent: {}
[48.041194] (-) TimerEvent: {}
[48.142967] (-) TimerEvent: {}
[48.237399] (turtle_patrol_interface) StdoutLine: {'line': b'[ 71%] \x1b[32m\x1b[1mLinking CXX shared library libturtle_patrol_interface__rosidl_typesupport_fastrtps_c.so\x1b[0m\n'}
[48.243207] (-) TimerEvent: {}
[48.343928] (-) TimerEvent: {}
[48.444607] (-) TimerEvent: {}
[48.545302] (-) TimerEvent: {}
[48.646166] (-) TimerEvent: {}
[48.746892] (-) TimerEvent: {}
[48.849678] (-) TimerEvent: {}
[48.873596] (turtle_patrol_interface) StdoutLine: {'line': b'[ 71%] Built target turtle_patrol_interface__rosidl_typesupport_fastrtps_c\n'}
[48.950008] (-) TimerEvent: {}
[49.051054] (-) TimerEvent: {}
[49.151833] (-) TimerEvent: {}
[49.169744] (turtle_patrol_interface) StdoutLine: {'line': b'[ 71%] Built target turtle_patrol_interface\n'}
[49.252102] (-) TimerEvent: {}
[49.353215] (-) TimerEvent: {}
[49.437940] (turtle_patrol_interface) StdoutLine: {'line': b'[ 75%] \x1b[34m\x1b[1mGenerating Python code for ROS interfaces\x1b[0m\n'}
[49.453421] (-) TimerEvent: {}
[49.554297] (-) TimerEvent: {}
[49.655207] (-) TimerEvent: {}
[49.758093] (-) TimerEvent: {}
[49.858938] (-) TimerEvent: {}
[49.959657] (-) TimerEvent: {}
[50.060258] (-) TimerEvent: {}
[50.160986] (-) TimerEvent: {}
[50.261772] (-) TimerEvent: {}
[50.362221] (-) TimerEvent: {}
[50.462884] (-) TimerEvent: {}
[50.565112] (-) TimerEvent: {}
[50.665934] (-) TimerEvent: {}
[50.766725] (-) TimerEvent: {}
[50.867607] (-) TimerEvent: {}
[50.968950] (-) TimerEvent: {}
[51.070962] (-) TimerEvent: {}
[51.172678] (-) TimerEvent: {}
[51.256228] (turtle_patrol_interface) StdoutLine: {'line': b'[ 75%] Built target turtle_patrol_interface__py\n'}
[51.273371] (-) TimerEvent: {}
[51.361199] (turtle_patrol_interface) StdoutLine: {'line': b'\x1b[35m\x1b[1mConsolidate compiler generated dependencies of target turtle_patrol_interface__rosidl_generator_py\x1b[0m\n'}
[51.373488] (-) TimerEvent: {}
[51.474386] (-) TimerEvent: {}
[51.575675] (-) TimerEvent: {}
[51.677252] (-) TimerEvent: {}
[51.721780] (turtle_patrol_interface) StdoutLine: {'line': b'[ 78%] \x1b[32mBuilding C object CMakeFiles/turtle_patrol_interface__rosidl_generator_py.dir/rosidl_generator_py/turtle_patrol_interface/srv/_patrol_s.c.o\x1b[0m\n'}
[51.777843] (-) TimerEvent: {}
[51.878732] (-) TimerEvent: {}
[51.979429] (-) TimerEvent: {}
[52.080757] (-) TimerEvent: {}
[52.181646] (-) TimerEvent: {}
[52.282360] (-) TimerEvent: {}
[52.383652] (-) TimerEvent: {}
[52.484337] (-) TimerEvent: {}
[52.585562] (-) TimerEvent: {}
[52.686260] (-) TimerEvent: {}
[52.760372] (turtle_patrol_interface) StdoutLine: {'line': b'[ 81%] \x1b[32m\x1b[1mLinking C shared library rosidl_generator_py/turtle_patrol_interface/libturtle_patrol_interface__rosidl_generator_py.so\x1b[0m\n'}
[52.786475] (-) TimerEvent: {}
[52.887261] (-) TimerEvent: {}
[52.989704] (-) TimerEvent: {}
[53.090403] (-) TimerEvent: {}
[53.192050] (-) TimerEvent: {}
[53.293210] (-) TimerEvent: {}
[53.338975] (turtle_patrol_interface) StdoutLine: {'line': b'[ 81%] Built target turtle_patrol_interface__rosidl_generator_py\n'}
[53.393339] (-) TimerEvent: {}
[53.496937] (-) TimerEvent: {}
[53.511835] (turtle_patrol_interface) StdoutLine: {'line': b'\x1b[35m\x1b[1mConsolidate compiler generated dependencies of target turtle_patrol_interface__rosidl_typesupport_fastrtps_c__pyext\x1b[0m\n'}
[53.512186] (turtle_patrol_interface) StdoutLine: {'line': b'\x1b[35m\x1b[1mConsolidate compiler generated dependencies of target turtle_patrol_interface__rosidl_typesupport_introspection_c__pyext\x1b[0m\n'}
[53.512856] (turtle_patrol_interface) StdoutLine: {'line': b'\x1b[35m\x1b[1mConsolidate compiler generated dependencies of target turtle_patrol_interface__rosidl_typesupport_c__pyext\x1b[0m\n'}
[53.597124] (-) TimerEvent: {}
[53.698049] (-) TimerEvent: {}
[53.792485] (turtle_patrol_interface) StdoutLine: {'line': b'[ 90%] \x1b[32mBuilding C object CMakeFiles/turtle_patrol_interface__rosidl_typesupport_c__pyext.dir/rosidl_generator_py/turtle_patrol_interface/_turtle_patrol_interface_s.ep.rosidl_typesupport_c.c.o\x1b[0m\n'}
[53.793396] (turtle_patrol_interface) StdoutLine: {'line': b'[ 90%] \x1b[32mBuilding C object CMakeFiles/turtle_patrol_interface__rosidl_typesupport_introspection_c__pyext.dir/rosidl_generator_py/turtle_patrol_interface/_turtle_patrol_interface_s.ep.rosidl_typesupport_introspection_c.c.o\x1b[0m\n'}
[53.794152] (turtle_patrol_interface) StdoutLine: {'line': b'[ 90%] \x1b[32mBuilding C object CMakeFiles/turtle_patrol_interface__rosidl_typesupport_fastrtps_c__pyext.dir/rosidl_generator_py/turtle_patrol_interface/_turtle_patrol_interface_s.ep.rosidl_typesupport_fastrtps_c.c.o\x1b[0m\n'}
[53.798192] (-) TimerEvent: {}
[53.898901] (-) TimerEvent: {}
[54.001070] (-) TimerEvent: {}
[54.101744] (-) TimerEvent: {}
[54.202713] (-) TimerEvent: {}
[54.303974] (-) TimerEvent: {}
[54.405905] (-) TimerEvent: {}
[54.507910] (-) TimerEvent: {}
[54.608612] (-) TimerEvent: {}
[54.709290] (-) TimerEvent: {}
[54.760641] (turtle_patrol_interface) StdoutLine: {'line': b'[ 93%] \x1b[32m\x1b[1mLinking C shared library rosidl_generator_py/turtle_patrol_interface/turtle_patrol_interface_s__rosidl_typesupport_introspection_c.cpython-310-x86_64-linux-gnu.so\x1b[0m\n'}
[54.796944] (turtle_patrol_interface) StdoutLine: {'line': b'[ 96%] \x1b[32m\x1b[1mLinking C shared library rosidl_generator_py/turtle_patrol_interface/turtle_patrol_interface_s__rosidl_typesupport_c.cpython-310-x86_64-linux-gnu.so\x1b[0m\n'}
[54.802934] (turtle_patrol_interface) StdoutLine: {'line': b'[100%] \x1b[32m\x1b[1mLinking C shared library rosidl_generator_py/turtle_patrol_interface/turtle_patrol_interface_s__rosidl_typesupport_fastrtps_c.cpython-310-x86_64-linux-gnu.so\x1b[0m\n'}
[54.809417] (-) TimerEvent: {}
[54.910587] (-) TimerEvent: {}
[55.011167] (-) TimerEvent: {}
[55.112962] (-) TimerEvent: {}
[55.213758] (-) TimerEvent: {}
[55.293050] (turtle_patrol_interface) StdoutLine: {'line': b'[100%] Built target turtle_patrol_interface__rosidl_typesupport_introspection_c__pyext\n'}
[55.313867] (-) TimerEvent: {}
[55.335882] (turtle_patrol_interface) StdoutLine: {'line': b'[100%] Built target turtle_patrol_interface__rosidl_typesupport_c__pyext\n'}
[55.348248] (turtle_patrol_interface) StdoutLine: {'line': b'[100%] Built target turtle_patrol_interface__rosidl_typesupport_fastrtps_c__pyext\n'}
[55.414102] (-) TimerEvent: {}
[55.511397] (turtle_patrol_interface) CommandEnded: {'returncode': 0}
[55.514253] (-) TimerEvent: {}
[55.516701] (turtle_patrol_interface) JobProgress: {'identifier': 'turtle_patrol_interface', 'progress': 'install'}
[55.609107] (turtle_patrol_interface) Command: {'cmd': ['/usr/bin/cmake', '--install', '/home/cc/ee106a/fa26/class/ee106a-aej/ros_workspaces/lab2/build/turtle_patrol_interface'], 'cwd': '/home/cc/ee106a/fa26/class/ee106a-aej/ros_workspaces/lab2/build/turtle_patrol_interface', 'env': OrderedDict([('ARCH', 'x86_64'), ('QT_SCALE_FACTOR', '1'), ('USER', 'ee106a-aej'), ('HOSTNAME', 'lab12'), ('SSH_AGENT_PID', '1925184'), ('XDG_SESSION_TYPE', 'x11'), ('MASTERDIR', '/home/ff/ee106a'), ('XDG_CACHE_HOME', '/home/cc/ee106a/fa26/class/ee106a-aej/.cache'), ('SHLVL', '2'), ('LD_LIBRARY_PATH', '/usr/lib/x86_64-linux-gnu/gazebo-11/plugins:/opt/ros/humble/opt/rviz_ogre_vendor/lib:/opt/ros/humble/lib/x86_64-linux-gnu:/opt/ros/humble/lib'), ('HOME', '/home/cc/ee106a/fa26/class/ee106a-aej'), ('OLDPWD', '/home/cc/ee106a/fa26/class/ee106a-aej'), ('ROS_PYTHON_VERSION', '3'), ('GTK_MODULES', 'appmenu-gtk-module:gail:atk-bridge'), ('MANAGERPID', '1924501'), ('DISTROBOX_ENTER_PATH', '/usr/local/bin/distrobox-enter'), ('DBUS_STARTER_BUS_TYPE', 'session'), ('SYSTEMD_EXEC_PID', '1924660'), ('XRDP_PULSE_SOURCE_SOCKET', 'xrdp_chansrv_audio_in_socket_95'), ('NNTPSERVER', 'news.csua.berkeley.edu'), ('VISUAL', 'emacs'), ('XRDP_PULSE_SINK_SOCKET', 'xrdp_chansrv_audio_out_socket_95'), ('XDG_STATE_HOME', '/home/cc/ee106a/fa26/class/ee106a-aej/.local/state'), ('DBUS_SESSION_BUS_ADDRESS', 'unix:path=/run/user/90978/bus,guid=38feeb94c51f38d4fa153d596aa35279'), ('COLORTERM', 'truecolor'), ('container', 'podman'), ('LIBVIRT_DEFAULT_URI', 'qemu:///system'), ('UBUNTU_MENUPROXY', '1'), ('PULSE_SCRIPT', '/etc/xrdp/pulse/default.pa'), ('IM_CONFIG_PHASE', '1'), ('COLCON_PREFIX_PATH', '/home/ff/ee106a/robot_workspaces/ur/install'), ('ROS_DISTRO', 'humble'), ('GTK_IM_MODULE', 'ibus'), ('LOGNAME', 'ee106a-aej'), ('MASTER', 'ee106a'), ('WINDOWID', '44040198'), ('JOURNAL_STREAM', '8:42549703'), ('ROS_VERSION', '2'), ('XDG_SESSION_CLASS', 'user'), ('TERMINFO_DIRS', '/usr/share/terminfo:/run/host/usr/share/terminfo'), ('TERM', 'xterm-256color'), ('GTK_OVERLAY_SCROLLING', '0'), ('ROS_LOCALHOST_ONLY', '0'), ('GTK2_MODULES', 'overlay-scrollbar'), ('PATH', '/opt/ros/humble/bin:/share/b/grading/bin:/home/ff/ee106a/bin:/home/ff/ee106a/bin/arch/x86_64:/share/b/grading/bin:/home/ff/ee106a/bin:/home/ff/ee106a/bin/arch/x86_64:/usr/local/sbin:/usr/local/bin:/usr/sbin:/usr/bin:/sbin:/bin:/usr/games:/usr/local/games:/snap/bin:/share/b/grading/bin:/share/b/grading/sbin:/share/b/runas/x86_64:/share/b/bin:/home/ff/ee106a/venvs/all:/usr/local/sbin:/usr/local/bin:/usr/sbin:/usr/bin:/sbin:/bin:/share/b/grading/bin:/share/b/grading/sbin:/share/b/runas/x86_64:/share/b/bin:/home/ff/ee106a/venvs/all'), ('SESSION_MANAGER', 'local/derby:@/tmp/.ICE-unix/1924707,unix/derby:/tmp/.ICE-unix/1924707'), ('INVOCATION_ID', '1d6ecfd380c940718ceb287ae79c0768'), ('OS', 'Linux'), ('XRDP_SOCKET_PATH', '/run/xrdp/sockdir'), ('XDG_RUNTIME_DIR', '/run/user/90978'), ('DISPLAY', ':95.0'), ('LANG', 'en_US.UTF-8'), ('XDG_CURRENT_DESKTOP', 'MATE'), ('XDG_DATA_HOME', '/home/cc/ee106a/fa26/class/ee106a-aej/.local/share'), ('XDG_CONFIG_HOME', '/home/cc/ee106a/fa26/class/ee106a-aej/.config'), ('XMODIFIERS', '@im=ibus'), ('SSH_AUTH_SOCK', '/run/user/90978/keyring/ssh'), ('AMENT_PREFIX_PATH', '/home/ff/ee106a/robot_workspaces/ur/install/ur7e_utils:/opt/ros/humble'), ('UID', '90978'), ('SHELL', '/usr/bin/bash'), ('QT_ACCESSIBILITY', '1'), ('RUNAS', '/share/b/runas/x86_64'), ('XRDP_SESSION', '1'), ('GPG_AGENT_INFO', '/run/user/90978/gnupg/S.gpg-agent:0:1'), ('CONFIG_SHELL', '/usr/bin/ksh'), ('QT_IM_MODULE', 'ibus'), ('PWD', '/home/cc/ee106a/fa26/class/ee106a-aej/ros_workspaces/lab2/build/turtle_patrol_interface'), ('EE106_ENV_SETUP', 'lab12'), ('CONTAINER_ID', 'lab12'), ('LC_ALL', 'C.UTF-8'), ('XDG_CONFIG_DIRS', '/etc/xdg'), ('CLUTTER_IM_MODULE', 'ibus'), ('DBUS_STARTER_ADDRESS', 'unix:path=/run/user/90978/bus,guid=38feeb94c51f38d4fa153d596aa35279'), ('XDG_DATA_DIRS', '/usr/share/mate:/usr/share/gnome:/home/cc/ee106a/fa26/class/ee106a-aej/.local/share/flatpak/exports/share:/var/lib/flatpak/exports/share:/usr/local/share:/usr/share:/var/lib/snapd/desktop'), ('PYTHONPATH', '/home/ff/ee106a/robot_workspaces/ur/install/ur7e_utils/lib/python3.10/site-packages:/opt/ros/humble/lib/python3.10/site-packages:/opt/ros/humble/local/lib/python3.10/dist-packages'), ('MATE_DESKTOP_SESSION_ID', 'this-is-deprecated'), ('COLCON', '1'), ('MANPATH', '/usr/local/man:/usr/man:/usr/X11/man:/usr/local/man:/share/b/grading/man:/usr/local/man:/usr/man:/usr/X11/man:/usr/local/man:/share/b/grading/man:'), ('VTE_VERSION', '6800'), ('EDITOR', 'emacs'), ('QT_FONT_DPI', '96'), ('CMAKE_PREFIX_PATH', '/home/ff/ee106a/robot_workspaces/ur/install/ur7e_utils:/opt/ros/humble')]), 'shell': False}
[55.614439] (-) TimerEvent: {}
[55.701156] (turtle_patrol_interface) StdoutLine: {'line': b'-- Install configuration: ""\n'}
[55.702892] (turtle_patrol_interface) StdoutLine: {'line': b'-- Up-to-date: /home/cc/ee106a/fa26/class/ee106a-aej/ros_workspaces/lab2/install/turtle_patrol_interface/share/ament_index/resource_index/rosidl_interfaces/turtle_patrol_interface\n'}
[55.709403] (turtle_patrol_interface) StdoutLine: {'line': b'-- Up-to-date: /home/cc/ee106a/fa26/class/ee106a-aej/ros_workspaces/lab2/install/turtle_patrol_interface/include/turtle_patrol_interface/turtle_patrol_interface\n'}
[55.714413] (turtle_patrol_interface) StdoutLine: {'line': b'-- Up-to-date: /home/cc/ee106a/fa26/class/ee106a-aej/ros_workspaces/lab2/install/turtle_patrol_interface/include/turtle_patrol_interface/turtle_patrol_interface/srv\n'}
[55.714967] (-) TimerEvent: {}
[55.717933] (turtle_patrol_interface) StdoutLine: {'line': b'-- Up-to-date: /home/cc/ee106a/fa26/class/ee106a-aej/ros_workspaces/lab2/install/turtle_patrol_interface/include/turtle_patrol_interface/turtle_patrol_interface/srv/detail\n'}
[55.722328] (turtle_patrol_interface) StdoutLine: {'line': b'-- Installing: /home/cc/ee106a/fa26/class/ee106a-aej/ros_workspaces/lab2/install/turtle_patrol_interface/include/turtle_patrol_interface/turtle_patrol_interface/srv/detail/patrol__type_support.h\n'}
[55.732905] (turtle_patrol_interface) StdoutLine: {'line': b'-- Installing: /home/cc/ee106a/fa26/class/ee106a-aej/ros_workspaces/lab2/install/turtle_patrol_interface/include/turtle_patrol_interface/turtle_patrol_interface/srv/detail/patrol__functions.h\n'}
[55.744233] (turtle_patrol_interface) StdoutLine: {'line': b'-- Installing: /home/cc/ee106a/fa26/class/ee106a-aej/ros_workspaces/lab2/install/turtle_patrol_interface/include/turtle_patrol_interface/turtle_patrol_interface/srv/detail/patrol__functions.c\n'}
[55.757800] (turtle_patrol_interface) StdoutLine: {'line': b'-- Installing: /home/cc/ee106a/fa26/class/ee106a-aej/ros_workspaces/lab2/install/turtle_patrol_interface/include/turtle_patrol_interface/turtle_patrol_interface/srv/detail/patrol__struct.h\n'}
[55.768233] (turtle_patrol_interface) StdoutLine: {'line': b'-- Installing: /home/cc/ee106a/fa26/class/ee106a-aej/ros_workspaces/lab2/install/turtle_patrol_interface/include/turtle_patrol_interface/turtle_patrol_interface/srv/patrol.h\n'}
[55.784084] (turtle_patrol_interface) StdoutLine: {'line': b'-- Up-to-date: /home/cc/ee106a/fa26/class/ee106a-aej/ros_workspaces/lab2/install/turtle_patrol_interface/include/turtle_patrol_interface/turtle_patrol_interface/msg\n'}
[55.788645] (turtle_patrol_interface) StdoutLine: {'line': b'-- Up-to-date: /home/cc/ee106a/fa26/class/ee106a-aej/ros_workspaces/lab2/install/turtle_patrol_interface/include/turtle_patrol_interface/turtle_patrol_interface/msg/rosidl_generator_c__visibility_control.h\n'}
[55.793396] (turtle_patrol_interface) StdoutLine: {'line': b'-- Up-to-date: /home/cc/ee106a/fa26/class/ee106a-aej/ros_workspaces/lab2/install/turtle_patrol_interface/share/turtle_patrol_interface/environment/library_path.sh\n'}
[55.796651] (turtle_patrol_interface) StdoutLine: {'line': b'-- Installing: /home/cc/ee106a/fa26/class/ee106a-aej/ros_workspaces/lab2/install/turtle_patrol_interface/share/turtle_patrol_interface/environment/library_path.dsv\n'}
[55.815215] (-) TimerEvent: {}
[55.915750] (turtle_patrol_interface) StdoutLine: {'line': b'-- Installing: /home/cc/ee106a/fa26/class/ee106a-aej/ros_workspaces/lab2/install/turtle_patrol_interface/lib/libturtle_patrol_interface__rosidl_generator_c.so\n'}
[55.916293] (-) TimerEvent: {}
[56.016873] (-) TimerEvent: {}
[56.040345] (turtle_patrol_interface) StdoutLine: {'line': b'-- Set runtime path of "/home/cc/ee106a/fa26/class/ee106a-aej/ros_workspaces/lab2/install/turtle_patrol_interface/lib/libturtle_patrol_interface__rosidl_generator_c.so" to ""\n'}
[56.041964] (turtle_patrol_interface) StdoutLine: {'line': b'-- Up-to-date: /home/cc/ee106a/fa26/class/ee106a-aej/ros_workspaces/lab2/install/turtle_patrol_interface/include/turtle_patrol_interface/turtle_patrol_interface\n'}
[56.044274] (turtle_patrol_interface) StdoutLine: {'line': b'-- Up-to-date: /home/cc/ee106a/fa26/class/ee106a-aej/ros_workspaces/lab2/install/turtle_patrol_interface/include/turtle_patrol_interface/turtle_patrol_interface/srv\n'}
[56.046981] (turtle_patrol_interface) StdoutLine: {'line': b'-- Up-to-date: /home/cc/ee106a/fa26/class/ee106a-aej/ros_workspaces/lab2/install/turtle_patrol_interface/include/turtle_patrol_interface/turtle_patrol_interface/srv/detail\n'}
[56.049373] (turtle_patrol_interface) StdoutLine: {'line': b'-- Installing: /home/cc/ee106a/fa26/class/ee106a-aej/ros_workspaces/lab2/install/turtle_patrol_interface/include/turtle_patrol_interface/turtle_patrol_interface/srv/detail/patrol__rosidl_typesupport_fastrtps_c.h\n'}
[56.059845] (turtle_patrol_interface) StdoutLine: {'line': b'-- Up-to-date: /home/cc/ee106a/fa26/class/ee106a-aej/ros_workspaces/lab2/install/turtle_patrol_interface/include/turtle_patrol_interface/turtle_patrol_interface/msg\n'}
[56.063953] (turtle_patrol_interface) StdoutLine: {'line': b'-- Up-to-date: /home/cc/ee106a/fa26/class/ee106a-aej/ros_workspaces/lab2/install/turtle_patrol_interface/include/turtle_patrol_interface/turtle_patrol_interface/msg/rosidl_typesupport_fastrtps_c__visibility_control.h\n'}
[56.070710] (turtle_patrol_interface) StdoutLine: {'line': b'-- Installing: /home/cc/ee106a/fa26/class/ee106a-aej/ros_workspaces/lab2/install/turtle_patrol_interface/lib/libturtle_patrol_interface__rosidl_typesupport_fastrtps_c.so\n'}
[56.093718] (turtle_patrol_interface) StdoutLine: {'line': b'-- Set runtime path of "/home/cc/ee106a/fa26/class/ee106a-aej/ros_workspaces/lab2/install/turtle_patrol_interface/lib/libturtle_patrol_interface__rosidl_typesupport_fastrtps_c.so" to ""\n'}
[56.096273] (turtle_patrol_interface) StdoutLine: {'line': b'-- Up-to-date: /home/cc/ee106a/fa26/class/ee106a-aej/ros_workspaces/lab2/install/turtle_patrol_interface/include/turtle_patrol_interface/turtle_patrol_interface\n'}
[56.098081] (turtle_patrol_interface) StdoutLine: {'line': b'-- Up-to-date: /home/cc/ee106a/fa26/class/ee106a-aej/ros_workspaces/lab2/install/turtle_patrol_interface/include/turtle_patrol_interface/turtle_patrol_interface/srv\n'}
[56.101005] (turtle_patrol_interface) StdoutLine: {'line': b'-- Up-to-date: /home/cc/ee106a/fa26/class/ee106a-aej/ros_workspaces/lab2/install/turtle_patrol_interface/include/turtle_patrol_interface/turtle_patrol_interface/srv/detail\n'}
[56.103628] (turtle_patrol_interface) StdoutLine: {'line': b'-- Installing: /home/cc/ee106a/fa26/class/ee106a-aej/ros_workspaces/lab2/install/turtle_patrol_interface/include/turtle_patrol_interface/turtle_patrol_interface/srv/detail/patrol__builder.hpp\n'}
[56.114550] (turtle_patrol_interface) StdoutLine: {'line': b'-- Installing: /home/cc/ee106a/fa26/class/ee106a-aej/ros_workspaces/lab2/install/turtle_patrol_interface/include/turtle_patrol_interface/turtle_patrol_interface/srv/detail/patrol__traits.hpp\n'}
[56.116968] (-) TimerEvent: {}
[56.126375] (turtle_patrol_interface) StdoutLine: {'line': b'-- Installing: /home/cc/ee106a/fa26/class/ee106a-aej/ros_workspaces/lab2/install/turtle_patrol_interface/include/turtle_patrol_interface/turtle_patrol_interface/srv/detail/patrol__struct.hpp\n'}
[56.137369] (turtle_patrol_interface) StdoutLine: {'line': b'-- Installing: /home/cc/ee106a/fa26/class/ee106a-aej/ros_workspaces/lab2/install/turtle_patrol_interface/include/turtle_patrol_interface/turtle_patrol_interface/srv/detail/patrol__type_support.hpp\n'}
[56.150724] (turtle_patrol_interface) StdoutLine: {'line': b'-- Installing: /home/cc/ee106a/fa26/class/ee106a-aej/ros_workspaces/lab2/install/turtle_patrol_interface/include/turtle_patrol_interface/turtle_patrol_interface/srv/patrol.hpp\n'}
[56.164494] (turtle_patrol_interface) StdoutLine: {'line': b'-- Up-to-date: /home/cc/ee106a/fa26/class/ee106a-aej/ros_workspaces/lab2/install/turtle_patrol_interface/include/turtle_patrol_interface/turtle_patrol_interface/msg\n'}
[56.165983] (turtle_patrol_interface) StdoutLine: {'line': b'-- Up-to-date: /home/cc/ee106a/fa26/class/ee106a-aej/ros_workspaces/lab2/install/turtle_patrol_interface/include/turtle_patrol_interface/turtle_patrol_interface/msg/rosidl_generator_cpp__visibility_control.hpp\n'}
[56.167645] (turtle_patrol_interface) StdoutLine: {'line': b'-- Up-to-date: /home/cc/ee106a/fa26/class/ee106a-aej/ros_workspaces/lab2/install/turtle_patrol_interface/include/turtle_patrol_interface/turtle_patrol_interface\n'}
[56.173846] (turtle_patrol_interface) StdoutLine: {'line': b'-- Up-to-date: /home/cc/ee106a/fa26/class/ee106a-aej/ros_workspaces/lab2/install/turtle_patrol_interface/include/turtle_patrol_interface/turtle_patrol_interface/msg\n'}
[56.177842] (turtle_patrol_interface) StdoutLine: {'line': b'-- Up-to-date: /home/cc/ee106a/fa26/class/ee106a-aej/ros_workspaces/lab2/install/turtle_patrol_interface/include/turtle_patrol_interface/turtle_patrol_interface/msg/rosidl_typesupport_fastrtps_cpp__visibility_control.h\n'}
[56.180562] (turtle_patrol_interface) StdoutLine: {'line': b'-- Up-to-date: /home/cc/ee106a/fa26/class/ee106a-aej/ros_workspaces/lab2/install/turtle_patrol_interface/include/turtle_patrol_interface/turtle_patrol_interface/srv\n'}
[56.183645] (turtle_patrol_interface) StdoutLine: {'line': b'-- Up-to-date: /home/cc/ee106a/fa26/class/ee106a-aej/ros_workspaces/lab2/install/turtle_patrol_interface/include/turtle_patrol_interface/turtle_patrol_interface/srv/detail\n'}
[56.187705] (turtle_patrol_interface) StdoutLine: {'line': b'-- Installing: /home/cc/ee106a/fa26/class/ee106a-aej/ros_workspaces/lab2/install/turtle_patrol_interface/include/turtle_patrol_interface/turtle_patrol_interface/srv/detail/patrol__rosidl_typesupport_fastrtps_cpp.hpp\n'}
[56.198311] (turtle_patrol_interface) StdoutLine: {'line': b'-- Up-to-date: /home/cc/ee106a/fa26/class/ee106a-aej/ros_workspaces/lab2/install/turtle_patrol_interface/include/turtle_patrol_interface/turtle_patrol_interface/srv/detail/dds_fastrtps\n'}
[56.211616] (turtle_patrol_interface) StdoutLine: {'line': b'-- Installing: /home/cc/ee106a/fa26/class/ee106a-aej/ros_workspaces/lab2/install/turtle_patrol_interface/lib/libturtle_patrol_interface__rosidl_typesupport_fastrtps_cpp.so\n'}
[56.217094] (-) TimerEvent: {}
[56.234631] (turtle_patrol_interface) StdoutLine: {'line': b'-- Set runtime path of "/home/cc/ee106a/fa26/class/ee106a-aej/ros_workspaces/lab2/install/turtle_patrol_interface/lib/libturtle_patrol_interface__rosidl_typesupport_fastrtps_cpp.so" to ""\n'}
[56.235829] (turtle_patrol_interface) StdoutLine: {'line': b'-- Up-to-date: /home/cc/ee106a/fa26/class/ee106a-aej/ros_workspaces/lab2/install/turtle_patrol_interface/include/turtle_patrol_interface/turtle_patrol_interface\n'}
[56.243422] (turtle_patrol_interface) StdoutLine: {'line': b'-- Up-to-date: /home/cc/ee106a/fa26/class/ee106a-aej/ros_workspaces/lab2/install/turtle_patrol_interface/include/turtle_patrol_interface/turtle_patrol_interface/msg\n'}
[56.248980] (turtle_patrol_interface) StdoutLine: {'line': b'-- Up-to-date: /home/cc/ee106a/fa26/class/ee106a-aej/ros_workspaces/lab2/install/turtle_patrol_interface/include/turtle_patrol_interface/turtle_patrol_interface/msg/rosidl_typesupport_introspection_c__visibility_control.h\n'}
[56.253837] (turtle_patrol_interface) StdoutLine: {'line': b'-- Up-to-date: /home/cc/ee106a/fa26/class/ee106a-aej/ros_workspaces/lab2/install/turtle_patrol_interface/include/turtle_patrol_interface/turtle_patrol_interface/srv\n'}
[56.258669] (turtle_patrol_interface) StdoutLine: {'line': b'-- Up-to-date: /home/cc/ee106a/fa26/class/ee106a-aej/ros_workspaces/lab2/install/turtle_patrol_interface/include/turtle_patrol_interface/turtle_patrol_interface/srv/detail\n'}
[56.265690] (turtle_patrol_interface) StdoutLine: {'line': b'-- Installing: /home/cc/ee106a/fa26/class/ee106a-aej/ros_workspaces/lab2/install/turtle_patrol_interface/include/turtle_patrol_interface/turtle_patrol_interface/srv/detail/patrol__rosidl_typesupport_introspection_c.h\n'}
[56.276235] (turtle_patrol_interface) StdoutLine: {'line': b'-- Installing: /home/cc/ee106a/fa26/class/ee106a-aej/ros_workspaces/lab2/install/turtle_patrol_interface/include/turtle_patrol_interface/turtle_patrol_interface/srv/detail/patrol__type_support.c\n'}
[56.291694] (turtle_patrol_interface) StdoutLine: {'line': b'-- Installing: /home/cc/ee106a/fa26/class/ee106a-aej/ros_workspaces/lab2/install/turtle_patrol_interface/lib/libturtle_patrol_interface__rosidl_typesupport_introspection_c.so\n'}
[56.310256] (turtle_patrol_interface) StdoutLine: {'line': b'-- Set runtime path of "/home/cc/ee106a/fa26/class/ee106a-aej/ros_workspaces/lab2/install/turtle_patrol_interface/lib/libturtle_patrol_interface__rosidl_typesupport_introspection_c.so" to ""\n'}
[56.316196] (turtle_patrol_interface) StdoutLine: {'line': b'-- Installing: /home/cc/ee106a/fa26/class/ee106a-aej/ros_workspaces/lab2/install/turtle_patrol_interface/lib/libturtle_patrol_interface__rosidl_typesupport_c.so\n'}
[56.317288] (-) TimerEvent: {}
[56.331329] (turtle_patrol_interface) StdoutLine: {'line': b'-- Set runtime path of "/home/cc/ee106a/fa26/class/ee106a-aej/ros_workspaces/lab2/install/turtle_patrol_interface/lib/libturtle_patrol_interface__rosidl_typesupport_c.so" to ""\n'}
[56.333674] (turtle_patrol_interface) StdoutLine: {'line': b'-- Up-to-date: /home/cc/ee106a/fa26/class/ee106a-aej/ros_workspaces/lab2/install/turtle_patrol_interface/include/turtle_patrol_interface/turtle_patrol_interface\n'}
[56.335477] (turtle_patrol_interface) StdoutLine: {'line': b'-- Up-to-date: /home/cc/ee106a/fa26/class/ee106a-aej/ros_workspaces/lab2/install/turtle_patrol_interface/include/turtle_patrol_interface/turtle_patrol_interface/srv\n'}
[56.340875] (turtle_patrol_interface) StdoutLine: {'line': b'-- Up-to-date: /home/cc/ee106a/fa26/class/ee106a-aej/ros_workspaces/lab2/install/turtle_patrol_interface/include/turtle_patrol_interface/turtle_patrol_interface/srv/detail\n'}
[56.343429] (turtle_patrol_interface) StdoutLine: {'line': b'-- Installing: /home/cc/ee106a/fa26/class/ee106a-aej/ros_workspaces/lab2/install/turtle_patrol_interface/include/turtle_patrol_interface/turtle_patrol_interface/srv/detail/patrol__type_support.cpp\n'}
[56.358667] (turtle_patrol_interface) StdoutLine: {'line': b'-- Installing: /home/cc/ee106a/fa26/class/ee106a-aej/ros_workspaces/lab2/install/turtle_patrol_interface/include/turtle_patrol_interface/turtle_patrol_interface/srv/detail/patrol__rosidl_typesupport_introspection_cpp.hpp\n'}
[56.376808] (turtle_patrol_interface) StdoutLine: {'line': b'-- Installing: /home/cc/ee106a/fa26/class/ee106a-aej/ros_workspaces/lab2/install/turtle_patrol_interface/lib/libturtle_patrol_interface__rosidl_typesupport_introspection_cpp.so\n'}
[56.397245] (turtle_patrol_interface) StdoutLine: {'line': b'-- Set runtime path of "/home/cc/ee106a/fa26/class/ee106a-aej/ros_workspaces/lab2/install/turtle_patrol_interface/lib/libturtle_patrol_interface__rosidl_typesupport_introspection_cpp.so" to ""\n'}
[56.406663] (turtle_patrol_interface) StdoutLine: {'line': b'-- Installing: /home/cc/ee106a/fa26/class/ee106a-aej/ros_workspaces/lab2/install/turtle_patrol_interface/lib/libturtle_patrol_interface__rosidl_typesupport_cpp.so\n'}
[56.417464] (-) TimerEvent: {}
[56.427152] (turtle_patrol_interface) StdoutLine: {'line': b'-- Set runtime path of "/home/cc/ee106a/fa26/class/ee106a-aej/ros_workspaces/lab2/install/turtle_patrol_interface/lib/libturtle_patrol_interface__rosidl_typesupport_cpp.so" to ""\n'}
[56.429641] (turtle_patrol_interface) StdoutLine: {'line': b'-- Up-to-date: /home/cc/ee106a/fa26/class/ee106a-aej/ros_workspaces/lab2/install/turtle_patrol_interface/share/turtle_patrol_interface/environment/pythonpath.sh\n'}
[56.431626] (turtle_patrol_interface) StdoutLine: {'line': b'-- Installing: /home/cc/ee106a/fa26/class/ee106a-aej/ros_workspaces/lab2/install/turtle_patrol_interface/share/turtle_patrol_interface/environment/pythonpath.dsv\n'}
[56.448920] (turtle_patrol_interface) StdoutLine: {'line': b'-- Up-to-date: /home/cc/ee106a/fa26/class/ee106a-aej/ros_workspaces/lab2/install/turtle_patrol_interface/local/lib/python3.10/dist-packages/turtle_patrol_interface-0.0.0-py3.10.egg-info\n'}
[56.454431] (turtle_patrol_interface) StdoutLine: {'line': b'-- Installing: /home/cc/ee106a/fa26/class/ee106a-aej/ros_workspaces/lab2/install/turtle_patrol_interface/local/lib/python3.10/dist-packages/turtle_patrol_interface-0.0.0-py3.10.egg-info/top_level.txt\n'}
[56.465447] (turtle_patrol_interface) StdoutLine: {'line': b'-- Installing: /home/cc/ee106a/fa26/class/ee106a-aej/ros_workspaces/lab2/install/turtle_patrol_interface/local/lib/python3.10/dist-packages/turtle_patrol_interface-0.0.0-py3.10.egg-info/SOURCES.txt\n'}
[56.478658] (turtle_patrol_interface) StdoutLine: {'line': b'-- Installing: /home/cc/ee106a/fa26/class/ee106a-aej/ros_workspaces/lab2/install/turtle_patrol_interface/local/lib/python3.10/dist-packages/turtle_patrol_interface-0.0.0-py3.10.egg-info/dependency_links.txt\n'}
[56.490221] (turtle_patrol_interface) StdoutLine: {'line': b'-- Installing: /home/cc/ee106a/fa26/class/ee106a-aej/ros_workspaces/lab2/install/turtle_patrol_interface/local/lib/python3.10/dist-packages/turtle_patrol_interface-0.0.0-py3.10.egg-info/PKG-INFO\n'}
[56.500609] (turtle_patrol_interface) StdoutLine: {'line': b'-- Up-to-date: /home/cc/ee106a/fa26/class/ee106a-aej/ros_workspaces/lab2/install/turtle_patrol_interface/local/lib/python3.10/dist-packages/turtle_patrol_interface\n'}
[56.504818] (turtle_patrol_interface) StdoutLine: {'line': b'-- Up-to-date: /home/cc/ee106a/fa26/class/ee106a-aej/ros_workspaces/lab2/install/turtle_patrol_interface/local/lib/python3.10/dist-packages/turtle_patrol_interface/__init__.py\n'}
[56.508333] (turtle_patrol_interface) StdoutLine: {'line': b'-- Installing: /home/cc/ee106a/fa26/class/ee106a-aej/ros_workspaces/lab2/install/turtle_patrol_interface/local/lib/python3.10/dist-packages/turtle_patrol_interface/turtle_patrol_interface_s__rosidl_typesupport_introspection_c.cpython-310-x86_64-linux-gnu.so\n'}
[56.517727] (-) TimerEvent: {}
[56.564113] (turtle_patrol_interface) StdoutLine: {'line': b'-- Installing: /home/cc/ee106a/fa26/class/ee106a-aej/ros_workspaces/lab2/install/turtle_patrol_interface/local/lib/python3.10/dist-packages/turtle_patrol_interface/libturtle_patrol_interface__rosidl_generator_py.so\n'}
[56.576763] (turtle_patrol_interface) StdoutLine: {'line': b'-- Installing: /home/cc/ee106a/fa26/class/ee106a-aej/ros_workspaces/lab2/install/turtle_patrol_interface/local/lib/python3.10/dist-packages/turtle_patrol_interface/turtle_patrol_interface_s__rosidl_typesupport_fastrtps_c.cpython-310-x86_64-linux-gnu.so\n'}
[56.585264] (turtle_patrol_interface) StdoutLine: {'line': b'-- Installing: /home/cc/ee106a/fa26/class/ee106a-aej/ros_workspaces/lab2/install/turtle_patrol_interface/local/lib/python3.10/dist-packages/turtle_patrol_interface/_turtle_patrol_interface_s.ep.rosidl_typesupport_fastrtps_c.c\n'}
[56.596666] (turtle_patrol_interface) StdoutLine: {'line': b'-- Installing: /home/cc/ee106a/fa26/class/ee106a-aej/ros_workspaces/lab2/install/turtle_patrol_interface/local/lib/python3.10/dist-packages/turtle_patrol_interface/turtle_patrol_interface_s__rosidl_typesupport_c.cpython-310-x86_64-linux-gnu.so\n'}
[56.608096] (turtle_patrol_interface) StdoutLine: {'line': b'-- Installing: /home/cc/ee106a/fa26/class/ee106a-aej/ros_workspaces/lab2/install/turtle_patrol_interface/local/lib/python3.10/dist-packages/turtle_patrol_interface/_turtle_patrol_interface_s.ep.rosidl_typesupport_c.c\n'}
[56.617581] (turtle_patrol_interface) StdoutLine: {'line': b'-- Installing: /home/cc/ee106a/fa26/class/ee106a-aej/ros_workspaces/lab2/install/turtle_patrol_interface/local/lib/python3.10/dist-packages/turtle_patrol_interface/_turtle_patrol_interface_s.ep.rosidl_typesupport_introspection_c.c\n'}
[56.618085] (-) TimerEvent: {}
[56.628832] (turtle_patrol_interface) StdoutLine: {'line': b'-- Up-to-date: /home/cc/ee106a/fa26/class/ee106a-aej/ros_workspaces/lab2/install/turtle_patrol_interface/local/lib/python3.10/dist-packages/turtle_patrol_interface/srv\n'}
[56.633179] (turtle_patrol_interface) StdoutLine: {'line': b'-- Installing: /home/cc/ee106a/fa26/class/ee106a-aej/ros_workspaces/lab2/install/turtle_patrol_interface/local/lib/python3.10/dist-packages/turtle_patrol_interface/srv/_patrol.py\n'}
[56.642087] (turtle_patrol_interface) StdoutLine: {'line': b'-- Installing: /home/cc/ee106a/fa26/class/ee106a-aej/ros_workspaces/lab2/install/turtle_patrol_interface/local/lib/python3.10/dist-packages/turtle_patrol_interface/srv/__init__.py\n'}
[56.651306] (turtle_patrol_interface) StdoutLine: {'line': b'-- Installing: /home/cc/ee106a/fa26/class/ee106a-aej/ros_workspaces/lab2/install/turtle_patrol_interface/local/lib/python3.10/dist-packages/turtle_patrol_interface/srv/_patrol_s.c\n'}
[56.718353] (-) TimerEvent: {}
[56.819245] (-) TimerEvent: {}
[56.919951] (-) TimerEvent: {}
[57.020615] (-) TimerEvent: {}
[57.075144] (turtle_patrol_interface) StdoutLine: {'line': b"Listing '/home/cc/ee106a/fa26/class/ee106a-aej/ros_workspaces/lab2/install/turtle_patrol_interface/local/lib/python3.10/dist-packages/turtle_patrol_interface'...\n"}
[57.075697] (turtle_patrol_interface) StdoutLine: {'line': b"Listing '/home/cc/ee106a/fa26/class/ee106a-aej/ros_workspaces/lab2/install/turtle_patrol_interface/local/lib/python3.10/dist-packages/turtle_patrol_interface/srv'...\n"}
[57.075941] (turtle_patrol_interface) StdoutLine: {'line': b"Compiling '/home/cc/ee106a/fa26/class/ee106a-aej/ros_workspaces/lab2/install/turtle_patrol_interface/local/lib/python3.10/dist-packages/turtle_patrol_interface/srv/__init__.py'...\n"}
[57.076186] (turtle_patrol_interface) StdoutLine: {'line': b"Compiling '/home/cc/ee106a/fa26/class/ee106a-aej/ros_workspaces/lab2/install/turtle_patrol_interface/local/lib/python3.10/dist-packages/turtle_patrol_interface/srv/_patrol.py'...\n"}
[57.097028] (turtle_patrol_interface) StdoutLine: {'line': b'-- Installing: /home/cc/ee106a/fa26/class/ee106a-aej/ros_workspaces/lab2/install/turtle_patrol_interface/local/lib/python3.10/dist-packages/turtle_patrol_interface/turtle_patrol_interface_s__rosidl_typesupport_fastrtps_c.cpython-310-x86_64-linux-gnu.so\n'}
[57.113495] (turtle_patrol_interface) StdoutLine: {'line': b'-- Set runtime path of "/home/cc/ee106a/fa26/class/ee106a-aej/ros_workspaces/lab2/install/turtle_patrol_interface/local/lib/python3.10/dist-packages/turtle_patrol_interface/turtle_patrol_interface_s__rosidl_typesupport_fastrtps_c.cpython-310-x86_64-linux-gnu.so" to ""\n'}
[57.120675] (turtle_patrol_interface) StdoutLine: {'line': b'-- Installing: /home/cc/ee106a/fa26/class/ee106a-aej/ros_workspaces/lab2/install/turtle_patrol_interface/local/lib/python3.10/dist-packages/turtle_patrol_interface/turtle_patrol_interface_s__rosidl_typesupport_introspection_c.cpython-310-x86_64-linux-gnu.so\n'}
[57.120964] (-) TimerEvent: {}
[57.139276] (turtle_patrol_interface) StdoutLine: {'line': b'-- Set runtime path of "/home/cc/ee106a/fa26/class/ee106a-aej/ros_workspaces/lab2/install/turtle_patrol_interface/local/lib/python3.10/dist-packages/turtle_patrol_interface/turtle_patrol_interface_s__rosidl_typesupport_introspection_c.cpython-310-x86_64-linux-gnu.so" to ""\n'}
[57.146340] (turtle_patrol_interface) StdoutLine: {'line': b'-- Installing: /home/cc/ee106a/fa26/class/ee106a-aej/ros_workspaces/lab2/install/turtle_patrol_interface/local/lib/python3.10/dist-packages/turtle_patrol_interface/turtle_patrol_interface_s__rosidl_typesupport_c.cpython-310-x86_64-linux-gnu.so\n'}
[57.162819] (turtle_patrol_interface) StdoutLine: {'line': b'-- Set runtime path of "/home/cc/ee106a/fa26/class/ee106a-aej/ros_workspaces/lab2/install/turtle_patrol_interface/local/lib/python3.10/dist-packages/turtle_patrol_interface/turtle_patrol_interface_s__rosidl_typesupport_c.cpython-310-x86_64-linux-gnu.so" to ""\n'}
[57.168483] (turtle_patrol_interface) StdoutLine: {'line': b'-- Installing: /home/cc/ee106a/fa26/class/ee106a-aej/ros_workspaces/lab2/install/turtle_patrol_interface/lib/libturtle_patrol_interface__rosidl_generator_py.so\n'}
[57.187815] (turtle_patrol_interface) StdoutLine: {'line': b'-- Set runtime path of "/home/cc/ee106a/fa26/class/ee106a-aej/ros_workspaces/lab2/install/turtle_patrol_interface/lib/libturtle_patrol_interface__rosidl_generator_py.so" to ""\n'}
[57.192081] (turtle_patrol_interface) StdoutLine: {'line': b'-- Up-to-date: /home/cc/ee106a/fa26/class/ee106a-aej/ros_workspaces/lab2/install/turtle_patrol_interface/share/ament_index/resource_index/rust_packages/turtle_patrol_interface\n'}
[57.193925] (turtle_patrol_interface) StdoutLine: {'line': b'-- Up-to-date: /home/cc/ee106a/fa26/class/ee106a-aej/ros_workspaces/lab2/install/turtle_patrol_interface/share/turtle_patrol_interface/rust\n'}
[57.198327] (turtle_patrol_interface) StdoutLine: {'line': b'-- Installing: /home/cc/ee106a/fa26/class/ee106a-aej/ros_workspaces/lab2/install/turtle_patrol_interface/share/turtle_patrol_interface/rust/build.rs\n'}
[57.208839] (turtle_patrol_interface) StdoutLine: {'line': b'-- Installing: /home/cc/ee106a/fa26/class/ee106a-aej/ros_workspaces/lab2/install/turtle_patrol_interface/share/turtle_patrol_interface/rust/Cargo.toml\n'}
[57.221667] (turtle_patrol_interface) StdoutLine: {'line': b'-- Up-to-date: /home/cc/ee106a/fa26/class/ee106a-aej/ros_workspaces/lab2/install/turtle_patrol_interface/share/turtle_patrol_interface/rust/src\n'}
[57.222339] (-) TimerEvent: {}
[57.224640] (turtle_patrol_interface) StdoutLine: {'line': b'-- Up-to-date: /home/cc/ee106a/fa26/class/ee106a-aej/ros_workspaces/lab2/install/turtle_patrol_interface/share/turtle_patrol_interface/rust/src/srv\n'}
[57.229581] (turtle_patrol_interface) StdoutLine: {'line': b'-- Installing: /home/cc/ee106a/fa26/class/ee106a-aej/ros_workspaces/lab2/install/turtle_patrol_interface/share/turtle_patrol_interface/rust/src/srv/rmw.rs\n'}
[57.244710] (turtle_patrol_interface) StdoutLine: {'line': b'-- Installing: /home/cc/ee106a/fa26/class/ee106a-aej/ros_workspaces/lab2/install/turtle_patrol_interface/share/turtle_patrol_interface/rust/src/srv.rs\n'}
[57.257797] (turtle_patrol_interface) StdoutLine: {'line': b'-- Installing: /home/cc/ee106a/fa26/class/ee106a-aej/ros_workspaces/lab2/install/turtle_patrol_interface/share/turtle_patrol_interface/rust/src/lib.rs\n'}
[57.271624] (turtle_patrol_interface) StdoutLine: {'line': b'-- Installing: /home/cc/ee106a/fa26/class/ee106a-aej/ros_workspaces/lab2/install/turtle_patrol_interface/share/turtle_patrol_interface/srv/Patrol.idl\n'}
[57.322785] (-) TimerEvent: {}
[57.390609] (turtle_patrol_interface) StdoutLine: {'line': b'-- Installing: /home/cc/ee106a/fa26/class/ee106a-aej/ros_workspaces/lab2/install/turtle_patrol_interface/share/turtle_patrol_interface/srv/Patrol.srv\n'}
[57.401928] (turtle_patrol_interface) StdoutLine: {'line': b'-- Installing: /home/cc/ee106a/fa26/class/ee106a-aej/ros_workspaces/lab2/install/turtle_patrol_interface/share/turtle_patrol_interface/srv/Patrol_Request.msg\n'}
[57.413987] (turtle_patrol_interface) StdoutLine: {'line': b'-- Installing: /home/cc/ee106a/fa26/class/ee106a-aej/ros_workspaces/lab2/install/turtle_patrol_interface/share/turtle_patrol_interface/srv/Patrol_Response.msg\n'}
[57.422884] (-) TimerEvent: {}
[57.424489] (turtle_patrol_interface) StdoutLine: {'line': b'-- Up-to-date: /home/cc/ee106a/fa26/class/ee106a-aej/ros_workspaces/lab2/install/turtle_patrol_interface/share/ament_index/resource_index/package_run_dependencies/turtle_patrol_interface\n'}
[57.427664] (turtle_patrol_interface) StdoutLine: {'line': b'-- Up-to-date: /home/cc/ee106a/fa26/class/ee106a-aej/ros_workspaces/lab2/install/turtle_patrol_interface/share/ament_index/resource_index/parent_prefix_path/turtle_patrol_interface\n'}
[57.429609] (turtle_patrol_interface) StdoutLine: {'line': b'-- Up-to-date: /home/cc/ee106a/fa26/class/ee106a-aej/ros_workspaces/lab2/install/turtle_patrol_interface/share/turtle_patrol_interface/environment/ament_prefix_path.sh\n'}
[57.431396] (turtle_patrol_interface) StdoutLine: {'line': b'-- Installing: /home/cc/ee106a/fa26/class/ee106a-aej/ros_workspaces/lab2/install/turtle_patrol_interface/share/turtle_patrol_interface/environment/ament_prefix_path.dsv\n'}
[57.441699] (turtle_patrol_interface) StdoutLine: {'line': b'-- Up-to-date: /home/cc/ee106a/fa26/class/ee106a-aej/ros_workspaces/lab2/install/turtle_patrol_interface/share/turtle_patrol_interface/environment/path.sh\n'}
[57.443478] (turtle_patrol_interface) StdoutLine: {'line': b'-- Installing: /home/cc/ee106a/fa26/class/ee106a-aej/ros_workspaces/lab2/install/turtle_patrol_interface/share/turtle_patrol_interface/environment/path.dsv\n'}
[57.453311] (turtle_patrol_interface) StdoutLine: {'line': b'-- Up-to-date: /home/cc/ee106a/fa26/class/ee106a-aej/ros_workspaces/lab2/install/turtle_patrol_interface/share/turtle_patrol_interface/local_setup.bash\n'}
[57.457592] (turtle_patrol_interface) StdoutLine: {'line': b'-- Up-to-date: /home/cc/ee106a/fa26/class/ee106a-aej/ros_workspaces/lab2/install/turtle_patrol_interface/share/turtle_patrol_interface/local_setup.sh\n'}
[57.458872] (turtle_patrol_interface) StdoutLine: {'line': b'-- Up-to-date: /home/cc/ee106a/fa26/class/ee106a-aej/ros_workspaces/lab2/install/turtle_patrol_interface/share/turtle_patrol_interface/local_setup.zsh\n'}
[57.460718] (turtle_patrol_interface) StdoutLine: {'line': b'-- Installing: /home/cc/ee106a/fa26/class/ee106a-aej/ros_workspaces/lab2/install/turtle_patrol_interface/share/turtle_patrol_interface/local_setup.dsv\n'}
[57.523095] (-) TimerEvent: {}
[57.576963] (turtle_patrol_interface) StdoutLine: {'line': b'-- Installing: /home/cc/ee106a/fa26/class/ee106a-aej/ros_workspaces/lab2/install/turtle_patrol_interface/share/turtle_patrol_interface/package.dsv\n'}
[57.589330] (turtle_patrol_interface) StdoutLine: {'line': b'-- Up-to-date: /home/cc/ee106a/fa26/class/ee106a-aej/ros_workspaces/lab2/install/turtle_patrol_interface/share/ament_index/resource_index/packages/turtle_patrol_interface\n'}
[57.595593] (turtle_patrol_interface) StdoutLine: {'line': b'-- Up-to-date: /home/cc/ee106a/fa26/class/ee106a-aej/ros_workspaces/lab2/install/turtle_patrol_interface/share/turtle_patrol_interface/cmake/export_turtle_patrol_interface__rosidl_generator_cExport.cmake\n'}
[57.598293] (turtle_patrol_interface) StdoutLine: {'line': b'-- Up-to-date: /home/cc/ee106a/fa26/class/ee106a-aej/ros_workspaces/lab2/install/turtle_patrol_interface/share/turtle_patrol_interface/cmake/export_turtle_patrol_interface__rosidl_generator_cExport-noconfig.cmake\n'}
[57.603315] (turtle_patrol_interface) StdoutLine: {'line': b'-- Up-to-date: /home/cc/ee106a/fa26/class/ee106a-aej/ros_workspaces/lab2/install/turtle_patrol_interface/share/turtle_patrol_interface/cmake/export_turtle_patrol_interface__rosidl_typesupport_fastrtps_cExport.cmake\n'}
[57.606819] (turtle_patrol_interface) StdoutLine: {'line': b'-- Up-to-date: /home/cc/ee106a/fa26/class/ee106a-aej/ros_workspaces/lab2/install/turtle_patrol_interface/share/turtle_patrol_interface/cmake/export_turtle_patrol_interface__rosidl_typesupport_fastrtps_cExport-noconfig.cmake\n'}
[57.612243] (turtle_patrol_interface) StdoutLine: {'line': b'-- Up-to-date: /home/cc/ee106a/fa26/class/ee106a-aej/ros_workspaces/lab2/install/turtle_patrol_interface/share/turtle_patrol_interface/cmake/export_turtle_patrol_interface__rosidl_generator_cppExport.cmake\n'}
[57.618870] (turtle_patrol_interface) StdoutLine: {'line': b'-- Up-to-date: /home/cc/ee106a/fa26/class/ee106a-aej/ros_workspaces/lab2/install/turtle_patrol_interface/share/turtle_patrol_interface/cmake/export_turtle_patrol_interface__rosidl_typesupport_fastrtps_cppExport.cmake\n'}
[57.621747] (turtle_patrol_interface) StdoutLine: {'line': b'-- Up-to-date: /home/cc/ee106a/fa26/class/ee106a-aej/ros_workspaces/lab2/install/turtle_patrol_interface/share/turtle_patrol_interface/cmake/export_turtle_patrol_interface__rosidl_typesupport_fastrtps_cppExport-noconfig.cmake\n'}
[57.624181] (-) TimerEvent: {}
[57.627387] (turtle_patrol_interface) StdoutLine: {'line': b'-- Up-to-date: /home/cc/ee106a/fa26/class/ee106a-aej/ros_workspaces/lab2/install/turtle_patrol_interface/share/turtle_patrol_interface/cmake/turtle_patrol_interface__rosidl_typesupport_introspection_cExport.cmake\n'}
[57.629072] (turtle_patrol_interface) StdoutLine: {'line': b'-- Up-to-date: /home/cc/ee106a/fa26/class/ee106a-aej/ros_workspaces/lab2/install/turtle_patrol_interface/share/turtle_patrol_interface/cmake/turtle_patrol_interface__rosidl_typesupport_introspection_cExport-noconfig.cmake\n'}
[57.633200] (turtle_patrol_interface) StdoutLine: {'line': b'-- Up-to-date: /home/cc/ee106a/fa26/class/ee106a-aej/ros_workspaces/lab2/install/turtle_patrol_interface/share/turtle_patrol_interface/cmake/turtle_patrol_interface__rosidl_typesupport_cExport.cmake\n'}
[57.636206] (turtle_patrol_interface) StdoutLine: {'line': b'-- Up-to-date: /home/cc/ee106a/fa26/class/ee106a-aej/ros_workspaces/lab2/install/turtle_patrol_interface/share/turtle_patrol_interface/cmake/turtle_patrol_interface__rosidl_typesupport_cExport-noconfig.cmake\n'}
[57.642745] (turtle_patrol_interface) StdoutLine: {'line': b'-- Up-to-date: /home/cc/ee106a/fa26/class/ee106a-aej/ros_workspaces/lab2/install/turtle_patrol_interface/share/turtle_patrol_interface/cmake/turtle_patrol_interface__rosidl_typesupport_introspection_cppExport.cmake\n'}
[57.644574] (turtle_patrol_interface) StdoutLine: {'line': b'-- Up-to-date: /home/cc/ee106a/fa26/class/ee106a-aej/ros_workspaces/lab2/install/turtle_patrol_interface/share/turtle_patrol_interface/cmake/turtle_patrol_interface__rosidl_typesupport_introspection_cppExport-noconfig.cmake\n'}
[57.648895] (turtle_patrol_interface) StdoutLine: {'line': b'-- Up-to-date: /home/cc/ee106a/fa26/class/ee106a-aej/ros_workspaces/lab2/install/turtle_patrol_interface/share/turtle_patrol_interface/cmake/turtle_patrol_interface__rosidl_typesupport_cppExport.cmake\n'}
[57.651669] (turtle_patrol_interface) StdoutLine: {'line': b'-- Up-to-date: /home/cc/ee106a/fa26/class/ee106a-aej/ros_workspaces/lab2/install/turtle_patrol_interface/share/turtle_patrol_interface/cmake/turtle_patrol_interface__rosidl_typesupport_cppExport-noconfig.cmake\n'}
[57.656357] (turtle_patrol_interface) StdoutLine: {'line': b'-- Up-to-date: /home/cc/ee106a/fa26/class/ee106a-aej/ros_workspaces/lab2/install/turtle_patrol_interface/share/turtle_patrol_interface/cmake/export_turtle_patrol_interface__rosidl_generator_pyExport.cmake\n'}
[57.658602] (turtle_patrol_interface) StdoutLine: {'line': b'-- Up-to-date: /home/cc/ee106a/fa26/class/ee106a-aej/ros_workspaces/lab2/install/turtle_patrol_interface/share/turtle_patrol_interface/cmake/export_turtle_patrol_interface__rosidl_generator_pyExport-noconfig.cmake\n'}
[57.660235] (turtle_patrol_interface) StdoutLine: {'line': b'-- Up-to-date: /home/cc/ee106a/fa26/class/ee106a-aej/ros_workspaces/lab2/install/turtle_patrol_interface/share/turtle_patrol_interface/cmake/rosidl_cmake-extras.cmake\n'}
[57.662159] (turtle_patrol_interface) StdoutLine: {'line': b'-- Up-to-date: /home/cc/ee106a/fa26/class/ee106a-aej/ros_workspaces/lab2/install/turtle_patrol_interface/share/turtle_patrol_interface/cmake/ament_cmake_export_dependencies-extras.cmake\n'}
[57.663863] (turtle_patrol_interface) StdoutLine: {'line': b'-- Up-to-date: /home/cc/ee106a/fa26/class/ee106a-aej/ros_workspaces/lab2/install/turtle_patrol_interface/share/turtle_patrol_interface/cmake/ament_cmake_export_include_directories-extras.cmake\n'}
[57.666199] (turtle_patrol_interface) StdoutLine: {'line': b'-- Up-to-date: /home/cc/ee106a/fa26/class/ee106a-aej/ros_workspaces/lab2/install/turtle_patrol_interface/share/turtle_patrol_interface/cmake/ament_cmake_export_libraries-extras.cmake\n'}
[57.668066] (turtle_patrol_interface) StdoutLine: {'line': b'-- Up-to-date: /home/cc/ee106a/fa26/class/ee106a-aej/ros_workspaces/lab2/install/turtle_patrol_interface/share/turtle_patrol_interface/cmake/ament_cmake_export_targets-extras.cmake\n'}
[57.670156] (turtle_patrol_interface) StdoutLine: {'line': b'-- Up-to-date: /home/cc/ee106a/fa26/class/ee106a-aej/ros_workspaces/lab2/install/turtle_patrol_interface/share/turtle_patrol_interface/cmake/rosidl_cmake_export_typesupport_targets-extras.cmake\n'}
[57.671632] (turtle_patrol_interface) StdoutLine: {'line': b'-- Up-to-date: /home/cc/ee106a/fa26/class/ee106a-aej/ros_workspaces/lab2/install/turtle_patrol_interface/share/turtle_patrol_interface/cmake/rosidl_cmake_export_typesupport_libraries-extras.cmake\n'}
[57.673620] (turtle_patrol_interface) StdoutLine: {'line': b'-- Up-to-date: /home/cc/ee106a/fa26/class/ee106a-aej/ros_workspaces/lab2/install/turtle_patrol_interface/share/turtle_patrol_interface/cmake/rosidl_cmake_aggregate_target-extras.cmake\n'}
[57.676172] (turtle_patrol_interface) StdoutLine: {'line': b'-- Up-to-date: /home/cc/ee106a/fa26/class/ee106a-aej/ros_workspaces/lab2/install/turtle_patrol_interface/share/turtle_patrol_interface/cmake/turtle_patrol_interfaceConfig.cmake\n'}
[57.678219] (turtle_patrol_interface) StdoutLine: {'line': b'-- Up-to-date: /home/cc/ee106a/fa26/class/ee106a-aej/ros_workspaces/lab2/install/turtle_patrol_interface/share/turtle_patrol_interface/cmake/turtle_patrol_interfaceConfig-version.cmake\n'}
[57.680706] (turtle_patrol_interface) StdoutLine: {'line': b'-- Up-to-date: /home/cc/ee106a/fa26/class/ee106a-aej/ros_workspaces/lab2/install/turtle_patrol_interface/share/turtle_patrol_interface/package.xml\n'}
[57.700476] (turtle_patrol_interface) CommandEnded: {'returncode': 0}
[57.724461] (-) TimerEvent: {}
[57.825234] (-) TimerEvent: {}
[57.926114] (-) TimerEvent: {}
[57.949719] (turtle_patrol_interface) JobEnded: {'identifier': 'turtle_patrol_interface', 'rc': 0}
[57.967309] (-) EventReactorShutdown: {}
