[0.000000] (-) TimerEvent: {}
[0.000117] (forward_kinematics) JobQueued: {'identifier': 'forward_kinematics', 'dependencies': OrderedDict()}
[0.000144] (joint_control) JobQueued: {'identifier': 'joint_control', 'dependencies': OrderedDict()}
[0.000164] (straight_line_interface) JobQueued: {'identifier': 'straight_line_interface', 'dependencies': OrderedDict()}
[0.000181] (tf_listener) JobQueued: {'identifier': 'tf_listener', 'dependencies': OrderedDict()}
[0.000198] (straight_line) JobQueued: {'identifier': 'straight_line', 'dependencies': OrderedDict([('straight_line_interface', '/home/cc/ee106a/fa26/class/ee106a-aej/ros_workspaces/lab3/install/straight_line_interface')])}
[0.000218] (straight_line_interface) JobStarted: {'identifier': 'straight_line_interface'}
[0.015872] (forward_kinematics) JobStarted: {'identifier': 'forward_kinematics'}
[0.038453] (joint_control) JobStarted: {'identifier': 'joint_control'}
[0.059613] (tf_listener) JobStarted: {'identifier': 'tf_listener'}
[0.086090] (straight_line_interface) JobProgress: {'identifier': 'straight_line_interface', 'progress': 'cmake'}
[0.091471] (straight_line_interface) JobProgress: {'identifier': 'straight_line_interface', 'progress': 'build'}
[0.092089] (straight_line_interface) Command: {'cmd': ['/usr/bin/cmake', '--build', '/home/cc/ee106a/fa26/class/ee106a-aej/ros_workspaces/lab3/build/straight_line_interface', '--', '-j32', '-l32'], 'cwd': '/home/cc/ee106a/fa26/class/ee106a-aej/ros_workspaces/lab3/build/straight_line_interface', 'env': OrderedDict([('ARCH', 'x86_64'), ('QT_SCALE_FACTOR', '1'), ('USER', 'ee106a-aej'), ('HOSTNAME', 'ros2'), ('XDG_SESSION_TYPE', 'x11'), ('MASTERDIR', '/home/ff/ee106a'), ('COMPIZ_CONFIG_PROFILE', 'mate'), ('XDG_CACHE_HOME', '/home/cc/ee106a/fa26/class/ee106a-aej/.cache'), ('SHLVL', '2'), ('LD_LIBRARY_PATH', '/usr/lib/x86_64-linux-gnu/gazebo-11/plugins:/opt/ros/humble/opt/rviz_ogre_vendor/lib:/opt/ros/humble/lib/x86_64-linux-gnu:/opt/ros/humble/lib'), ('HOME', '/home/cc/ee106a/fa26/class/ee106a-aej'), ('OLDPWD', '/home/cc/ee106a/fa26/class/ee106a-aej/ros_workspaces'), ('DESKTOP_SESSION', 'mate'), ('ROS_PYTHON_VERSION', '3'), ('GTK_MODULES', 'gail:atk-bridge:appmenu-gtk-module:gail:atk-bridge:canberra-gtk-module'), ('EE106_UR_ROBOT_IP', '192.168.1.101'), ('MANAGERPID', '107037'), ('DISTROBOX_ENTER_PATH', '/usr/local/bin/distrobox-enter'), ('DBUS_STARTER_BUS_TYPE', 'session'), ('SYSTEMD_EXEC_PID', '107037'), ('NNTPSERVER', 'news.csua.berkeley.edu'), ('VISUAL', 'emacs'), ('XDG_STATE_HOME', '/home/cc/ee106a/fa26/class/ee106a-aej/.local/state'), ('DBUS_SESSION_BUS_ADDRESS', 'unix:path=/run/user/90978/bus,guid=31562aa21c4b85012f3fec056aa82192'), ('COLORTERM', 'truecolor'), ('container', 'podman'), ('UBUNTU_MENUPROXY', '1'), ('QT_QPA_PLATFORMTHEME', 'gtk2'), ('IM_CONFIG_PHASE', '1'), ('COLCON_PREFIX_PATH', '/home/ff/ee106a/robot_workspaces/ur/install'), ('ROS_DISTRO', 'humble'), ('GTK_IM_MODULE', 'ibus'), ('LOGNAME', 'ee106a-aej'), ('MASTER', 'ee106a'), ('WINDOWID', '31457286'), ('JOURNAL_STREAM', '8:858859'), ('ROS_VERSION', '2'), ('XDG_SESSION_CLASS', 'user'), ('TERMINFO_DIRS', '/usr/share/terminfo:/run/host/usr/share/terminfo'), ('USERNAME', 'ee106a-aej'), ('TERM', 'xterm-256color'), ('GTK_OVERLAY_SCROLLING', '0'), ('ROS_LOCALHOST_ONLY', '0'), ('WINDOWPATH', '3'), ('PATH', '/opt/ros/humble/bin:/share/b/grading/bin:/home/ff/ee106a/bin:/home/ff/ee106a/bin/arch/x86_64:/share/b/grading/bin:/home/ff/ee106a/bin:/home/ff/ee106a/bin/arch/x86_64:/usr/local/sbin:/usr/local/bin:/usr/sbin:/usr/bin:/sbin:/bin:/usr/games:/usr/local/games:/snap/bin:/snap/bin:/share/b/grading/bin:/share/b/grading/sbin:/share/b/runas/x86_64:/share/b/bin:/home/ff/ee106a/venvs/all:/usr/local/sbin:/usr/local/bin:/usr/sbin:/usr/bin:/sbin:/bin:/share/b/grading/bin:/share/b/grading/sbin:/share/b/runas/x86_64:/share/b/bin:/home/ff/ee106a/venvs/all'), ('SESSION_MANAGER', 'local/c105-7:@/tmp/.ICE-unix/107122,unix/c105-7:/tmp/.ICE-unix/107122'), ('INVOCATION_ID', 'cb0846482c304853a89b0820de4d3b9d'), ('OS', 'Linux'), ('XDG_RUNTIME_DIR', '/run/user/90978'), ('DISPLAY', ':2'), ('LANG', 'en_US.UTF-8'), ('XDG_CURRENT_DESKTOP', 'MATE'), ('XDG_DATA_HOME', '/home/cc/ee106a/fa26/class/ee106a-aej/.local/share'), ('XDG_CONFIG_HOME', '/home/cc/ee106a/fa26/class/ee106a-aej/.config'), ('XMODIFIERS', '@im=ibus'), ('XDG_SESSION_DESKTOP', 'mate'), ('XAUTHORITY', '/run/user/90978/gdm/Xauthority'), ('SSH_AUTH_SOCK', '/run/user/90978/keyring/ssh'), ('ROS_DOMAIN_ID', '27'), ('AMENT_PREFIX_PATH', '/home/ff/ee106a/robot_workspaces/ur/install/ur7e_utils:/opt/ros/humble'), ('SHELL', '/usr/bin/bash'), ('QT_ACCESSIBILITY', '1'), ('EE106_UR_ROBOT_NAME', 'r2d2'), ('GDMSESSION', 'mate'), ('RUNAS', '/share/b/runas/x86_64'), ('GPG_AGENT_INFO', '/run/user/90978/gnupg/S.gpg-agent:0:1'), ('CONFIG_SHELL', '/usr/bin/ksh'), ('QT_IM_MODULE', 'ibus'), ('PWD', '/home/cc/ee106a/fa26/class/ee106a-aej/ros_workspaces/lab3/build/straight_line_interface'), ('EE106_ENV_SETUP', 'ur_ros2'), ('CONTAINER_ID', 'ros2'), ('LC_ALL', 'C.UTF-8'), ('XDG_CONFIG_DIRS', '/etc/xdg/xdg-mate:/etc/xdg'), ('CLUTTER_IM_MODULE', 'ibus'), ('DBUS_STARTER_ADDRESS', 'unix:path=/run/user/90978/bus,guid=31562aa21c4b85012f3fec056aa82192'), ('XDG_DATA_DIRS', '/usr/share/mate:/usr/share/mate:/usr/share/gnome:/home/cc/ee106a/fa26/class/ee106a-aej/.local/share/flatpak/exports/share:/var/lib/flatpak/exports/share:/usr/local/share/:/usr/share/:/var/lib/snapd/desktop:/usr/local/share:/usr/share'), ('PYTHONPATH', '/home/ff/ee106a/robot_workspaces/ur/install/ur7e_utils/lib/python3.10/site-packages:/opt/ros/humble/lib/python3.10/site-packages:/opt/ros/humble/local/lib/python3.10/dist-packages'), ('MATE_DESKTOP_SESSION_ID', 'this-is-deprecated'), ('COLCON', '1'), ('MANPATH', '/usr/local/man:/usr/man:/usr/X11/man:/usr/local/man:/share/b/grading/man:/usr/local/man:/usr/man:/usr/X11/man:/usr/local/man:/share/b/grading/man:'), ('VTE_VERSION', '6800'), ('EDITOR', 'emacs'), ('QT_FONT_DPI', '122'), ('CMAKE_PREFIX_PATH', '/home/ff/ee106a/robot_workspaces/ur/install/ur7e_utils:/opt/ros/humble')]), 'shell': False}
[0.101612] (-) TimerEvent: {}
[0.201850] (-) TimerEvent: {}
[0.302088] (-) TimerEvent: {}
[0.402406] (-) TimerEvent: {}
[0.502606] (-) TimerEvent: {}
[0.602848] (-) TimerEvent: {}
[0.641697] (straight_line_interface) StdoutLine: {'line': b'\x1b[35m\x1b[1mConsolidate compiler generated dependencies of target straight_line_interface__rosidl_generator_c\x1b[0m\n'}
[0.642093] (straight_line_interface) StdoutLine: {'line': b'[  6%] Built target straight_line_interface__rs\n'}
[0.642992] (straight_line_interface) StdoutLine: {'line': b'[  6%] Built target straight_line_interface__cpp\n'}
[0.643063] (straight_line_interface) StdoutLine: {'line': b'[ 15%] Built target straight_line_interface__rosidl_generator_c\n'}
[0.643122] (straight_line_interface) StdoutLine: {'line': b'\x1b[35m\x1b[1mConsolidate compiler generated dependencies of target straight_line_interface__rosidl_typesupport_introspection_cpp\x1b[0m\n'}
[0.644274] (straight_line_interface) StdoutLine: {'line': b'\x1b[35m\x1b[1mConsolidate compiler generated dependencies of target straight_line_interface__rosidl_typesupport_fastrtps_cpp\x1b[0m\n'}
[0.644339] (straight_line_interface) StdoutLine: {'line': b'\x1b[35m\x1b[1mConsolidate compiler generated dependencies of target straight_line_interface__rosidl_typesupport_cpp\x1b[0m\n'}
[0.644394] (straight_line_interface) StdoutLine: {'line': b'\x1b[35m\x1b[1mConsolidate compiler generated dependencies of target straight_line_interface__rosidl_typesupport_fastrtps_c\x1b[0m\n'}
[0.644447] (straight_line_interface) StdoutLine: {'line': b'\x1b[35m\x1b[1mConsolidate compiler generated dependencies of target straight_line_interface__rosidl_typesupport_c\x1b[0m\n'}
[0.644499] (straight_line_interface) StdoutLine: {'line': b'\x1b[35m\x1b[1mConsolidate compiler generated dependencies of target straight_line_interface__rosidl_typesupport_introspection_c\x1b[0m\n'}
[0.650012] (straight_line_interface) StdoutLine: {'line': b'[ 43%] Built target straight_line_interface__rosidl_typesupport_introspection_cpp\n'}
[0.651131] (straight_line_interface) StdoutLine: {'line': b'[ 43%] Built target straight_line_interface__rosidl_typesupport_fastrtps_cpp\n'}
[0.651227] (straight_line_interface) StdoutLine: {'line': b'[ 43%] Built target straight_line_interface__rosidl_typesupport_cpp\n'}
[0.651306] (straight_line_interface) StdoutLine: {'line': b'[ 43%] Built target ament_cmake_python_copy_straight_line_interface\n'}
[0.651385] (straight_line_interface) StdoutLine: {'line': b'[ 68%] Built target straight_line_interface__rosidl_typesupport_c\n'}
[0.652589] (straight_line_interface) StdoutLine: {'line': b'[ 71%] Built target straight_line_interface__rosidl_typesupport_introspection_c\n'}
[0.652692] (straight_line_interface) StdoutLine: {'line': b'[ 71%] Built target straight_line_interface__rosidl_typesupport_fastrtps_c\n'}
[0.652783] (straight_line_interface) StdoutLine: {'line': b'[ 71%] Built target straight_line_interface\n'}
[0.653844] (straight_line_interface) StdoutLine: {'line': b'[ 75%] Built target straight_line_interface__py\n'}
[0.653939] (straight_line_interface) StdoutLine: {'line': b'\x1b[35m\x1b[1mConsolidate compiler generated dependencies of target straight_line_interface__rosidl_generator_py\x1b[0m\n'}
[0.654036] (straight_line_interface) StdoutLine: {'line': b'[ 81%] Built target straight_line_interface__rosidl_generator_py\n'}
[0.655279] (straight_line_interface) StdoutLine: {'line': b'\x1b[35m\x1b[1mConsolidate compiler generated dependencies of target straight_line_interface__rosidl_typesupport_fastrtps_c__pyext\x1b[0m\n'}
[0.656565] (straight_line_interface) StdoutLine: {'line': b'\x1b[35m\x1b[1mConsolidate compiler generated dependencies of target straight_line_interface__rosidl_typesupport_introspection_c__pyext\x1b[0m\n'}
[0.656685] (straight_line_interface) StdoutLine: {'line': b'\x1b[35m\x1b[1mConsolidate compiler generated dependencies of target straight_line_interface__rosidl_typesupport_c__pyext\x1b[0m\n'}
[0.656804] (straight_line_interface) StdoutLine: {'line': b'[100%] Built target straight_line_interface__rosidl_typesupport_c__pyext\n'}
[0.657965] (straight_line_interface) StdoutLine: {'line': b'[100%] Built target straight_line_interface__rosidl_typesupport_introspection_c__pyext\n'}
[0.658076] (straight_line_interface) StdoutLine: {'line': b'[100%] Built target straight_line_interface__rosidl_typesupport_fastrtps_c__pyext\n'}
[0.659236] (straight_line_interface) StdoutLine: {'line': b'running egg_info\n'}
[0.659328] (straight_line_interface) StdoutLine: {'line': b'writing straight_line_interface.egg-info/PKG-INFO\n'}
[0.659450] (straight_line_interface) StdoutLine: {'line': b'writing dependency_links to straight_line_interface.egg-info/dependency_links.txt\n'}
[0.660499] (straight_line_interface) StdoutLine: {'line': b'writing top-level names to straight_line_interface.egg-info/top_level.txt\n'}
[0.660595] (straight_line_interface) StdoutLine: {'line': b"reading manifest file 'straight_line_interface.egg-info/SOURCES.txt'\n"}
[0.660721] (straight_line_interface) StdoutLine: {'line': b"writing manifest file 'straight_line_interface.egg-info/SOURCES.txt'\n"}
[0.661854] (straight_line_interface) StdoutLine: {'line': b'[100%] Built target ament_cmake_python_build_straight_line_interface_egg\n'}
[0.702925] (-) TimerEvent: {}
[0.803133] (-) TimerEvent: {}
[0.893558] (straight_line_interface) CommandEnded: {'returncode': 0}
[0.895520] (straight_line_interface) JobProgress: {'identifier': 'straight_line_interface', 'progress': 'install'}
[0.903198] (-) TimerEvent: {}
[0.914599] (straight_line_interface) Command: {'cmd': ['/usr/bin/cmake', '--install', '/home/cc/ee106a/fa26/class/ee106a-aej/ros_workspaces/lab3/build/straight_line_interface'], 'cwd': '/home/cc/ee106a/fa26/class/ee106a-aej/ros_workspaces/lab3/build/straight_line_interface', 'env': OrderedDict([('ARCH', 'x86_64'), ('QT_SCALE_FACTOR', '1'), ('USER', 'ee106a-aej'), ('HOSTNAME', 'ros2'), ('XDG_SESSION_TYPE', 'x11'), ('MASTERDIR', '/home/ff/ee106a'), ('COMPIZ_CONFIG_PROFILE', 'mate'), ('XDG_CACHE_HOME', '/home/cc/ee106a/fa26/class/ee106a-aej/.cache'), ('SHLVL', '2'), ('LD_LIBRARY_PATH', '/usr/lib/x86_64-linux-gnu/gazebo-11/plugins:/opt/ros/humble/opt/rviz_ogre_vendor/lib:/opt/ros/humble/lib/x86_64-linux-gnu:/opt/ros/humble/lib'), ('HOME', '/home/cc/ee106a/fa26/class/ee106a-aej'), ('OLDPWD', '/home/cc/ee106a/fa26/class/ee106a-aej/ros_workspaces'), ('DESKTOP_SESSION', 'mate'), ('ROS_PYTHON_VERSION', '3'), ('GTK_MODULES', 'gail:atk-bridge:appmenu-gtk-module:gail:atk-bridge:canberra-gtk-module'), ('EE106_UR_ROBOT_IP', '192.168.1.101'), ('MANAGERPID', '107037'), ('DISTROBOX_ENTER_PATH', '/usr/local/bin/distrobox-enter'), ('DBUS_STARTER_BUS_TYPE', 'session'), ('SYSTEMD_EXEC_PID', '107037'), ('NNTPSERVER', 'news.csua.berkeley.edu'), ('VISUAL', 'emacs'), ('XDG_STATE_HOME', '/home/cc/ee106a/fa26/class/ee106a-aej/.local/state'), ('DBUS_SESSION_BUS_ADDRESS', 'unix:path=/run/user/90978/bus,guid=31562aa21c4b85012f3fec056aa82192'), ('COLORTERM', 'truecolor'), ('container', 'podman'), ('UBUNTU_MENUPROXY', '1'), ('QT_QPA_PLATFORMTHEME', 'gtk2'), ('IM_CONFIG_PHASE', '1'), ('COLCON_PREFIX_PATH', '/home/ff/ee106a/robot_workspaces/ur/install'), ('ROS_DISTRO', 'humble'), ('GTK_IM_MODULE', 'ibus'), ('LOGNAME', 'ee106a-aej'), ('MASTER', 'ee106a'), ('WINDOWID', '31457286'), ('JOURNAL_STREAM', '8:858859'), ('ROS_VERSION', '2'), ('XDG_SESSION_CLASS', 'user'), ('TERMINFO_DIRS', '/usr/share/terminfo:/run/host/usr/share/terminfo'), ('USERNAME', 'ee106a-aej'), ('TERM', 'xterm-256color'), ('GTK_OVERLAY_SCROLLING', '0'), ('ROS_LOCALHOST_ONLY', '0'), ('WINDOWPATH', '3'), ('PATH', '/opt/ros/humble/bin:/share/b/grading/bin:/home/ff/ee106a/bin:/home/ff/ee106a/bin/arch/x86_64:/share/b/grading/bin:/home/ff/ee106a/bin:/home/ff/ee106a/bin/arch/x86_64:/usr/local/sbin:/usr/local/bin:/usr/sbin:/usr/bin:/sbin:/bin:/usr/games:/usr/local/games:/snap/bin:/snap/bin:/share/b/grading/bin:/share/b/grading/sbin:/share/b/runas/x86_64:/share/b/bin:/home/ff/ee106a/venvs/all:/usr/local/sbin:/usr/local/bin:/usr/sbin:/usr/bin:/sbin:/bin:/share/b/grading/bin:/share/b/grading/sbin:/share/b/runas/x86_64:/share/b/bin:/home/ff/ee106a/venvs/all'), ('SESSION_MANAGER', 'local/c105-7:@/tmp/.ICE-unix/107122,unix/c105-7:/tmp/.ICE-unix/107122'), ('INVOCATION_ID', 'cb0846482c304853a89b0820de4d3b9d'), ('OS', 'Linux'), ('XDG_RUNTIME_DIR', '/run/user/90978'), ('DISPLAY', ':2'), ('LANG', 'en_US.UTF-8'), ('XDG_CURRENT_DESKTOP', 'MATE'), ('XDG_DATA_HOME', '/home/cc/ee106a/fa26/class/ee106a-aej/.local/share'), ('XDG_CONFIG_HOME', '/home/cc/ee106a/fa26/class/ee106a-aej/.config'), ('XMODIFIERS', '@im=ibus'), ('XDG_SESSION_DESKTOP', 'mate'), ('XAUTHORITY', '/run/user/90978/gdm/Xauthority'), ('SSH_AUTH_SOCK', '/run/user/90978/keyring/ssh'), ('ROS_DOMAIN_ID', '27'), ('AMENT_PREFIX_PATH', '/home/ff/ee106a/robot_workspaces/ur/install/ur7e_utils:/opt/ros/humble'), ('SHELL', '/usr/bin/bash'), ('QT_ACCESSIBILITY', '1'), ('EE106_UR_ROBOT_NAME', 'r2d2'), ('GDMSESSION', 'mate'), ('RUNAS', '/share/b/runas/x86_64'), ('GPG_AGENT_INFO', '/run/user/90978/gnupg/S.gpg-agent:0:1'), ('CONFIG_SHELL', '/usr/bin/ksh'), ('QT_IM_MODULE', 'ibus'), ('PWD', '/home/cc/ee106a/fa26/class/ee106a-aej/ros_workspaces/lab3/build/straight_line_interface'), ('EE106_ENV_SETUP', 'ur_ros2'), ('CONTAINER_ID', 'ros2'), ('LC_ALL', 'C.UTF-8'), ('XDG_CONFIG_DIRS', '/etc/xdg/xdg-mate:/etc/xdg'), ('CLUTTER_IM_MODULE', 'ibus'), ('DBUS_STARTER_ADDRESS', 'unix:path=/run/user/90978/bus,guid=31562aa21c4b85012f3fec056aa82192'), ('XDG_DATA_DIRS', '/usr/share/mate:/usr/share/mate:/usr/share/gnome:/home/cc/ee106a/fa26/class/ee106a-aej/.local/share/flatpak/exports/share:/var/lib/flatpak/exports/share:/usr/local/share/:/usr/share/:/var/lib/snapd/desktop:/usr/local/share:/usr/share'), ('PYTHONPATH', '/home/ff/ee106a/robot_workspaces/ur/install/ur7e_utils/lib/python3.10/site-packages:/opt/ros/humble/lib/python3.10/site-packages:/opt/ros/humble/local/lib/python3.10/dist-packages'), ('MATE_DESKTOP_SESSION_ID', 'this-is-deprecated'), ('COLCON', '1'), ('MANPATH', '/usr/local/man:/usr/man:/usr/X11/man:/usr/local/man:/share/b/grading/man:/usr/local/man:/usr/man:/usr/X11/man:/usr/local/man:/share/b/grading/man:'), ('VTE_VERSION', '6800'), ('EDITOR', 'emacs'), ('QT_FONT_DPI', '122'), ('CMAKE_PREFIX_PATH', '/home/ff/ee106a/robot_workspaces/ur/install/ur7e_utils:/opt/ros/humble')]), 'shell': False}
[0.927718] (straight_line_interface) StdoutLine: {'line': b'-- Install configuration: ""\n'}
[0.927898] (straight_line_interface) StdoutLine: {'line': b'-- Up-to-date: /home/cc/ee106a/fa26/class/ee106a-aej/ros_workspaces/lab3/install/straight_line_interface/share/ament_index/resource_index/rosidl_interfaces/straight_line_interface\n'}
[0.928909] (straight_line_interface) StdoutLine: {'line': b'-- Up-to-date: /home/cc/ee106a/fa26/class/ee106a-aej/ros_workspaces/lab3/install/straight_line_interface/include/straight_line_interface/straight_line_interface\n'}
[0.930720] (straight_line_interface) StdoutLine: {'line': b'-- Up-to-date: /home/cc/ee106a/fa26/class/ee106a-aej/ros_workspaces/lab3/install/straight_line_interface/include/straight_line_interface/straight_line_interface/msg\n'}
[0.932630] (straight_line_interface) StdoutLine: {'line': b'-- Up-to-date: /home/cc/ee106a/fa26/class/ee106a-aej/ros_workspaces/lab3/install/straight_line_interface/include/straight_line_interface/straight_line_interface/msg/rosidl_generator_c__visibility_control.h\n'}
[0.936377] (straight_line_interface) StdoutLine: {'line': b'-- Up-to-date: /home/cc/ee106a/fa26/class/ee106a-aej/ros_workspaces/lab3/install/straight_line_interface/include/straight_line_interface/straight_line_interface/action\n'}
[0.936895] (straight_line_interface) StdoutLine: {'line': b'-- Up-to-date: /home/cc/ee106a/fa26/class/ee106a-aej/ros_workspaces/lab3/install/straight_line_interface/include/straight_line_interface/straight_line_interface/action/detail\n'}
[0.937884] (straight_line_interface) StdoutLine: {'line': b'-- Up-to-date: /home/cc/ee106a/fa26/class/ee106a-aej/ros_workspaces/lab3/install/straight_line_interface/include/straight_line_interface/straight_line_interface/action/detail/move_straight__struct.h\n'}
[0.938393] (straight_line_interface) StdoutLine: {'line': b'-- Up-to-date: /home/cc/ee106a/fa26/class/ee106a-aej/ros_workspaces/lab3/install/straight_line_interface/include/straight_line_interface/straight_line_interface/action/detail/move_straight__functions.h\n'}
[0.939819] (straight_line_interface) StdoutLine: {'line': b'-- Up-to-date: /home/cc/ee106a/fa26/class/ee106a-aej/ros_workspaces/lab3/install/straight_line_interface/include/straight_line_interface/straight_line_interface/action/detail/move_straight__type_support.h\n'}
[0.941197] (straight_line_interface) StdoutLine: {'line': b'-- Up-to-date: /home/cc/ee106a/fa26/class/ee106a-aej/ros_workspaces/lab3/install/straight_line_interface/include/straight_line_interface/straight_line_interface/action/detail/move_straight__functions.c\n'}
[0.942564] (straight_line_interface) StdoutLine: {'line': b'-- Up-to-date: /home/cc/ee106a/fa26/class/ee106a-aej/ros_workspaces/lab3/install/straight_line_interface/include/straight_line_interface/straight_line_interface/action/move_straight.h\n'}
[0.944071] (straight_line_interface) StdoutLine: {'line': b'-- Up-to-date: /home/cc/ee106a/fa26/class/ee106a-aej/ros_workspaces/lab3/install/straight_line_interface/share/straight_line_interface/environment/library_path.sh\n'}
[0.945656] (straight_line_interface) StdoutLine: {'line': b'-- Up-to-date: /home/cc/ee106a/fa26/class/ee106a-aej/ros_workspaces/lab3/install/straight_line_interface/share/straight_line_interface/environment/library_path.dsv\n'}
[0.947489] (straight_line_interface) StdoutLine: {'line': b'-- Up-to-date: /home/cc/ee106a/fa26/class/ee106a-aej/ros_workspaces/lab3/install/straight_line_interface/lib/libstraight_line_interface__rosidl_generator_c.so\n'}
[0.952302] (straight_line_interface) StdoutLine: {'line': b'-- Up-to-date: /home/cc/ee106a/fa26/class/ee106a-aej/ros_workspaces/lab3/install/straight_line_interface/include/straight_line_interface/straight_line_interface\n'}
[0.953959] (straight_line_interface) StdoutLine: {'line': b'-- Up-to-date: /home/cc/ee106a/fa26/class/ee106a-aej/ros_workspaces/lab3/install/straight_line_interface/include/straight_line_interface/straight_line_interface/action\n'}
[0.955775] (straight_line_interface) StdoutLine: {'line': b'-- Up-to-date: /home/cc/ee106a/fa26/class/ee106a-aej/ros_workspaces/lab3/install/straight_line_interface/include/straight_line_interface/straight_line_interface/action/detail\n'}
[0.957558] (straight_line_interface) StdoutLine: {'line': b'-- Up-to-date: /home/cc/ee106a/fa26/class/ee106a-aej/ros_workspaces/lab3/install/straight_line_interface/include/straight_line_interface/straight_line_interface/action/detail/move_straight__rosidl_typesupport_fastrtps_c.h\n'}
[0.959013] (straight_line_interface) StdoutLine: {'line': b'-- Up-to-date: /home/cc/ee106a/fa26/class/ee106a-aej/ros_workspaces/lab3/install/straight_line_interface/include/straight_line_interface/straight_line_interface/msg\n'}
[0.960864] (straight_line_interface) StdoutLine: {'line': b'-- Up-to-date: /home/cc/ee106a/fa26/class/ee106a-aej/ros_workspaces/lab3/install/straight_line_interface/include/straight_line_interface/straight_line_interface/msg/rosidl_typesupport_fastrtps_c__visibility_control.h\n'}
[0.962867] (straight_line_interface) StdoutLine: {'line': b'-- Up-to-date: /home/cc/ee106a/fa26/class/ee106a-aej/ros_workspaces/lab3/install/straight_line_interface/lib/libstraight_line_interface__rosidl_typesupport_fastrtps_c.so\n'}
[0.967536] (straight_line_interface) StdoutLine: {'line': b'-- Up-to-date: /home/cc/ee106a/fa26/class/ee106a-aej/ros_workspaces/lab3/install/straight_line_interface/include/straight_line_interface/straight_line_interface\n'}
[0.969196] (straight_line_interface) StdoutLine: {'line': b'-- Up-to-date: /home/cc/ee106a/fa26/class/ee106a-aej/ros_workspaces/lab3/install/straight_line_interface/include/straight_line_interface/straight_line_interface/msg\n'}
[0.970991] (straight_line_interface) StdoutLine: {'line': b'-- Up-to-date: /home/cc/ee106a/fa26/class/ee106a-aej/ros_workspaces/lab3/install/straight_line_interface/include/straight_line_interface/straight_line_interface/msg/rosidl_generator_cpp__visibility_control.hpp\n'}
[0.972243] (straight_line_interface) StdoutLine: {'line': b'-- Up-to-date: /home/cc/ee106a/fa26/class/ee106a-aej/ros_workspaces/lab3/install/straight_line_interface/include/straight_line_interface/straight_line_interface/action\n'}
[0.974013] (straight_line_interface) StdoutLine: {'line': b'-- Up-to-date: /home/cc/ee106a/fa26/class/ee106a-aej/ros_workspaces/lab3/install/straight_line_interface/include/straight_line_interface/straight_line_interface/action/detail\n'}
[0.975797] (straight_line_interface) StdoutLine: {'line': b'-- Up-to-date: /home/cc/ee106a/fa26/class/ee106a-aej/ros_workspaces/lab3/install/straight_line_interface/include/straight_line_interface/straight_line_interface/action/detail/move_straight__builder.hpp\n'}
[0.977090] (straight_line_interface) StdoutLine: {'line': b'-- Up-to-date: /home/cc/ee106a/fa26/class/ee106a-aej/ros_workspaces/lab3/install/straight_line_interface/include/straight_line_interface/straight_line_interface/action/detail/move_straight__struct.hpp\n'}
[0.978288] (straight_line_interface) StdoutLine: {'line': b'-- Up-to-date: /home/cc/ee106a/fa26/class/ee106a-aej/ros_workspaces/lab3/install/straight_line_interface/include/straight_line_interface/straight_line_interface/action/detail/move_straight__traits.hpp\n'}
[0.979548] (straight_line_interface) StdoutLine: {'line': b'-- Up-to-date: /home/cc/ee106a/fa26/class/ee106a-aej/ros_workspaces/lab3/install/straight_line_interface/include/straight_line_interface/straight_line_interface/action/detail/move_straight__type_support.hpp\n'}
[0.980805] (straight_line_interface) StdoutLine: {'line': b'-- Up-to-date: /home/cc/ee106a/fa26/class/ee106a-aej/ros_workspaces/lab3/install/straight_line_interface/include/straight_line_interface/straight_line_interface/action/move_straight.hpp\n'}
[0.981868] (straight_line_interface) StdoutLine: {'line': b'-- Up-to-date: /home/cc/ee106a/fa26/class/ee106a-aej/ros_workspaces/lab3/install/straight_line_interface/include/straight_line_interface/straight_line_interface\n'}
[0.983578] (straight_line_interface) StdoutLine: {'line': b'-- Up-to-date: /home/cc/ee106a/fa26/class/ee106a-aej/ros_workspaces/lab3/install/straight_line_interface/include/straight_line_interface/straight_line_interface/action\n'}
[0.985233] (straight_line_interface) StdoutLine: {'line': b'-- Up-to-date: /home/cc/ee106a/fa26/class/ee106a-aej/ros_workspaces/lab3/install/straight_line_interface/include/straight_line_interface/straight_line_interface/action/detail\n'}
[0.987091] (straight_line_interface) StdoutLine: {'line': b'-- Up-to-date: /home/cc/ee106a/fa26/class/ee106a-aej/ros_workspaces/lab3/install/straight_line_interface/include/straight_line_interface/straight_line_interface/action/detail/move_straight__rosidl_typesupport_fastrtps_cpp.hpp\n'}
[0.988554] (straight_line_interface) StdoutLine: {'line': b'-- Up-to-date: /home/cc/ee106a/fa26/class/ee106a-aej/ros_workspaces/lab3/install/straight_line_interface/include/straight_line_interface/straight_line_interface/action/detail/dds_fastrtps\n'}
[0.990063] (straight_line_interface) StdoutLine: {'line': b'-- Up-to-date: /home/cc/ee106a/fa26/class/ee106a-aej/ros_workspaces/lab3/install/straight_line_interface/include/straight_line_interface/straight_line_interface/msg\n'}
[0.991851] (straight_line_interface) StdoutLine: {'line': b'-- Up-to-date: /home/cc/ee106a/fa26/class/ee106a-aej/ros_workspaces/lab3/install/straight_line_interface/include/straight_line_interface/straight_line_interface/msg/rosidl_typesupport_fastrtps_cpp__visibility_control.h\n'}
[0.993852] (straight_line_interface) StdoutLine: {'line': b'-- Up-to-date: /home/cc/ee106a/fa26/class/ee106a-aej/ros_workspaces/lab3/install/straight_line_interface/lib/libstraight_line_interface__rosidl_typesupport_fastrtps_cpp.so\n'}
[0.998556] (straight_line_interface) StdoutLine: {'line': b'-- Up-to-date: /home/cc/ee106a/fa26/class/ee106a-aej/ros_workspaces/lab3/install/straight_line_interface/include/straight_line_interface/straight_line_interface\n'}
[1.000143] (straight_line_interface) StdoutLine: {'line': b'-- Up-to-date: /home/cc/ee106a/fa26/class/ee106a-aej/ros_workspaces/lab3/install/straight_line_interface/include/straight_line_interface/straight_line_interface/action\n'}
[1.001718] (straight_line_interface) StdoutLine: {'line': b'-- Up-to-date: /home/cc/ee106a/fa26/class/ee106a-aej/ros_workspaces/lab3/install/straight_line_interface/include/straight_line_interface/straight_line_interface/action/detail\n'}
[1.003263] (-) TimerEvent: {}
[1.003503] (straight_line_interface) StdoutLine: {'line': b'-- Up-to-date: /home/cc/ee106a/fa26/class/ee106a-aej/ros_workspaces/lab3/install/straight_line_interface/include/straight_line_interface/straight_line_interface/action/detail/move_straight__type_support.c\n'}
[1.004821] (straight_line_interface) StdoutLine: {'line': b'-- Up-to-date: /home/cc/ee106a/fa26/class/ee106a-aej/ros_workspaces/lab3/install/straight_line_interface/include/straight_line_interface/straight_line_interface/action/detail/move_straight__rosidl_typesupport_introspection_c.h\n'}
[1.006158] (straight_line_interface) StdoutLine: {'line': b'-- Up-to-date: /home/cc/ee106a/fa26/class/ee106a-aej/ros_workspaces/lab3/install/straight_line_interface/include/straight_line_interface/straight_line_interface/msg\n'}
[1.007871] (straight_line_interface) StdoutLine: {'line': b'-- Up-to-date: /home/cc/ee106a/fa26/class/ee106a-aej/ros_workspaces/lab3/install/straight_line_interface/include/straight_line_interface/straight_line_interface/msg/rosidl_typesupport_introspection_c__visibility_control.h\n'}
[1.009650] (straight_line_interface) StdoutLine: {'line': b'-- Up-to-date: /home/cc/ee106a/fa26/class/ee106a-aej/ros_workspaces/lab3/install/straight_line_interface/lib/libstraight_line_interface__rosidl_typesupport_introspection_c.so\n'}
[1.014927] (straight_line_interface) StdoutLine: {'line': b'-- Up-to-date: /home/cc/ee106a/fa26/class/ee106a-aej/ros_workspaces/lab3/install/straight_line_interface/lib/libstraight_line_interface__rosidl_typesupport_c.so\n'}
[1.019323] (straight_line_interface) StdoutLine: {'line': b'-- Up-to-date: /home/cc/ee106a/fa26/class/ee106a-aej/ros_workspaces/lab3/install/straight_line_interface/include/straight_line_interface/straight_line_interface\n'}
[1.021108] (straight_line_interface) StdoutLine: {'line': b'-- Up-to-date: /home/cc/ee106a/fa26/class/ee106a-aej/ros_workspaces/lab3/install/straight_line_interface/include/straight_line_interface/straight_line_interface/action\n'}
[1.022922] (straight_line_interface) StdoutLine: {'line': b'-- Up-to-date: /home/cc/ee106a/fa26/class/ee106a-aej/ros_workspaces/lab3/install/straight_line_interface/include/straight_line_interface/straight_line_interface/action/detail\n'}
[1.024562] (straight_line_interface) StdoutLine: {'line': b'-- Up-to-date: /home/cc/ee106a/fa26/class/ee106a-aej/ros_workspaces/lab3/install/straight_line_interface/include/straight_line_interface/straight_line_interface/action/detail/move_straight__rosidl_typesupport_introspection_cpp.hpp\n'}
[1.025771] (straight_line_interface) StdoutLine: {'line': b'-- Up-to-date: /home/cc/ee106a/fa26/class/ee106a-aej/ros_workspaces/lab3/install/straight_line_interface/include/straight_line_interface/straight_line_interface/action/detail/move_straight__type_support.cpp\n'}
[1.028010] (straight_line_interface) StdoutLine: {'line': b'-- Up-to-date: /home/cc/ee106a/fa26/class/ee106a-aej/ros_workspaces/lab3/install/straight_line_interface/lib/libstraight_line_interface__rosidl_typesupport_introspection_cpp.so\n'}
[1.033922] (straight_line_interface) StdoutLine: {'line': b'-- Up-to-date: /home/cc/ee106a/fa26/class/ee106a-aej/ros_workspaces/lab3/install/straight_line_interface/lib/libstraight_line_interface__rosidl_typesupport_cpp.so\n'}
[1.038605] (straight_line_interface) StdoutLine: {'line': b'-- Up-to-date: /home/cc/ee106a/fa26/class/ee106a-aej/ros_workspaces/lab3/install/straight_line_interface/share/straight_line_interface/environment/pythonpath.sh\n'}
[1.040086] (straight_line_interface) StdoutLine: {'line': b'-- Up-to-date: /home/cc/ee106a/fa26/class/ee106a-aej/ros_workspaces/lab3/install/straight_line_interface/share/straight_line_interface/environment/pythonpath.dsv\n'}
[1.041010] (straight_line_interface) StdoutLine: {'line': b'-- Up-to-date: /home/cc/ee106a/fa26/class/ee106a-aej/ros_workspaces/lab3/install/straight_line_interface/local/lib/python3.10/dist-packages/straight_line_interface-0.0.0-py3.10.egg-info\n'}
[1.042650] (straight_line_interface) StdoutLine: {'line': b'-- Installing: /home/cc/ee106a/fa26/class/ee106a-aej/ros_workspaces/lab3/install/straight_line_interface/local/lib/python3.10/dist-packages/straight_line_interface-0.0.0-py3.10.egg-info/SOURCES.txt\n'}
[1.090624] (straight_line_interface) StdoutLine: {'line': b'-- Installing: /home/cc/ee106a/fa26/class/ee106a-aej/ros_workspaces/lab3/install/straight_line_interface/local/lib/python3.10/dist-packages/straight_line_interface-0.0.0-py3.10.egg-info/dependency_links.txt\n'}
[1.098470] (straight_line_interface) StdoutLine: {'line': b'-- Installing: /home/cc/ee106a/fa26/class/ee106a-aej/ros_workspaces/lab3/install/straight_line_interface/local/lib/python3.10/dist-packages/straight_line_interface-0.0.0-py3.10.egg-info/PKG-INFO\n'}
[1.103338] (-) TimerEvent: {}
[1.106175] (straight_line_interface) StdoutLine: {'line': b'-- Installing: /home/cc/ee106a/fa26/class/ee106a-aej/ros_workspaces/lab3/install/straight_line_interface/local/lib/python3.10/dist-packages/straight_line_interface-0.0.0-py3.10.egg-info/top_level.txt\n'}
[1.114263] (straight_line_interface) StdoutLine: {'line': b'-- Up-to-date: /home/cc/ee106a/fa26/class/ee106a-aej/ros_workspaces/lab3/install/straight_line_interface/local/lib/python3.10/dist-packages/straight_line_interface\n'}
[1.116090] (straight_line_interface) StdoutLine: {'line': b'-- Up-to-date: /home/cc/ee106a/fa26/class/ee106a-aej/ros_workspaces/lab3/install/straight_line_interface/local/lib/python3.10/dist-packages/straight_line_interface/action\n'}
[1.117533] (straight_line_interface) StdoutLine: {'line': b'-- Up-to-date: /home/cc/ee106a/fa26/class/ee106a-aej/ros_workspaces/lab3/install/straight_line_interface/local/lib/python3.10/dist-packages/straight_line_interface/action/__init__.py\n'}
[1.118690] (straight_line_interface) StdoutLine: {'line': b'-- Up-to-date: /home/cc/ee106a/fa26/class/ee106a-aej/ros_workspaces/lab3/install/straight_line_interface/local/lib/python3.10/dist-packages/straight_line_interface/action/_move_straight.py\n'}
[1.120153] (straight_line_interface) StdoutLine: {'line': b'-- Up-to-date: /home/cc/ee106a/fa26/class/ee106a-aej/ros_workspaces/lab3/install/straight_line_interface/local/lib/python3.10/dist-packages/straight_line_interface/action/_move_straight_s.c\n'}
[1.121306] (straight_line_interface) StdoutLine: {'line': b'-- Up-to-date: /home/cc/ee106a/fa26/class/ee106a-aej/ros_workspaces/lab3/install/straight_line_interface/local/lib/python3.10/dist-packages/straight_line_interface/_straight_line_interface_s.ep.rosidl_typesupport_fastrtps_c.c\n'}
[1.122690] (straight_line_interface) StdoutLine: {'line': b'-- Installing: /home/cc/ee106a/fa26/class/ee106a-aej/ros_workspaces/lab3/install/straight_line_interface/local/lib/python3.10/dist-packages/straight_line_interface/straight_line_interface_s__rosidl_typesupport_introspection_c.cpython-310-x86_64-linux-gnu.so\n'}
[1.129973] (straight_line_interface) StdoutLine: {'line': b'-- Installing: /home/cc/ee106a/fa26/class/ee106a-aej/ros_workspaces/lab3/install/straight_line_interface/local/lib/python3.10/dist-packages/straight_line_interface/straight_line_interface_s__rosidl_typesupport_c.cpython-310-x86_64-linux-gnu.so\n'}
[1.138486] (straight_line_interface) StdoutLine: {'line': b'-- Up-to-date: /home/cc/ee106a/fa26/class/ee106a-aej/ros_workspaces/lab3/install/straight_line_interface/local/lib/python3.10/dist-packages/straight_line_interface/libstraight_line_interface__rosidl_generator_py.so\n'}
[1.139779] (straight_line_interface) StdoutLine: {'line': b'-- Up-to-date: /home/cc/ee106a/fa26/class/ee106a-aej/ros_workspaces/lab3/install/straight_line_interface/local/lib/python3.10/dist-packages/straight_line_interface/_straight_line_interface_s.ep.rosidl_typesupport_introspection_c.c\n'}
[1.140941] (straight_line_interface) StdoutLine: {'line': b'-- Up-to-date: /home/cc/ee106a/fa26/class/ee106a-aej/ros_workspaces/lab3/install/straight_line_interface/local/lib/python3.10/dist-packages/straight_line_interface/straight_line_interface_s__rosidl_typesupport_fastrtps_c.cpython-310-x86_64-linux-gnu.so\n'}
[1.142020] (straight_line_interface) StdoutLine: {'line': b'-- Up-to-date: /home/cc/ee106a/fa26/class/ee106a-aej/ros_workspaces/lab3/install/straight_line_interface/local/lib/python3.10/dist-packages/straight_line_interface/__init__.py\n'}
[1.143350] (straight_line_interface) StdoutLine: {'line': b'-- Up-to-date: /home/cc/ee106a/fa26/class/ee106a-aej/ros_workspaces/lab3/install/straight_line_interface/local/lib/python3.10/dist-packages/straight_line_interface/_straight_line_interface_s.ep.rosidl_typesupport_c.c\n'}
[1.180217] (straight_line_interface) StdoutLine: {'line': b"Listing '/home/cc/ee106a/fa26/class/ee106a-aej/ros_workspaces/lab3/install/straight_line_interface/local/lib/python3.10/dist-packages/straight_line_interface'...\n"}
[1.180372] (straight_line_interface) StdoutLine: {'line': b"Listing '/home/cc/ee106a/fa26/class/ee106a-aej/ros_workspaces/lab3/install/straight_line_interface/local/lib/python3.10/dist-packages/straight_line_interface/action'...\n"}
[1.186108] (straight_line_interface) StdoutLine: {'line': b'-- Up-to-date: /home/cc/ee106a/fa26/class/ee106a-aej/ros_workspaces/lab3/install/straight_line_interface/local/lib/python3.10/dist-packages/straight_line_interface/straight_line_interface_s__rosidl_typesupport_fastrtps_c.cpython-310-x86_64-linux-gnu.so\n'}
[1.194052] (straight_line_interface) StdoutLine: {'line': b'-- Installing: /home/cc/ee106a/fa26/class/ee106a-aej/ros_workspaces/lab3/install/straight_line_interface/local/lib/python3.10/dist-packages/straight_line_interface/straight_line_interface_s__rosidl_typesupport_introspection_c.cpython-310-x86_64-linux-gnu.so\n'}
[1.203407] (-) TimerEvent: {}
[1.204008] (straight_line_interface) StdoutLine: {'line': b'-- Set runtime path of "/home/cc/ee106a/fa26/class/ee106a-aej/ros_workspaces/lab3/install/straight_line_interface/local/lib/python3.10/dist-packages/straight_line_interface/straight_line_interface_s__rosidl_typesupport_introspection_c.cpython-310-x86_64-linux-gnu.so" to ""\n'}
[1.208295] (straight_line_interface) StdoutLine: {'line': b'-- Installing: /home/cc/ee106a/fa26/class/ee106a-aej/ros_workspaces/lab3/install/straight_line_interface/local/lib/python3.10/dist-packages/straight_line_interface/straight_line_interface_s__rosidl_typesupport_c.cpython-310-x86_64-linux-gnu.so\n'}
[1.218995] (straight_line_interface) StdoutLine: {'line': b'-- Set runtime path of "/home/cc/ee106a/fa26/class/ee106a-aej/ros_workspaces/lab3/install/straight_line_interface/local/lib/python3.10/dist-packages/straight_line_interface/straight_line_interface_s__rosidl_typesupport_c.cpython-310-x86_64-linux-gnu.so" to ""\n'}
[1.220796] (straight_line_interface) StdoutLine: {'line': b'-- Installing: /home/cc/ee106a/fa26/class/ee106a-aej/ros_workspaces/lab3/install/straight_line_interface/lib/libstraight_line_interface__rosidl_generator_py.so\n'}
[1.231767] (straight_line_interface) StdoutLine: {'line': b'-- Set runtime path of "/home/cc/ee106a/fa26/class/ee106a-aej/ros_workspaces/lab3/install/straight_line_interface/lib/libstraight_line_interface__rosidl_generator_py.so" to ""\n'}
[1.233112] (straight_line_interface) StdoutLine: {'line': b'-- Up-to-date: /home/cc/ee106a/fa26/class/ee106a-aej/ros_workspaces/lab3/install/straight_line_interface/share/ament_index/resource_index/rust_packages/straight_line_interface\n'}
[1.234152] (straight_line_interface) StdoutLine: {'line': b'-- Up-to-date: /home/cc/ee106a/fa26/class/ee106a-aej/ros_workspaces/lab3/install/straight_line_interface/share/straight_line_interface/rust\n'}
[1.235708] (straight_line_interface) StdoutLine: {'line': b'-- Up-to-date: /home/cc/ee106a/fa26/class/ee106a-aej/ros_workspaces/lab3/install/straight_line_interface/share/straight_line_interface/rust/Cargo.toml\n'}
[1.236976] (straight_line_interface) StdoutLine: {'line': b'-- Up-to-date: /home/cc/ee106a/fa26/class/ee106a-aej/ros_workspaces/lab3/install/straight_line_interface/share/straight_line_interface/rust/src\n'}
[1.238526] (straight_line_interface) StdoutLine: {'line': b'-- Up-to-date: /home/cc/ee106a/fa26/class/ee106a-aej/ros_workspaces/lab3/install/straight_line_interface/share/straight_line_interface/rust/src/action\n'}
[1.240061] (straight_line_interface) StdoutLine: {'line': b'-- Up-to-date: /home/cc/ee106a/fa26/class/ee106a-aej/ros_workspaces/lab3/install/straight_line_interface/share/straight_line_interface/rust/src/action/rmw.rs\n'}
[1.241286] (straight_line_interface) StdoutLine: {'line': b'-- Up-to-date: /home/cc/ee106a/fa26/class/ee106a-aej/ros_workspaces/lab3/install/straight_line_interface/share/straight_line_interface/rust/src/lib.rs\n'}
[1.242343] (straight_line_interface) StdoutLine: {'line': b'-- Up-to-date: /home/cc/ee106a/fa26/class/ee106a-aej/ros_workspaces/lab3/install/straight_line_interface/share/straight_line_interface/rust/src/action.rs\n'}
[1.243504] (straight_line_interface) StdoutLine: {'line': b'-- Up-to-date: /home/cc/ee106a/fa26/class/ee106a-aej/ros_workspaces/lab3/install/straight_line_interface/share/straight_line_interface/rust/build.rs\n'}
[1.244759] (straight_line_interface) StdoutLine: {'line': b'-- Up-to-date: /home/cc/ee106a/fa26/class/ee106a-aej/ros_workspaces/lab3/install/straight_line_interface/share/straight_line_interface/action/MoveStraight.idl\n'}
[1.246260] (straight_line_interface) StdoutLine: {'line': b'-- Up-to-date: /home/cc/ee106a/fa26/class/ee106a-aej/ros_workspaces/lab3/install/straight_line_interface/share/straight_line_interface/action/MoveStraight.action\n'}
[1.247560] (straight_line_interface) StdoutLine: {'line': b'-- Up-to-date: /home/cc/ee106a/fa26/class/ee106a-aej/ros_workspaces/lab3/install/straight_line_interface/share/ament_index/resource_index/package_run_dependencies/straight_line_interface\n'}
[1.248715] (straight_line_interface) StdoutLine: {'line': b'-- Up-to-date: /home/cc/ee106a/fa26/class/ee106a-aej/ros_workspaces/lab3/install/straight_line_interface/share/ament_index/resource_index/parent_prefix_path/straight_line_interface\n'}
[1.249896] (straight_line_interface) StdoutLine: {'line': b'-- Up-to-date: /home/cc/ee106a/fa26/class/ee106a-aej/ros_workspaces/lab3/install/straight_line_interface/share/straight_line_interface/environment/ament_prefix_path.sh\n'}
[1.251634] (straight_line_interface) StdoutLine: {'line': b'-- Up-to-date: /home/cc/ee106a/fa26/class/ee106a-aej/ros_workspaces/lab3/install/straight_line_interface/share/straight_line_interface/environment/ament_prefix_path.dsv\n'}
[1.252773] (straight_line_interface) StdoutLine: {'line': b'-- Up-to-date: /home/cc/ee106a/fa26/class/ee106a-aej/ros_workspaces/lab3/install/straight_line_interface/share/straight_line_interface/environment/path.sh\n'}
[1.254350] (straight_line_interface) StdoutLine: {'line': b'-- Up-to-date: /home/cc/ee106a/fa26/class/ee106a-aej/ros_workspaces/lab3/install/straight_line_interface/share/straight_line_interface/environment/path.dsv\n'}
[1.255412] (straight_line_interface) StdoutLine: {'line': b'-- Up-to-date: /home/cc/ee106a/fa26/class/ee106a-aej/ros_workspaces/lab3/install/straight_line_interface/share/straight_line_interface/local_setup.bash\n'}
[1.256556] (straight_line_interface) StdoutLine: {'line': b'-- Up-to-date: /home/cc/ee106a/fa26/class/ee106a-aej/ros_workspaces/lab3/install/straight_line_interface/share/straight_line_interface/local_setup.sh\n'}
[1.258021] (straight_line_interface) StdoutLine: {'line': b'-- Up-to-date: /home/cc/ee106a/fa26/class/ee106a-aej/ros_workspaces/lab3/install/straight_line_interface/share/straight_line_interface/local_setup.zsh\n'}
[1.259636] (straight_line_interface) StdoutLine: {'line': b'-- Up-to-date: /home/cc/ee106a/fa26/class/ee106a-aej/ros_workspaces/lab3/install/straight_line_interface/share/straight_line_interface/local_setup.dsv\n'}
[1.261003] (straight_line_interface) StdoutLine: {'line': b'-- Installing: /home/cc/ee106a/fa26/class/ee106a-aej/ros_workspaces/lab3/install/straight_line_interface/share/straight_line_interface/package.dsv\n'}
[1.262196] (forward_kinematics) Command: {'cmd': ['/usr/bin/python3', '-W', 'ignore:setup.py install is deprecated', '-W', 'ignore:easy_install command is deprecated', 'setup.py', 'egg_info', '--egg-base', '../../build/forward_kinematics', 'build', '--build-base', '/home/cc/ee106a/fa26/class/ee106a-aej/ros_workspaces/lab3/build/forward_kinematics/build', 'install', '--record', '/home/cc/ee106a/fa26/class/ee106a-aej/ros_workspaces/lab3/build/forward_kinematics/install.log', '--install-scripts', '$base/lib/forward_kinematics', '--single-version-externally-managed', 'install_data'], 'cwd': '/home/cc/ee106a/fa26/class/ee106a-aej/ros_workspaces/lab3/src/forward_kinematics', 'env': {'ARCH': 'x86_64', 'QT_SCALE_FACTOR': '1', 'USER': 'ee106a-aej', 'HOSTNAME': 'ros2', 'XDG_SESSION_TYPE': 'x11', 'MASTERDIR': '/home/ff/ee106a', 'COMPIZ_CONFIG_PROFILE': 'mate', 'XDG_CACHE_HOME': '/home/cc/ee106a/fa26/class/ee106a-aej/.cache', 'SHLVL': '2', 'LD_LIBRARY_PATH': '/usr/lib/x86_64-linux-gnu/gazebo-11/plugins:/opt/ros/humble/opt/rviz_ogre_vendor/lib:/opt/ros/humble/lib/x86_64-linux-gnu:/opt/ros/humble/lib', 'HOME': '/home/cc/ee106a/fa26/class/ee106a-aej', 'OLDPWD': '/home/cc/ee106a/fa26/class/ee106a-aej/ros_workspaces', 'DESKTOP_SESSION': 'mate', 'ROS_PYTHON_VERSION': '3', 'GTK_MODULES': 'gail:atk-bridge:appmenu-gtk-module:gail:atk-bridge:canberra-gtk-module', 'EE106_UR_ROBOT_IP': '192.168.1.101', 'MANAGERPID': '107037', 'DISTROBOX_ENTER_PATH': '/usr/local/bin/distrobox-enter', 'DBUS_STARTER_BUS_TYPE': 'session', 'SYSTEMD_EXEC_PID': '107037', 'NNTPSERVER': 'news.csua.berkeley.edu', 'VISUAL': 'emacs', 'XDG_STATE_HOME': '/home/cc/ee106a/fa26/class/ee106a-aej/.local/state', 'DBUS_SESSION_BUS_ADDRESS': 'unix:path=/run/user/90978/bus,guid=31562aa21c4b85012f3fec056aa82192', 'COLORTERM': 'truecolor', 'container': 'podman', 'UBUNTU_MENUPROXY': '1', 'QT_QPA_PLATFORMTHEME': 'gtk2', 'IM_CONFIG_PHASE': '1', 'COLCON_PREFIX_PATH': '/home/ff/ee106a/robot_workspaces/ur/install', 'ROS_DISTRO': 'humble', 'GTK_IM_MODULE': 'ibus', 'LOGNAME': 'ee106a-aej', 'MASTER': 'ee106a', 'WINDOWID': '31457286', 'JOURNAL_STREAM': '8:858859', 'ROS_VERSION': '2', 'XDG_SESSION_CLASS': 'user', 'TERMINFO_DIRS': '/usr/share/terminfo:/run/host/usr/share/terminfo', 'USERNAME': 'ee106a-aej', 'TERM': 'xterm-256color', 'GTK_OVERLAY_SCROLLING': '0', 'ROS_LOCALHOST_ONLY': '0', 'WINDOWPATH': '3', 'PATH': '/opt/ros/humble/bin:/share/b/grading/bin:/home/ff/ee106a/bin:/home/ff/ee106a/bin/arch/x86_64:/share/b/grading/bin:/home/ff/ee106a/bin:/home/ff/ee106a/bin/arch/x86_64:/usr/local/sbin:/usr/local/bin:/usr/sbin:/usr/bin:/sbin:/bin:/usr/games:/usr/local/games:/snap/bin:/snap/bin:/share/b/grading/bin:/share/b/grading/sbin:/share/b/runas/x86_64:/share/b/bin:/home/ff/ee106a/venvs/all:/usr/local/sbin:/usr/local/bin:/usr/sbin:/usr/bin:/sbin:/bin:/share/b/grading/bin:/share/b/grading/sbin:/share/b/runas/x86_64:/share/b/bin:/home/ff/ee106a/venvs/all', 'SESSION_MANAGER': 'local/c105-7:@/tmp/.ICE-unix/107122,unix/c105-7:/tmp/.ICE-unix/107122', 'INVOCATION_ID': 'cb0846482c304853a89b0820de4d3b9d', 'OS': 'Linux', 'XDG_RUNTIME_DIR': '/run/user/90978', 'DISPLAY': ':2', 'LANG': 'en_US.UTF-8', 'XDG_CURRENT_DESKTOP': 'MATE', 'XDG_DATA_HOME': '/home/cc/ee106a/fa26/class/ee106a-aej/.local/share', 'XDG_CONFIG_HOME': '/home/cc/ee106a/fa26/class/ee106a-aej/.config', 'XMODIFIERS': '@im=ibus', 'XDG_SESSION_DESKTOP': 'mate', 'XAUTHORITY': '/run/user/90978/gdm/Xauthority', 'SSH_AUTH_SOCK': '/run/user/90978/keyring/ssh', 'ROS_DOMAIN_ID': '27', 'AMENT_PREFIX_PATH': '/home/ff/ee106a/robot_workspaces/ur/install/ur7e_utils:/opt/ros/humble', 'SHELL': '/usr/bin/bash', 'QT_ACCESSIBILITY': '1', 'EE106_UR_ROBOT_NAME': 'r2d2', 'GDMSESSION': 'mate', 'RUNAS': '/share/b/runas/x86_64', 'GPG_AGENT_INFO': '/run/user/90978/gnupg/S.gpg-agent:0:1', 'CONFIG_SHELL': '/usr/bin/ksh', 'QT_IM_MODULE': 'ibus', 'PWD': '/home/cc/ee106a/fa26/class/ee106a-aej/ros_workspaces/lab3/build/forward_kinematics', 'EE106_ENV_SETUP': 'ur_ros2', 'CONTAINER_ID': 'ros2', 'LC_ALL': 'C.UTF-8', 'XDG_CONFIG_DIRS': '/etc/xdg/xdg-mate:/etc/xdg', 'CLUTTER_IM_MODULE': 'ibus', 'DBUS_STARTER_ADDRESS': 'unix:path=/run/user/90978/bus,guid=31562aa21c4b85012f3fec056aa82192', 'XDG_DATA_DIRS': '/usr/share/mate:/usr/share/mate:/usr/share/gnome:/home/cc/ee106a/fa26/class/ee106a-aej/.local/share/flatpak/exports/share:/var/lib/flatpak/exports/share:/usr/local/share/:/usr/share/:/var/lib/snapd/desktop:/usr/local/share:/usr/share', 'PYTHONPATH': '/home/cc/ee106a/fa26/class/ee106a-aej/ros_workspaces/lab3/build/forward_kinematics/prefix_override:/usr/lib/python3/dist-packages/colcon_core/task/python/colcon_distutils_commands:/home/cc/ee106a/fa26/class/ee106a-aej/ros_workspaces/lab3/install/forward_kinematics/lib/python3.10/site-packages:/home/ff/ee106a/robot_workspaces/ur/install/ur7e_utils/lib/python3.10/site-packages:/opt/ros/humble/lib/python3.10/site-packages:/opt/ros/humble/local/lib/python3.10/dist-packages', 'MATE_DESKTOP_SESSION_ID': 'this-is-deprecated', 'COLCON': '1', 'MANPATH': '/usr/local/man:/usr/man:/usr/X11/man:/usr/local/man:/share/b/grading/man:/usr/local/man:/usr/man:/usr/X11/man:/usr/local/man:/share/b/grading/man:', 'VTE_VERSION': '6800', 'EDITOR': 'emacs', 'QT_FONT_DPI': '122'}, 'shell': False}
[1.274457] (straight_line_interface) StdoutLine: {'line': b'-- Up-to-date: /home/cc/ee106a/fa26/class/ee106a-aej/ros_workspaces/lab3/install/straight_line_interface/share/ament_index/resource_index/packages/straight_line_interface\n'}
[1.274547] (straight_line_interface) StdoutLine: {'line': b'-- Up-to-date: /home/cc/ee106a/fa26/class/ee106a-aej/ros_workspaces/lab3/install/straight_line_interface/share/straight_line_interface/cmake/export_straight_line_interface__rosidl_generator_cExport.cmake\n'}
[1.274608] (straight_line_interface) StdoutLine: {'line': b'-- Up-to-date: /home/cc/ee106a/fa26/class/ee106a-aej/ros_workspaces/lab3/install/straight_line_interface/share/straight_line_interface/cmake/export_straight_line_interface__rosidl_generator_cExport-noconfig.cmake\n'}
[1.277223] (straight_line_interface) StdoutLine: {'line': b'-- Up-to-date: /home/cc/ee106a/fa26/class/ee106a-aej/ros_workspaces/lab3/install/straight_line_interface/share/straight_line_interface/cmake/export_straight_line_interface__rosidl_typesupport_fastrtps_cExport.cmake\n'}
[1.278992] (straight_line_interface) StdoutLine: {'line': b'-- Up-to-date: /home/cc/ee106a/fa26/class/ee106a-aej/ros_workspaces/lab3/install/straight_line_interface/share/straight_line_interface/cmake/export_straight_line_interface__rosidl_typesupport_fastrtps_cExport-noconfig.cmake\n'}
[1.282001] (straight_line_interface) StdoutLine: {'line': b'-- Up-to-date: /home/cc/ee106a/fa26/class/ee106a-aej/ros_workspaces/lab3/install/straight_line_interface/share/straight_line_interface/cmake/export_straight_line_interface__rosidl_generator_cppExport.cmake\n'}
[1.285620] (straight_line_interface) StdoutLine: {'line': b'-- Up-to-date: /home/cc/ee106a/fa26/class/ee106a-aej/ros_workspaces/lab3/install/straight_line_interface/share/straight_line_interface/cmake/export_straight_line_interface__rosidl_typesupport_fastrtps_cppExport.cmake\n'}
[1.287535] (straight_line_interface) StdoutLine: {'line': b'-- Up-to-date: /home/cc/ee106a/fa26/class/ee106a-aej/ros_workspaces/lab3/install/straight_line_interface/share/straight_line_interface/cmake/export_straight_line_interface__rosidl_typesupport_fastrtps_cppExport-noconfig.cmake\n'}
[1.290732] (straight_line_interface) StdoutLine: {'line': b'-- Up-to-date: /home/cc/ee106a/fa26/class/ee106a-aej/ros_workspaces/lab3/install/straight_line_interface/share/straight_line_interface/cmake/straight_line_interface__rosidl_typesupport_introspection_cExport.cmake\n'}
[1.292450] (straight_line_interface) StdoutLine: {'line': b'-- Up-to-date: /home/cc/ee106a/fa26/class/ee106a-aej/ros_workspaces/lab3/install/straight_line_interface/share/straight_line_interface/cmake/straight_line_interface__rosidl_typesupport_introspection_cExport-noconfig.cmake\n'}
[1.295848] (straight_line_interface) StdoutLine: {'line': b'-- Up-to-date: /home/cc/ee106a/fa26/class/ee106a-aej/ros_workspaces/lab3/install/straight_line_interface/share/straight_line_interface/cmake/straight_line_interface__rosidl_typesupport_cExport.cmake\n'}
[1.297534] (straight_line_interface) StdoutLine: {'line': b'-- Up-to-date: /home/cc/ee106a/fa26/class/ee106a-aej/ros_workspaces/lab3/install/straight_line_interface/share/straight_line_interface/cmake/straight_line_interface__rosidl_typesupport_cExport-noconfig.cmake\n'}
[1.300361] (joint_control) Command: {'cmd': ['/usr/bin/python3', '-W', 'ignore:setup.py install is deprecated', '-W', 'ignore:easy_install command is deprecated', 'setup.py', 'egg_info', '--egg-base', '../../build/joint_control', 'build', '--build-base', '/home/cc/ee106a/fa26/class/ee106a-aej/ros_workspaces/lab3/build/joint_control/build', 'install', '--record', '/home/cc/ee106a/fa26/class/ee106a-aej/ros_workspaces/lab3/build/joint_control/install.log', '--install-scripts', '$base/lib/joint_control', '--single-version-externally-managed', 'install_data'], 'cwd': '/home/cc/ee106a/fa26/class/ee106a-aej/ros_workspaces/lab3/src/joint_control', 'env': {'ARCH': 'x86_64', 'QT_SCALE_FACTOR': '1', 'USER': 'ee106a-aej', 'HOSTNAME': 'ros2', 'XDG_SESSION_TYPE': 'x11', 'MASTERDIR': '/home/ff/ee106a', 'COMPIZ_CONFIG_PROFILE': 'mate', 'XDG_CACHE_HOME': '/home/cc/ee106a/fa26/class/ee106a-aej/.cache', 'SHLVL': '2', 'LD_LIBRARY_PATH': '/usr/lib/x86_64-linux-gnu/gazebo-11/plugins:/opt/ros/humble/opt/rviz_ogre_vendor/lib:/opt/ros/humble/lib/x86_64-linux-gnu:/opt/ros/humble/lib', 'HOME': '/home/cc/ee106a/fa26/class/ee106a-aej', 'OLDPWD': '/home/cc/ee106a/fa26/class/ee106a-aej/ros_workspaces', 'DESKTOP_SESSION': 'mate', 'ROS_PYTHON_VERSION': '3', 'GTK_MODULES': 'gail:atk-bridge:appmenu-gtk-module:gail:atk-bridge:canberra-gtk-module', 'EE106_UR_ROBOT_IP': '192.168.1.101', 'MANAGERPID': '107037', 'DISTROBOX_ENTER_PATH': '/usr/local/bin/distrobox-enter', 'DBUS_STARTER_BUS_TYPE': 'session', 'SYSTEMD_EXEC_PID': '107037', 'NNTPSERVER': 'news.csua.berkeley.edu', 'VISUAL': 'emacs', 'XDG_STATE_HOME': '/home/cc/ee106a/fa26/class/ee106a-aej/.local/state', 'DBUS_SESSION_BUS_ADDRESS': 'unix:path=/run/user/90978/bus,guid=31562aa21c4b85012f3fec056aa82192', 'COLORTERM': 'truecolor', 'container': 'podman', 'UBUNTU_MENUPROXY': '1', 'QT_QPA_PLATFORMTHEME': 'gtk2', 'IM_CONFIG_PHASE': '1', 'COLCON_PREFIX_PATH': '/home/ff/ee106a/robot_workspaces/ur/install', 'ROS_DISTRO': 'humble', 'GTK_IM_MODULE': 'ibus', 'LOGNAME': 'ee106a-aej', 'MASTER': 'ee106a', 'WINDOWID': '31457286', 'JOURNAL_STREAM': '8:858859', 'ROS_VERSION': '2', 'XDG_SESSION_CLASS': 'user', 'TERMINFO_DIRS': '/usr/share/terminfo:/run/host/usr/share/terminfo', 'USERNAME': 'ee106a-aej', 'TERM': 'xterm-256color', 'GTK_OVERLAY_SCROLLING': '0', 'ROS_LOCALHOST_ONLY': '0', 'WINDOWPATH': '3', 'PATH': '/opt/ros/humble/bin:/share/b/grading/bin:/home/ff/ee106a/bin:/home/ff/ee106a/bin/arch/x86_64:/share/b/grading/bin:/home/ff/ee106a/bin:/home/ff/ee106a/bin/arch/x86_64:/usr/local/sbin:/usr/local/bin:/usr/sbin:/usr/bin:/sbin:/bin:/usr/games:/usr/local/games:/snap/bin:/snap/bin:/share/b/grading/bin:/share/b/grading/sbin:/share/b/runas/x86_64:/share/b/bin:/home/ff/ee106a/venvs/all:/usr/local/sbin:/usr/local/bin:/usr/sbin:/usr/bin:/sbin:/bin:/share/b/grading/bin:/share/b/grading/sbin:/share/b/runas/x86_64:/share/b/bin:/home/ff/ee106a/venvs/all', 'SESSION_MANAGER': 'local/c105-7:@/tmp/.ICE-unix/107122,unix/c105-7:/tmp/.ICE-unix/107122', 'INVOCATION_ID': 'cb0846482c304853a89b0820de4d3b9d', 'OS': 'Linux', 'XDG_RUNTIME_DIR': '/run/user/90978', 'DISPLAY': ':2', 'LANG': 'en_US.UTF-8', 'XDG_CURRENT_DESKTOP': 'MATE', 'XDG_DATA_HOME': '/home/cc/ee106a/fa26/class/ee106a-aej/.local/share', 'XDG_CONFIG_HOME': '/home/cc/ee106a/fa26/class/ee106a-aej/.config', 'XMODIFIERS': '@im=ibus', 'XDG_SESSION_DESKTOP': 'mate', 'XAUTHORITY': '/run/user/90978/gdm/Xauthority', 'SSH_AUTH_SOCK': '/run/user/90978/keyring/ssh', 'ROS_DOMAIN_ID': '27', 'AMENT_PREFIX_PATH': '/home/ff/ee106a/robot_workspaces/ur/install/ur7e_utils:/opt/ros/humble', 'SHELL': '/usr/bin/bash', 'QT_ACCESSIBILITY': '1', 'EE106_UR_ROBOT_NAME': 'r2d2', 'GDMSESSION': 'mate', 'RUNAS': '/share/b/runas/x86_64', 'GPG_AGENT_INFO': '/run/user/90978/gnupg/S.gpg-agent:0:1', 'CONFIG_SHELL': '/usr/bin/ksh', 'QT_IM_MODULE': 'ibus', 'PWD': '/home/cc/ee106a/fa26/class/ee106a-aej/ros_workspaces/lab3/build/joint_control', 'EE106_ENV_SETUP': 'ur_ros2', 'CONTAINER_ID': 'ros2', 'LC_ALL': 'C.UTF-8', 'XDG_CONFIG_DIRS': '/etc/xdg/xdg-mate:/etc/xdg', 'CLUTTER_IM_MODULE': 'ibus', 'DBUS_STARTER_ADDRESS': 'unix:path=/run/user/90978/bus,guid=31562aa21c4b85012f3fec056aa82192', 'XDG_DATA_DIRS': '/usr/share/mate:/usr/share/mate:/usr/share/gnome:/home/cc/ee106a/fa26/class/ee106a-aej/.local/share/flatpak/exports/share:/var/lib/flatpak/exports/share:/usr/local/share/:/usr/share/:/var/lib/snapd/desktop:/usr/local/share:/usr/share', 'PYTHONPATH': '/home/cc/ee106a/fa26/class/ee106a-aej/ros_workspaces/lab3/build/joint_control/prefix_override:/usr/lib/python3/dist-packages/colcon_core/task/python/colcon_distutils_commands:/home/cc/ee106a/fa26/class/ee106a-aej/ros_workspaces/lab3/install/joint_control/lib/python3.10/site-packages:/home/ff/ee106a/robot_workspaces/ur/install/ur7e_utils/lib/python3.10/site-packages:/opt/ros/humble/lib/python3.10/site-packages:/opt/ros/humble/local/lib/python3.10/dist-packages', 'MATE_DESKTOP_SESSION_ID': 'this-is-deprecated', 'COLCON': '1', 'MANPATH': '/usr/local/man:/usr/man:/usr/X11/man:/usr/local/man:/share/b/grading/man:/usr/local/man:/usr/man:/usr/X11/man:/usr/local/man:/share/b/grading/man:', 'VTE_VERSION': '6800', 'EDITOR': 'emacs', 'QT_FONT_DPI': '122'}, 'shell': False}
[1.313684] (-) TimerEvent: {}
[1.313797] (straight_line_interface) StdoutLine: {'line': b'-- Up-to-date: /home/cc/ee106a/fa26/class/ee106a-aej/ros_workspaces/lab3/install/straight_line_interface/share/straight_line_interface/cmake/straight_line_interface__rosidl_typesupport_introspection_cppExport.cmake\n'}
[1.313894] (straight_line_interface) StdoutLine: {'line': b'-- Up-to-date: /home/cc/ee106a/fa26/class/ee106a-aej/ros_workspaces/lab3/install/straight_line_interface/share/straight_line_interface/cmake/straight_line_interface__rosidl_typesupport_introspection_cppExport-noconfig.cmake\n'}
[1.313958] (straight_line_interface) StdoutLine: {'line': b'-- Up-to-date: /home/cc/ee106a/fa26/class/ee106a-aej/ros_workspaces/lab3/install/straight_line_interface/share/straight_line_interface/cmake/straight_line_interface__rosidl_typesupport_cppExport.cmake\n'}
[1.314021] (tf_listener) Command: {'cmd': ['/usr/bin/python3', '-W', 'ignore:setup.py install is deprecated', '-W', 'ignore:easy_install command is deprecated', 'setup.py', 'egg_info', '--egg-base', '../../build/tf_listener', 'build', '--build-base', '/home/cc/ee106a/fa26/class/ee106a-aej/ros_workspaces/lab3/build/tf_listener/build', 'install', '--record', '/home/cc/ee106a/fa26/class/ee106a-aej/ros_workspaces/lab3/build/tf_listener/install.log', '--install-scripts', '$base/lib/tf_listener', '--single-version-externally-managed', 'install_data'], 'cwd': '/home/cc/ee106a/fa26/class/ee106a-aej/ros_workspaces/lab3/src/tf_listener', 'env': {'ARCH': 'x86_64', 'QT_SCALE_FACTOR': '1', 'USER': 'ee106a-aej', 'HOSTNAME': 'ros2', 'XDG_SESSION_TYPE': 'x11', 'MASTERDIR': '/home/ff/ee106a', 'COMPIZ_CONFIG_PROFILE': 'mate', 'XDG_CACHE_HOME': '/home/cc/ee106a/fa26/class/ee106a-aej/.cache', 'SHLVL': '2', 'LD_LIBRARY_PATH': '/usr/lib/x86_64-linux-gnu/gazebo-11/plugins:/opt/ros/humble/opt/rviz_ogre_vendor/lib:/opt/ros/humble/lib/x86_64-linux-gnu:/opt/ros/humble/lib', 'HOME': '/home/cc/ee106a/fa26/class/ee106a-aej', 'OLDPWD': '/home/cc/ee106a/fa26/class/ee106a-aej/ros_workspaces', 'DESKTOP_SESSION': 'mate', 'ROS_PYTHON_VERSION': '3', 'GTK_MODULES': 'gail:atk-bridge:appmenu-gtk-module:gail:atk-bridge:canberra-gtk-module', 'EE106_UR_ROBOT_IP': '192.168.1.101', 'MANAGERPID': '107037', 'DISTROBOX_ENTER_PATH': '/usr/local/bin/distrobox-enter', 'DBUS_STARTER_BUS_TYPE': 'session', 'SYSTEMD_EXEC_PID': '107037', 'NNTPSERVER': 'news.csua.berkeley.edu', 'VISUAL': 'emacs', 'XDG_STATE_HOME': '/home/cc/ee106a/fa26/class/ee106a-aej/.local/state', 'DBUS_SESSION_BUS_ADDRESS': 'unix:path=/run/user/90978/bus,guid=31562aa21c4b85012f3fec056aa82192', 'COLORTERM': 'truecolor', 'container': 'podman', 'UBUNTU_MENUPROXY': '1', 'QT_QPA_PLATFORMTHEME': 'gtk2', 'IM_CONFIG_PHASE': '1', 'COLCON_PREFIX_PATH': '/home/ff/ee106a/robot_workspaces/ur/install', 'ROS_DISTRO': 'humble', 'GTK_IM_MODULE': 'ibus', 'LOGNAME': 'ee106a-aej', 'MASTER': 'ee106a', 'WINDOWID': '31457286', 'JOURNAL_STREAM': '8:858859', 'ROS_VERSION': '2', 'XDG_SESSION_CLASS': 'user', 'TERMINFO_DIRS': '/usr/share/terminfo:/run/host/usr/share/terminfo', 'USERNAME': 'ee106a-aej', 'TERM': 'xterm-256color', 'GTK_OVERLAY_SCROLLING': '0', 'ROS_LOCALHOST_ONLY': '0', 'WINDOWPATH': '3', 'PATH': '/opt/ros/humble/bin:/share/b/grading/bin:/home/ff/ee106a/bin:/home/ff/ee106a/bin/arch/x86_64:/share/b/grading/bin:/home/ff/ee106a/bin:/home/ff/ee106a/bin/arch/x86_64:/usr/local/sbin:/usr/local/bin:/usr/sbin:/usr/bin:/sbin:/bin:/usr/games:/usr/local/games:/snap/bin:/snap/bin:/share/b/grading/bin:/share/b/grading/sbin:/share/b/runas/x86_64:/share/b/bin:/home/ff/ee106a/venvs/all:/usr/local/sbin:/usr/local/bin:/usr/sbin:/usr/bin:/sbin:/bin:/share/b/grading/bin:/share/b/grading/sbin:/share/b/runas/x86_64:/share/b/bin:/home/ff/ee106a/venvs/all', 'SESSION_MANAGER': 'local/c105-7:@/tmp/.ICE-unix/107122,unix/c105-7:/tmp/.ICE-unix/107122', 'INVOCATION_ID': 'cb0846482c304853a89b0820de4d3b9d', 'OS': 'Linux', 'XDG_RUNTIME_DIR': '/run/user/90978', 'DISPLAY': ':2', 'LANG': 'en_US.UTF-8', 'XDG_CURRENT_DESKTOP': 'MATE', 'XDG_DATA_HOME': '/home/cc/ee106a/fa26/class/ee106a-aej/.local/share', 'XDG_CONFIG_HOME': '/home/cc/ee106a/fa26/class/ee106a-aej/.config', 'XMODIFIERS': '@im=ibus', 'XDG_SESSION_DESKTOP': 'mate', 'XAUTHORITY': '/run/user/90978/gdm/Xauthority', 'SSH_AUTH_SOCK': '/run/user/90978/keyring/ssh', 'ROS_DOMAIN_ID': '27', 'AMENT_PREFIX_PATH': '/home/ff/ee106a/robot_workspaces/ur/install/ur7e_utils:/opt/ros/humble', 'SHELL': '/usr/bin/bash', 'QT_ACCESSIBILITY': '1', 'EE106_UR_ROBOT_NAME': 'r2d2', 'GDMSESSION': 'mate', 'RUNAS': '/share/b/runas/x86_64', 'GPG_AGENT_INFO': '/run/user/90978/gnupg/S.gpg-agent:0:1', 'CONFIG_SHELL': '/usr/bin/ksh', 'QT_IM_MODULE': 'ibus', 'PWD': '/home/cc/ee106a/fa26/class/ee106a-aej/ros_workspaces/lab3/build/tf_listener', 'EE106_ENV_SETUP': 'ur_ros2', 'CONTAINER_ID': 'ros2', 'LC_ALL': 'C.UTF-8', 'XDG_CONFIG_DIRS': '/etc/xdg/xdg-mate:/etc/xdg', 'CLUTTER_IM_MODULE': 'ibus', 'DBUS_STARTER_ADDRESS': 'unix:path=/run/user/90978/bus,guid=31562aa21c4b85012f3fec056aa82192', 'XDG_DATA_DIRS': '/usr/share/mate:/usr/share/mate:/usr/share/gnome:/home/cc/ee106a/fa26/class/ee106a-aej/.local/share/flatpak/exports/share:/var/lib/flatpak/exports/share:/usr/local/share/:/usr/share/:/var/lib/snapd/desktop:/usr/local/share:/usr/share', 'PYTHONPATH': '/home/cc/ee106a/fa26/class/ee106a-aej/ros_workspaces/lab3/build/tf_listener/prefix_override:/usr/lib/python3/dist-packages/colcon_core/task/python/colcon_distutils_commands:/home/cc/ee106a/fa26/class/ee106a-aej/ros_workspaces/lab3/install/tf_listener/lib/python3.10/site-packages:/home/ff/ee106a/robot_workspaces/ur/install/ur7e_utils/lib/python3.10/site-packages:/opt/ros/humble/lib/python3.10/site-packages:/opt/ros/humble/local/lib/python3.10/dist-packages', 'MATE_DESKTOP_SESSION_ID': 'this-is-deprecated', 'COLCON': '1', 'MANPATH': '/usr/local/man:/usr/man:/usr/X11/man:/usr/local/man:/share/b/grading/man:/usr/local/man:/usr/man:/usr/X11/man:/usr/local/man:/share/b/grading/man:', 'VTE_VERSION': '6800', 'EDITOR': 'emacs', 'QT_FONT_DPI': '122'}, 'shell': False}
[1.322729] (straight_line_interface) StdoutLine: {'line': b'-- Up-to-date: /home/cc/ee106a/fa26/class/ee106a-aej/ros_workspaces/lab3/install/straight_line_interface/share/straight_line_interface/cmake/straight_line_interface__rosidl_typesupport_cppExport-noconfig.cmake\n'}
[1.322804] (straight_line_interface) StdoutLine: {'line': b'-- Up-to-date: /home/cc/ee106a/fa26/class/ee106a-aej/ros_workspaces/lab3/install/straight_line_interface/share/straight_line_interface/cmake/export_straight_line_interface__rosidl_generator_pyExport.cmake\n'}
[1.322844] (straight_line_interface) StdoutLine: {'line': b'-- Up-to-date: /home/cc/ee106a/fa26/class/ee106a-aej/ros_workspaces/lab3/install/straight_line_interface/share/straight_line_interface/cmake/export_straight_line_interface__rosidl_generator_pyExport-noconfig.cmake\n'}
[1.322879] (straight_line_interface) StdoutLine: {'line': b'-- Up-to-date: /home/cc/ee106a/fa26/class/ee106a-aej/ros_workspaces/lab3/install/straight_line_interface/share/straight_line_interface/cmake/rosidl_cmake-extras.cmake\n'}
[1.322914] (straight_line_interface) StdoutLine: {'line': b'-- Up-to-date: /home/cc/ee106a/fa26/class/ee106a-aej/ros_workspaces/lab3/install/straight_line_interface/share/straight_line_interface/cmake/ament_cmake_export_dependencies-extras.cmake\n'}
[1.322947] (straight_line_interface) StdoutLine: {'line': b'-- Up-to-date: /home/cc/ee106a/fa26/class/ee106a-aej/ros_workspaces/lab3/install/straight_line_interface/share/straight_line_interface/cmake/ament_cmake_export_include_directories-extras.cmake\n'}
[1.322977] (straight_line_interface) StdoutLine: {'line': b'-- Up-to-date: /home/cc/ee106a/fa26/class/ee106a-aej/ros_workspaces/lab3/install/straight_line_interface/share/straight_line_interface/cmake/ament_cmake_export_libraries-extras.cmake\n'}
[1.323007] (straight_line_interface) StdoutLine: {'line': b'-- Up-to-date: /home/cc/ee106a/fa26/class/ee106a-aej/ros_workspaces/lab3/install/straight_line_interface/share/straight_line_interface/cmake/ament_cmake_export_targets-extras.cmake\n'}
[1.323038] (straight_line_interface) StdoutLine: {'line': b'-- Up-to-date: /home/cc/ee106a/fa26/class/ee106a-aej/ros_workspaces/lab3/install/straight_line_interface/share/straight_line_interface/cmake/rosidl_cmake_export_typesupport_targets-extras.cmake\n'}
[1.323073] (straight_line_interface) StdoutLine: {'line': b'-- Up-to-date: /home/cc/ee106a/fa26/class/ee106a-aej/ros_workspaces/lab3/install/straight_line_interface/share/straight_line_interface/cmake/rosidl_cmake_export_typesupport_libraries-extras.cmake\n'}
[1.323103] (straight_line_interface) StdoutLine: {'line': b'-- Up-to-date: /home/cc/ee106a/fa26/class/ee106a-aej/ros_workspaces/lab3/install/straight_line_interface/share/straight_line_interface/cmake/rosidl_cmake_aggregate_target-extras.cmake\n'}
[1.323819] (straight_line_interface) StdoutLine: {'line': b'-- Up-to-date: /home/cc/ee106a/fa26/class/ee106a-aej/ros_workspaces/lab3/install/straight_line_interface/share/straight_line_interface/cmake/straight_line_interfaceConfig.cmake\n'}
[1.325053] (straight_line_interface) StdoutLine: {'line': b'-- Up-to-date: /home/cc/ee106a/fa26/class/ee106a-aej/ros_workspaces/lab3/install/straight_line_interface/share/straight_line_interface/cmake/straight_line_interfaceConfig-version.cmake\n'}
[1.326752] (straight_line_interface) StdoutLine: {'line': b'-- Up-to-date: /home/cc/ee106a/fa26/class/ee106a-aej/ros_workspaces/lab3/install/straight_line_interface/share/straight_line_interface/package.xml\n'}
[1.334937] (straight_line_interface) CommandEnded: {'returncode': 0}
[1.413844] (-) TimerEvent: {}
[1.441859] (straight_line_interface) JobEnded: {'identifier': 'straight_line_interface', 'rc': 0}
[1.446236] (straight_line) JobStarted: {'identifier': 'straight_line'}
[1.505713] (forward_kinematics) StdoutLine: {'line': b'running egg_info\n'}
[1.507250] (forward_kinematics) StdoutLine: {'line': b'writing ../../build/forward_kinematics/forward_kinematics.egg-info/PKG-INFO\n'}
[1.510830] (forward_kinematics) StdoutLine: {'line': b'writing dependency_links to ../../build/forward_kinematics/forward_kinematics.egg-info/dependency_links.txt\n'}
[1.513877] (forward_kinematics) StdoutLine: {'line': b'writing entry points to ../../build/forward_kinematics/forward_kinematics.egg-info/entry_points.txt\n'}
[1.513957] (-) TimerEvent: {}
[1.516916] (forward_kinematics) StdoutLine: {'line': b'writing requirements to ../../build/forward_kinematics/forward_kinematics.egg-info/requires.txt\n'}
[1.519414] (forward_kinematics) StdoutLine: {'line': b'writing top-level names to ../../build/forward_kinematics/forward_kinematics.egg-info/top_level.txt\n'}
[1.525527] (forward_kinematics) StdoutLine: {'line': b"reading manifest file '../../build/forward_kinematics/forward_kinematics.egg-info/SOURCES.txt'\n"}
[1.528200] (forward_kinematics) StdoutLine: {'line': b"writing manifest file '../../build/forward_kinematics/forward_kinematics.egg-info/SOURCES.txt'\n"}
[1.530736] (forward_kinematics) StdoutLine: {'line': b'running build\n'}
[1.531412] (forward_kinematics) StdoutLine: {'line': b'running build_py\n'}
[1.531548] (forward_kinematics) StdoutLine: {'line': b'running install\n'}
[1.532599] (forward_kinematics) StdoutLine: {'line': b'running install_lib\n'}
[1.533760] (forward_kinematics) StdoutLine: {'line': b'byte-compiling /home/cc/ee106a/fa26/class/ee106a-aej/ros_workspaces/lab3/install/forward_kinematics/lib/python3.10/site-packages/forward_kinematics/kin_func_skeleton.py to kin_func_skeleton.cpython-310.pyc\n'}
[1.536775] (tf_listener) StdoutLine: {'line': b'running egg_info\n'}
[1.538199] (tf_listener) StdoutLine: {'line': b'writing ../../build/tf_listener/tf_listener.egg-info/PKG-INFO\n'}
[1.541525] (forward_kinematics) StdoutLine: {'line': b'running install_data\n'}
[1.541802] (tf_listener) StdoutLine: {'line': b'writing dependency_links to ../../build/tf_listener/tf_listener.egg-info/dependency_links.txt\n'}
[1.542417] (forward_kinematics) StdoutLine: {'line': b'running install_egg_info\n'}
[1.544865] (forward_kinematics) StdoutLine: {'line': b"removing '/home/cc/ee106a/fa26/class/ee106a-aej/ros_workspaces/lab3/install/forward_kinematics/lib/python3.10/site-packages/forward_kinematics-0.0.0-py3.10.egg-info' (and everything under it)\n"}
[1.545162] (tf_listener) StdoutLine: {'line': b'writing entry points to ../../build/tf_listener/tf_listener.egg-info/entry_points.txt\n'}
[1.547869] (tf_listener) StdoutLine: {'line': b'writing requirements to ../../build/tf_listener/tf_listener.egg-info/requires.txt\n'}
[1.550580] (tf_listener) StdoutLine: {'line': b'writing top-level names to ../../build/tf_listener/tf_listener.egg-info/top_level.txt\n'}
[1.554863] (forward_kinematics) StdoutLine: {'line': b'Copying ../../build/forward_kinematics/forward_kinematics.egg-info to /home/cc/ee106a/fa26/class/ee106a-aej/ros_workspaces/lab3/install/forward_kinematics/lib/python3.10/site-packages/forward_kinematics-0.0.0-py3.10.egg-info\n'}
[1.555746] (tf_listener) StdoutLine: {'line': b"reading manifest file '../../build/tf_listener/tf_listener.egg-info/SOURCES.txt'\n"}
[1.558539] (tf_listener) StdoutLine: {'line': b"writing manifest file '../../build/tf_listener/tf_listener.egg-info/SOURCES.txt'\n"}
[1.559240] (joint_control) StdoutLine: {'line': b'running egg_info\n'}
[1.560361] (joint_control) StdoutLine: {'line': b'writing ../../build/joint_control/joint_control.egg-info/PKG-INFO\n'}
[1.561431] (tf_listener) StdoutLine: {'line': b'running build\n'}
[1.561513] (tf_listener) StdoutLine: {'line': b'running build_py\n'}
[1.562262] (tf_listener) StdoutLine: {'line': b'running install\n'}
[1.562540] (tf_listener) StdoutLine: {'line': b'running install_lib\n'}
[1.564089] (joint_control) StdoutLine: {'line': b'writing dependency_links to ../../build/joint_control/joint_control.egg-info/dependency_links.txt\n'}
[1.564767] (tf_listener) StdoutLine: {'line': b'running install_data\n'}
[1.565486] (tf_listener) StdoutLine: {'line': b'running install_egg_info\n'}
[1.566698] (tf_listener) StdoutLine: {'line': b"removing '/home/cc/ee106a/fa26/class/ee106a-aej/ros_workspaces/lab3/install/tf_listener/lib/python3.10/site-packages/tf_listener-0.0.0-py3.10.egg-info' (and everything under it)\n"}
[1.567361] (joint_control) StdoutLine: {'line': b'writing entry points to ../../build/joint_control/joint_control.egg-info/entry_points.txt\n'}
[1.570274] (joint_control) StdoutLine: {'line': b'writing requirements to ../../build/joint_control/joint_control.egg-info/requires.txt\n'}
[1.573033] (joint_control) StdoutLine: {'line': b'writing top-level names to ../../build/joint_control/joint_control.egg-info/top_level.txt\n'}
[1.577125] (tf_listener) StdoutLine: {'line': b'Copying ../../build/tf_listener/tf_listener.egg-info to /home/cc/ee106a/fa26/class/ee106a-aej/ros_workspaces/lab3/install/tf_listener/lib/python3.10/site-packages/tf_listener-0.0.0-py3.10.egg-info\n'}
[1.578877] (joint_control) StdoutLine: {'line': b"reading manifest file '../../build/joint_control/joint_control.egg-info/SOURCES.txt'\n"}
[1.582088] (joint_control) StdoutLine: {'line': b"writing manifest file '../../build/joint_control/joint_control.egg-info/SOURCES.txt'\n"}
[1.584738] (joint_control) StdoutLine: {'line': b'running build\n'}
[1.584843] (joint_control) StdoutLine: {'line': b'running build_py\n'}
[1.585640] (joint_control) StdoutLine: {'line': b'running install\n'}
[1.585935] (joint_control) StdoutLine: {'line': b'running install_lib\n'}
[1.588845] (joint_control) StdoutLine: {'line': b'running install_data\n'}
[1.589407] (joint_control) StdoutLine: {'line': b'running install_egg_info\n'}
[1.591300] (joint_control) StdoutLine: {'line': b"removing '/home/cc/ee106a/fa26/class/ee106a-aej/ros_workspaces/lab3/install/joint_control/lib/python3.10/site-packages/joint_control-0.0.0-py3.10.egg-info' (and everything under it)\n"}
[1.592883] (forward_kinematics) StdoutLine: {'line': b'running install_scripts\n'}
[1.601736] (joint_control) StdoutLine: {'line': b'Copying ../../build/joint_control/joint_control.egg-info to /home/cc/ee106a/fa26/class/ee106a-aej/ros_workspaces/lab3/install/joint_control/lib/python3.10/site-packages/joint_control-0.0.0-py3.10.egg-info\n'}
[1.610970] (forward_kinematics) StdoutLine: {'line': b"writing list of installed files to '/home/cc/ee106a/fa26/class/ee106a-aej/ros_workspaces/lab3/build/forward_kinematics/install.log'\n"}
[1.614028] (-) TimerEvent: {}
[1.615135] (tf_listener) StdoutLine: {'line': b'running install_scripts\n'}
[1.633157] (tf_listener) StdoutLine: {'line': b"writing list of installed files to '/home/cc/ee106a/fa26/class/ee106a-aej/ros_workspaces/lab3/build/tf_listener/install.log'\n"}
[1.640322] (joint_control) StdoutLine: {'line': b'running install_scripts\n'}
[1.657172] (joint_control) StdoutLine: {'line': b'Installing validate_trajectory script to /home/cc/ee106a/fa26/class/ee106a-aej/ros_workspaces/lab3/install/joint_control/lib/joint_control\n'}
[1.661384] (joint_control) StdoutLine: {'line': b"writing list of installed files to '/home/cc/ee106a/fa26/class/ee106a-aej/ros_workspaces/lab3/build/joint_control/install.log'\n"}
[1.706034] (forward_kinematics) CommandEnded: {'returncode': 0}
[1.714108] (-) TimerEvent: {}
[1.752868] (forward_kinematics) JobEnded: {'identifier': 'forward_kinematics', 'rc': 0}
[1.757830] (joint_control) CommandEnded: {'returncode': 0}
[1.809010] (joint_control) JobEnded: {'identifier': 'joint_control', 'rc': 0}
[1.814506] (-) TimerEvent: {}
[1.814694] (tf_listener) CommandEnded: {'returncode': 0}
[1.859097] (tf_listener) JobEnded: {'identifier': 'tf_listener', 'rc': 0}
[1.914620] (-) TimerEvent: {}
[2.014816] (-) TimerEvent: {}
[2.115018] (-) TimerEvent: {}
[2.215234] (-) TimerEvent: {}
[2.218930] (straight_line) Command: {'cmd': ['/usr/bin/python3', '-W', 'ignore:setup.py install is deprecated', '-W', 'ignore:easy_install command is deprecated', 'setup.py', 'egg_info', '--egg-base', '../../build/straight_line', 'build', '--build-base', '/home/cc/ee106a/fa26/class/ee106a-aej/ros_workspaces/lab3/build/straight_line/build', 'install', '--record', '/home/cc/ee106a/fa26/class/ee106a-aej/ros_workspaces/lab3/build/straight_line/install.log', '--install-scripts', '$base/lib/straight_line', '--single-version-externally-managed', 'install_data'], 'cwd': '/home/cc/ee106a/fa26/class/ee106a-aej/ros_workspaces/lab3/src/straight_line', 'env': {'ARCH': 'x86_64', 'QT_SCALE_FACTOR': '1', 'USER': 'ee106a-aej', 'HOSTNAME': 'ros2', 'XDG_SESSION_TYPE': 'x11', 'MASTERDIR': '/home/ff/ee106a', 'COMPIZ_CONFIG_PROFILE': 'mate', 'XDG_CACHE_HOME': '/home/cc/ee106a/fa26/class/ee106a-aej/.cache', 'SHLVL': '2', 'LD_LIBRARY_PATH': '/home/cc/ee106a/fa26/class/ee106a-aej/ros_workspaces/lab3/install/straight_line_interface/lib:/usr/lib/x86_64-linux-gnu/gazebo-11/plugins:/opt/ros/humble/opt/rviz_ogre_vendor/lib:/opt/ros/humble/lib/x86_64-linux-gnu:/opt/ros/humble/lib', 'HOME': '/home/cc/ee106a/fa26/class/ee106a-aej', 'OLDPWD': '/home/cc/ee106a/fa26/class/ee106a-aej/ros_workspaces', 'DESKTOP_SESSION': 'mate', 'ROS_PYTHON_VERSION': '3', 'GTK_MODULES': 'gail:atk-bridge:appmenu-gtk-module:gail:atk-bridge:canberra-gtk-module', 'EE106_UR_ROBOT_IP': '192.168.1.101', 'MANAGERPID': '107037', 'DISTROBOX_ENTER_PATH': '/usr/local/bin/distrobox-enter', 'DBUS_STARTER_BUS_TYPE': 'session', 'SYSTEMD_EXEC_PID': '107037', 'NNTPSERVER': 'news.csua.berkeley.edu', 'VISUAL': 'emacs', 'XDG_STATE_HOME': '/home/cc/ee106a/fa26/class/ee106a-aej/.local/state', 'DBUS_SESSION_BUS_ADDRESS': 'unix:path=/run/user/90978/bus,guid=31562aa21c4b85012f3fec056aa82192', 'COLORTERM': 'truecolor', 'container': 'podman', 'UBUNTU_MENUPROXY': '1', 'QT_QPA_PLATFORMTHEME': 'gtk2', 'IM_CONFIG_PHASE': '1', 'COLCON_PREFIX_PATH': '/home/ff/ee106a/robot_workspaces/ur/install', 'ROS_DISTRO': 'humble', 'GTK_IM_MODULE': 'ibus', 'LOGNAME': 'ee106a-aej', 'MASTER': 'ee106a', 'WINDOWID': '31457286', 'JOURNAL_STREAM': '8:858859', 'ROS_VERSION': '2', 'XDG_SESSION_CLASS': 'user', 'TERMINFO_DIRS': '/usr/share/terminfo:/run/host/usr/share/terminfo', 'USERNAME': 'ee106a-aej', 'TERM': 'xterm-256color', 'GTK_OVERLAY_SCROLLING': '0', 'ROS_LOCALHOST_ONLY': '0', 'WINDOWPATH': '3', 'PATH': '/opt/ros/humble/bin:/share/b/grading/bin:/home/ff/ee106a/bin:/home/ff/ee106a/bin/arch/x86_64:/share/b/grading/bin:/home/ff/ee106a/bin:/home/ff/ee106a/bin/arch/x86_64:/usr/local/sbin:/usr/local/bin:/usr/sbin:/usr/bin:/sbin:/bin:/usr/games:/usr/local/games:/snap/bin:/snap/bin:/share/b/grading/bin:/share/b/grading/sbin:/share/b/runas/x86_64:/share/b/bin:/home/ff/ee106a/venvs/all:/usr/local/sbin:/usr/local/bin:/usr/sbin:/usr/bin:/sbin:/bin:/share/b/grading/bin:/share/b/grading/sbin:/share/b/runas/x86_64:/share/b/bin:/home/ff/ee106a/venvs/all', 'SESSION_MANAGER': 'local/c105-7:@/tmp/.ICE-unix/107122,unix/c105-7:/tmp/.ICE-unix/107122', 'INVOCATION_ID': 'cb0846482c304853a89b0820de4d3b9d', 'OS': 'Linux', 'XDG_RUNTIME_DIR': '/run/user/90978', 'DISPLAY': ':2', 'LANG': 'en_US.UTF-8', 'XDG_CURRENT_DESKTOP': 'MATE', 'XDG_DATA_HOME': '/home/cc/ee106a/fa26/class/ee106a-aej/.local/share', 'XDG_CONFIG_HOME': '/home/cc/ee106a/fa26/class/ee106a-aej/.config', 'XMODIFIERS': '@im=ibus', 'XDG_SESSION_DESKTOP': 'mate', 'XAUTHORITY': '/run/user/90978/gdm/Xauthority', 'SSH_AUTH_SOCK': '/run/user/90978/keyring/ssh', 'ROS_DOMAIN_ID': '27', 'AMENT_PREFIX_PATH': '/home/cc/ee106a/fa26/class/ee106a-aej/ros_workspaces/lab3/install/straight_line_interface:/home/ff/ee106a/robot_workspaces/ur/install/ur7e_utils:/opt/ros/humble', 'SHELL': '/usr/bin/bash', 'QT_ACCESSIBILITY': '1', 'EE106_UR_ROBOT_NAME': 'r2d2', 'GDMSESSION': 'mate', 'RUNAS': '/share/b/runas/x86_64', 'GPG_AGENT_INFO': '/run/user/90978/gnupg/S.gpg-agent:0:1', 'CONFIG_SHELL': '/usr/bin/ksh', 'QT_IM_MODULE': 'ibus', 'PWD': '/home/cc/ee106a/fa26/class/ee106a-aej/ros_workspaces/lab3/build/straight_line', 'EE106_ENV_SETUP': 'ur_ros2', 'CONTAINER_ID': 'ros2', 'LC_ALL': 'C.UTF-8', 'XDG_CONFIG_DIRS': '/etc/xdg/xdg-mate:/etc/xdg', 'CLUTTER_IM_MODULE': 'ibus', 'DBUS_STARTER_ADDRESS': 'unix:path=/run/user/90978/bus,guid=31562aa21c4b85012f3fec056aa82192', 'XDG_DATA_DIRS': '/usr/share/mate:/usr/share/mate:/usr/share/gnome:/home/cc/ee106a/fa26/class/ee106a-aej/.local/share/flatpak/exports/share:/var/lib/flatpak/exports/share:/usr/local/share/:/usr/share/:/var/lib/snapd/desktop:/usr/local/share:/usr/share', 'PYTHONPATH': '/home/cc/ee106a/fa26/class/ee106a-aej/ros_workspaces/lab3/build/straight_line/prefix_override:/usr/lib/python3/dist-packages/colcon_core/task/python/colcon_distutils_commands:/home/cc/ee106a/fa26/class/ee106a-aej/ros_workspaces/lab3/install/straight_line/lib/python3.10/site-packages:/home/cc/ee106a/fa26/class/ee106a-aej/ros_workspaces/lab3/install/straight_line_interface/local/lib/python3.10/dist-packages:/home/ff/ee106a/robot_workspaces/ur/install/ur7e_utils/lib/python3.10/site-packages:/opt/ros/humble/lib/python3.10/site-packages:/opt/ros/humble/local/lib/python3.10/dist-packages', 'MATE_DESKTOP_SESSION_ID': 'this-is-deprecated', 'COLCON': '1', 'MANPATH': '/usr/local/man:/usr/man:/usr/X11/man:/usr/local/man:/share/b/grading/man:/usr/local/man:/usr/man:/usr/X11/man:/usr/local/man:/share/b/grading/man:', 'VTE_VERSION': '6800', 'EDITOR': 'emacs', 'QT_FONT_DPI': '122', 'CMAKE_PREFIX_PATH': '/home/cc/ee106a/fa26/class/ee106a-aej/ros_workspaces/lab3/install/straight_line_interface'}, 'shell': False}
[2.315447] (-) TimerEvent: {}
[2.415700] (-) TimerEvent: {}
[2.448953] (straight_line) StdoutLine: {'line': b'running egg_info\n'}
[2.450215] (straight_line) StdoutLine: {'line': b'writing ../../build/straight_line/straight_line.egg-info/PKG-INFO\n'}
[2.453937] (straight_line) StdoutLine: {'line': b'writing dependency_links to ../../build/straight_line/straight_line.egg-info/dependency_links.txt\n'}
[2.457132] (straight_line) StdoutLine: {'line': b'writing entry points to ../../build/straight_line/straight_line.egg-info/entry_points.txt\n'}
[2.460173] (straight_line) StdoutLine: {'line': b'writing requirements to ../../build/straight_line/straight_line.egg-info/requires.txt\n'}
[2.462905] (straight_line) StdoutLine: {'line': b'writing top-level names to ../../build/straight_line/straight_line.egg-info/top_level.txt\n'}
[2.470854] (straight_line) StdoutLine: {'line': b"reading manifest file '../../build/straight_line/straight_line.egg-info/SOURCES.txt'\n"}
[2.472412] (straight_line) StdoutLine: {'line': b"adding license file 'LICENSE'\n"}
[2.473466] (straight_line) StdoutLine: {'line': b"writing manifest file '../../build/straight_line/straight_line.egg-info/SOURCES.txt'\n"}
[2.476504] (straight_line) StdoutLine: {'line': b'running build\n'}
[2.477898] (straight_line) StdoutLine: {'line': b'running build_py\n'}
[2.479094] (straight_line) StdoutLine: {'line': b'running install\n'}
[2.480383] (straight_line) StdoutLine: {'line': b'running install_lib\n'}
[2.481962] (straight_line) StdoutLine: {'line': b'byte-compiling /home/cc/ee106a/fa26/class/ee106a-aej/ros_workspaces/lab3/install/straight_line/lib/python3.10/site-packages/straight_line/straight_line_server.py to straight_line_server.cpython-310.pyc\n'}
[2.483132] (straight_line) StderrLine: {'line': b'  File "/home/cc/ee106a/fa26/class/ee106a-aej/ros_workspaces/lab3/install/straight_line/lib/python3.10/site-packages/straight_line/straight_line_server.py", line 48\n'}
[2.483333] (straight_line) StderrLine: {'line': b"    'move_straight',\n"}
[2.483486] (straight_line) StderrLine: {'line': b'    ^^^^^^^^^^^^^^^\n'}
[2.483637] (straight_line) StderrLine: {'line': b'SyntaxError: invalid syntax\n'}
[2.483824] (straight_line) StderrLine: {'line': b'\n'}
[2.483965] (straight_line) StdoutLine: {'line': b'running install_data\n'}
[2.484309] (straight_line) StdoutLine: {'line': b'running install_egg_info\n'}
[2.488789] (straight_line) StdoutLine: {'line': b"removing '/home/cc/ee106a/fa26/class/ee106a-aej/ros_workspaces/lab3/install/straight_line/lib/python3.10/site-packages/straight_line-0.0.0-py3.10.egg-info' (and everything under it)\n"}
[2.500027] (straight_line) StdoutLine: {'line': b'Copying ../../build/straight_line/straight_line.egg-info to /home/cc/ee106a/fa26/class/ee106a-aej/ros_workspaces/lab3/install/straight_line/lib/python3.10/site-packages/straight_line-0.0.0-py3.10.egg-info\n'}
[2.515929] (-) TimerEvent: {}
[2.538545] (straight_line) StdoutLine: {'line': b'running install_scripts\n'}
[2.573485] (straight_line) StdoutLine: {'line': b'Installing straight_line_server script to /home/cc/ee106a/fa26/class/ee106a-aej/ros_workspaces/lab3/install/straight_line/lib/straight_line\n'}
[2.577435] (straight_line) StdoutLine: {'line': b"writing list of installed files to '/home/cc/ee106a/fa26/class/ee106a-aej/ros_workspaces/lab3/build/straight_line/install.log'\n"}
[2.592925] (straight_line) CommandEnded: {'returncode': 0}
[2.616365] (-) TimerEvent: {}
[2.640114] (straight_line) JobEnded: {'identifier': 'straight_line', 'rc': 0}
[2.646048] (-) EventReactorShutdown: {}
