[0.863s] Invoking command in '/home/cc/ee106a/fa26/class/ee106a-aej/ros_workspaces/lab3/src/straight_line': AMENT_PREFIX_PATH=/home/cc/ee106a/fa26/class/ee106a-aej/ros_workspaces/lab3/install/straight_line_interface:${AMENT_PREFIX_PATH} CMAKE_PREFIX_PATH=/home/cc/ee106a/fa26/class/ee106a-aej/ros_workspaces/lab3/install/straight_line_interface LD_LIBRARY_PATH=/home/cc/ee106a/fa26/class/ee106a-aej/ros_workspaces/lab3/install/straight_line_interface/lib:${LD_LIBRARY_PATH} PYTHONPATH=/home/cc/ee106a/fa26/class/ee106a-aej/ros_workspaces/lab3/build/straight_line/prefix_override:/usr/lib/python3/dist-packages/colcon_core/task/python/colcon_distutils_commands:/home/cc/ee106a/fa26/class/ee106a-aej/ros_workspaces/lab3/install/straight_line/lib/python3.10/site-packages:/home/cc/ee106a/fa26/class/ee106a-aej/ros_workspaces/lab3/install/straight_line_interface/local/lib/python3.10/dist-packages:${PYTHONPATH} /usr/bin/python3 -W ignore:setup.py install is deprecated -W ignore:easy_install command is deprecated setup.py egg_info --egg-base ../../build/straight_line build --build-base /home/cc/ee106a/fa26/class/ee106a-aej/ros_workspaces/lab3/build/straight_line/build install --record /home/cc/ee106a/fa26/class/ee106a-aej/ros_workspaces/lab3/build/straight_line/install.log --install-scripts $base/lib/straight_line --single-version-externally-managed install_data
[1.120s] running egg_info
[1.122s] writing ../../build/straight_line/straight_line.egg-info/PKG-INFO
[1.126s] writing dependency_links to ../../build/straight_line/straight_line.egg-info/dependency_links.txt
[1.130s] writing entry points to ../../build/straight_line/straight_line.egg-info/entry_points.txt
[1.133s] writing requirements to ../../build/straight_line/straight_line.egg-info/requires.txt
[1.136s] writing top-level names to ../../build/straight_line/straight_line.egg-info/top_level.txt
[1.145s] reading manifest file '../../build/straight_line/straight_line.egg-info/SOURCES.txt'
[1.147s] adding license file 'LICENSE'
[1.147s] writing manifest file '../../build/straight_line/straight_line.egg-info/SOURCES.txt'
[1.149s] running build
[1.150s] running build_py
[1.153s] running install
[1.153s] running install_lib
[1.158s] running install_data
[1.160s] running install_egg_info
[1.165s] removing '/home/cc/ee106a/fa26/class/ee106a-aej/ros_workspaces/lab3/install/straight_line/lib/python3.10/site-packages/straight_line-0.0.0-py3.10.egg-info' (and everything under it)
[1.176s] Copying ../../build/straight_line/straight_line.egg-info to /home/cc/ee106a/fa26/class/ee106a-aej/ros_workspaces/lab3/install/straight_line/lib/python3.10/site-packages/straight_line-0.0.0-py3.10.egg-info
[1.214s] running install_scripts
[1.254s] Installing straight_line_server script to /home/cc/ee106a/fa26/class/ee106a-aej/ros_workspaces/lab3/install/straight_line/lib/straight_line
[1.258s] writing list of installed files to '/home/cc/ee106a/fa26/class/ee106a-aej/ros_workspaces/lab3/build/straight_line/install.log'
[1.276s] Invoked command in '/home/cc/ee106a/fa26/class/ee106a-aej/ros_workspaces/lab3/src/straight_line' returned '0': AMENT_PREFIX_PATH=/home/cc/ee106a/fa26/class/ee106a-aej/ros_workspaces/lab3/install/straight_line_interface:${AMENT_PREFIX_PATH} CMAKE_PREFIX_PATH=/home/cc/ee106a/fa26/class/ee106a-aej/ros_workspaces/lab3/install/straight_line_interface LD_LIBRARY_PATH=/home/cc/ee106a/fa26/class/ee106a-aej/ros_workspaces/lab3/install/straight_line_interface/lib:${LD_LIBRARY_PATH} PYTHONPATH=/home/cc/ee106a/fa26/class/ee106a-aej/ros_workspaces/lab3/build/straight_line/prefix_override:/usr/lib/python3/dist-packages/colcon_core/task/python/colcon_distutils_commands:/home/cc/ee106a/fa26/class/ee106a-aej/ros_workspaces/lab3/install/straight_line/lib/python3.10/site-packages:/home/cc/ee106a/fa26/class/ee106a-aej/ros_workspaces/lab3/install/straight_line_interface/local/lib/python3.10/dist-packages:${PYTHONPATH} /usr/bin/python3 -W ignore:setup.py install is deprecated -W ignore:easy_install command is deprecated setup.py egg_info --egg-base ../../build/straight_line build --build-base /home/cc/ee106a/fa26/class/ee106a-aej/ros_workspaces/lab3/build/straight_line/build install --record /home/cc/ee106a/fa26/class/ee106a-aej/ros_workspaces/lab3/build/straight_line/install.log --install-scripts $base/lib/straight_line --single-version-externally-managed install_data
