[0.863s] Invoking command in '/home/cc/ee106a/fa26/class/ee106a-aej/ros_workspaces/lab3/build/straight_line': PYTHONPATH=/home/cc/ee106a/fa26/class/ee106a-aej/ros_workspaces/lab3/build/straight_line/prefix_override:/usr/lib/python3/dist-packages/colcon_core/task/python/colcon_distutils_commands:/home/cc/ee106a/fa26/class/ee106a-aej/ros_workspaces/lab3/install/straight_line/lib/python3.10/site-packages:${PYTHONPATH} /usr/bin/python3 -W ignore:setup.py install is deprecated -W ignore:easy_install command is deprecated setup.py develop --editable --build-directory /home/cc/ee106a/fa26/class/ee106a-aej/ros_workspaces/lab3/build/straight_line/build --no-deps symlink_data
[1.083s] running develop
[1.221s] running egg_info
[1.222s] creating straight_line.egg-info
[1.224s] writing straight_line.egg-info/PKG-INFO
[1.230s] writing dependency_links to straight_line.egg-info/dependency_links.txt
[1.234s] writing entry points to straight_line.egg-info/entry_points.txt
[1.237s] writing requirements to straight_line.egg-info/requires.txt
[1.239s] writing top-level names to straight_line.egg-info/top_level.txt
[1.243s] writing manifest file 'straight_line.egg-info/SOURCES.txt'
[1.248s] reading manifest file 'straight_line.egg-info/SOURCES.txt'
[1.249s] writing manifest file 'straight_line.egg-info/SOURCES.txt'
[1.252s] running build_ext
[1.252s] Creating /home/cc/ee106a/fa26/class/ee106a-aej/ros_workspaces/lab3/install/straight_line/lib/python3.10/site-packages/straight-line.egg-link (link to .)
[1.254s] Installing straight_line_server script to /home/cc/ee106a/fa26/class/ee106a-aej/ros_workspaces/lab3/install/straight_line/lib/straight_line
[1.260s] 
[1.260s] Installed /home/cc/ee106a/fa26/class/ee106a-aej/ros_workspaces/lab3/build/straight_line
[1.260s] running symlink_data
[1.261s] creating /home/cc/ee106a/fa26/class/ee106a-aej/ros_workspaces/lab3/install/straight_line/share/ament_index
[1.261s] creating /home/cc/ee106a/fa26/class/ee106a-aej/ros_workspaces/lab3/install/straight_line/share/ament_index/resource_index
[1.262s] creating /home/cc/ee106a/fa26/class/ee106a-aej/ros_workspaces/lab3/install/straight_line/share/ament_index/resource_index/packages
[1.264s] symbolically linking /home/cc/ee106a/fa26/class/ee106a-aej/ros_workspaces/lab3/build/straight_line/resource/straight_line -> /home/cc/ee106a/fa26/class/ee106a-aej/ros_workspaces/lab3/install/straight_line/share/ament_index/resource_index/packages
[1.266s] symbolically linking /home/cc/ee106a/fa26/class/ee106a-aej/ros_workspaces/lab3/build/straight_line/package.xml -> /home/cc/ee106a/fa26/class/ee106a-aej/ros_workspaces/lab3/install/straight_line/share/straight_line
[1.285s] Invoked command in '/home/cc/ee106a/fa26/class/ee106a-aej/ros_workspaces/lab3/build/straight_line' returned '0': PYTHONPATH=/home/cc/ee106a/fa26/class/ee106a-aej/ros_workspaces/lab3/build/straight_line/prefix_override:/usr/lib/python3/dist-packages/colcon_core/task/python/colcon_distutils_commands:/home/cc/ee106a/fa26/class/ee106a-aej/ros_workspaces/lab3/install/straight_line/lib/python3.10/site-packages:${PYTHONPATH} /usr/bin/python3 -W ignore:setup.py install is deprecated -W ignore:easy_install command is deprecated setup.py develop --editable --build-directory /home/cc/ee106a/fa26/class/ee106a-aej/ros_workspaces/lab3/build/straight_line/build --no-deps symlink_data
