[7.039s] Invoking command in '/home/cc/ee106a/fa26/class/ee106a-aej/ros_workspaces/lab2/src/turtle_patrol': PYTHONPATH=/home/cc/ee106a/fa26/class/ee106a-aej/ros_workspaces/lab2/build/turtle_patrol/prefix_override:/usr/lib/python3/dist-packages/colcon_core/task/python/colcon_distutils_commands:/home/cc/ee106a/fa26/class/ee106a-aej/ros_workspaces/lab2/install/turtle_patrol/lib/python3.10/site-packages:${PYTHONPATH} /usr/bin/python3 -W ignore:setup.py install is deprecated -W ignore:easy_install command is deprecated setup.py egg_info --egg-base ../../build/turtle_patrol build --build-base /home/cc/ee106a/fa26/class/ee106a-aej/ros_workspaces/lab2/build/turtle_patrol/build install --record /home/cc/ee106a/fa26/class/ee106a-aej/ros_workspaces/lab2/build/turtle_patrol/install.log --install-scripts $base/lib/turtle_patrol --single-version-externally-managed install_data
[8.837s] running egg_info
[8.839s] writing ../../build/turtle_patrol/turtle_patrol.egg-info/PKG-INFO
[8.847s] writing dependency_links to ../../build/turtle_patrol/turtle_patrol.egg-info/dependency_links.txt
[8.855s] writing entry points to ../../build/turtle_patrol/turtle_patrol.egg-info/entry_points.txt
[8.864s] writing requirements to ../../build/turtle_patrol/turtle_patrol.egg-info/requires.txt
[8.867s] writing top-level names to ../../build/turtle_patrol/turtle_patrol.egg-info/top_level.txt
[8.889s] reading manifest file '../../build/turtle_patrol/turtle_patrol.egg-info/SOURCES.txt'
[8.896s] writing manifest file '../../build/turtle_patrol/turtle_patrol.egg-info/SOURCES.txt'
[8.902s] running build
[8.902s] running build_py
[8.905s] copying turtle_patrol/multi_patrol_server.py -> /home/cc/ee106a/fa26/class/ee106a-aej/ros_workspaces/lab2/build/turtle_patrol/build/lib/turtle_patrol
[8.916s] running install
[8.918s] running install_lib
[8.927s] copying /home/cc/ee106a/fa26/class/ee106a-aej/ros_workspaces/lab2/build/turtle_patrol/build/lib/turtle_patrol/multi_patrol_server.py -> /home/cc/ee106a/fa26/class/ee106a-aej/ros_workspaces/lab2/install/turtle_patrol/lib/python3.10/site-packages/turtle_patrol
[8.943s] byte-compiling /home/cc/ee106a/fa26/class/ee106a-aej/ros_workspaces/lab2/install/turtle_patrol/lib/python3.10/site-packages/turtle_patrol/multi_patrol_server.py to multi_patrol_server.cpython-310.pyc
[8.959s] running install_data
[8.963s] running install_egg_info
[8.973s] removing '/home/cc/ee106a/fa26/class/ee106a-aej/ros_workspaces/lab2/install/turtle_patrol/lib/python3.10/site-packages/turtle_patrol-0.0.0-py3.10.egg-info' (and everything under it)
[8.989s] Copying ../../build/turtle_patrol/turtle_patrol.egg-info to /home/cc/ee106a/fa26/class/ee106a-aej/ros_workspaces/lab2/install/turtle_patrol/lib/python3.10/site-packages/turtle_patrol-0.0.0-py3.10.egg-info
[9.054s] running install_scripts
[9.152s] Installing multi_patrol_client script to /home/cc/ee106a/fa26/class/ee106a-aej/ros_workspaces/lab2/install/turtle_patrol/lib/turtle_patrol
[9.157s] Installing multi_patrol_server script to /home/cc/ee106a/fa26/class/ee106a-aej/ros_workspaces/lab2/install/turtle_patrol/lib/turtle_patrol
[9.164s] Installing patrol_client script to /home/cc/ee106a/fa26/class/ee106a-aej/ros_workspaces/lab2/install/turtle_patrol/lib/turtle_patrol
[9.169s] Installing patrol_server script to /home/cc/ee106a/fa26/class/ee106a-aej/ros_workspaces/lab2/install/turtle_patrol/lib/turtle_patrol
[9.175s] writing list of installed files to '/home/cc/ee106a/fa26/class/ee106a-aej/ros_workspaces/lab2/build/turtle_patrol/install.log'
[9.257s] Invoked command in '/home/cc/ee106a/fa26/class/ee106a-aej/ros_workspaces/lab2/src/turtle_patrol' returned '0': PYTHONPATH=/home/cc/ee106a/fa26/class/ee106a-aej/ros_workspaces/lab2/build/turtle_patrol/prefix_override:/usr/lib/python3/dist-packages/colcon_core/task/python/colcon_distutils_commands:/home/cc/ee106a/fa26/class/ee106a-aej/ros_workspaces/lab2/install/turtle_patrol/lib/python3.10/site-packages:${PYTHONPATH} /usr/bin/python3 -W ignore:setup.py install is deprecated -W ignore:easy_install command is deprecated setup.py egg_info --egg-base ../../build/turtle_patrol build --build-base /home/cc/ee106a/fa26/class/ee106a-aej/ros_workspaces/lab2/build/turtle_patrol/build install --record /home/cc/ee106a/fa26/class/ee106a-aej/ros_workspaces/lab2/build/turtle_patrol/install.log --install-scripts $base/lib/turtle_patrol --single-version-externally-managed install_data
