[0.261s] Invoking command in '/home/user/ros_workspaces/lab1/build/my_chatter_msgs': CMAKE_PREFIX_PATH=/opt/ros/humble _=/usr/bin/env /usr/bin/cmake /home/user/ros_workspaces/lab1/src/my_chatter_msgs -DCMAKE_INSTALL_PREFIX=/home/user/ros_workspaces/lab1/install/my_chatter_msgs
[5.979s] -- The C compiler identification is GNU 11.4.0
[7.914s] -- The CXX compiler identification is GNU 11.4.0
[7.931s] -- Detecting C compiler ABI info
[8.207s] -- Detecting C compiler ABI info - done
[8.218s] -- Check for working C compiler: /usr/bin/cc - skipped
[8.218s] -- Detecting C compile features
[8.295s] -- Detecting C compile features - done
[8.300s] -- Detecting CXX compiler ABI info
[8.466s] -- Detecting CXX compiler ABI info - done
[8.473s] -- Check for working CXX compiler: /usr/bin/c++ - skipped
[8.473s] -- Detecting CXX compile features
[8.474s] -- Detecting CXX compile features - done
[8.485s] -- Found ament_cmake: 1.3.12 (/opt/ros/humble/share/ament_cmake/cmake)
[9.266s] -- Found Python3: /usr/bin/python3 (found version "3.10.12") found components: Interpreter 
[9.462s] -- Found rosidl_default_generators: 1.2.0 (/opt/ros/humble/share/rosidl_default_generators/cmake)
[9.475s] -- Using all available rosidl_typesupport_c: rosidl_typesupport_fastrtps_c;rosidl_typesupport_introspection_c
[9.497s] -- Found rosidl_adapter: 3.1.7 (/opt/ros/humble/share/rosidl_adapter/cmake)
[10.134s] -- Using all available rosidl_typesupport_cpp: rosidl_typesupport_fastrtps_cpp;rosidl_typesupport_introspection_cpp
[10.842s] -- Found ament_cmake_ros: 0.10.0 (/opt/ros/humble/share/ament_cmake_ros/cmake)
[11.064s] -- Using all available rosidl_typesupport_c: rosidl_typesupport_fastrtps_c;rosidl_typesupport_introspection_c
[11.508s] -- Using all available rosidl_typesupport_cpp: rosidl_typesupport_fastrtps_cpp;rosidl_typesupport_introspection_cpp
[11.539s] -- Found PythonInterp: /usr/bin/python3 (found suitable version "3.10.12", minimum required is "3.6") 
[11.545s] -- Found python_cmake_module: 0.10.0 (/opt/ros/humble/share/python_cmake_module/cmake)
[11.823s] -- Found PythonLibs: /usr/lib/x86_64-linux-gnu/libpython3.10.so (found suitable version "3.10.12", minimum required is "3.5") 
[11.823s] -- Using PYTHON_EXECUTABLE: /usr/bin/python3
[11.823s] -- Using PYTHON_INCLUDE_DIRS: /usr/include/python3.10
[11.823s] -- Using PYTHON_LIBRARIES: /usr/lib/x86_64-linux-gnu/libpython3.10.so
[11.853s] -- Found PythonExtra: .so  
[12.127s] -- Using numpy include directory: /usr/local/lib/python3.10/dist-packages/numpy/_core/include
[12.137s] -- Found rosidl_default_runtime: 1.2.0 (/opt/ros/humble/share/rosidl_default_runtime/cmake)
[12.149s] -- Found ament_lint_auto: 0.12.14 (/opt/ros/humble/share/ament_lint_auto/cmake)
[12.212s] -- Added test 'lint_cmake' to check CMake code style
[12.215s] -- Added test 'xmllint' to check XML markup files
[12.219s] -- Configuring done
[12.254s] -- Generating done
[12.265s] -- Build files have been written to: /home/user/ros_workspaces/lab1/build/my_chatter_msgs
[12.274s] Invoked command in '/home/user/ros_workspaces/lab1/build/my_chatter_msgs' returned '0': CMAKE_PREFIX_PATH=/opt/ros/humble _=/usr/bin/env /usr/bin/cmake /home/user/ros_workspaces/lab1/src/my_chatter_msgs -DCMAKE_INSTALL_PREFIX=/home/user/ros_workspaces/lab1/install/my_chatter_msgs
[12.278s] Invoking command in '/home/user/ros_workspaces/lab1/build/my_chatter_msgs': CMAKE_PREFIX_PATH=/opt/ros/humble _=/usr/bin/env /usr/bin/cmake --build /home/user/ros_workspaces/lab1/build/my_chatter_msgs -- -j8 -l8
[12.317s] [  3%] [34m[1mGenerating C code for ROS interfaces[0m
[12.333s] [  6%] [34m[1mGenerating C++ code for ROS interfaces[0m
[12.338s] [  6%] Built target ament_cmake_python_copy_my_chatter_msgs
[12.713s] running egg_info
[12.738s] creating my_chatter_msgs.egg-info
[12.738s] writing my_chatter_msgs.egg-info/PKG-INFO
[12.739s] writing dependency_links to my_chatter_msgs.egg-info/dependency_links.txt
[12.739s] writing top-level names to my_chatter_msgs.egg-info/top_level.txt
[12.739s] writing manifest file 'my_chatter_msgs.egg-info/SOURCES.txt'
[12.834s] reading manifest file 'my_chatter_msgs.egg-info/SOURCES.txt'
[12.835s] writing manifest file 'my_chatter_msgs.egg-info/SOURCES.txt'
[12.836s] [  6%] Built target my_chatter_msgs__cpp
[12.846s] [  9%] [34m[1mGenerating C++ introspection for ROS interfaces[0m
[12.847s] [ 12%] [34m[1mGenerating C++ type support for eProsima Fast-RTPS[0m
[12.899s] [ 16%] [34m[1mGenerating C++ type support dispatch for ROS interfaces[0m
[12.914s] [ 16%] Built target ament_cmake_python_build_my_chatter_msgs_egg
[12.931s] [ 19%] [32mBuilding C object CMakeFiles/my_chatter_msgs__rosidl_generator_c.dir/rosidl_generator_c/my_chatter_msgs/msg/detail/timestamp_string__functions.c.o[0m
[13.331s] [ 22%] [32mBuilding CXX object CMakeFiles/my_chatter_msgs__rosidl_typesupport_cpp.dir/rosidl_typesupport_cpp/my_chatter_msgs/msg/timestamp_string__type_support.cpp.o[0m
[13.401s] [ 25%] [32mBuilding CXX object CMakeFiles/my_chatter_msgs__rosidl_typesupport_fastrtps_cpp.dir/rosidl_typesupport_fastrtps_cpp/my_chatter_msgs/msg/detail/dds_fastrtps/timestamp_string__type_support.cpp.o[0m
[13.408s] [ 29%] [32mBuilding CXX object CMakeFiles/my_chatter_msgs__rosidl_typesupport_introspection_cpp.dir/rosidl_typesupport_introspection_cpp/my_chatter_msgs/msg/detail/timestamp_string__type_support.cpp.o[0m
[14.475s] [ 32%] [32m[1mLinking C shared library libmy_chatter_msgs__rosidl_generator_c.so[0m
[14.515s] [ 32%] Built target my_chatter_msgs__rosidl_generator_c
[14.525s] [ 35%] [34m[1mGenerating C type support for eProsima Fast-RTPS[0m
[14.529s] [ 38%] [34m[1mGenerating C type support dispatch for ROS interfaces[0m
[14.529s] [ 41%] [34m[1mGenerating C introspection for ROS interfaces[0m
[14.920s] [ 45%] [32mBuilding CXX object CMakeFiles/my_chatter_msgs__rosidl_typesupport_c.dir/rosidl_typesupport_c/my_chatter_msgs/msg/timestamp_string__type_support.cpp.o[0m
[14.959s] [ 48%] [32mBuilding C object CMakeFiles/my_chatter_msgs__rosidl_typesupport_introspection_c.dir/rosidl_typesupport_introspection_c/my_chatter_msgs/msg/detail/timestamp_string__type_support.c.o[0m
[14.984s] [ 51%] [32mBuilding CXX object CMakeFiles/my_chatter_msgs__rosidl_typesupport_fastrtps_c.dir/rosidl_typesupport_fastrtps_c/my_chatter_msgs/msg/detail/timestamp_string__type_support_c.cpp.o[0m
[15.073s] [ 54%] [32m[1mLinking C shared library libmy_chatter_msgs__rosidl_typesupport_introspection_c.so[0m
[15.100s] [ 54%] Built target my_chatter_msgs__rosidl_typesupport_introspection_c
[15.262s] [ 58%] [32m[1mLinking CXX shared library libmy_chatter_msgs__rosidl_typesupport_c.so[0m
[15.304s] [ 58%] Built target my_chatter_msgs__rosidl_typesupport_c
[16.004s] [ 61%] [32m[1mLinking CXX shared library libmy_chatter_msgs__rosidl_typesupport_cpp.so[0m
[16.105s] [ 61%] Built target my_chatter_msgs__rosidl_typesupport_cpp
[16.224s] [ 64%] [32m[1mLinking CXX shared library libmy_chatter_msgs__rosidl_typesupport_introspection_cpp.so[0m
[16.258s] [ 67%] [32m[1mLinking CXX shared library libmy_chatter_msgs__rosidl_typesupport_fastrtps_c.so[0m
[16.331s] [ 67%] Built target my_chatter_msgs__rosidl_typesupport_introspection_cpp
[16.340s] [ 70%] [32m[1mLinking CXX shared library libmy_chatter_msgs__rosidl_typesupport_fastrtps_cpp.so[0m
[16.368s] [ 70%] Built target my_chatter_msgs__rosidl_typesupport_fastrtps_c
[16.426s] [ 70%] Built target my_chatter_msgs__rosidl_typesupport_fastrtps_cpp
[16.446s] [ 70%] Built target my_chatter_msgs
[16.467s] [ 74%] [34m[1mGenerating Python code for ROS interfaces[0m
[16.877s] [ 74%] Built target my_chatter_msgs__py
[16.894s] [ 77%] [32mBuilding C object CMakeFiles/my_chatter_msgs__rosidl_generator_py.dir/rosidl_generator_py/my_chatter_msgs/msg/_timestamp_string_s.c.o[0m
[21.259s] [ 80%] [32m[1mLinking C shared library rosidl_generator_py/my_chatter_msgs/libmy_chatter_msgs__rosidl_generator_py.so[0m
[21.302s] [ 80%] Built target my_chatter_msgs__rosidl_generator_py
[21.326s] [ 83%] [32mBuilding C object CMakeFiles/my_chatter_msgs__rosidl_typesupport_fastrtps_c__pyext.dir/rosidl_generator_py/my_chatter_msgs/_my_chatter_msgs_s.ep.rosidl_typesupport_fastrtps_c.c.o[0m
[21.332s] [ 87%] [32mBuilding C object CMakeFiles/my_chatter_msgs__rosidl_typesupport_c__pyext.dir/rosidl_generator_py/my_chatter_msgs/_my_chatter_msgs_s.ep.rosidl_typesupport_c.c.o[0m
[21.334s] [ 90%] [32mBuilding C object CMakeFiles/my_chatter_msgs__rosidl_typesupport_introspection_c__pyext.dir/rosidl_generator_py/my_chatter_msgs/_my_chatter_msgs_s.ep.rosidl_typesupport_introspection_c.c.o[0m
[21.499s] [ 93%] [32m[1mLinking C shared library rosidl_generator_py/my_chatter_msgs/my_chatter_msgs_s__rosidl_typesupport_c.cpython-310-x86_64-linux-gnu.so[0m
[21.506s] [ 96%] [32m[1mLinking C shared library rosidl_generator_py/my_chatter_msgs/my_chatter_msgs_s__rosidl_typesupport_fastrtps_c.cpython-310-x86_64-linux-gnu.so[0m
[21.541s] [100%] [32m[1mLinking C shared library rosidl_generator_py/my_chatter_msgs/my_chatter_msgs_s__rosidl_typesupport_introspection_c.cpython-310-x86_64-linux-gnu.so[0m
[21.545s] [100%] Built target my_chatter_msgs__rosidl_typesupport_c__pyext
[21.552s] [100%] Built target my_chatter_msgs__rosidl_typesupport_fastrtps_c__pyext
[21.576s] [100%] Built target my_chatter_msgs__rosidl_typesupport_introspection_c__pyext
[21.585s] Invoked command in '/home/user/ros_workspaces/lab1/build/my_chatter_msgs' returned '0': CMAKE_PREFIX_PATH=/opt/ros/humble _=/usr/bin/env /usr/bin/cmake --build /home/user/ros_workspaces/lab1/build/my_chatter_msgs -- -j8 -l8
[21.594s] Invoking command in '/home/user/ros_workspaces/lab1/build/my_chatter_msgs': CMAKE_PREFIX_PATH=/opt/ros/humble _=/usr/bin/env /usr/bin/cmake --install /home/user/ros_workspaces/lab1/build/my_chatter_msgs
[21.601s] -- Install configuration: ""
[21.601s] -- Installing: /home/user/ros_workspaces/lab1/install/my_chatter_msgs/share/ament_index/resource_index/rosidl_interfaces/my_chatter_msgs
[21.601s] -- Installing: /home/user/ros_workspaces/lab1/install/my_chatter_msgs/include/my_chatter_msgs/my_chatter_msgs
[21.601s] -- Installing: /home/user/ros_workspaces/lab1/install/my_chatter_msgs/include/my_chatter_msgs/my_chatter_msgs/msg
[21.601s] -- Installing: /home/user/ros_workspaces/lab1/install/my_chatter_msgs/include/my_chatter_msgs/my_chatter_msgs/msg/detail
[21.601s] -- Installing: /home/user/ros_workspaces/lab1/install/my_chatter_msgs/include/my_chatter_msgs/my_chatter_msgs/msg/detail/timestamp_string__struct.h
[21.601s] -- Installing: /home/user/ros_workspaces/lab1/install/my_chatter_msgs/include/my_chatter_msgs/my_chatter_msgs/msg/detail/timestamp_string__type_support.h
[21.601s] -- Installing: /home/user/ros_workspaces/lab1/install/my_chatter_msgs/include/my_chatter_msgs/my_chatter_msgs/msg/detail/timestamp_string__functions.h
[21.602s] -- Installing: /home/user/ros_workspaces/lab1/install/my_chatter_msgs/include/my_chatter_msgs/my_chatter_msgs/msg/detail/timestamp_string__functions.c
[21.602s] -- Installing: /home/user/ros_workspaces/lab1/install/my_chatter_msgs/include/my_chatter_msgs/my_chatter_msgs/msg/timestamp_string.h
[21.602s] -- Installing: /home/user/ros_workspaces/lab1/install/my_chatter_msgs/include/my_chatter_msgs/my_chatter_msgs/msg/rosidl_generator_c__visibility_control.h
[21.602s] -- Installing: /home/user/ros_workspaces/lab1/install/my_chatter_msgs/share/my_chatter_msgs/environment/library_path.sh
[21.602s] -- Installing: /home/user/ros_workspaces/lab1/install/my_chatter_msgs/share/my_chatter_msgs/environment/library_path.dsv
[21.602s] -- Installing: /home/user/ros_workspaces/lab1/install/my_chatter_msgs/lib/libmy_chatter_msgs__rosidl_generator_c.so
[21.603s] -- Set runtime path of "/home/user/ros_workspaces/lab1/install/my_chatter_msgs/lib/libmy_chatter_msgs__rosidl_generator_c.so" to ""
[21.603s] -- Up-to-date: /home/user/ros_workspaces/lab1/install/my_chatter_msgs/include/my_chatter_msgs/my_chatter_msgs
[21.603s] -- Up-to-date: /home/user/ros_workspaces/lab1/install/my_chatter_msgs/include/my_chatter_msgs/my_chatter_msgs/msg
[21.603s] -- Up-to-date: /home/user/ros_workspaces/lab1/install/my_chatter_msgs/include/my_chatter_msgs/my_chatter_msgs/msg/detail
[21.603s] -- Installing: /home/user/ros_workspaces/lab1/install/my_chatter_msgs/include/my_chatter_msgs/my_chatter_msgs/msg/detail/timestamp_string__rosidl_typesupport_fastrtps_c.h
[21.603s] -- Installing: /home/user/ros_workspaces/lab1/install/my_chatter_msgs/include/my_chatter_msgs/my_chatter_msgs/msg/rosidl_typesupport_fastrtps_c__visibility_control.h
[21.603s] -- Installing: /home/user/ros_workspaces/lab1/install/my_chatter_msgs/lib/libmy_chatter_msgs__rosidl_typesupport_fastrtps_c.so
[21.604s] -- Set runtime path of "/home/user/ros_workspaces/lab1/install/my_chatter_msgs/lib/libmy_chatter_msgs__rosidl_typesupport_fastrtps_c.so" to ""
[21.604s] -- Up-to-date: /home/user/ros_workspaces/lab1/install/my_chatter_msgs/include/my_chatter_msgs/my_chatter_msgs
[21.604s] -- Up-to-date: /home/user/ros_workspaces/lab1/install/my_chatter_msgs/include/my_chatter_msgs/my_chatter_msgs/msg
[21.604s] -- Up-to-date: /home/user/ros_workspaces/lab1/install/my_chatter_msgs/include/my_chatter_msgs/my_chatter_msgs/msg/detail
[21.604s] -- Installing: /home/user/ros_workspaces/lab1/install/my_chatter_msgs/include/my_chatter_msgs/my_chatter_msgs/msg/detail/timestamp_string__rosidl_typesupport_introspection_c.h
[21.604s] -- Installing: /home/user/ros_workspaces/lab1/install/my_chatter_msgs/include/my_chatter_msgs/my_chatter_msgs/msg/detail/timestamp_string__type_support.c
[21.604s] -- Installing: /home/user/ros_workspaces/lab1/install/my_chatter_msgs/include/my_chatter_msgs/my_chatter_msgs/msg/rosidl_typesupport_introspection_c__visibility_control.h
[21.604s] -- Installing: /home/user/ros_workspaces/lab1/install/my_chatter_msgs/lib/libmy_chatter_msgs__rosidl_typesupport_introspection_c.so
[21.605s] -- Set runtime path of "/home/user/ros_workspaces/lab1/install/my_chatter_msgs/lib/libmy_chatter_msgs__rosidl_typesupport_introspection_c.so" to ""
[21.605s] -- Installing: /home/user/ros_workspaces/lab1/install/my_chatter_msgs/lib/libmy_chatter_msgs__rosidl_typesupport_c.so
[21.605s] -- Set runtime path of "/home/user/ros_workspaces/lab1/install/my_chatter_msgs/lib/libmy_chatter_msgs__rosidl_typesupport_c.so" to ""
[21.606s] -- Up-to-date: /home/user/ros_workspaces/lab1/install/my_chatter_msgs/include/my_chatter_msgs/my_chatter_msgs
[21.606s] -- Up-to-date: /home/user/ros_workspaces/lab1/install/my_chatter_msgs/include/my_chatter_msgs/my_chatter_msgs/msg
[21.606s] -- Up-to-date: /home/user/ros_workspaces/lab1/install/my_chatter_msgs/include/my_chatter_msgs/my_chatter_msgs/msg/detail
[21.606s] -- Installing: /home/user/ros_workspaces/lab1/install/my_chatter_msgs/include/my_chatter_msgs/my_chatter_msgs/msg/detail/timestamp_string__builder.hpp
[21.606s] -- Installing: /home/user/ros_workspaces/lab1/install/my_chatter_msgs/include/my_chatter_msgs/my_chatter_msgs/msg/detail/timestamp_string__traits.hpp
[21.606s] -- Installing: /home/user/ros_workspaces/lab1/install/my_chatter_msgs/include/my_chatter_msgs/my_chatter_msgs/msg/detail/timestamp_string__struct.hpp
[21.606s] -- Installing: /home/user/ros_workspaces/lab1/install/my_chatter_msgs/include/my_chatter_msgs/my_chatter_msgs/msg/detail/timestamp_string__type_support.hpp
[21.606s] -- Installing: /home/user/ros_workspaces/lab1/install/my_chatter_msgs/include/my_chatter_msgs/my_chatter_msgs/msg/timestamp_string.hpp
[21.606s] -- Installing: /home/user/ros_workspaces/lab1/install/my_chatter_msgs/include/my_chatter_msgs/my_chatter_msgs/msg/rosidl_generator_cpp__visibility_control.hpp
[21.607s] -- Up-to-date: /home/user/ros_workspaces/lab1/install/my_chatter_msgs/include/my_chatter_msgs/my_chatter_msgs
[21.607s] -- Up-to-date: /home/user/ros_workspaces/lab1/install/my_chatter_msgs/include/my_chatter_msgs/my_chatter_msgs/msg
[21.607s] -- Up-to-date: /home/user/ros_workspaces/lab1/install/my_chatter_msgs/include/my_chatter_msgs/my_chatter_msgs/msg/detail
[21.607s] -- Installing: /home/user/ros_workspaces/lab1/install/my_chatter_msgs/include/my_chatter_msgs/my_chatter_msgs/msg/detail/timestamp_string__rosidl_typesupport_fastrtps_cpp.hpp
[21.607s] -- Installing: /home/user/ros_workspaces/lab1/install/my_chatter_msgs/include/my_chatter_msgs/my_chatter_msgs/msg/detail/dds_fastrtps
[21.607s] -- Installing: /home/user/ros_workspaces/lab1/install/my_chatter_msgs/include/my_chatter_msgs/my_chatter_msgs/msg/rosidl_typesupport_fastrtps_cpp__visibility_control.h
[21.607s] -- Installing: /home/user/ros_workspaces/lab1/install/my_chatter_msgs/lib/libmy_chatter_msgs__rosidl_typesupport_fastrtps_cpp.so
[21.607s] -- Set runtime path of "/home/user/ros_workspaces/lab1/install/my_chatter_msgs/lib/libmy_chatter_msgs__rosidl_typesupport_fastrtps_cpp.so" to ""
[21.608s] -- Up-to-date: /home/user/ros_workspaces/lab1/install/my_chatter_msgs/include/my_chatter_msgs/my_chatter_msgs
[21.608s] -- Up-to-date: /home/user/ros_workspaces/lab1/install/my_chatter_msgs/include/my_chatter_msgs/my_chatter_msgs/msg
[21.608s] -- Up-to-date: /home/user/ros_workspaces/lab1/install/my_chatter_msgs/include/my_chatter_msgs/my_chatter_msgs/msg/detail
[21.608s] -- Installing: /home/user/ros_workspaces/lab1/install/my_chatter_msgs/include/my_chatter_msgs/my_chatter_msgs/msg/detail/timestamp_string__type_support.cpp
[21.608s] -- Installing: /home/user/ros_workspaces/lab1/install/my_chatter_msgs/include/my_chatter_msgs/my_chatter_msgs/msg/detail/timestamp_string__rosidl_typesupport_introspection_cpp.hpp
[21.608s] -- Installing: /home/user/ros_workspaces/lab1/install/my_chatter_msgs/lib/libmy_chatter_msgs__rosidl_typesupport_introspection_cpp.so
[21.609s] -- Set runtime path of "/home/user/ros_workspaces/lab1/install/my_chatter_msgs/lib/libmy_chatter_msgs__rosidl_typesupport_introspection_cpp.so" to ""
[21.609s] -- Installing: /home/user/ros_workspaces/lab1/install/my_chatter_msgs/lib/libmy_chatter_msgs__rosidl_typesupport_cpp.so
[21.609s] -- Set runtime path of "/home/user/ros_workspaces/lab1/install/my_chatter_msgs/lib/libmy_chatter_msgs__rosidl_typesupport_cpp.so" to ""
[21.609s] -- Installing: /home/user/ros_workspaces/lab1/install/my_chatter_msgs/share/my_chatter_msgs/environment/pythonpath.sh
[21.609s] -- Installing: /home/user/ros_workspaces/lab1/install/my_chatter_msgs/share/my_chatter_msgs/environment/pythonpath.dsv
[21.610s] -- Installing: /home/user/ros_workspaces/lab1/install/my_chatter_msgs/local/lib/python3.10/dist-packages/my_chatter_msgs-0.0.0-py3.10.egg-info
[21.610s] -- Installing: /home/user/ros_workspaces/lab1/install/my_chatter_msgs/local/lib/python3.10/dist-packages/my_chatter_msgs-0.0.0-py3.10.egg-info/PKG-INFO
[21.610s] -- Installing: /home/user/ros_workspaces/lab1/install/my_chatter_msgs/local/lib/python3.10/dist-packages/my_chatter_msgs-0.0.0-py3.10.egg-info/top_level.txt
[21.610s] -- Installing: /home/user/ros_workspaces/lab1/install/my_chatter_msgs/local/lib/python3.10/dist-packages/my_chatter_msgs-0.0.0-py3.10.egg-info/SOURCES.txt
[21.610s] -- Installing: /home/user/ros_workspaces/lab1/install/my_chatter_msgs/local/lib/python3.10/dist-packages/my_chatter_msgs-0.0.0-py3.10.egg-info/dependency_links.txt
[21.610s] -- Installing: /home/user/ros_workspaces/lab1/install/my_chatter_msgs/local/lib/python3.10/dist-packages/my_chatter_msgs
[21.611s] -- Installing: /home/user/ros_workspaces/lab1/install/my_chatter_msgs/local/lib/python3.10/dist-packages/my_chatter_msgs/_my_chatter_msgs_s.ep.rosidl_typesupport_fastrtps_c.c
[21.611s] -- Installing: /home/user/ros_workspaces/lab1/install/my_chatter_msgs/local/lib/python3.10/dist-packages/my_chatter_msgs/my_chatter_msgs_s__rosidl_typesupport_c.cpython-310-x86_64-linux-gnu.so
[21.611s] -- Installing: /home/user/ros_workspaces/lab1/install/my_chatter_msgs/local/lib/python3.10/dist-packages/my_chatter_msgs/my_chatter_msgs_s__rosidl_typesupport_introspection_c.cpython-310-x86_64-linux-gnu.so
[21.611s] -- Installing: /home/user/ros_workspaces/lab1/install/my_chatter_msgs/local/lib/python3.10/dist-packages/my_chatter_msgs/my_chatter_msgs_s__rosidl_typesupport_fastrtps_c.cpython-310-x86_64-linux-gnu.so
[21.611s] -- Installing: /home/user/ros_workspaces/lab1/install/my_chatter_msgs/local/lib/python3.10/dist-packages/my_chatter_msgs/_my_chatter_msgs_s.ep.rosidl_typesupport_introspection_c.c
[21.611s] -- Installing: /home/user/ros_workspaces/lab1/install/my_chatter_msgs/local/lib/python3.10/dist-packages/my_chatter_msgs/msg
[21.612s] -- Installing: /home/user/ros_workspaces/lab1/install/my_chatter_msgs/local/lib/python3.10/dist-packages/my_chatter_msgs/msg/_timestamp_string_s.c
[21.612s] -- Installing: /home/user/ros_workspaces/lab1/install/my_chatter_msgs/local/lib/python3.10/dist-packages/my_chatter_msgs/msg/_timestamp_string.py
[21.612s] -- Installing: /home/user/ros_workspaces/lab1/install/my_chatter_msgs/local/lib/python3.10/dist-packages/my_chatter_msgs/msg/__init__.py
[21.613s] -- Installing: /home/user/ros_workspaces/lab1/install/my_chatter_msgs/local/lib/python3.10/dist-packages/my_chatter_msgs/__init__.py
[21.613s] -- Installing: /home/user/ros_workspaces/lab1/install/my_chatter_msgs/local/lib/python3.10/dist-packages/my_chatter_msgs/libmy_chatter_msgs__rosidl_generator_py.so
[21.613s] -- Installing: /home/user/ros_workspaces/lab1/install/my_chatter_msgs/local/lib/python3.10/dist-packages/my_chatter_msgs/_my_chatter_msgs_s.ep.rosidl_typesupport_c.c
[21.655s] Listing '/home/user/ros_workspaces/lab1/install/my_chatter_msgs/local/lib/python3.10/dist-packages/my_chatter_msgs'...
[21.656s] Compiling '/home/user/ros_workspaces/lab1/install/my_chatter_msgs/local/lib/python3.10/dist-packages/my_chatter_msgs/__init__.py'...
[21.656s] Listing '/home/user/ros_workspaces/lab1/install/my_chatter_msgs/local/lib/python3.10/dist-packages/my_chatter_msgs/msg'...
[21.656s] Compiling '/home/user/ros_workspaces/lab1/install/my_chatter_msgs/local/lib/python3.10/dist-packages/my_chatter_msgs/msg/__init__.py'...
[21.656s] Compiling '/home/user/ros_workspaces/lab1/install/my_chatter_msgs/local/lib/python3.10/dist-packages/my_chatter_msgs/msg/_timestamp_string.py'...
[21.660s] -- Installing: /home/user/ros_workspaces/lab1/install/my_chatter_msgs/local/lib/python3.10/dist-packages/my_chatter_msgs/my_chatter_msgs_s__rosidl_typesupport_fastrtps_c.cpython-310-x86_64-linux-gnu.so
[21.660s] -- Set runtime path of "/home/user/ros_workspaces/lab1/install/my_chatter_msgs/local/lib/python3.10/dist-packages/my_chatter_msgs/my_chatter_msgs_s__rosidl_typesupport_fastrtps_c.cpython-310-x86_64-linux-gnu.so" to ""
[21.661s] -- Installing: /home/user/ros_workspaces/lab1/install/my_chatter_msgs/local/lib/python3.10/dist-packages/my_chatter_msgs/my_chatter_msgs_s__rosidl_typesupport_introspection_c.cpython-310-x86_64-linux-gnu.so
[21.661s] -- Set runtime path of "/home/user/ros_workspaces/lab1/install/my_chatter_msgs/local/lib/python3.10/dist-packages/my_chatter_msgs/my_chatter_msgs_s__rosidl_typesupport_introspection_c.cpython-310-x86_64-linux-gnu.so" to ""
[21.661s] -- Installing: /home/user/ros_workspaces/lab1/install/my_chatter_msgs/local/lib/python3.10/dist-packages/my_chatter_msgs/my_chatter_msgs_s__rosidl_typesupport_c.cpython-310-x86_64-linux-gnu.so
[21.662s] -- Set runtime path of "/home/user/ros_workspaces/lab1/install/my_chatter_msgs/local/lib/python3.10/dist-packages/my_chatter_msgs/my_chatter_msgs_s__rosidl_typesupport_c.cpython-310-x86_64-linux-gnu.so" to ""
[21.662s] -- Installing: /home/user/ros_workspaces/lab1/install/my_chatter_msgs/lib/libmy_chatter_msgs__rosidl_generator_py.so
[21.662s] -- Set runtime path of "/home/user/ros_workspaces/lab1/install/my_chatter_msgs/lib/libmy_chatter_msgs__rosidl_generator_py.so" to ""
[21.662s] -- Installing: /home/user/ros_workspaces/lab1/install/my_chatter_msgs/share/my_chatter_msgs/msg/TimestampString.idl
[21.662s] -- Installing: /home/user/ros_workspaces/lab1/install/my_chatter_msgs/share/my_chatter_msgs/msg/TimestampString.msg
[21.662s] -- Installing: /home/user/ros_workspaces/lab1/install/my_chatter_msgs/share/ament_index/resource_index/package_run_dependencies/my_chatter_msgs
[21.663s] -- Installing: /home/user/ros_workspaces/lab1/install/my_chatter_msgs/share/ament_index/resource_index/parent_prefix_path/my_chatter_msgs
[21.663s] -- Installing: /home/user/ros_workspaces/lab1/install/my_chatter_msgs/share/my_chatter_msgs/environment/ament_prefix_path.sh
[21.663s] -- Installing: /home/user/ros_workspaces/lab1/install/my_chatter_msgs/share/my_chatter_msgs/environment/ament_prefix_path.dsv
[21.663s] -- Installing: /home/user/ros_workspaces/lab1/install/my_chatter_msgs/share/my_chatter_msgs/environment/path.sh
[21.663s] -- Installing: /home/user/ros_workspaces/lab1/install/my_chatter_msgs/share/my_chatter_msgs/environment/path.dsv
[21.663s] -- Installing: /home/user/ros_workspaces/lab1/install/my_chatter_msgs/share/my_chatter_msgs/local_setup.bash
[21.663s] -- Installing: /home/user/ros_workspaces/lab1/install/my_chatter_msgs/share/my_chatter_msgs/local_setup.sh
[21.664s] -- Installing: /home/user/ros_workspaces/lab1/install/my_chatter_msgs/share/my_chatter_msgs/local_setup.zsh
[21.664s] -- Installing: /home/user/ros_workspaces/lab1/install/my_chatter_msgs/share/my_chatter_msgs/local_setup.dsv
[21.664s] -- Installing: /home/user/ros_workspaces/lab1/install/my_chatter_msgs/share/my_chatter_msgs/package.dsv
[21.664s] -- Installing: /home/user/ros_workspaces/lab1/install/my_chatter_msgs/share/ament_index/resource_index/packages/my_chatter_msgs
[21.664s] -- Installing: /home/user/ros_workspaces/lab1/install/my_chatter_msgs/share/my_chatter_msgs/cmake/export_my_chatter_msgs__rosidl_generator_cExport.cmake
[21.665s] -- Installing: /home/user/ros_workspaces/lab1/install/my_chatter_msgs/share/my_chatter_msgs/cmake/export_my_chatter_msgs__rosidl_generator_cExport-noconfig.cmake
[21.665s] -- Installing: /home/user/ros_workspaces/lab1/install/my_chatter_msgs/share/my_chatter_msgs/cmake/export_my_chatter_msgs__rosidl_typesupport_fastrtps_cExport.cmake
[21.665s] -- Installing: /home/user/ros_workspaces/lab1/install/my_chatter_msgs/share/my_chatter_msgs/cmake/export_my_chatter_msgs__rosidl_typesupport_fastrtps_cExport-noconfig.cmake
[21.666s] -- Installing: /home/user/ros_workspaces/lab1/install/my_chatter_msgs/share/my_chatter_msgs/cmake/my_chatter_msgs__rosidl_typesupport_introspection_cExport.cmake
[21.666s] -- Installing: /home/user/ros_workspaces/lab1/install/my_chatter_msgs/share/my_chatter_msgs/cmake/my_chatter_msgs__rosidl_typesupport_introspection_cExport-noconfig.cmake
[21.666s] -- Installing: /home/user/ros_workspaces/lab1/install/my_chatter_msgs/share/my_chatter_msgs/cmake/my_chatter_msgs__rosidl_typesupport_cExport.cmake
[21.666s] -- Installing: /home/user/ros_workspaces/lab1/install/my_chatter_msgs/share/my_chatter_msgs/cmake/my_chatter_msgs__rosidl_typesupport_cExport-noconfig.cmake
[21.666s] -- Installing: /home/user/ros_workspaces/lab1/install/my_chatter_msgs/share/my_chatter_msgs/cmake/export_my_chatter_msgs__rosidl_generator_cppExport.cmake
[21.666s] -- Installing: /home/user/ros_workspaces/lab1/install/my_chatter_msgs/share/my_chatter_msgs/cmake/export_my_chatter_msgs__rosidl_typesupport_fastrtps_cppExport.cmake
[21.666s] -- Installing: /home/user/ros_workspaces/lab1/install/my_chatter_msgs/share/my_chatter_msgs/cmake/export_my_chatter_msgs__rosidl_typesupport_fastrtps_cppExport-noconfig.cmake
[21.667s] -- Installing: /home/user/ros_workspaces/lab1/install/my_chatter_msgs/share/my_chatter_msgs/cmake/my_chatter_msgs__rosidl_typesupport_introspection_cppExport.cmake
[21.667s] -- Installing: /home/user/ros_workspaces/lab1/install/my_chatter_msgs/share/my_chatter_msgs/cmake/my_chatter_msgs__rosidl_typesupport_introspection_cppExport-noconfig.cmake
[21.667s] -- Installing: /home/user/ros_workspaces/lab1/install/my_chatter_msgs/share/my_chatter_msgs/cmake/my_chatter_msgs__rosidl_typesupport_cppExport.cmake
[21.667s] -- Installing: /home/user/ros_workspaces/lab1/install/my_chatter_msgs/share/my_chatter_msgs/cmake/my_chatter_msgs__rosidl_typesupport_cppExport-noconfig.cmake
[21.667s] -- Installing: /home/user/ros_workspaces/lab1/install/my_chatter_msgs/share/my_chatter_msgs/cmake/export_my_chatter_msgs__rosidl_generator_pyExport.cmake
[21.667s] -- Installing: /home/user/ros_workspaces/lab1/install/my_chatter_msgs/share/my_chatter_msgs/cmake/export_my_chatter_msgs__rosidl_generator_pyExport-noconfig.cmake
[21.667s] -- Installing: /home/user/ros_workspaces/lab1/install/my_chatter_msgs/share/my_chatter_msgs/cmake/rosidl_cmake-extras.cmake
[21.668s] -- Installing: /home/user/ros_workspaces/lab1/install/my_chatter_msgs/share/my_chatter_msgs/cmake/ament_cmake_export_include_directories-extras.cmake
[21.668s] -- Installing: /home/user/ros_workspaces/lab1/install/my_chatter_msgs/share/my_chatter_msgs/cmake/ament_cmake_export_libraries-extras.cmake
[21.668s] -- Installing: /home/user/ros_workspaces/lab1/install/my_chatter_msgs/share/my_chatter_msgs/cmake/ament_cmake_export_targets-extras.cmake
[21.668s] -- Installing: /home/user/ros_workspaces/lab1/install/my_chatter_msgs/share/my_chatter_msgs/cmake/rosidl_cmake_export_typesupport_targets-extras.cmake
[21.668s] -- Installing: /home/user/ros_workspaces/lab1/install/my_chatter_msgs/share/my_chatter_msgs/cmake/ament_cmake_export_dependencies-extras.cmake
[21.668s] -- Installing: /home/user/ros_workspaces/lab1/install/my_chatter_msgs/share/my_chatter_msgs/cmake/rosidl_cmake_export_typesupport_libraries-extras.cmake
[21.669s] -- Installing: /home/user/ros_workspaces/lab1/install/my_chatter_msgs/share/my_chatter_msgs/cmake/my_chatter_msgsConfig.cmake
[21.669s] -- Installing: /home/user/ros_workspaces/lab1/install/my_chatter_msgs/share/my_chatter_msgs/cmake/my_chatter_msgsConfig-version.cmake
[21.669s] -- Installing: /home/user/ros_workspaces/lab1/install/my_chatter_msgs/share/my_chatter_msgs/package.xml
[21.671s] Invoked command in '/home/user/ros_workspaces/lab1/build/my_chatter_msgs' returned '0': CMAKE_PREFIX_PATH=/opt/ros/humble _=/usr/bin/env /usr/bin/cmake --install /home/user/ros_workspaces/lab1/build/my_chatter_msgs
