running develop
running egg_info
creating joint_control.egg-info
writing joint_control.egg-info/PKG-INFO
writing dependency_links to joint_control.egg-info/dependency_links.txt
writing entry points to joint_control.egg-info/entry_points.txt
writing requirements to joint_control.egg-info/requires.txt
writing top-level names to joint_control.egg-info/top_level.txt
writing manifest file 'joint_control.egg-info/SOURCES.txt'
reading manifest file 'joint_control.egg-info/SOURCES.txt'
writing manifest file 'joint_control.egg-info/SOURCES.txt'
running build_ext
Creating /home/cc/ee106a/fa26/class/ee106a-aej/ros_workspaces/lab3/install/joint_control/lib/python3.10/site-packages/joint-control.egg-link (link to .)
Installing joint_controller script to /home/cc/ee106a/fa26/class/ee106a-aej/ros_workspaces/lab3/install/joint_control/lib/joint_control
Installing validate_trajectory script to /home/cc/ee106a/fa26/class/ee106a-aej/ros_workspaces/lab3/install/joint_control/lib/joint_control

Installed /home/cc/ee106a/fa26/class/ee106a-aej/ros_workspaces/lab3/build/joint_control
running symlink_data
creating /home/cc/ee106a/fa26/class/ee106a-aej/ros_workspaces/lab3/install/joint_control/share/ament_index
creating /home/cc/ee106a/fa26/class/ee106a-aej/ros_workspaces/lab3/install/joint_control/share/ament_index/resource_index
creating /home/cc/ee106a/fa26/class/ee106a-aej/ros_workspaces/lab3/install/joint_control/share/ament_index/resource_index/packages
symbolically linking /home/cc/ee106a/fa26/class/ee106a-aej/ros_workspaces/lab3/build/joint_control/resource/joint_control -> /home/cc/ee106a/fa26/class/ee106a-aej/ros_workspaces/lab3/install/joint_control/share/ament_index/resource_index/packages
symbolically linking /home/cc/ee106a/fa26/class/ee106a-aej/ros_workspaces/lab3/build/joint_control/package.xml -> /home/cc/ee106a/fa26/class/ee106a-aej/ros_workspaces/lab3/install/joint_control/share/joint_control
