[0.100s] Invoking command in '/home/cc/ee106a/fa26/class/ee106a-aej/ros_workspaces/lab3/build/straight_line_interface': CMAKE_PREFIX_PATH=/home/ff/ee106a/robot_workspaces/ur/install/ur7e_utils:/opt/ros/humble /usr/bin/cmake --build /home/cc/ee106a/fa26/class/ee106a-aej/ros_workspaces/lab3/build/straight_line_interface -- -j32 -l32
[0.630s] [  6%] Built target straight_line_interface__cpp
[0.632s] [  6%] Built target straight_line_interface__rs
[0.632s] [ 15%] Built target straight_line_interface__rosidl_generator_c
[0.632s] [ 28%] Built target ament_cmake_python_copy_straight_line_interface
[0.632s] [ 28%] Built target straight_line_interface__rosidl_typesupport_cpp
[0.633s] [ 46%] Built target straight_line_interface__rosidl_typesupport_introspection_cpp
[0.634s] [ 53%] Built target straight_line_interface__rosidl_typesupport_fastrtps_cpp
[0.634s] [ 71%] Built target straight_line_interface__rosidl_typesupport_introspection_c
[0.634s] [ 71%] Built target straight_line_interface__rosidl_typesupport_fastrtps_c
[0.640s] [ 71%] Built target straight_line_interface__rosidl_typesupport_c
[0.641s] [ 71%] Built target straight_line_interface
[0.642s] [ 75%] Built target straight_line_interface__py
[0.643s] [ 81%] Built target straight_line_interface__rosidl_generator_py
[0.643s] [100%] Built target straight_line_interface__rosidl_typesupport_introspection_c__pyext
[0.644s] [100%] Built target straight_line_interface__rosidl_typesupport_fastrtps_c__pyext
[0.644s] [100%] Built target straight_line_interface__rosidl_typesupport_c__pyext
[0.644s] running egg_info
[0.645s] writing straight_line_interface.egg-info/PKG-INFO
[0.645s] writing dependency_links to straight_line_interface.egg-info/dependency_links.txt
[0.647s] writing top-level names to straight_line_interface.egg-info/top_level.txt
[0.647s] reading manifest file 'straight_line_interface.egg-info/SOURCES.txt'
[0.648s] writing manifest file 'straight_line_interface.egg-info/SOURCES.txt'
[0.648s] [100%] Built target ament_cmake_python_build_straight_line_interface_egg
[0.904s] Invoked command in '/home/cc/ee106a/fa26/class/ee106a-aej/ros_workspaces/lab3/build/straight_line_interface' returned '0': CMAKE_PREFIX_PATH=/home/ff/ee106a/robot_workspaces/ur/install/ur7e_utils:/opt/ros/humble /usr/bin/cmake --build /home/cc/ee106a/fa26/class/ee106a-aej/ros_workspaces/lab3/build/straight_line_interface -- -j32 -l32
[0.922s] Invoking command in '/home/cc/ee106a/fa26/class/ee106a-aej/ros_workspaces/lab3/build/straight_line_interface': CMAKE_PREFIX_PATH=/home/ff/ee106a/robot_workspaces/ur/install/ur7e_utils:/opt/ros/humble /usr/bin/cmake --install /home/cc/ee106a/fa26/class/ee106a-aej/ros_workspaces/lab3/build/straight_line_interface
[0.936s] -- Install configuration: ""
[0.938s] -- Up-to-date: /home/cc/ee106a/fa26/class/ee106a-aej/ros_workspaces/lab3/install/straight_line_interface/share/ament_index/resource_index/rosidl_interfaces/straight_line_interface
[0.940s] -- Up-to-date: /home/cc/ee106a/fa26/class/ee106a-aej/ros_workspaces/lab3/install/straight_line_interface/include/straight_line_interface/straight_line_interface
[0.942s] -- Up-to-date: /home/cc/ee106a/fa26/class/ee106a-aej/ros_workspaces/lab3/install/straight_line_interface/include/straight_line_interface/straight_line_interface/msg
[0.945s] -- Up-to-date: /home/cc/ee106a/fa26/class/ee106a-aej/ros_workspaces/lab3/install/straight_line_interface/include/straight_line_interface/straight_line_interface/msg/rosidl_generator_c__visibility_control.h
[0.945s] -- Up-to-date: /home/cc/ee106a/fa26/class/ee106a-aej/ros_workspaces/lab3/install/straight_line_interface/include/straight_line_interface/straight_line_interface/action
[0.947s] -- Up-to-date: /home/cc/ee106a/fa26/class/ee106a-aej/ros_workspaces/lab3/install/straight_line_interface/include/straight_line_interface/straight_line_interface/action/detail
[0.949s] -- Up-to-date: /home/cc/ee106a/fa26/class/ee106a-aej/ros_workspaces/lab3/install/straight_line_interface/include/straight_line_interface/straight_line_interface/action/detail/move_straight__struct.h
[0.950s] -- Up-to-date: /home/cc/ee106a/fa26/class/ee106a-aej/ros_workspaces/lab3/install/straight_line_interface/include/straight_line_interface/straight_line_interface/action/detail/move_straight__functions.h
[0.951s] -- Up-to-date: /home/cc/ee106a/fa26/class/ee106a-aej/ros_workspaces/lab3/install/straight_line_interface/include/straight_line_interface/straight_line_interface/action/detail/move_straight__type_support.h
[0.954s] -- Up-to-date: /home/cc/ee106a/fa26/class/ee106a-aej/ros_workspaces/lab3/install/straight_line_interface/include/straight_line_interface/straight_line_interface/action/detail/move_straight__functions.c
[0.955s] -- Up-to-date: /home/cc/ee106a/fa26/class/ee106a-aej/ros_workspaces/lab3/install/straight_line_interface/include/straight_line_interface/straight_line_interface/action/move_straight.h
[0.957s] -- Up-to-date: /home/cc/ee106a/fa26/class/ee106a-aej/ros_workspaces/lab3/install/straight_line_interface/share/straight_line_interface/environment/library_path.sh
[0.959s] -- Up-to-date: /home/cc/ee106a/fa26/class/ee106a-aej/ros_workspaces/lab3/install/straight_line_interface/share/straight_line_interface/environment/library_path.dsv
[0.963s] -- Up-to-date: /home/cc/ee106a/fa26/class/ee106a-aej/ros_workspaces/lab3/install/straight_line_interface/lib/libstraight_line_interface__rosidl_generator_c.so
[0.968s] -- Up-to-date: /home/cc/ee106a/fa26/class/ee106a-aej/ros_workspaces/lab3/install/straight_line_interface/include/straight_line_interface/straight_line_interface
[0.970s] -- Up-to-date: /home/cc/ee106a/fa26/class/ee106a-aej/ros_workspaces/lab3/install/straight_line_interface/include/straight_line_interface/straight_line_interface/action
[0.971s] -- Up-to-date: /home/cc/ee106a/fa26/class/ee106a-aej/ros_workspaces/lab3/install/straight_line_interface/include/straight_line_interface/straight_line_interface/action/detail
[0.973s] -- Up-to-date: /home/cc/ee106a/fa26/class/ee106a-aej/ros_workspaces/lab3/install/straight_line_interface/include/straight_line_interface/straight_line_interface/action/detail/move_straight__rosidl_typesupport_fastrtps_c.h
[0.975s] -- Up-to-date: /home/cc/ee106a/fa26/class/ee106a-aej/ros_workspaces/lab3/install/straight_line_interface/include/straight_line_interface/straight_line_interface/msg
[0.977s] -- Up-to-date: /home/cc/ee106a/fa26/class/ee106a-aej/ros_workspaces/lab3/install/straight_line_interface/include/straight_line_interface/straight_line_interface/msg/rosidl_typesupport_fastrtps_c__visibility_control.h
[0.981s] -- Up-to-date: /home/cc/ee106a/fa26/class/ee106a-aej/ros_workspaces/lab3/install/straight_line_interface/lib/libstraight_line_interface__rosidl_typesupport_fastrtps_c.so
[0.986s] -- Up-to-date: /home/cc/ee106a/fa26/class/ee106a-aej/ros_workspaces/lab3/install/straight_line_interface/include/straight_line_interface/straight_line_interface
[0.987s] -- Up-to-date: /home/cc/ee106a/fa26/class/ee106a-aej/ros_workspaces/lab3/install/straight_line_interface/include/straight_line_interface/straight_line_interface/msg
[0.988s] -- Up-to-date: /home/cc/ee106a/fa26/class/ee106a-aej/ros_workspaces/lab3/install/straight_line_interface/include/straight_line_interface/straight_line_interface/msg/rosidl_generator_cpp__visibility_control.hpp
[0.989s] -- Up-to-date: /home/cc/ee106a/fa26/class/ee106a-aej/ros_workspaces/lab3/install/straight_line_interface/include/straight_line_interface/straight_line_interface/action
[0.991s] -- Up-to-date: /home/cc/ee106a/fa26/class/ee106a-aej/ros_workspaces/lab3/install/straight_line_interface/include/straight_line_interface/straight_line_interface/action/detail
[0.993s] -- Up-to-date: /home/cc/ee106a/fa26/class/ee106a-aej/ros_workspaces/lab3/install/straight_line_interface/include/straight_line_interface/straight_line_interface/action/detail/move_straight__builder.hpp
[0.994s] -- Up-to-date: /home/cc/ee106a/fa26/class/ee106a-aej/ros_workspaces/lab3/install/straight_line_interface/include/straight_line_interface/straight_line_interface/action/detail/move_straight__struct.hpp
[0.995s] -- Up-to-date: /home/cc/ee106a/fa26/class/ee106a-aej/ros_workspaces/lab3/install/straight_line_interface/include/straight_line_interface/straight_line_interface/action/detail/move_straight__traits.hpp
[0.997s] -- Up-to-date: /home/cc/ee106a/fa26/class/ee106a-aej/ros_workspaces/lab3/install/straight_line_interface/include/straight_line_interface/straight_line_interface/action/detail/move_straight__type_support.hpp
[0.998s] -- Up-to-date: /home/cc/ee106a/fa26/class/ee106a-aej/ros_workspaces/lab3/install/straight_line_interface/include/straight_line_interface/straight_line_interface/action/move_straight.hpp
[0.999s] -- Up-to-date: /home/cc/ee106a/fa26/class/ee106a-aej/ros_workspaces/lab3/install/straight_line_interface/include/straight_line_interface/straight_line_interface
[1.002s] -- Up-to-date: /home/cc/ee106a/fa26/class/ee106a-aej/ros_workspaces/lab3/install/straight_line_interface/include/straight_line_interface/straight_line_interface/action
[1.003s] -- Up-to-date: /home/cc/ee106a/fa26/class/ee106a-aej/ros_workspaces/lab3/install/straight_line_interface/include/straight_line_interface/straight_line_interface/action/detail
[1.005s] -- Up-to-date: /home/cc/ee106a/fa26/class/ee106a-aej/ros_workspaces/lab3/install/straight_line_interface/include/straight_line_interface/straight_line_interface/action/detail/move_straight__rosidl_typesupport_fastrtps_cpp.hpp
[1.006s] -- Up-to-date: /home/cc/ee106a/fa26/class/ee106a-aej/ros_workspaces/lab3/install/straight_line_interface/include/straight_line_interface/straight_line_interface/action/detail/dds_fastrtps
[1.007s] -- Up-to-date: /home/cc/ee106a/fa26/class/ee106a-aej/ros_workspaces/lab3/install/straight_line_interface/include/straight_line_interface/straight_line_interface/msg
[1.009s] -- Up-to-date: /home/cc/ee106a/fa26/class/ee106a-aej/ros_workspaces/lab3/install/straight_line_interface/include/straight_line_interface/straight_line_interface/msg/rosidl_typesupport_fastrtps_cpp__visibility_control.h
[1.013s] -- Up-to-date: /home/cc/ee106a/fa26/class/ee106a-aej/ros_workspaces/lab3/install/straight_line_interface/lib/libstraight_line_interface__rosidl_typesupport_fastrtps_cpp.so
[1.019s] -- Up-to-date: /home/cc/ee106a/fa26/class/ee106a-aej/ros_workspaces/lab3/install/straight_line_interface/include/straight_line_interface/straight_line_interface
[1.020s] -- Up-to-date: /home/cc/ee106a/fa26/class/ee106a-aej/ros_workspaces/lab3/install/straight_line_interface/include/straight_line_interface/straight_line_interface/action
[1.021s] -- Up-to-date: /home/cc/ee106a/fa26/class/ee106a-aej/ros_workspaces/lab3/install/straight_line_interface/include/straight_line_interface/straight_line_interface/action/detail
[1.024s] -- Up-to-date: /home/cc/ee106a/fa26/class/ee106a-aej/ros_workspaces/lab3/install/straight_line_interface/include/straight_line_interface/straight_line_interface/action/detail/move_straight__type_support.c
[1.025s] -- Up-to-date: /home/cc/ee106a/fa26/class/ee106a-aej/ros_workspaces/lab3/install/straight_line_interface/include/straight_line_interface/straight_line_interface/action/detail/move_straight__rosidl_typesupport_introspection_c.h
[1.026s] -- Up-to-date: /home/cc/ee106a/fa26/class/ee106a-aej/ros_workspaces/lab3/install/straight_line_interface/include/straight_line_interface/straight_line_interface/msg
[1.027s] -- Up-to-date: /home/cc/ee106a/fa26/class/ee106a-aej/ros_workspaces/lab3/install/straight_line_interface/include/straight_line_interface/straight_line_interface/msg/rosidl_typesupport_introspection_c__visibility_control.h
[1.032s] -- Up-to-date: /home/cc/ee106a/fa26/class/ee106a-aej/ros_workspaces/lab3/install/straight_line_interface/lib/libstraight_line_interface__rosidl_typesupport_introspection_c.so
[1.038s] -- Up-to-date: /home/cc/ee106a/fa26/class/ee106a-aej/ros_workspaces/lab3/install/straight_line_interface/lib/libstraight_line_interface__rosidl_typesupport_c.so
[1.042s] -- Up-to-date: /home/cc/ee106a/fa26/class/ee106a-aej/ros_workspaces/lab3/install/straight_line_interface/include/straight_line_interface/straight_line_interface
[1.044s] -- Up-to-date: /home/cc/ee106a/fa26/class/ee106a-aej/ros_workspaces/lab3/install/straight_line_interface/include/straight_line_interface/straight_line_interface/action
[1.045s] -- Up-to-date: /home/cc/ee106a/fa26/class/ee106a-aej/ros_workspaces/lab3/install/straight_line_interface/include/straight_line_interface/straight_line_interface/action/detail
[1.047s] -- Up-to-date: /home/cc/ee106a/fa26/class/ee106a-aej/ros_workspaces/lab3/install/straight_line_interface/include/straight_line_interface/straight_line_interface/action/detail/move_straight__rosidl_typesupport_introspection_cpp.hpp
[1.048s] -- Up-to-date: /home/cc/ee106a/fa26/class/ee106a-aej/ros_workspaces/lab3/install/straight_line_interface/include/straight_line_interface/straight_line_interface/action/detail/move_straight__type_support.cpp
[1.052s] -- Up-to-date: /home/cc/ee106a/fa26/class/ee106a-aej/ros_workspaces/lab3/install/straight_line_interface/lib/libstraight_line_interface__rosidl_typesupport_introspection_cpp.so
[1.060s] -- Up-to-date: /home/cc/ee106a/fa26/class/ee106a-aej/ros_workspaces/lab3/install/straight_line_interface/lib/libstraight_line_interface__rosidl_typesupport_cpp.so
[1.064s] -- Up-to-date: /home/cc/ee106a/fa26/class/ee106a-aej/ros_workspaces/lab3/install/straight_line_interface/share/straight_line_interface/environment/pythonpath.sh
[1.066s] -- Up-to-date: /home/cc/ee106a/fa26/class/ee106a-aej/ros_workspaces/lab3/install/straight_line_interface/share/straight_line_interface/environment/pythonpath.dsv
[1.069s] -- Up-to-date: /home/cc/ee106a/fa26/class/ee106a-aej/ros_workspaces/lab3/install/straight_line_interface/local/lib/python3.10/dist-packages/straight_line_interface-0.0.0-py3.10.egg-info
[1.071s] -- Installing: /home/cc/ee106a/fa26/class/ee106a-aej/ros_workspaces/lab3/install/straight_line_interface/local/lib/python3.10/dist-packages/straight_line_interface-0.0.0-py3.10.egg-info/SOURCES.txt
[1.125s] -- Installing: /home/cc/ee106a/fa26/class/ee106a-aej/ros_workspaces/lab3/install/straight_line_interface/local/lib/python3.10/dist-packages/straight_line_interface-0.0.0-py3.10.egg-info/dependency_links.txt
[1.134s] -- Installing: /home/cc/ee106a/fa26/class/ee106a-aej/ros_workspaces/lab3/install/straight_line_interface/local/lib/python3.10/dist-packages/straight_line_interface-0.0.0-py3.10.egg-info/PKG-INFO
[1.142s] -- Installing: /home/cc/ee106a/fa26/class/ee106a-aej/ros_workspaces/lab3/install/straight_line_interface/local/lib/python3.10/dist-packages/straight_line_interface-0.0.0-py3.10.egg-info/top_level.txt
[1.149s] -- Up-to-date: /home/cc/ee106a/fa26/class/ee106a-aej/ros_workspaces/lab3/install/straight_line_interface/local/lib/python3.10/dist-packages/straight_line_interface
[1.151s] -- Up-to-date: /home/cc/ee106a/fa26/class/ee106a-aej/ros_workspaces/lab3/install/straight_line_interface/local/lib/python3.10/dist-packages/straight_line_interface/action
[1.153s] -- Up-to-date: /home/cc/ee106a/fa26/class/ee106a-aej/ros_workspaces/lab3/install/straight_line_interface/local/lib/python3.10/dist-packages/straight_line_interface/action/__init__.py
[1.155s] -- Up-to-date: /home/cc/ee106a/fa26/class/ee106a-aej/ros_workspaces/lab3/install/straight_line_interface/local/lib/python3.10/dist-packages/straight_line_interface/action/_move_straight.py
[1.156s] -- Up-to-date: /home/cc/ee106a/fa26/class/ee106a-aej/ros_workspaces/lab3/install/straight_line_interface/local/lib/python3.10/dist-packages/straight_line_interface/action/_move_straight_s.c
[1.157s] -- Up-to-date: /home/cc/ee106a/fa26/class/ee106a-aej/ros_workspaces/lab3/install/straight_line_interface/local/lib/python3.10/dist-packages/straight_line_interface/_straight_line_interface_s.ep.rosidl_typesupport_fastrtps_c.c
[1.158s] -- Up-to-date: /home/cc/ee106a/fa26/class/ee106a-aej/ros_workspaces/lab3/install/straight_line_interface/local/lib/python3.10/dist-packages/straight_line_interface/straight_line_interface_s__rosidl_typesupport_introspection_c.cpython-310-x86_64-linux-gnu.so
[1.159s] -- Up-to-date: /home/cc/ee106a/fa26/class/ee106a-aej/ros_workspaces/lab3/install/straight_line_interface/local/lib/python3.10/dist-packages/straight_line_interface/straight_line_interface_s__rosidl_typesupport_c.cpython-310-x86_64-linux-gnu.so
[1.160s] -- Up-to-date: /home/cc/ee106a/fa26/class/ee106a-aej/ros_workspaces/lab3/install/straight_line_interface/local/lib/python3.10/dist-packages/straight_line_interface/libstraight_line_interface__rosidl_generator_py.so
[1.162s] -- Up-to-date: /home/cc/ee106a/fa26/class/ee106a-aej/ros_workspaces/lab3/install/straight_line_interface/local/lib/python3.10/dist-packages/straight_line_interface/_straight_line_interface_s.ep.rosidl_typesupport_introspection_c.c
[1.162s] -- Up-to-date: /home/cc/ee106a/fa26/class/ee106a-aej/ros_workspaces/lab3/install/straight_line_interface/local/lib/python3.10/dist-packages/straight_line_interface/straight_line_interface_s__rosidl_typesupport_fastrtps_c.cpython-310-x86_64-linux-gnu.so
[1.165s] -- Up-to-date: /home/cc/ee106a/fa26/class/ee106a-aej/ros_workspaces/lab3/install/straight_line_interface/local/lib/python3.10/dist-packages/straight_line_interface/__init__.py
[1.166s] -- Up-to-date: /home/cc/ee106a/fa26/class/ee106a-aej/ros_workspaces/lab3/install/straight_line_interface/local/lib/python3.10/dist-packages/straight_line_interface/_straight_line_interface_s.ep.rosidl_typesupport_c.c
[1.206s] Listing '/home/cc/ee106a/fa26/class/ee106a-aej/ros_workspaces/lab3/install/straight_line_interface/local/lib/python3.10/dist-packages/straight_line_interface'...
[1.208s] Listing '/home/cc/ee106a/fa26/class/ee106a-aej/ros_workspaces/lab3/install/straight_line_interface/local/lib/python3.10/dist-packages/straight_line_interface/action'...
[1.212s] -- Up-to-date: /home/cc/ee106a/fa26/class/ee106a-aej/ros_workspaces/lab3/install/straight_line_interface/local/lib/python3.10/dist-packages/straight_line_interface/straight_line_interface_s__rosidl_typesupport_fastrtps_c.cpython-310-x86_64-linux-gnu.so
[1.219s] -- Up-to-date: /home/cc/ee106a/fa26/class/ee106a-aej/ros_workspaces/lab3/install/straight_line_interface/local/lib/python3.10/dist-packages/straight_line_interface/straight_line_interface_s__rosidl_typesupport_introspection_c.cpython-310-x86_64-linux-gnu.so
[1.226s] -- Up-to-date: /home/cc/ee106a/fa26/class/ee106a-aej/ros_workspaces/lab3/install/straight_line_interface/local/lib/python3.10/dist-packages/straight_line_interface/straight_line_interface_s__rosidl_typesupport_c.cpython-310-x86_64-linux-gnu.so
[1.250s] -- Up-to-date: /home/cc/ee106a/fa26/class/ee106a-aej/ros_workspaces/lab3/install/straight_line_interface/lib/libstraight_line_interface__rosidl_generator_py.so
[1.250s] -- Up-to-date: /home/cc/ee106a/fa26/class/ee106a-aej/ros_workspaces/lab3/install/straight_line_interface/share/ament_index/resource_index/rust_packages/straight_line_interface
[1.250s] -- Up-to-date: /home/cc/ee106a/fa26/class/ee106a-aej/ros_workspaces/lab3/install/straight_line_interface/share/straight_line_interface/rust
[1.250s] -- Up-to-date: /home/cc/ee106a/fa26/class/ee106a-aej/ros_workspaces/lab3/install/straight_line_interface/share/straight_line_interface/rust/Cargo.toml
[1.250s] -- Up-to-date: /home/cc/ee106a/fa26/class/ee106a-aej/ros_workspaces/lab3/install/straight_line_interface/share/straight_line_interface/rust/src
[1.250s] -- Up-to-date: /home/cc/ee106a/fa26/class/ee106a-aej/ros_workspaces/lab3/install/straight_line_interface/share/straight_line_interface/rust/src/action
[1.250s] -- Up-to-date: /home/cc/ee106a/fa26/class/ee106a-aej/ros_workspaces/lab3/install/straight_line_interface/share/straight_line_interface/rust/src/action/rmw.rs
[1.250s] -- Up-to-date: /home/cc/ee106a/fa26/class/ee106a-aej/ros_workspaces/lab3/install/straight_line_interface/share/straight_line_interface/rust/src/lib.rs
[1.250s] -- Up-to-date: /home/cc/ee106a/fa26/class/ee106a-aej/ros_workspaces/lab3/install/straight_line_interface/share/straight_line_interface/rust/src/action.rs
[1.251s] -- Up-to-date: /home/cc/ee106a/fa26/class/ee106a-aej/ros_workspaces/lab3/install/straight_line_interface/share/straight_line_interface/rust/build.rs
[1.253s] -- Up-to-date: /home/cc/ee106a/fa26/class/ee106a-aej/ros_workspaces/lab3/install/straight_line_interface/share/straight_line_interface/action/MoveStraight.idl
[1.255s] -- Up-to-date: /home/cc/ee106a/fa26/class/ee106a-aej/ros_workspaces/lab3/install/straight_line_interface/share/straight_line_interface/action/MoveStraight.action
[1.256s] -- Up-to-date: /home/cc/ee106a/fa26/class/ee106a-aej/ros_workspaces/lab3/install/straight_line_interface/share/ament_index/resource_index/package_run_dependencies/straight_line_interface
[1.257s] -- Up-to-date: /home/cc/ee106a/fa26/class/ee106a-aej/ros_workspaces/lab3/install/straight_line_interface/share/ament_index/resource_index/parent_prefix_path/straight_line_interface
[1.259s] -- Up-to-date: /home/cc/ee106a/fa26/class/ee106a-aej/ros_workspaces/lab3/install/straight_line_interface/share/straight_line_interface/environment/ament_prefix_path.sh
[1.262s] -- Up-to-date: /home/cc/ee106a/fa26/class/ee106a-aej/ros_workspaces/lab3/install/straight_line_interface/share/straight_line_interface/environment/ament_prefix_path.dsv
[1.263s] -- Up-to-date: /home/cc/ee106a/fa26/class/ee106a-aej/ros_workspaces/lab3/install/straight_line_interface/share/straight_line_interface/environment/path.sh
[1.264s] -- Up-to-date: /home/cc/ee106a/fa26/class/ee106a-aej/ros_workspaces/lab3/install/straight_line_interface/share/straight_line_interface/environment/path.dsv
[1.266s] -- Up-to-date: /home/cc/ee106a/fa26/class/ee106a-aej/ros_workspaces/lab3/install/straight_line_interface/share/straight_line_interface/local_setup.bash
[1.267s] -- Up-to-date: /home/cc/ee106a/fa26/class/ee106a-aej/ros_workspaces/lab3/install/straight_line_interface/share/straight_line_interface/local_setup.sh
[1.269s] -- Up-to-date: /home/cc/ee106a/fa26/class/ee106a-aej/ros_workspaces/lab3/install/straight_line_interface/share/straight_line_interface/local_setup.zsh
[1.269s] -- Up-to-date: /home/cc/ee106a/fa26/class/ee106a-aej/ros_workspaces/lab3/install/straight_line_interface/share/straight_line_interface/local_setup.dsv
[1.271s] -- Installing: /home/cc/ee106a/fa26/class/ee106a-aej/ros_workspaces/lab3/install/straight_line_interface/share/straight_line_interface/package.dsv
[1.281s] -- Up-to-date: /home/cc/ee106a/fa26/class/ee106a-aej/ros_workspaces/lab3/install/straight_line_interface/share/ament_index/resource_index/packages/straight_line_interface
[1.286s] -- Up-to-date: /home/cc/ee106a/fa26/class/ee106a-aej/ros_workspaces/lab3/install/straight_line_interface/share/straight_line_interface/cmake/export_straight_line_interface__rosidl_generator_cExport.cmake
[1.288s] -- Up-to-date: /home/cc/ee106a/fa26/class/ee106a-aej/ros_workspaces/lab3/install/straight_line_interface/share/straight_line_interface/cmake/export_straight_line_interface__rosidl_generator_cExport-noconfig.cmake
[1.291s] -- Up-to-date: /home/cc/ee106a/fa26/class/ee106a-aej/ros_workspaces/lab3/install/straight_line_interface/share/straight_line_interface/cmake/export_straight_line_interface__rosidl_typesupport_fastrtps_cExport.cmake
[1.304s] -- Up-to-date: /home/cc/ee106a/fa26/class/ee106a-aej/ros_workspaces/lab3/install/straight_line_interface/share/straight_line_interface/cmake/export_straight_line_interface__rosidl_typesupport_fastrtps_cExport-noconfig.cmake
[1.304s] -- Up-to-date: /home/cc/ee106a/fa26/class/ee106a-aej/ros_workspaces/lab3/install/straight_line_interface/share/straight_line_interface/cmake/export_straight_line_interface__rosidl_generator_cppExport.cmake
[1.304s] -- Up-to-date: /home/cc/ee106a/fa26/class/ee106a-aej/ros_workspaces/lab3/install/straight_line_interface/share/straight_line_interface/cmake/export_straight_line_interface__rosidl_typesupport_fastrtps_cppExport.cmake
[1.304s] -- Up-to-date: /home/cc/ee106a/fa26/class/ee106a-aej/ros_workspaces/lab3/install/straight_line_interface/share/straight_line_interface/cmake/export_straight_line_interface__rosidl_typesupport_fastrtps_cppExport-noconfig.cmake
[1.305s] -- Up-to-date: /home/cc/ee106a/fa26/class/ee106a-aej/ros_workspaces/lab3/install/straight_line_interface/share/straight_line_interface/cmake/straight_line_interface__rosidl_typesupport_introspection_cExport.cmake
[1.306s] -- Up-to-date: /home/cc/ee106a/fa26/class/ee106a-aej/ros_workspaces/lab3/install/straight_line_interface/share/straight_line_interface/cmake/straight_line_interface__rosidl_typesupport_introspection_cExport-noconfig.cmake
[1.310s] -- Up-to-date: /home/cc/ee106a/fa26/class/ee106a-aej/ros_workspaces/lab3/install/straight_line_interface/share/straight_line_interface/cmake/straight_line_interface__rosidl_typesupport_cExport.cmake
[1.314s] -- Up-to-date: /home/cc/ee106a/fa26/class/ee106a-aej/ros_workspaces/lab3/install/straight_line_interface/share/straight_line_interface/cmake/straight_line_interface__rosidl_typesupport_cExport-noconfig.cmake
[1.316s] -- Up-to-date: /home/cc/ee106a/fa26/class/ee106a-aej/ros_workspaces/lab3/install/straight_line_interface/share/straight_line_interface/cmake/straight_line_interface__rosidl_typesupport_introspection_cppExport.cmake
[1.319s] -- Up-to-date: /home/cc/ee106a/fa26/class/ee106a-aej/ros_workspaces/lab3/install/straight_line_interface/share/straight_line_interface/cmake/straight_line_interface__rosidl_typesupport_introspection_cppExport-noconfig.cmake
[1.322s] -- Up-to-date: /home/cc/ee106a/fa26/class/ee106a-aej/ros_workspaces/lab3/install/straight_line_interface/share/straight_line_interface/cmake/straight_line_interface__rosidl_typesupport_cppExport.cmake
[1.324s] -- Up-to-date: /home/cc/ee106a/fa26/class/ee106a-aej/ros_workspaces/lab3/install/straight_line_interface/share/straight_line_interface/cmake/straight_line_interface__rosidl_typesupport_cppExport-noconfig.cmake
[1.326s] -- Up-to-date: /home/cc/ee106a/fa26/class/ee106a-aej/ros_workspaces/lab3/install/straight_line_interface/share/straight_line_interface/cmake/export_straight_line_interface__rosidl_generator_pyExport.cmake
[1.328s] -- Up-to-date: /home/cc/ee106a/fa26/class/ee106a-aej/ros_workspaces/lab3/install/straight_line_interface/share/straight_line_interface/cmake/export_straight_line_interface__rosidl_generator_pyExport-noconfig.cmake
[1.329s] -- Up-to-date: /home/cc/ee106a/fa26/class/ee106a-aej/ros_workspaces/lab3/install/straight_line_interface/share/straight_line_interface/cmake/rosidl_cmake-extras.cmake
[1.330s] -- Up-to-date: /home/cc/ee106a/fa26/class/ee106a-aej/ros_workspaces/lab3/install/straight_line_interface/share/straight_line_interface/cmake/ament_cmake_export_dependencies-extras.cmake
[1.331s] -- Up-to-date: /home/cc/ee106a/fa26/class/ee106a-aej/ros_workspaces/lab3/install/straight_line_interface/share/straight_line_interface/cmake/ament_cmake_export_include_directories-extras.cmake
[1.333s] -- Up-to-date: /home/cc/ee106a/fa26/class/ee106a-aej/ros_workspaces/lab3/install/straight_line_interface/share/straight_line_interface/cmake/ament_cmake_export_libraries-extras.cmake
[1.334s] -- Up-to-date: /home/cc/ee106a/fa26/class/ee106a-aej/ros_workspaces/lab3/install/straight_line_interface/share/straight_line_interface/cmake/ament_cmake_export_targets-extras.cmake
[1.335s] -- Up-to-date: /home/cc/ee106a/fa26/class/ee106a-aej/ros_workspaces/lab3/install/straight_line_interface/share/straight_line_interface/cmake/rosidl_cmake_export_typesupport_targets-extras.cmake
[1.336s] -- Up-to-date: /home/cc/ee106a/fa26/class/ee106a-aej/ros_workspaces/lab3/install/straight_line_interface/share/straight_line_interface/cmake/rosidl_cmake_export_typesupport_libraries-extras.cmake
[1.338s] -- Up-to-date: /home/cc/ee106a/fa26/class/ee106a-aej/ros_workspaces/lab3/install/straight_line_interface/share/straight_line_interface/cmake/rosidl_cmake_aggregate_target-extras.cmake
[1.339s] -- Up-to-date: /home/cc/ee106a/fa26/class/ee106a-aej/ros_workspaces/lab3/install/straight_line_interface/share/straight_line_interface/cmake/straight_line_interfaceConfig.cmake
[1.340s] -- Up-to-date: /home/cc/ee106a/fa26/class/ee106a-aej/ros_workspaces/lab3/install/straight_line_interface/share/straight_line_interface/cmake/straight_line_interfaceConfig-version.cmake
[1.341s] -- Up-to-date: /home/cc/ee106a/fa26/class/ee106a-aej/ros_workspaces/lab3/install/straight_line_interface/share/straight_line_interface/package.xml
[1.349s] Invoked command in '/home/cc/ee106a/fa26/class/ee106a-aej/ros_workspaces/lab3/build/straight_line_interface' returned '0': CMAKE_PREFIX_PATH=/home/ff/ee106a/robot_workspaces/ur/install/ur7e_utils:/opt/ros/humble /usr/bin/cmake --install /home/cc/ee106a/fa26/class/ee106a-aej/ros_workspaces/lab3/build/straight_line_interface
