running develop
running egg_info
creating tf_listener.egg-info
writing tf_listener.egg-info/PKG-INFO
writing dependency_links to tf_listener.egg-info/dependency_links.txt
writing entry points to tf_listener.egg-info/entry_points.txt
writing requirements to tf_listener.egg-info/requires.txt
writing top-level names to tf_listener.egg-info/top_level.txt
writing manifest file 'tf_listener.egg-info/SOURCES.txt'
reading manifest file 'tf_listener.egg-info/SOURCES.txt'
writing manifest file 'tf_listener.egg-info/SOURCES.txt'
running build_ext
Creating /home/cc/ee106a/fa26/class/ee106a-aej/ros_workspaces/lab3/install/tf_listener/lib/python3.10/site-packages/tf-listener.egg-link (link to .)
Installing tf_listener script to /home/cc/ee106a/fa26/class/ee106a-aej/ros_workspaces/lab3/install/tf_listener/lib/tf_listener

Installed /home/cc/ee106a/fa26/class/ee106a-aej/ros_workspaces/lab3/build/tf_listener
running symlink_data
creating /home/cc/ee106a/fa26/class/ee106a-aej/ros_workspaces/lab3/install/tf_listener/share/ament_index
creating /home/cc/ee106a/fa26/class/ee106a-aej/ros_workspaces/lab3/install/tf_listener/share/ament_index/resource_index
creating /home/cc/ee106a/fa26/class/ee106a-aej/ros_workspaces/lab3/install/tf_listener/share/ament_index/resource_index/packages
symbolically linking /home/cc/ee106a/fa26/class/ee106a-aej/ros_workspaces/lab3/build/tf_listener/resource/tf_listener -> /home/cc/ee106a/fa26/class/ee106a-aej/ros_workspaces/lab3/install/tf_listener/share/ament_index/resource_index/packages
symbolically linking /home/cc/ee106a/fa26/class/ee106a-aej/ros_workspaces/lab3/build/tf_listener/package.xml -> /home/cc/ee106a/fa26/class/ee106a-aej/ros_workspaces/lab3/install/tf_listener/share/tf_listener
