[1.396s] Invoking command in '/home/cc/ee106a/fa26/class/ee106a-aej/ros_workspaces/lab3/build/tf_listener': PYTHONPATH=/home/cc/ee106a/fa26/class/ee106a-aej/ros_workspaces/lab3/build/tf_listener/prefix_override:/usr/lib/python3/dist-packages/colcon_core/task/python/colcon_distutils_commands:/home/cc/ee106a/fa26/class/ee106a-aej/ros_workspaces/lab3/install/tf_listener/lib/python3.10/site-packages:${PYTHONPATH} /usr/bin/python3 -W ignore:setup.py install is deprecated -W ignore:easy_install command is deprecated setup.py develop --editable --build-directory /home/cc/ee106a/fa26/class/ee106a-aej/ros_workspaces/lab3/build/tf_listener/build --no-deps symlink_data
[1.630s] running develop
[1.791s] running egg_info
[1.791s] creating tf_listener.egg-info
[1.793s] writing tf_listener.egg-info/PKG-INFO
[1.799s] writing dependency_links to tf_listener.egg-info/dependency_links.txt
[1.802s] writing entry points to tf_listener.egg-info/entry_points.txt
[1.806s] writing requirements to tf_listener.egg-info/requires.txt
[1.807s] writing top-level names to tf_listener.egg-info/top_level.txt
[1.811s] writing manifest file 'tf_listener.egg-info/SOURCES.txt'
[1.817s] reading manifest file 'tf_listener.egg-info/SOURCES.txt'
[1.818s] writing manifest file 'tf_listener.egg-info/SOURCES.txt'
[1.822s] running build_ext
[1.822s] Creating /home/cc/ee106a/fa26/class/ee106a-aej/ros_workspaces/lab3/install/tf_listener/lib/python3.10/site-packages/tf-listener.egg-link (link to .)
[1.825s] Installing tf_listener script to /home/cc/ee106a/fa26/class/ee106a-aej/ros_workspaces/lab3/install/tf_listener/lib/tf_listener
[1.832s] 
[1.832s] Installed /home/cc/ee106a/fa26/class/ee106a-aej/ros_workspaces/lab3/build/tf_listener
[1.832s] running symlink_data
[1.833s] creating /home/cc/ee106a/fa26/class/ee106a-aej/ros_workspaces/lab3/install/tf_listener/share/ament_index
[1.833s] creating /home/cc/ee106a/fa26/class/ee106a-aej/ros_workspaces/lab3/install/tf_listener/share/ament_index/resource_index
[1.834s] creating /home/cc/ee106a/fa26/class/ee106a-aej/ros_workspaces/lab3/install/tf_listener/share/ament_index/resource_index/packages
[1.836s] symbolically linking /home/cc/ee106a/fa26/class/ee106a-aej/ros_workspaces/lab3/build/tf_listener/resource/tf_listener -> /home/cc/ee106a/fa26/class/ee106a-aej/ros_workspaces/lab3/install/tf_listener/share/ament_index/resource_index/packages
[1.838s] symbolically linking /home/cc/ee106a/fa26/class/ee106a-aej/ros_workspaces/lab3/build/tf_listener/package.xml -> /home/cc/ee106a/fa26/class/ee106a-aej/ros_workspaces/lab3/install/tf_listener/share/tf_listener
[1.975s] Invoked command in '/home/cc/ee106a/fa26/class/ee106a-aej/ros_workspaces/lab3/build/tf_listener' returned '0': PYTHONPATH=/home/cc/ee106a/fa26/class/ee106a-aej/ros_workspaces/lab3/build/tf_listener/prefix_override:/usr/lib/python3/dist-packages/colcon_core/task/python/colcon_distutils_commands:/home/cc/ee106a/fa26/class/ee106a-aej/ros_workspaces/lab3/install/tf_listener/lib/python3.10/site-packages:${PYTHONPATH} /usr/bin/python3 -W ignore:setup.py install is deprecated -W ignore:easy_install command is deprecated setup.py develop --editable --build-directory /home/cc/ee106a/fa26/class/ee106a-aej/ros_workspaces/lab3/build/tf_listener/build --no-deps symlink_data
