[0.121s] DEBUG:colcon:Command line arguments: ['/usr/bin/colcon', 'build', '--packages-select', 'straight_line', 'straight_line_interface']
[0.121s] DEBUG:colcon:Parsed command line arguments: Namespace(log_base=None, log_level=None, verb_name='build', build_base='build', install_base='install', merge_install=False, symlink_install=False, test_result_base=None, continue_on_error=False, executor='parallel', parallel_workers=32, event_handlers=None, ignore_user_meta=False, metas=['./colcon.meta'], base_paths=['.'], packages_ignore=None, packages_ignore_regex=None, paths=None, packages_up_to=None, packages_up_to_regex=None, packages_above=None, packages_above_and_dependencies=None, packages_above_depth=None, packages_select_by_dep=None, packages_skip_by_dep=None, packages_skip_up_to=None, packages_select_build_failed=False, packages_skip_build_finished=False, packages_select_test_failures=False, packages_skip_test_passed=False, packages_select=['straight_line', 'straight_line_interface'], packages_skip=None, packages_select_regex=None, packages_skip_regex=None, packages_start=None, packages_end=None, cmake_args=None, cmake_target=None, cmake_target_skip_unavailable=False, cmake_clean_cache=False, cmake_clean_first=False, cmake_force_configure=False, ament_cmake_args=None, catkin_cmake_args=None, catkin_skip_building_tests=False, mixin_files=None, mixin=None, verb_parser=<colcon_mixin.mixin.mixin_argument.MixinArgumentDecorator object at 0x79c2fe34aa70>, verb_extension=<colcon_core.verb.build.BuildVerb object at 0x79c2fe34a590>, main=<bound method BuildVerb.main of <colcon_core.verb.build.BuildVerb object at 0x79c2fe34a590>>, mixin_verb=('build',))
[0.285s] Level 1:colcon.colcon_core.package_discovery:discover_packages(colcon_meta) check parameters
[0.285s] Level 1:colcon.colcon_core.package_discovery:discover_packages(recursive) check parameters
[0.286s] Level 1:colcon.colcon_core.package_discovery:discover_packages(ignore) check parameters
[0.286s] Level 1:colcon.colcon_core.package_discovery:discover_packages(path) check parameters
[0.286s] Level 1:colcon.colcon_core.package_discovery:discover_packages(colcon_meta) discover
[0.286s] Level 1:colcon.colcon_core.package_discovery:discover_packages(recursive) discover
[0.286s] INFO:colcon.colcon_core.package_discovery:Crawling recursively for packages in '/home/cc/ee106a/fa26/class/ee106a-aej/ros_workspaces'
[0.287s] Level 1:colcon.colcon_core.package_identification:_identify(.) by extensions ['ignore', 'ignore_ament_install']
[0.288s] Level 1:colcon.colcon_core.package_identification:_identify(.) by extension 'ignore'
[0.288s] Level 1:colcon.colcon_core.package_identification:_identify(.) by extension 'ignore_ament_install'
[0.290s] Level 1:colcon.colcon_core.package_identification:_identify(.) by extensions ['colcon_pkg']
[0.290s] Level 1:colcon.colcon_core.package_identification:_identify(.) by extension 'colcon_pkg'
[0.291s] Level 1:colcon.colcon_core.package_identification:_identify(.) by extensions ['colcon_meta']
[0.292s] Level 1:colcon.colcon_core.package_identification:_identify(.) by extension 'colcon_meta'
[0.292s] Level 1:colcon.colcon_core.package_identification:_identify(.) by extensions ['ros']
[0.292s] Level 1:colcon.colcon_core.package_identification:_identify(.) by extension 'ros'
[0.301s] Level 1:colcon.colcon_core.package_identification:_identify(.) by extensions ['cmake', 'python']
[0.301s] Level 1:colcon.colcon_core.package_identification:_identify(.) by extension 'cmake'
[0.302s] Level 1:colcon.colcon_core.package_identification:_identify(.) by extension 'python'
[0.302s] Level 1:colcon.colcon_core.package_identification:_identify(.) by extensions ['python_setup_py']
[0.302s] Level 1:colcon.colcon_core.package_identification:_identify(.) by extension 'python_setup_py'
[0.303s] Level 1:colcon.colcon_core.package_identification:_identify(build) by extensions ['ignore', 'ignore_ament_install']
[0.303s] Level 1:colcon.colcon_core.package_identification:_identify(build) by extension 'ignore'
[0.303s] Level 1:colcon.colcon_core.package_identification:_identify(build) ignored
[0.304s] Level 1:colcon.colcon_core.package_identification:_identify(install) by extensions ['ignore', 'ignore_ament_install']
[0.304s] Level 1:colcon.colcon_core.package_identification:_identify(install) by extension 'ignore'
[0.304s] Level 1:colcon.colcon_core.package_identification:_identify(install) ignored
[0.305s] Level 1:colcon.colcon_core.package_identification:_identify(lab0) by extensions ['ignore', 'ignore_ament_install']
[0.306s] Level 1:colcon.colcon_core.package_identification:_identify(lab0) by extension 'ignore'
[0.306s] Level 1:colcon.colcon_core.package_identification:_identify(lab0) by extension 'ignore_ament_install'
[0.308s] Level 1:colcon.colcon_core.package_identification:_identify(lab0) by extensions ['colcon_pkg']
[0.308s] Level 1:colcon.colcon_core.package_identification:_identify(lab0) by extension 'colcon_pkg'
[0.309s] Level 1:colcon.colcon_core.package_identification:_identify(lab0) by extensions ['colcon_meta']
[0.310s] Level 1:colcon.colcon_core.package_identification:_identify(lab0) by extension 'colcon_meta'
[0.310s] Level 1:colcon.colcon_core.package_identification:_identify(lab0) by extensions ['ros']
[0.310s] Level 1:colcon.colcon_core.package_identification:_identify(lab0) by extension 'ros'
[0.311s] Level 1:colcon.colcon_core.package_identification:_identify(lab0) by extensions ['cmake', 'python']
[0.311s] Level 1:colcon.colcon_core.package_identification:_identify(lab0) by extension 'cmake'
[0.311s] Level 1:colcon.colcon_core.package_identification:_identify(lab0) by extension 'python'
[0.311s] Level 1:colcon.colcon_core.package_identification:_identify(lab0) by extensions ['python_setup_py']
[0.312s] Level 1:colcon.colcon_core.package_identification:_identify(lab0) by extension 'python_setup_py'
[0.313s] Level 1:colcon.colcon_core.package_identification:_identify(lab0/build) by extensions ['ignore', 'ignore_ament_install']
[0.314s] Level 1:colcon.colcon_core.package_identification:_identify(lab0/build) by extension 'ignore'
[0.314s] Level 1:colcon.colcon_core.package_identification:_identify(lab0/build) ignored
[0.315s] Level 1:colcon.colcon_core.package_identification:_identify(lab0/install) by extensions ['ignore', 'ignore_ament_install']
[0.315s] Level 1:colcon.colcon_core.package_identification:_identify(lab0/install) by extension 'ignore'
[0.315s] Level 1:colcon.colcon_core.package_identification:_identify(lab0/install) ignored
[0.316s] Level 1:colcon.colcon_core.package_identification:_identify(lab0/log) by extensions ['ignore', 'ignore_ament_install']
[0.317s] Level 1:colcon.colcon_core.package_identification:_identify(lab0/log) by extension 'ignore'
[0.317s] Level 1:colcon.colcon_core.package_identification:_identify(lab0/log) ignored
[0.317s] Level 1:colcon.colcon_core.package_identification:_identify(lab0/src) by extensions ['ignore', 'ignore_ament_install']
[0.318s] Level 1:colcon.colcon_core.package_identification:_identify(lab0/src) by extension 'ignore'
[0.318s] Level 1:colcon.colcon_core.package_identification:_identify(lab0/src) by extension 'ignore_ament_install'
[0.320s] Level 1:colcon.colcon_core.package_identification:_identify(lab0/src) by extensions ['colcon_pkg']
[0.320s] Level 1:colcon.colcon_core.package_identification:_identify(lab0/src) by extension 'colcon_pkg'
[0.321s] Level 1:colcon.colcon_core.package_identification:_identify(lab0/src) by extensions ['colcon_meta']
[0.322s] Level 1:colcon.colcon_core.package_identification:_identify(lab0/src) by extension 'colcon_meta'
[0.322s] Level 1:colcon.colcon_core.package_identification:_identify(lab0/src) by extensions ['ros']
[0.322s] Level 1:colcon.colcon_core.package_identification:_identify(lab0/src) by extension 'ros'
[0.324s] Level 1:colcon.colcon_core.package_identification:_identify(lab0/src) by extensions ['cmake', 'python']
[0.324s] Level 1:colcon.colcon_core.package_identification:_identify(lab0/src) by extension 'cmake'
[0.324s] Level 1:colcon.colcon_core.package_identification:_identify(lab0/src) by extension 'python'
[0.326s] Level 1:colcon.colcon_core.package_identification:_identify(lab0/src) by extensions ['python_setup_py']
[0.327s] Level 1:colcon.colcon_core.package_identification:_identify(lab0/src) by extension 'python_setup_py'
[0.328s] Level 1:colcon.colcon_core.package_identification:_identify(lab0/src/bar) by extensions ['ignore', 'ignore_ament_install']
[0.328s] Level 1:colcon.colcon_core.package_identification:_identify(lab0/src/bar) by extension 'ignore'
[0.329s] Level 1:colcon.colcon_core.package_identification:_identify(lab0/src/bar) by extension 'ignore_ament_install'
[0.330s] Level 1:colcon.colcon_core.package_identification:_identify(lab0/src/bar) by extensions ['colcon_pkg']
[0.331s] Level 1:colcon.colcon_core.package_identification:_identify(lab0/src/bar) by extension 'colcon_pkg'
[0.331s] Level 1:colcon.colcon_core.package_identification:_identify(lab0/src/bar) by extensions ['colcon_meta']
[0.332s] Level 1:colcon.colcon_core.package_identification:_identify(lab0/src/bar) by extension 'colcon_meta'
[0.332s] Level 1:colcon.colcon_core.package_identification:_identify(lab0/src/bar) by extensions ['ros']
[0.332s] Level 1:colcon.colcon_core.package_identification:_identify(lab0/src/bar) by extension 'ros'
[0.339s] DEBUG:colcon.colcon_core.package_identification:Package 'lab0/src/bar' with type 'ros.ament_python' and name 'bar'
[0.340s] Level 1:colcon.colcon_core.package_identification:_identify(lab0/src/foo) by extensions ['ignore', 'ignore_ament_install']
[0.340s] Level 1:colcon.colcon_core.package_identification:_identify(lab0/src/foo) by extension 'ignore'
[0.341s] Level 1:colcon.colcon_core.package_identification:_identify(lab0/src/foo) by extension 'ignore_ament_install'
[0.342s] Level 1:colcon.colcon_core.package_identification:_identify(lab0/src/foo) by extensions ['colcon_pkg']
[0.343s] Level 1:colcon.colcon_core.package_identification:_identify(lab0/src/foo) by extension 'colcon_pkg'
[0.344s] Level 1:colcon.colcon_core.package_identification:_identify(lab0/src/foo) by extensions ['colcon_meta']
[0.344s] Level 1:colcon.colcon_core.package_identification:_identify(lab0/src/foo) by extension 'colcon_meta'
[0.345s] Level 1:colcon.colcon_core.package_identification:_identify(lab0/src/foo) by extensions ['ros']
[0.345s] Level 1:colcon.colcon_core.package_identification:_identify(lab0/src/foo) by extension 'ros'
[0.347s] DEBUG:colcon.colcon_core.package_identification:Package 'lab0/src/foo' with type 'ros.ament_python' and name 'foo'
[0.347s] Level 1:colcon.colcon_core.package_identification:_identify(lab1) by extensions ['ignore', 'ignore_ament_install']
[0.348s] Level 1:colcon.colcon_core.package_identification:_identify(lab1) by extension 'ignore'
[0.348s] Level 1:colcon.colcon_core.package_identification:_identify(lab1) by extension 'ignore_ament_install'
[0.350s] Level 1:colcon.colcon_core.package_identification:_identify(lab1) by extensions ['colcon_pkg']
[0.351s] Level 1:colcon.colcon_core.package_identification:_identify(lab1) by extension 'colcon_pkg'
[0.351s] Level 1:colcon.colcon_core.package_identification:_identify(lab1) by extensions ['colcon_meta']
[0.352s] Level 1:colcon.colcon_core.package_identification:_identify(lab1) by extension 'colcon_meta'
[0.352s] Level 1:colcon.colcon_core.package_identification:_identify(lab1) by extensions ['ros']
[0.352s] Level 1:colcon.colcon_core.package_identification:_identify(lab1) by extension 'ros'
[0.353s] Level 1:colcon.colcon_core.package_identification:_identify(lab1) by extensions ['cmake', 'python']
[0.353s] Level 1:colcon.colcon_core.package_identification:_identify(lab1) by extension 'cmake'
[0.353s] Level 1:colcon.colcon_core.package_identification:_identify(lab1) by extension 'python'
[0.353s] Level 1:colcon.colcon_core.package_identification:_identify(lab1) by extensions ['python_setup_py']
[0.354s] Level 1:colcon.colcon_core.package_identification:_identify(lab1) by extension 'python_setup_py'
[0.355s] Level 1:colcon.colcon_core.package_identification:_identify(lab1/build) by extensions ['ignore', 'ignore_ament_install']
[0.356s] Level 1:colcon.colcon_core.package_identification:_identify(lab1/build) by extension 'ignore'
[0.356s] Level 1:colcon.colcon_core.package_identification:_identify(lab1/build) ignored
[0.356s] Level 1:colcon.colcon_core.package_identification:_identify(lab1/install) by extensions ['ignore', 'ignore_ament_install']
[0.357s] Level 1:colcon.colcon_core.package_identification:_identify(lab1/install) by extension 'ignore'
[0.357s] Level 1:colcon.colcon_core.package_identification:_identify(lab1/install) ignored
[0.358s] Level 1:colcon.colcon_core.package_identification:_identify(lab1/log) by extensions ['ignore', 'ignore_ament_install']
[0.359s] Level 1:colcon.colcon_core.package_identification:_identify(lab1/log) by extension 'ignore'
[0.359s] Level 1:colcon.colcon_core.package_identification:_identify(lab1/log) ignored
[0.359s] Level 1:colcon.colcon_core.package_identification:_identify(lab1/src) by extensions ['ignore', 'ignore_ament_install']
[0.360s] Level 1:colcon.colcon_core.package_identification:_identify(lab1/src) by extension 'ignore'
[0.360s] Level 1:colcon.colcon_core.package_identification:_identify(lab1/src) by extension 'ignore_ament_install'
[0.362s] Level 1:colcon.colcon_core.package_identification:_identify(lab1/src) by extensions ['colcon_pkg']
[0.362s] Level 1:colcon.colcon_core.package_identification:_identify(lab1/src) by extension 'colcon_pkg'
[0.363s] Level 1:colcon.colcon_core.package_identification:_identify(lab1/src) by extensions ['colcon_meta']
[0.364s] Level 1:colcon.colcon_core.package_identification:_identify(lab1/src) by extension 'colcon_meta'
[0.364s] Level 1:colcon.colcon_core.package_identification:_identify(lab1/src) by extensions ['ros']
[0.364s] Level 1:colcon.colcon_core.package_identification:_identify(lab1/src) by extension 'ros'
[0.365s] Level 1:colcon.colcon_core.package_identification:_identify(lab1/src) by extensions ['cmake', 'python']
[0.365s] Level 1:colcon.colcon_core.package_identification:_identify(lab1/src) by extension 'cmake'
[0.365s] Level 1:colcon.colcon_core.package_identification:_identify(lab1/src) by extension 'python'
[0.365s] Level 1:colcon.colcon_core.package_identification:_identify(lab1/src) by extensions ['python_setup_py']
[0.366s] Level 1:colcon.colcon_core.package_identification:_identify(lab1/src) by extension 'python_setup_py'
[0.367s] Level 1:colcon.colcon_core.package_identification:_identify(lab1/src/chatter) by extensions ['ignore', 'ignore_ament_install']
[0.368s] Level 1:colcon.colcon_core.package_identification:_identify(lab1/src/chatter) by extension 'ignore'
[0.368s] Level 1:colcon.colcon_core.package_identification:_identify(lab1/src/chatter) by extension 'ignore_ament_install'
[0.369s] Level 1:colcon.colcon_core.package_identification:_identify(lab1/src/chatter) by extensions ['colcon_pkg']
[0.370s] Level 1:colcon.colcon_core.package_identification:_identify(lab1/src/chatter) by extension 'colcon_pkg'
[0.370s] Level 1:colcon.colcon_core.package_identification:_identify(lab1/src/chatter) by extensions ['colcon_meta']
[0.371s] Level 1:colcon.colcon_core.package_identification:_identify(lab1/src/chatter) by extension 'colcon_meta'
[0.371s] Level 1:colcon.colcon_core.package_identification:_identify(lab1/src/chatter) by extensions ['ros']
[0.371s] Level 1:colcon.colcon_core.package_identification:_identify(lab1/src/chatter) by extension 'ros'
[0.374s] DEBUG:colcon.colcon_core.package_identification:Package 'lab1/src/chatter' with type 'ros.ament_python' and name 'chatter'
[0.375s] Level 1:colcon.colcon_core.package_identification:_identify(lab1/src/my_chatter) by extensions ['ignore', 'ignore_ament_install']
[0.375s] Level 1:colcon.colcon_core.package_identification:_identify(lab1/src/my_chatter) by extension 'ignore'
[0.375s] Level 1:colcon.colcon_core.package_identification:_identify(lab1/src/my_chatter) by extension 'ignore_ament_install'
[0.377s] Level 1:colcon.colcon_core.package_identification:_identify(lab1/src/my_chatter) by extensions ['colcon_pkg']
[0.378s] Level 1:colcon.colcon_core.package_identification:_identify(lab1/src/my_chatter) by extension 'colcon_pkg'
[0.378s] Level 1:colcon.colcon_core.package_identification:_identify(lab1/src/my_chatter) by extensions ['colcon_meta']
[0.379s] Level 1:colcon.colcon_core.package_identification:_identify(lab1/src/my_chatter) by extension 'colcon_meta'
[0.379s] Level 1:colcon.colcon_core.package_identification:_identify(lab1/src/my_chatter) by extensions ['ros']
[0.379s] Level 1:colcon.colcon_core.package_identification:_identify(lab1/src/my_chatter) by extension 'ros'
[0.381s] DEBUG:colcon.colcon_core.package_identification:Package 'lab1/src/my_chatter' with type 'ros.ament_python' and name 'my_chatter'
[0.382s] Level 1:colcon.colcon_core.package_identification:_identify(lab1/src/my_chatter_msgs) by extensions ['ignore', 'ignore_ament_install']
[0.382s] Level 1:colcon.colcon_core.package_identification:_identify(lab1/src/my_chatter_msgs) by extension 'ignore'
[0.383s] Level 1:colcon.colcon_core.package_identification:_identify(lab1/src/my_chatter_msgs) by extension 'ignore_ament_install'
[0.384s] Level 1:colcon.colcon_core.package_identification:_identify(lab1/src/my_chatter_msgs) by extensions ['colcon_pkg']
[0.385s] Level 1:colcon.colcon_core.package_identification:_identify(lab1/src/my_chatter_msgs) by extension 'colcon_pkg'
[0.385s] Level 1:colcon.colcon_core.package_identification:_identify(lab1/src/my_chatter_msgs) by extensions ['colcon_meta']
[0.386s] Level 1:colcon.colcon_core.package_identification:_identify(lab1/src/my_chatter_msgs) by extension 'colcon_meta'
[0.386s] Level 1:colcon.colcon_core.package_identification:_identify(lab1/src/my_chatter_msgs) by extensions ['ros']
[0.387s] Level 1:colcon.colcon_core.package_identification:_identify(lab1/src/my_chatter_msgs) by extension 'ros'
[0.389s] DEBUG:colcon.colcon_core.package_identification:Package 'lab1/src/my_chatter_msgs' with type 'ros.ament_cmake' and name 'my_chatter_msgs'
[0.389s] Level 1:colcon.colcon_core.package_identification:_identify(lab2) by extensions ['ignore', 'ignore_ament_install']
[0.390s] Level 1:colcon.colcon_core.package_identification:_identify(lab2) by extension 'ignore'
[0.390s] Level 1:colcon.colcon_core.package_identification:_identify(lab2) by extension 'ignore_ament_install'
[0.392s] Level 1:colcon.colcon_core.package_identification:_identify(lab2) by extensions ['colcon_pkg']
[0.392s] Level 1:colcon.colcon_core.package_identification:_identify(lab2) by extension 'colcon_pkg'
[0.393s] Level 1:colcon.colcon_core.package_identification:_identify(lab2) by extensions ['colcon_meta']
[0.394s] Level 1:colcon.colcon_core.package_identification:_identify(lab2) by extension 'colcon_meta'
[0.394s] Level 1:colcon.colcon_core.package_identification:_identify(lab2) by extensions ['ros']
[0.394s] Level 1:colcon.colcon_core.package_identification:_identify(lab2) by extension 'ros'
[0.395s] Level 1:colcon.colcon_core.package_identification:_identify(lab2) by extensions ['cmake', 'python']
[0.395s] Level 1:colcon.colcon_core.package_identification:_identify(lab2) by extension 'cmake'
[0.395s] Level 1:colcon.colcon_core.package_identification:_identify(lab2) by extension 'python'
[0.395s] Level 1:colcon.colcon_core.package_identification:_identify(lab2) by extensions ['python_setup_py']
[0.396s] Level 1:colcon.colcon_core.package_identification:_identify(lab2) by extension 'python_setup_py'
[0.397s] Level 1:colcon.colcon_core.package_identification:_identify(lab2/build) by extensions ['ignore', 'ignore_ament_install']
[0.397s] Level 1:colcon.colcon_core.package_identification:_identify(lab2/build) by extension 'ignore'
[0.398s] Level 1:colcon.colcon_core.package_identification:_identify(lab2/build) ignored
[0.399s] Level 1:colcon.colcon_core.package_identification:_identify(lab2/install) by extensions ['ignore', 'ignore_ament_install']
[0.400s] Level 1:colcon.colcon_core.package_identification:_identify(lab2/install) by extension 'ignore'
[0.400s] Level 1:colcon.colcon_core.package_identification:_identify(lab2/install) ignored
[0.402s] Level 1:colcon.colcon_core.package_identification:_identify(lab2/log) by extensions ['ignore', 'ignore_ament_install']
[0.403s] Level 1:colcon.colcon_core.package_identification:_identify(lab2/log) by extension 'ignore'
[0.403s] Level 1:colcon.colcon_core.package_identification:_identify(lab2/log) ignored
[0.405s] Level 1:colcon.colcon_core.package_identification:_identify(lab2/src) by extensions ['ignore', 'ignore_ament_install']
[0.405s] Level 1:colcon.colcon_core.package_identification:_identify(lab2/src) by extension 'ignore'
[0.406s] Level 1:colcon.colcon_core.package_identification:_identify(lab2/src) by extension 'ignore_ament_install'
[0.407s] Level 1:colcon.colcon_core.package_identification:_identify(lab2/src) by extensions ['colcon_pkg']
[0.408s] Level 1:colcon.colcon_core.package_identification:_identify(lab2/src) by extension 'colcon_pkg'
[0.408s] Level 1:colcon.colcon_core.package_identification:_identify(lab2/src) by extensions ['colcon_meta']
[0.409s] Level 1:colcon.colcon_core.package_identification:_identify(lab2/src) by extension 'colcon_meta'
[0.409s] Level 1:colcon.colcon_core.package_identification:_identify(lab2/src) by extensions ['ros']
[0.409s] Level 1:colcon.colcon_core.package_identification:_identify(lab2/src) by extension 'ros'
[0.411s] Level 1:colcon.colcon_core.package_identification:_identify(lab2/src) by extensions ['cmake', 'python']
[0.411s] Level 1:colcon.colcon_core.package_identification:_identify(lab2/src) by extension 'cmake'
[0.412s] Level 1:colcon.colcon_core.package_identification:_identify(lab2/src) by extension 'python'
[0.412s] Level 1:colcon.colcon_core.package_identification:_identify(lab2/src) by extensions ['python_setup_py']
[0.414s] Level 1:colcon.colcon_core.package_identification:_identify(lab2/src) by extension 'python_setup_py'
[0.414s] Level 1:colcon.colcon_core.package_identification:_identify(lab2/src/lab2_turtlesim) by extensions ['ignore', 'ignore_ament_install']
[0.415s] Level 1:colcon.colcon_core.package_identification:_identify(lab2/src/lab2_turtlesim) by extension 'ignore'
[0.415s] Level 1:colcon.colcon_core.package_identification:_identify(lab2/src/lab2_turtlesim) by extension 'ignore_ament_install'
[0.417s] Level 1:colcon.colcon_core.package_identification:_identify(lab2/src/lab2_turtlesim) by extensions ['colcon_pkg']
[0.417s] Level 1:colcon.colcon_core.package_identification:_identify(lab2/src/lab2_turtlesim) by extension 'colcon_pkg'
[0.418s] Level 1:colcon.colcon_core.package_identification:_identify(lab2/src/lab2_turtlesim) by extensions ['colcon_meta']
[0.419s] Level 1:colcon.colcon_core.package_identification:_identify(lab2/src/lab2_turtlesim) by extension 'colcon_meta'
[0.419s] Level 1:colcon.colcon_core.package_identification:_identify(lab2/src/lab2_turtlesim) by extensions ['ros']
[0.419s] Level 1:colcon.colcon_core.package_identification:_identify(lab2/src/lab2_turtlesim) by extension 'ros'
[0.421s] DEBUG:colcon.colcon_core.package_identification:Package 'lab2/src/lab2_turtlesim' with type 'ros.ament_python' and name 'lab2_turtlesim'
[0.422s] Level 1:colcon.colcon_core.package_identification:_identify(lab2/src/turtle_patrol) by extensions ['ignore', 'ignore_ament_install']
[0.423s] Level 1:colcon.colcon_core.package_identification:_identify(lab2/src/turtle_patrol) by extension 'ignore'
[0.423s] Level 1:colcon.colcon_core.package_identification:_identify(lab2/src/turtle_patrol) by extension 'ignore_ament_install'
[0.424s] Level 1:colcon.colcon_core.package_identification:_identify(lab2/src/turtle_patrol) by extensions ['colcon_pkg']
[0.425s] Level 1:colcon.colcon_core.package_identification:_identify(lab2/src/turtle_patrol) by extension 'colcon_pkg'
[0.425s] Level 1:colcon.colcon_core.package_identification:_identify(lab2/src/turtle_patrol) by extensions ['colcon_meta']
[0.426s] Level 1:colcon.colcon_core.package_identification:_identify(lab2/src/turtle_patrol) by extension 'colcon_meta'
[0.427s] Level 1:colcon.colcon_core.package_identification:_identify(lab2/src/turtle_patrol) by extensions ['ros']
[0.427s] Level 1:colcon.colcon_core.package_identification:_identify(lab2/src/turtle_patrol) by extension 'ros'
[0.429s] DEBUG:colcon.colcon_core.package_identification:Package 'lab2/src/turtle_patrol' with type 'ros.ament_python' and name 'turtle_patrol'
[0.430s] Level 1:colcon.colcon_core.package_identification:_identify(lab2/src/turtle_patrol_interface) by extensions ['ignore', 'ignore_ament_install']
[0.431s] Level 1:colcon.colcon_core.package_identification:_identify(lab2/src/turtle_patrol_interface) by extension 'ignore'
[0.431s] Level 1:colcon.colcon_core.package_identification:_identify(lab2/src/turtle_patrol_interface) by extension 'ignore_ament_install'
[0.433s] Level 1:colcon.colcon_core.package_identification:_identify(lab2/src/turtle_patrol_interface) by extensions ['colcon_pkg']
[0.433s] Level 1:colcon.colcon_core.package_identification:_identify(lab2/src/turtle_patrol_interface) by extension 'colcon_pkg'
[0.434s] Level 1:colcon.colcon_core.package_identification:_identify(lab2/src/turtle_patrol_interface) by extensions ['colcon_meta']
[0.435s] Level 1:colcon.colcon_core.package_identification:_identify(lab2/src/turtle_patrol_interface) by extension 'colcon_meta'
[0.435s] Level 1:colcon.colcon_core.package_identification:_identify(lab2/src/turtle_patrol_interface) by extensions ['ros']
[0.435s] Level 1:colcon.colcon_core.package_identification:_identify(lab2/src/turtle_patrol_interface) by extension 'ros'
[0.438s] DEBUG:colcon.colcon_core.package_identification:Package 'lab2/src/turtle_patrol_interface' with type 'ros.ament_cmake' and name 'turtle_patrol_interface'
[0.439s] Level 1:colcon.colcon_core.package_identification:_identify(lab3) by extensions ['ignore', 'ignore_ament_install']
[0.440s] Level 1:colcon.colcon_core.package_identification:_identify(lab3) by extension 'ignore'
[0.440s] Level 1:colcon.colcon_core.package_identification:_identify(lab3) by extension 'ignore_ament_install'
[0.441s] Level 1:colcon.colcon_core.package_identification:_identify(lab3) by extensions ['colcon_pkg']
[0.441s] Level 1:colcon.colcon_core.package_identification:_identify(lab3) by extension 'colcon_pkg'
[0.441s] Level 1:colcon.colcon_core.package_identification:_identify(lab3) by extensions ['colcon_meta']
[0.442s] Level 1:colcon.colcon_core.package_identification:_identify(lab3) by extension 'colcon_meta'
[0.442s] Level 1:colcon.colcon_core.package_identification:_identify(lab3) by extensions ['ros']
[0.444s] Level 1:colcon.colcon_core.package_identification:_identify(lab3) by extension 'ros'
[0.444s] Level 1:colcon.colcon_core.package_identification:_identify(lab3) by extensions ['cmake', 'python']
[0.445s] Level 1:colcon.colcon_core.package_identification:_identify(lab3) by extension 'cmake'
[0.445s] Level 1:colcon.colcon_core.package_identification:_identify(lab3) by extension 'python'
[0.446s] Level 1:colcon.colcon_core.package_identification:_identify(lab3) by extensions ['python_setup_py']
[0.446s] Level 1:colcon.colcon_core.package_identification:_identify(lab3) by extension 'python_setup_py'
[0.448s] Level 1:colcon.colcon_core.package_identification:_identify(lab3/build) by extensions ['ignore', 'ignore_ament_install']
[0.449s] Level 1:colcon.colcon_core.package_identification:_identify(lab3/build) by extension 'ignore'
[0.449s] Level 1:colcon.colcon_core.package_identification:_identify(lab3/build) ignored
[0.450s] Level 1:colcon.colcon_core.package_identification:_identify(lab3/install) by extensions ['ignore', 'ignore_ament_install']
[0.451s] Level 1:colcon.colcon_core.package_identification:_identify(lab3/install) by extension 'ignore'
[0.452s] Level 1:colcon.colcon_core.package_identification:_identify(lab3/install) ignored
[0.453s] Level 1:colcon.colcon_core.package_identification:_identify(lab3/log) by extensions ['ignore', 'ignore_ament_install']
[0.454s] Level 1:colcon.colcon_core.package_identification:_identify(lab3/log) by extension 'ignore'
[0.454s] Level 1:colcon.colcon_core.package_identification:_identify(lab3/log) ignored
[0.455s] Level 1:colcon.colcon_core.package_identification:_identify(lab3/src) by extensions ['ignore', 'ignore_ament_install']
[0.456s] Level 1:colcon.colcon_core.package_identification:_identify(lab3/src) by extension 'ignore'
[0.456s] Level 1:colcon.colcon_core.package_identification:_identify(lab3/src) by extension 'ignore_ament_install'
[0.457s] Level 1:colcon.colcon_core.package_identification:_identify(lab3/src) by extensions ['colcon_pkg']
[0.457s] Level 1:colcon.colcon_core.package_identification:_identify(lab3/src) by extension 'colcon_pkg'
[0.458s] Level 1:colcon.colcon_core.package_identification:_identify(lab3/src) by extensions ['colcon_meta']
[0.459s] Level 1:colcon.colcon_core.package_identification:_identify(lab3/src) by extension 'colcon_meta'
[0.459s] Level 1:colcon.colcon_core.package_identification:_identify(lab3/src) by extensions ['ros']
[0.459s] Level 1:colcon.colcon_core.package_identification:_identify(lab3/src) by extension 'ros'
[0.460s] Level 1:colcon.colcon_core.package_identification:_identify(lab3/src) by extensions ['cmake', 'python']
[0.460s] Level 1:colcon.colcon_core.package_identification:_identify(lab3/src) by extension 'cmake'
[0.461s] Level 1:colcon.colcon_core.package_identification:_identify(lab3/src) by extension 'python'
[0.461s] Level 1:colcon.colcon_core.package_identification:_identify(lab3/src) by extensions ['python_setup_py']
[0.462s] Level 1:colcon.colcon_core.package_identification:_identify(lab3/src) by extension 'python_setup_py'
[0.463s] Level 1:colcon.colcon_core.package_identification:_identify(lab3/src/forward_kinematics) by extensions ['ignore', 'ignore_ament_install']
[0.464s] Level 1:colcon.colcon_core.package_identification:_identify(lab3/src/forward_kinematics) by extension 'ignore'
[0.464s] Level 1:colcon.colcon_core.package_identification:_identify(lab3/src/forward_kinematics) by extension 'ignore_ament_install'
[0.465s] Level 1:colcon.colcon_core.package_identification:_identify(lab3/src/forward_kinematics) by extensions ['colcon_pkg']
[0.466s] Level 1:colcon.colcon_core.package_identification:_identify(lab3/src/forward_kinematics) by extension 'colcon_pkg'
[0.466s] Level 1:colcon.colcon_core.package_identification:_identify(lab3/src/forward_kinematics) by extensions ['colcon_meta']
[0.467s] Level 1:colcon.colcon_core.package_identification:_identify(lab3/src/forward_kinematics) by extension 'colcon_meta'
[0.467s] Level 1:colcon.colcon_core.package_identification:_identify(lab3/src/forward_kinematics) by extensions ['ros']
[0.467s] Level 1:colcon.colcon_core.package_identification:_identify(lab3/src/forward_kinematics) by extension 'ros'
[0.470s] DEBUG:colcon.colcon_core.package_identification:Package 'lab3/src/forward_kinematics' with type 'ros.ament_python' and name 'forward_kinematics'
[0.471s] Level 1:colcon.colcon_core.package_identification:_identify(lab3/src/joint_control) by extensions ['ignore', 'ignore_ament_install']
[0.472s] Level 1:colcon.colcon_core.package_identification:_identify(lab3/src/joint_control) by extension 'ignore'
[0.472s] Level 1:colcon.colcon_core.package_identification:_identify(lab3/src/joint_control) by extension 'ignore_ament_install'
[0.472s] Level 1:colcon.colcon_core.package_identification:_identify(lab3/src/joint_control) by extensions ['colcon_pkg']
[0.473s] Level 1:colcon.colcon_core.package_identification:_identify(lab3/src/joint_control) by extension 'colcon_pkg'
[0.473s] Level 1:colcon.colcon_core.package_identification:_identify(lab3/src/joint_control) by extensions ['colcon_meta']
[0.474s] Level 1:colcon.colcon_core.package_identification:_identify(lab3/src/joint_control) by extension 'colcon_meta'
[0.474s] Level 1:colcon.colcon_core.package_identification:_identify(lab3/src/joint_control) by extensions ['ros']
[0.474s] Level 1:colcon.colcon_core.package_identification:_identify(lab3/src/joint_control) by extension 'ros'
[0.476s] DEBUG:colcon.colcon_core.package_identification:Package 'lab3/src/joint_control' with type 'ros.ament_python' and name 'joint_control'
[0.476s] Level 1:colcon.colcon_core.package_identification:_identify(lab3/src/straight_line) by extensions ['ignore', 'ignore_ament_install']
[0.477s] Level 1:colcon.colcon_core.package_identification:_identify(lab3/src/straight_line) by extension 'ignore'
[0.478s] Level 1:colcon.colcon_core.package_identification:_identify(lab3/src/straight_line) by extension 'ignore_ament_install'
[0.478s] Level 1:colcon.colcon_core.package_identification:_identify(lab3/src/straight_line) by extensions ['colcon_pkg']
[0.478s] Level 1:colcon.colcon_core.package_identification:_identify(lab3/src/straight_line) by extension 'colcon_pkg'
[0.479s] Level 1:colcon.colcon_core.package_identification:_identify(lab3/src/straight_line) by extensions ['colcon_meta']
[0.480s] Level 1:colcon.colcon_core.package_identification:_identify(lab3/src/straight_line) by extension 'colcon_meta'
[0.480s] Level 1:colcon.colcon_core.package_identification:_identify(lab3/src/straight_line) by extensions ['ros']
[0.480s] Level 1:colcon.colcon_core.package_identification:_identify(lab3/src/straight_line) by extension 'ros'
[0.482s] DEBUG:colcon.colcon_core.package_identification:Package 'lab3/src/straight_line' with type 'ros.ament_python' and name 'straight_line'
[0.483s] Level 1:colcon.colcon_core.package_identification:_identify(lab3/src/straight_line_interface) by extensions ['ignore', 'ignore_ament_install']
[0.483s] Level 1:colcon.colcon_core.package_identification:_identify(lab3/src/straight_line_interface) by extension 'ignore'
[0.483s] Level 1:colcon.colcon_core.package_identification:_identify(lab3/src/straight_line_interface) by extension 'ignore_ament_install'
[0.483s] Level 1:colcon.colcon_core.package_identification:_identify(lab3/src/straight_line_interface) by extensions ['colcon_pkg']
[0.485s] Level 1:colcon.colcon_core.package_identification:_identify(lab3/src/straight_line_interface) by extension 'colcon_pkg'
[0.485s] Level 1:colcon.colcon_core.package_identification:_identify(lab3/src/straight_line_interface) by extensions ['colcon_meta']
[0.485s] Level 1:colcon.colcon_core.package_identification:_identify(lab3/src/straight_line_interface) by extension 'colcon_meta'
[0.485s] Level 1:colcon.colcon_core.package_identification:_identify(lab3/src/straight_line_interface) by extensions ['ros']
[0.485s] Level 1:colcon.colcon_core.package_identification:_identify(lab3/src/straight_line_interface) by extension 'ros'
[0.488s] DEBUG:colcon.colcon_core.package_identification:Package 'lab3/src/straight_line_interface' with type 'ros.ament_cmake' and name 'straight_line_interface'
[0.488s] Level 1:colcon.colcon_core.package_identification:_identify(lab3/src/tf_listener) by extensions ['ignore', 'ignore_ament_install']
[0.489s] Level 1:colcon.colcon_core.package_identification:_identify(lab3/src/tf_listener) by extension 'ignore'
[0.490s] Level 1:colcon.colcon_core.package_identification:_identify(lab3/src/tf_listener) by extension 'ignore_ament_install'
[0.490s] Level 1:colcon.colcon_core.package_identification:_identify(lab3/src/tf_listener) by extensions ['colcon_pkg']
[0.490s] Level 1:colcon.colcon_core.package_identification:_identify(lab3/src/tf_listener) by extension 'colcon_pkg'
[0.490s] Level 1:colcon.colcon_core.package_identification:_identify(lab3/src/tf_listener) by extensions ['colcon_meta']
[0.492s] Level 1:colcon.colcon_core.package_identification:_identify(lab3/src/tf_listener) by extension 'colcon_meta'
[0.492s] Level 1:colcon.colcon_core.package_identification:_identify(lab3/src/tf_listener) by extensions ['ros']
[0.492s] Level 1:colcon.colcon_core.package_identification:_identify(lab3/src/tf_listener) by extension 'ros'
[0.494s] DEBUG:colcon.colcon_core.package_identification:Package 'lab3/src/tf_listener' with type 'ros.ament_python' and name 'tf_listener'
[0.494s] Level 1:colcon.colcon_core.package_identification:_identify(lab4) by extensions ['ignore', 'ignore_ament_install']
[0.495s] Level 1:colcon.colcon_core.package_identification:_identify(lab4) by extension 'ignore'
[0.495s] Level 1:colcon.colcon_core.package_identification:_identify(lab4) by extension 'ignore_ament_install'
[0.497s] Level 1:colcon.colcon_core.package_identification:_identify(lab4) by extensions ['colcon_pkg']
[0.497s] Level 1:colcon.colcon_core.package_identification:_identify(lab4) by extension 'colcon_pkg'
[0.498s] Level 1:colcon.colcon_core.package_identification:_identify(lab4) by extensions ['colcon_meta']
[0.499s] Level 1:colcon.colcon_core.package_identification:_identify(lab4) by extension 'colcon_meta'
[0.499s] Level 1:colcon.colcon_core.package_identification:_identify(lab4) by extensions ['ros']
[0.499s] Level 1:colcon.colcon_core.package_identification:_identify(lab4) by extension 'ros'
[0.500s] Level 1:colcon.colcon_core.package_identification:_identify(lab4) by extensions ['cmake', 'python']
[0.500s] Level 1:colcon.colcon_core.package_identification:_identify(lab4) by extension 'cmake'
[0.500s] Level 1:colcon.colcon_core.package_identification:_identify(lab4) by extension 'python'
[0.502s] Level 1:colcon.colcon_core.package_identification:_identify(lab4) by extensions ['python_setup_py']
[0.503s] Level 1:colcon.colcon_core.package_identification:_identify(lab4) by extension 'python_setup_py'
[0.504s] Level 1:colcon.colcon_core.package_identification:_identify(lab4/src) by extensions ['ignore', 'ignore_ament_install']
[0.504s] Level 1:colcon.colcon_core.package_identification:_identify(lab4/src) by extension 'ignore'
[0.506s] Level 1:colcon.colcon_core.package_identification:_identify(lab4/src) by extension 'ignore_ament_install'
[0.507s] Level 1:colcon.colcon_core.package_identification:_identify(lab4/src) by extensions ['colcon_pkg']
[0.508s] Level 1:colcon.colcon_core.package_identification:_identify(lab4/src) by extension 'colcon_pkg'
[0.509s] Level 1:colcon.colcon_core.package_identification:_identify(lab4/src) by extensions ['colcon_meta']
[0.510s] Level 1:colcon.colcon_core.package_identification:_identify(lab4/src) by extension 'colcon_meta'
[0.510s] Level 1:colcon.colcon_core.package_identification:_identify(lab4/src) by extensions ['ros']
[0.510s] Level 1:colcon.colcon_core.package_identification:_identify(lab4/src) by extension 'ros'
[0.511s] Level 1:colcon.colcon_core.package_identification:_identify(lab4/src) by extensions ['cmake', 'python']
[0.511s] Level 1:colcon.colcon_core.package_identification:_identify(lab4/src) by extension 'cmake'
[0.511s] Level 1:colcon.colcon_core.package_identification:_identify(lab4/src) by extension 'python'
[0.513s] Level 1:colcon.colcon_core.package_identification:_identify(lab4/src) by extensions ['python_setup_py']
[0.513s] Level 1:colcon.colcon_core.package_identification:_identify(lab4/src) by extension 'python_setup_py'
[0.514s] Level 1:colcon.colcon_core.package_identification:_identify(lab4/src/ros2_aruco) by extensions ['ignore', 'ignore_ament_install']
[0.515s] Level 1:colcon.colcon_core.package_identification:_identify(lab4/src/ros2_aruco) by extension 'ignore'
[0.515s] Level 1:colcon.colcon_core.package_identification:_identify(lab4/src/ros2_aruco) by extension 'ignore_ament_install'
[0.517s] Level 1:colcon.colcon_core.package_identification:_identify(lab4/src/ros2_aruco) by extensions ['colcon_pkg']
[0.517s] Level 1:colcon.colcon_core.package_identification:_identify(lab4/src/ros2_aruco) by extension 'colcon_pkg'
[0.518s] Level 1:colcon.colcon_core.package_identification:_identify(lab4/src/ros2_aruco) by extensions ['colcon_meta']
[0.518s] Level 1:colcon.colcon_core.package_identification:_identify(lab4/src/ros2_aruco) by extension 'colcon_meta'
[0.519s] Level 1:colcon.colcon_core.package_identification:_identify(lab4/src/ros2_aruco) by extensions ['ros']
[0.519s] Level 1:colcon.colcon_core.package_identification:_identify(lab4/src/ros2_aruco) by extension 'ros'
[0.520s] Level 1:colcon.colcon_core.package_identification:_identify(lab4/src/ros2_aruco) by extensions ['cmake', 'python']
[0.520s] Level 1:colcon.colcon_core.package_identification:_identify(lab4/src/ros2_aruco) by extension 'cmake'
[0.520s] Level 1:colcon.colcon_core.package_identification:_identify(lab4/src/ros2_aruco) by extension 'python'
[0.521s] Level 1:colcon.colcon_core.package_identification:_identify(lab4/src/ros2_aruco) by extensions ['python_setup_py']
[0.523s] Level 1:colcon.colcon_core.package_identification:_identify(lab4/src/ros2_aruco) by extension 'python_setup_py'
[0.523s] Level 1:colcon.colcon_core.package_identification:_identify(lab4/src/ros2_aruco/ros2_aruco) by extensions ['ignore', 'ignore_ament_install']
[0.524s] Level 1:colcon.colcon_core.package_identification:_identify(lab4/src/ros2_aruco/ros2_aruco) by extension 'ignore'
[0.524s] Level 1:colcon.colcon_core.package_identification:_identify(lab4/src/ros2_aruco/ros2_aruco) by extension 'ignore_ament_install'
[0.526s] Level 1:colcon.colcon_core.package_identification:_identify(lab4/src/ros2_aruco/ros2_aruco) by extensions ['colcon_pkg']
[0.527s] Level 1:colcon.colcon_core.package_identification:_identify(lab4/src/ros2_aruco/ros2_aruco) by extension 'colcon_pkg'
[0.527s] Level 1:colcon.colcon_core.package_identification:_identify(lab4/src/ros2_aruco/ros2_aruco) by extensions ['colcon_meta']
[0.528s] Level 1:colcon.colcon_core.package_identification:_identify(lab4/src/ros2_aruco/ros2_aruco) by extension 'colcon_meta'
[0.528s] Level 1:colcon.colcon_core.package_identification:_identify(lab4/src/ros2_aruco/ros2_aruco) by extensions ['ros']
[0.528s] Level 1:colcon.colcon_core.package_identification:_identify(lab4/src/ros2_aruco/ros2_aruco) by extension 'ros'
[0.530s] DEBUG:colcon.colcon_core.package_identification:Package 'lab4/src/ros2_aruco/ros2_aruco' with type 'ros.ament_python' and name 'ros2_aruco'
[0.530s] Level 1:colcon.colcon_core.package_identification:_identify(lab4/src/ros2_aruco/ros2_aruco_interfaces) by extensions ['ignore', 'ignore_ament_install']
[0.531s] Level 1:colcon.colcon_core.package_identification:_identify(lab4/src/ros2_aruco/ros2_aruco_interfaces) by extension 'ignore'
[0.531s] Level 1:colcon.colcon_core.package_identification:_identify(lab4/src/ros2_aruco/ros2_aruco_interfaces) by extension 'ignore_ament_install'
[0.533s] Level 1:colcon.colcon_core.package_identification:_identify(lab4/src/ros2_aruco/ros2_aruco_interfaces) by extensions ['colcon_pkg']
[0.534s] Level 1:colcon.colcon_core.package_identification:_identify(lab4/src/ros2_aruco/ros2_aruco_interfaces) by extension 'colcon_pkg'
[0.534s] Level 1:colcon.colcon_core.package_identification:_identify(lab4/src/ros2_aruco/ros2_aruco_interfaces) by extensions ['colcon_meta']
[0.535s] Level 1:colcon.colcon_core.package_identification:_identify(lab4/src/ros2_aruco/ros2_aruco_interfaces) by extension 'colcon_meta'
[0.535s] Level 1:colcon.colcon_core.package_identification:_identify(lab4/src/ros2_aruco/ros2_aruco_interfaces) by extensions ['ros']
[0.535s] Level 1:colcon.colcon_core.package_identification:_identify(lab4/src/ros2_aruco/ros2_aruco_interfaces) by extension 'ros'
[0.537s] DEBUG:colcon.colcon_core.package_identification:Package 'lab4/src/ros2_aruco/ros2_aruco_interfaces' with type 'ros.ament_cmake' and name 'ros2_aruco_interfaces'
[0.537s] Level 1:colcon.colcon_core.package_identification:_identify(lab4/src/turtlebot_controller) by extensions ['ignore', 'ignore_ament_install']
[0.538s] Level 1:colcon.colcon_core.package_identification:_identify(lab4/src/turtlebot_controller) by extension 'ignore'
[0.538s] Level 1:colcon.colcon_core.package_identification:_identify(lab4/src/turtlebot_controller) by extension 'ignore_ament_install'
[0.540s] Level 1:colcon.colcon_core.package_identification:_identify(lab4/src/turtlebot_controller) by extensions ['colcon_pkg']
[0.541s] Level 1:colcon.colcon_core.package_identification:_identify(lab4/src/turtlebot_controller) by extension 'colcon_pkg'
[0.541s] Level 1:colcon.colcon_core.package_identification:_identify(lab4/src/turtlebot_controller) by extensions ['colcon_meta']
[0.542s] Level 1:colcon.colcon_core.package_identification:_identify(lab4/src/turtlebot_controller) by extension 'colcon_meta'
[0.543s] Level 1:colcon.colcon_core.package_identification:_identify(lab4/src/turtlebot_controller) by extensions ['ros']
[0.543s] Level 1:colcon.colcon_core.package_identification:_identify(lab4/src/turtlebot_controller) by extension 'ros'
[0.545s] DEBUG:colcon.colcon_core.package_identification:Package 'lab4/src/turtlebot_controller' with type 'ros.ament_python' and name 'turtlebot_controller'
[0.546s] Level 1:colcon.colcon_core.package_identification:_identify(lab4/src/usb_cam) by extensions ['ignore', 'ignore_ament_install']
[0.546s] Level 1:colcon.colcon_core.package_identification:_identify(lab4/src/usb_cam) by extension 'ignore'
[0.547s] Level 1:colcon.colcon_core.package_identification:_identify(lab4/src/usb_cam) by extension 'ignore_ament_install'
[0.549s] Level 1:colcon.colcon_core.package_identification:_identify(lab4/src/usb_cam) by extensions ['colcon_pkg']
[0.549s] Level 1:colcon.colcon_core.package_identification:_identify(lab4/src/usb_cam) by extension 'colcon_pkg'
[0.550s] Level 1:colcon.colcon_core.package_identification:_identify(lab4/src/usb_cam) by extensions ['colcon_meta']
[0.551s] Level 1:colcon.colcon_core.package_identification:_identify(lab4/src/usb_cam) by extension 'colcon_meta'
[0.551s] Level 1:colcon.colcon_core.package_identification:_identify(lab4/src/usb_cam) by extensions ['ros']
[0.551s] Level 1:colcon.colcon_core.package_identification:_identify(lab4/src/usb_cam) by extension 'ros'
[0.555s] DEBUG:colcon.colcon_core.package_identification:Package 'lab4/src/usb_cam' with type 'ros.ament_cmake' and name 'usb_cam'
[0.556s] Level 1:colcon.colcon_core.package_identification:_identify(log) by extensions ['ignore', 'ignore_ament_install']
[0.556s] Level 1:colcon.colcon_core.package_identification:_identify(log) by extension 'ignore'
[0.556s] Level 1:colcon.colcon_core.package_identification:_identify(log) ignored
[0.556s] Level 1:colcon.colcon_core.package_discovery:discover_packages(recursive) using defaults
[0.558s] Level 1:colcon.colcon_core.package_discovery:discover_packages(ignore) discover
[0.558s] Level 1:colcon.colcon_core.package_discovery:discover_packages(ignore) using defaults
[0.558s] Level 1:colcon.colcon_core.package_discovery:discover_packages(path) discover
[0.558s] Level 1:colcon.colcon_core.package_discovery:discover_packages(path) using defaults
[0.595s] INFO:colcon.colcon_core.package_selection:Skipping not selected package 'bar' in 'lab0/src/bar'
[0.595s] INFO:colcon.colcon_core.package_selection:Skipping not selected package 'chatter' in 'lab1/src/chatter'
[0.595s] INFO:colcon.colcon_core.package_selection:Skipping not selected package 'foo' in 'lab0/src/foo'
[0.595s] INFO:colcon.colcon_core.package_selection:Skipping not selected package 'forward_kinematics' in 'lab3/src/forward_kinematics'
[0.596s] INFO:colcon.colcon_core.package_selection:Skipping not selected package 'joint_control' in 'lab3/src/joint_control'
[0.596s] INFO:colcon.colcon_core.package_selection:Skipping not selected package 'lab2_turtlesim' in 'lab2/src/lab2_turtlesim'
[0.597s] INFO:colcon.colcon_core.package_selection:Skipping not selected package 'my_chatter_msgs' in 'lab1/src/my_chatter_msgs'
[0.597s] INFO:colcon.colcon_core.package_selection:Skipping not selected package 'ros2_aruco' in 'lab4/src/ros2_aruco/ros2_aruco'
[0.597s] INFO:colcon.colcon_core.package_selection:Skipping not selected package 'ros2_aruco_interfaces' in 'lab4/src/ros2_aruco/ros2_aruco_interfaces'
[0.597s] INFO:colcon.colcon_core.package_selection:Skipping not selected package 'tf_listener' in 'lab3/src/tf_listener'
[0.597s] INFO:colcon.colcon_core.package_selection:Skipping not selected package 'turtle_patrol' in 'lab2/src/turtle_patrol'
[0.597s] INFO:colcon.colcon_core.package_selection:Skipping not selected package 'turtle_patrol_interface' in 'lab2/src/turtle_patrol_interface'
[0.597s] INFO:colcon.colcon_core.package_selection:Skipping not selected package 'usb_cam' in 'lab4/src/usb_cam'
[0.597s] INFO:colcon.colcon_core.package_selection:Skipping not selected package 'my_chatter' in 'lab1/src/my_chatter'
[0.597s] INFO:colcon.colcon_core.package_selection:Skipping not selected package 'turtlebot_controller' in 'lab4/src/turtlebot_controller'
[0.597s] Level 5:colcon.colcon_core.verb:set package 'straight_line_interface' build argument 'cmake_args' from command line to 'None'
[0.598s] Level 5:colcon.colcon_core.verb:set package 'straight_line_interface' build argument 'cmake_target' from command line to 'None'
[0.598s] Level 5:colcon.colcon_core.verb:set package 'straight_line_interface' build argument 'cmake_target_skip_unavailable' from command line to 'False'
[0.598s] Level 5:colcon.colcon_core.verb:set package 'straight_line_interface' build argument 'cmake_clean_cache' from command line to 'False'
[0.598s] Level 5:colcon.colcon_core.verb:set package 'straight_line_interface' build argument 'cmake_clean_first' from command line to 'False'
[0.598s] Level 5:colcon.colcon_core.verb:set package 'straight_line_interface' build argument 'cmake_force_configure' from command line to 'False'
[0.598s] Level 5:colcon.colcon_core.verb:set package 'straight_line_interface' build argument 'ament_cmake_args' from command line to 'None'
[0.598s] Level 5:colcon.colcon_core.verb:set package 'straight_line_interface' build argument 'catkin_cmake_args' from command line to 'None'
[0.598s] Level 5:colcon.colcon_core.verb:set package 'straight_line_interface' build argument 'catkin_skip_building_tests' from command line to 'False'
[0.599s] DEBUG:colcon.colcon_core.verb:Building package 'straight_line_interface' with the following arguments: {'ament_cmake_args': None, 'build_base': '/home/cc/ee106a/fa26/class/ee106a-aej/ros_workspaces/build/straight_line_interface', 'catkin_cmake_args': None, 'catkin_skip_building_tests': False, 'cmake_args': None, 'cmake_clean_cache': False, 'cmake_clean_first': False, 'cmake_force_configure': False, 'cmake_target': None, 'cmake_target_skip_unavailable': False, 'install_base': '/home/cc/ee106a/fa26/class/ee106a-aej/ros_workspaces/install/straight_line_interface', 'merge_install': False, 'path': '/home/cc/ee106a/fa26/class/ee106a-aej/ros_workspaces/lab3/src/straight_line_interface', 'symlink_install': False, 'test_result_base': None}
[0.600s] Level 5:colcon.colcon_core.verb:set package 'straight_line' build argument 'cmake_args' from command line to 'None'
[0.600s] Level 5:colcon.colcon_core.verb:set package 'straight_line' build argument 'cmake_target' from command line to 'None'
[0.600s] Level 5:colcon.colcon_core.verb:set package 'straight_line' build argument 'cmake_target_skip_unavailable' from command line to 'False'
[0.601s] Level 5:colcon.colcon_core.verb:set package 'straight_line' build argument 'cmake_clean_cache' from command line to 'False'
[0.601s] Level 5:colcon.colcon_core.verb:set package 'straight_line' build argument 'cmake_clean_first' from command line to 'False'
[0.601s] Level 5:colcon.colcon_core.verb:set package 'straight_line' build argument 'cmake_force_configure' from command line to 'False'
[0.601s] Level 5:colcon.colcon_core.verb:set package 'straight_line' build argument 'ament_cmake_args' from command line to 'None'
[0.601s] Level 5:colcon.colcon_core.verb:set package 'straight_line' build argument 'catkin_cmake_args' from command line to 'None'
[0.601s] Level 5:colcon.colcon_core.verb:set package 'straight_line' build argument 'catkin_skip_building_tests' from command line to 'False'
[0.601s] DEBUG:colcon.colcon_core.verb:Building package 'straight_line' with the following arguments: {'ament_cmake_args': None, 'build_base': '/home/cc/ee106a/fa26/class/ee106a-aej/ros_workspaces/build/straight_line', 'catkin_cmake_args': None, 'catkin_skip_building_tests': False, 'cmake_args': None, 'cmake_clean_cache': False, 'cmake_clean_first': False, 'cmake_force_configure': False, 'cmake_target': None, 'cmake_target_skip_unavailable': False, 'install_base': '/home/cc/ee106a/fa26/class/ee106a-aej/ros_workspaces/install/straight_line', 'merge_install': False, 'path': '/home/cc/ee106a/fa26/class/ee106a-aej/ros_workspaces/lab3/src/straight_line', 'symlink_install': False, 'test_result_base': None}
[0.602s] INFO:colcon.colcon_core.executor:Executing jobs using 'parallel' executor
[0.603s] DEBUG:colcon.colcon_parallel_executor.executor.parallel:run_until_complete
[0.604s] INFO:colcon.colcon_ros.task.ament_cmake.build:Building ROS package in '/home/cc/ee106a/fa26/class/ee106a-aej/ros_workspaces/lab3/src/straight_line_interface' with build type 'ament_cmake'
[0.605s] INFO:colcon.colcon_cmake.task.cmake.build:Building CMake package in '/home/cc/ee106a/fa26/class/ee106a-aej/ros_workspaces/lab3/src/straight_line_interface'
[0.610s] INFO:colcon.colcon_core.plugin_system:Skipping extension 'colcon_core.shell.bat': Not used on non-Windows systems
[0.611s] INFO:colcon.colcon_core.shell:Skip shell extension 'powershell' for command environment: Not usable outside of PowerShell
[0.611s] DEBUG:colcon.colcon_core.shell:Skip shell extension 'dsv' for command environment
[0.670s] DEBUG:colcon.colcon_core.event_handler.log_command:Invoking command in '/home/cc/ee106a/fa26/class/ee106a-aej/ros_workspaces/build/straight_line_interface': CMAKE_PREFIX_PATH=${CMAKE_PREFIX_PATH}:/home/cc/ee106a/fa26/class/ee106a-aej/ros_workspaces/lab3/install/tf_listener:/home/cc/ee106a/fa26/class/ee106a-aej/ros_workspaces/lab3/install/straight_line:/home/cc/ee106a/fa26/class/ee106a-aej/ros_workspaces/lab3/install/joint_control:/home/cc/ee106a/fa26/class/ee106a-aej/ros_workspaces/lab3/install/forward_kinematics:/home/ff/ee106a/robot_workspaces/ur/install/ur7e_utils:/opt/ros/humble /usr/bin/cmake /home/cc/ee106a/fa26/class/ee106a-aej/ros_workspaces/lab3/src/straight_line_interface -DCMAKE_INSTALL_PREFIX=/home/cc/ee106a/fa26/class/ee106a-aej/ros_workspaces/install/straight_line_interface
[10.194s] DEBUG:colcon.colcon_core.event_handler.log_command:Invoked command in '/home/cc/ee106a/fa26/class/ee106a-aej/ros_workspaces/build/straight_line_interface' returned '0': CMAKE_PREFIX_PATH=${CMAKE_PREFIX_PATH}:/home/cc/ee106a/fa26/class/ee106a-aej/ros_workspaces/lab3/install/tf_listener:/home/cc/ee106a/fa26/class/ee106a-aej/ros_workspaces/lab3/install/straight_line:/home/cc/ee106a/fa26/class/ee106a-aej/ros_workspaces/lab3/install/joint_control:/home/cc/ee106a/fa26/class/ee106a-aej/ros_workspaces/lab3/install/forward_kinematics:/home/ff/ee106a/robot_workspaces/ur/install/ur7e_utils:/opt/ros/humble /usr/bin/cmake /home/cc/ee106a/fa26/class/ee106a-aej/ros_workspaces/lab3/src/straight_line_interface -DCMAKE_INSTALL_PREFIX=/home/cc/ee106a/fa26/class/ee106a-aej/ros_workspaces/install/straight_line_interface
[10.201s] DEBUG:colcon.colcon_core.event_handler.log_command:Invoking command in '/home/cc/ee106a/fa26/class/ee106a-aej/ros_workspaces/build/straight_line_interface': CMAKE_PREFIX_PATH=${CMAKE_PREFIX_PATH}:/home/cc/ee106a/fa26/class/ee106a-aej/ros_workspaces/lab3/install/tf_listener:/home/cc/ee106a/fa26/class/ee106a-aej/ros_workspaces/lab3/install/straight_line:/home/cc/ee106a/fa26/class/ee106a-aej/ros_workspaces/lab3/install/joint_control:/home/cc/ee106a/fa26/class/ee106a-aej/ros_workspaces/lab3/install/forward_kinematics:/home/ff/ee106a/robot_workspaces/ur/install/ur7e_utils:/opt/ros/humble /usr/bin/cmake --build /home/cc/ee106a/fa26/class/ee106a-aej/ros_workspaces/build/straight_line_interface -- -j32 -l32
[12.819s] DEBUG:colcon.colcon_core.event_handler.log_command:Invoked command in '/home/cc/ee106a/fa26/class/ee106a-aej/ros_workspaces/build/straight_line_interface' returned '0': CMAKE_PREFIX_PATH=${CMAKE_PREFIX_PATH}:/home/cc/ee106a/fa26/class/ee106a-aej/ros_workspaces/lab3/install/tf_listener:/home/cc/ee106a/fa26/class/ee106a-aej/ros_workspaces/lab3/install/straight_line:/home/cc/ee106a/fa26/class/ee106a-aej/ros_workspaces/lab3/install/joint_control:/home/cc/ee106a/fa26/class/ee106a-aej/ros_workspaces/lab3/install/forward_kinematics:/home/ff/ee106a/robot_workspaces/ur/install/ur7e_utils:/opt/ros/humble /usr/bin/cmake --build /home/cc/ee106a/fa26/class/ee106a-aej/ros_workspaces/build/straight_line_interface -- -j32 -l32
[12.853s] DEBUG:colcon.colcon_core.event_handler.log_command:Invoking command in '/home/cc/ee106a/fa26/class/ee106a-aej/ros_workspaces/build/straight_line_interface': CMAKE_PREFIX_PATH=${CMAKE_PREFIX_PATH}:/home/cc/ee106a/fa26/class/ee106a-aej/ros_workspaces/lab3/install/tf_listener:/home/cc/ee106a/fa26/class/ee106a-aej/ros_workspaces/lab3/install/straight_line:/home/cc/ee106a/fa26/class/ee106a-aej/ros_workspaces/lab3/install/joint_control:/home/cc/ee106a/fa26/class/ee106a-aej/ros_workspaces/lab3/install/forward_kinematics:/home/ff/ee106a/robot_workspaces/ur/install/ur7e_utils:/opt/ros/humble /usr/bin/cmake --install /home/cc/ee106a/fa26/class/ee106a-aej/ros_workspaces/build/straight_line_interface
[13.868s] Level 1:colcon.colcon_core.environment:create_environment_scripts_only(straight_line_interface)
[13.868s] DEBUG:colcon.colcon_core.event_handler.log_command:Invoked command in '/home/cc/ee106a/fa26/class/ee106a-aej/ros_workspaces/build/straight_line_interface' returned '0': CMAKE_PREFIX_PATH=${CMAKE_PREFIX_PATH}:/home/cc/ee106a/fa26/class/ee106a-aej/ros_workspaces/lab3/install/tf_listener:/home/cc/ee106a/fa26/class/ee106a-aej/ros_workspaces/lab3/install/straight_line:/home/cc/ee106a/fa26/class/ee106a-aej/ros_workspaces/lab3/install/joint_control:/home/cc/ee106a/fa26/class/ee106a-aej/ros_workspaces/lab3/install/forward_kinematics:/home/ff/ee106a/robot_workspaces/ur/install/ur7e_utils:/opt/ros/humble /usr/bin/cmake --install /home/cc/ee106a/fa26/class/ee106a-aej/ros_workspaces/build/straight_line_interface
[13.870s] Level 1:colcon.colcon_core.environment:checking '/home/cc/ee106a/fa26/class/ee106a-aej/ros_workspaces/install/straight_line_interface' for CMake module files
[13.874s] Level 1:colcon.colcon_core.environment:checking '/home/cc/ee106a/fa26/class/ee106a-aej/ros_workspaces/install/straight_line_interface' for CMake config files
[13.882s] Level 1:colcon.colcon_core.shell:create_environment_hook('straight_line_interface', 'cmake_prefix_path')
[13.883s] INFO:colcon.colcon_core.shell:Creating environment hook '/home/cc/ee106a/fa26/class/ee106a-aej/ros_workspaces/install/straight_line_interface/share/straight_line_interface/hook/cmake_prefix_path.ps1'
[13.889s] INFO:colcon.colcon_core.shell:Creating environment descriptor '/home/cc/ee106a/fa26/class/ee106a-aej/ros_workspaces/install/straight_line_interface/share/straight_line_interface/hook/cmake_prefix_path.dsv'
[13.892s] INFO:colcon.colcon_core.shell:Creating environment hook '/home/cc/ee106a/fa26/class/ee106a-aej/ros_workspaces/install/straight_line_interface/share/straight_line_interface/hook/cmake_prefix_path.sh'
[13.897s] Level 1:colcon.colcon_core.environment:checking '/home/cc/ee106a/fa26/class/ee106a-aej/ros_workspaces/install/straight_line_interface/lib'
[13.898s] Level 1:colcon.colcon_core.shell:create_environment_hook('straight_line_interface', 'ld_library_path_lib')
[13.899s] INFO:colcon.colcon_core.shell:Creating environment hook '/home/cc/ee106a/fa26/class/ee106a-aej/ros_workspaces/install/straight_line_interface/share/straight_line_interface/hook/ld_library_path_lib.ps1'
[13.903s] INFO:colcon.colcon_core.shell:Creating environment descriptor '/home/cc/ee106a/fa26/class/ee106a-aej/ros_workspaces/install/straight_line_interface/share/straight_line_interface/hook/ld_library_path_lib.dsv'
[13.906s] INFO:colcon.colcon_core.shell:Creating environment hook '/home/cc/ee106a/fa26/class/ee106a-aej/ros_workspaces/install/straight_line_interface/share/straight_line_interface/hook/ld_library_path_lib.sh'
[13.909s] Level 1:colcon.colcon_core.environment:checking '/home/cc/ee106a/fa26/class/ee106a-aej/ros_workspaces/install/straight_line_interface/bin'
[13.910s] Level 1:colcon.colcon_core.environment:checking '/home/cc/ee106a/fa26/class/ee106a-aej/ros_workspaces/install/straight_line_interface/lib/pkgconfig/straight_line_interface.pc'
[13.914s] Level 1:colcon.colcon_core.environment:checking '/home/cc/ee106a/fa26/class/ee106a-aej/ros_workspaces/install/straight_line_interface/lib/python3.10/site-packages'
[13.915s] Level 1:colcon.colcon_core.environment:checking '/home/cc/ee106a/fa26/class/ee106a-aej/ros_workspaces/install/straight_line_interface/bin'
[13.916s] INFO:colcon.colcon_core.shell:Creating package script '/home/cc/ee106a/fa26/class/ee106a-aej/ros_workspaces/install/straight_line_interface/share/straight_line_interface/package.ps1'
[13.921s] INFO:colcon.colcon_core.shell:Creating package descriptor '/home/cc/ee106a/fa26/class/ee106a-aej/ros_workspaces/install/straight_line_interface/share/straight_line_interface/package.dsv'
[13.925s] INFO:colcon.colcon_core.shell:Creating package script '/home/cc/ee106a/fa26/class/ee106a-aej/ros_workspaces/install/straight_line_interface/share/straight_line_interface/package.sh'
[13.930s] INFO:colcon.colcon_core.shell:Creating package script '/home/cc/ee106a/fa26/class/ee106a-aej/ros_workspaces/install/straight_line_interface/share/straight_line_interface/package.bash'
[13.934s] INFO:colcon.colcon_core.shell:Creating package script '/home/cc/ee106a/fa26/class/ee106a-aej/ros_workspaces/install/straight_line_interface/share/straight_line_interface/package.zsh'
[13.939s] Level 1:colcon.colcon_core.environment:create_file_with_runtime_dependencies(/home/cc/ee106a/fa26/class/ee106a-aej/ros_workspaces/install/straight_line_interface/share/colcon-core/packages/straight_line_interface)
[13.946s] Level 1:colcon.colcon_core.environment:create_environment_scripts_only(straight_line_interface)
[13.946s] Level 1:colcon.colcon_core.environment:checking '/home/cc/ee106a/fa26/class/ee106a-aej/ros_workspaces/install/straight_line_interface' for CMake module files
[13.949s] Level 1:colcon.colcon_core.environment:checking '/home/cc/ee106a/fa26/class/ee106a-aej/ros_workspaces/install/straight_line_interface' for CMake config files
[13.957s] Level 1:colcon.colcon_core.shell:create_environment_hook('straight_line_interface', 'cmake_prefix_path')
[13.957s] INFO:colcon.colcon_core.shell:Creating environment hook '/home/cc/ee106a/fa26/class/ee106a-aej/ros_workspaces/install/straight_line_interface/share/straight_line_interface/hook/cmake_prefix_path.ps1'
[13.961s] INFO:colcon.colcon_core.shell:Creating environment descriptor '/home/cc/ee106a/fa26/class/ee106a-aej/ros_workspaces/install/straight_line_interface/share/straight_line_interface/hook/cmake_prefix_path.dsv'
[13.964s] INFO:colcon.colcon_core.shell:Creating environment hook '/home/cc/ee106a/fa26/class/ee106a-aej/ros_workspaces/install/straight_line_interface/share/straight_line_interface/hook/cmake_prefix_path.sh'
[13.968s] Level 1:colcon.colcon_core.environment:checking '/home/cc/ee106a/fa26/class/ee106a-aej/ros_workspaces/install/straight_line_interface/lib'
[13.969s] Level 1:colcon.colcon_core.shell:create_environment_hook('straight_line_interface', 'ld_library_path_lib')
[13.970s] INFO:colcon.colcon_core.shell:Creating environment hook '/home/cc/ee106a/fa26/class/ee106a-aej/ros_workspaces/install/straight_line_interface/share/straight_line_interface/hook/ld_library_path_lib.ps1'
[13.973s] INFO:colcon.colcon_core.shell:Creating environment descriptor '/home/cc/ee106a/fa26/class/ee106a-aej/ros_workspaces/install/straight_line_interface/share/straight_line_interface/hook/ld_library_path_lib.dsv'
[13.976s] INFO:colcon.colcon_core.shell:Creating environment hook '/home/cc/ee106a/fa26/class/ee106a-aej/ros_workspaces/install/straight_line_interface/share/straight_line_interface/hook/ld_library_path_lib.sh'
[13.979s] Level 1:colcon.colcon_core.environment:checking '/home/cc/ee106a/fa26/class/ee106a-aej/ros_workspaces/install/straight_line_interface/bin'
[13.979s] Level 1:colcon.colcon_core.environment:checking '/home/cc/ee106a/fa26/class/ee106a-aej/ros_workspaces/install/straight_line_interface/lib/pkgconfig/straight_line_interface.pc'
[13.980s] Level 1:colcon.colcon_core.environment:checking '/home/cc/ee106a/fa26/class/ee106a-aej/ros_workspaces/install/straight_line_interface/lib/python3.10/site-packages'
[13.981s] Level 1:colcon.colcon_core.environment:checking '/home/cc/ee106a/fa26/class/ee106a-aej/ros_workspaces/install/straight_line_interface/bin'
[13.983s] INFO:colcon.colcon_core.shell:Creating package script '/home/cc/ee106a/fa26/class/ee106a-aej/ros_workspaces/install/straight_line_interface/share/straight_line_interface/package.ps1'
[13.987s] INFO:colcon.colcon_core.shell:Creating package descriptor '/home/cc/ee106a/fa26/class/ee106a-aej/ros_workspaces/install/straight_line_interface/share/straight_line_interface/package.dsv'
[13.990s] INFO:colcon.colcon_core.shell:Creating package script '/home/cc/ee106a/fa26/class/ee106a-aej/ros_workspaces/install/straight_line_interface/share/straight_line_interface/package.sh'
[13.993s] INFO:colcon.colcon_core.shell:Creating package script '/home/cc/ee106a/fa26/class/ee106a-aej/ros_workspaces/install/straight_line_interface/share/straight_line_interface/package.bash'
[13.996s] INFO:colcon.colcon_core.shell:Creating package script '/home/cc/ee106a/fa26/class/ee106a-aej/ros_workspaces/install/straight_line_interface/share/straight_line_interface/package.zsh'
[13.999s] Level 1:colcon.colcon_core.environment:create_file_with_runtime_dependencies(/home/cc/ee106a/fa26/class/ee106a-aej/ros_workspaces/install/straight_line_interface/share/colcon-core/packages/straight_line_interface)
[14.002s] INFO:colcon.colcon_ros.task.ament_python.build:Building ROS package in '/home/cc/ee106a/fa26/class/ee106a-aej/ros_workspaces/lab3/src/straight_line' with build type 'ament_python'
[14.002s] Level 1:colcon.colcon_core.shell:create_environment_hook('straight_line', 'ament_prefix_path')
[14.004s] INFO:colcon.colcon_core.shell:Creating environment hook '/home/cc/ee106a/fa26/class/ee106a-aej/ros_workspaces/install/straight_line/share/straight_line/hook/ament_prefix_path.ps1'
[14.014s] INFO:colcon.colcon_core.shell:Creating environment descriptor '/home/cc/ee106a/fa26/class/ee106a-aej/ros_workspaces/install/straight_line/share/straight_line/hook/ament_prefix_path.dsv'
[14.018s] INFO:colcon.colcon_core.shell:Creating environment hook '/home/cc/ee106a/fa26/class/ee106a-aej/ros_workspaces/install/straight_line/share/straight_line/hook/ament_prefix_path.sh'
[14.022s] INFO:colcon.colcon_core.shell:Skip shell extension 'powershell' for command environment: Not usable outside of PowerShell
[14.022s] DEBUG:colcon.colcon_core.shell:Skip shell extension 'dsv' for command environment
[14.271s] INFO:colcon.colcon_core.task.python.build:Building Python package in '/home/cc/ee106a/fa26/class/ee106a-aej/ros_workspaces/lab3/src/straight_line'
[14.272s] INFO:colcon.colcon_core.shell:Skip shell extension 'powershell' for command environment: Not usable outside of PowerShell
[14.273s] DEBUG:colcon.colcon_core.shell:Skip shell extension 'dsv' for command environment
[14.696s] DEBUG:colcon.colcon_core.task.python.build:Available setuptools commands: build_clib, install_headers, develop, setopt, rotate, install_scripts, easy_install, dist_info, egg_info, install_egg_info, alias, bdist_egg, register, check, extract_messages, update_catalog, compile_catalog, build_ext, bdist, init_catalog, sdist, install_lib, bdist_rpm, build, bdist_dumb, symlink_data, build_py, bdist_wheel, saveopts, build_scripts, upload_docs, clean, install_data, upload, install, test
[14.706s] DEBUG:colcon.colcon_core.event_handler.log_command:Invoking command in '/home/cc/ee106a/fa26/class/ee106a-aej/ros_workspaces/lab3/src/straight_line': AMENT_PREFIX_PATH=/home/cc/ee106a/fa26/class/ee106a-aej/ros_workspaces/install/straight_line_interface:${AMENT_PREFIX_PATH} CMAKE_PREFIX_PATH=/home/cc/ee106a/fa26/class/ee106a-aej/ros_workspaces/install/straight_line_interface:${CMAKE_PREFIX_PATH} LD_LIBRARY_PATH=/home/cc/ee106a/fa26/class/ee106a-aej/ros_workspaces/install/straight_line_interface/lib:${LD_LIBRARY_PATH} PYTHONPATH=/home/cc/ee106a/fa26/class/ee106a-aej/ros_workspaces/build/straight_line/prefix_override:/usr/lib/python3/dist-packages/colcon_core/task/python/colcon_distutils_commands:/home/cc/ee106a/fa26/class/ee106a-aej/ros_workspaces/install/straight_line/lib/python3.10/site-packages:/home/cc/ee106a/fa26/class/ee106a-aej/ros_workspaces/install/straight_line_interface/local/lib/python3.10/dist-packages:${PYTHONPATH} /usr/bin/python3 -W ignore:setup.py install is deprecated -W ignore:easy_install command is deprecated setup.py egg_info --egg-base ../../../build/straight_line build --build-base /home/cc/ee106a/fa26/class/ee106a-aej/ros_workspaces/build/straight_line/build install --record /home/cc/ee106a/fa26/class/ee106a-aej/ros_workspaces/build/straight_line/install.log --install-scripts $base/lib/straight_line --single-version-externally-managed install_data
[15.119s] Level 1:colcon.colcon_core.environment:checking '/home/cc/ee106a/fa26/class/ee106a-aej/ros_workspaces/install/straight_line' for CMake module files
[15.119s] DEBUG:colcon.colcon_core.event_handler.log_command:Invoked command in '/home/cc/ee106a/fa26/class/ee106a-aej/ros_workspaces/lab3/src/straight_line' returned '0': AMENT_PREFIX_PATH=/home/cc/ee106a/fa26/class/ee106a-aej/ros_workspaces/install/straight_line_interface:${AMENT_PREFIX_PATH} CMAKE_PREFIX_PATH=/home/cc/ee106a/fa26/class/ee106a-aej/ros_workspaces/install/straight_line_interface:${CMAKE_PREFIX_PATH} LD_LIBRARY_PATH=/home/cc/ee106a/fa26/class/ee106a-aej/ros_workspaces/install/straight_line_interface/lib:${LD_LIBRARY_PATH} PYTHONPATH=/home/cc/ee106a/fa26/class/ee106a-aej/ros_workspaces/build/straight_line/prefix_override:/usr/lib/python3/dist-packages/colcon_core/task/python/colcon_distutils_commands:/home/cc/ee106a/fa26/class/ee106a-aej/ros_workspaces/install/straight_line/lib/python3.10/site-packages:/home/cc/ee106a/fa26/class/ee106a-aej/ros_workspaces/install/straight_line_interface/local/lib/python3.10/dist-packages:${PYTHONPATH} /usr/bin/python3 -W ignore:setup.py install is deprecated -W ignore:easy_install command is deprecated setup.py egg_info --egg-base ../../../build/straight_line build --build-base /home/cc/ee106a/fa26/class/ee106a-aej/ros_workspaces/build/straight_line/build install --record /home/cc/ee106a/fa26/class/ee106a-aej/ros_workspaces/build/straight_line/install.log --install-scripts $base/lib/straight_line --single-version-externally-managed install_data
[15.123s] Level 1:colcon.colcon_core.environment:checking '/home/cc/ee106a/fa26/class/ee106a-aej/ros_workspaces/install/straight_line' for CMake config files
[15.132s] Level 1:colcon.colcon_core.environment:checking '/home/cc/ee106a/fa26/class/ee106a-aej/ros_workspaces/install/straight_line/lib'
[15.132s] Level 1:colcon.colcon_core.environment:checking '/home/cc/ee106a/fa26/class/ee106a-aej/ros_workspaces/install/straight_line/bin'
[15.134s] Level 1:colcon.colcon_core.environment:checking '/home/cc/ee106a/fa26/class/ee106a-aej/ros_workspaces/install/straight_line/lib/pkgconfig/straight_line.pc'
[15.135s] Level 1:colcon.colcon_core.environment:checking '/home/cc/ee106a/fa26/class/ee106a-aej/ros_workspaces/install/straight_line/lib/python3.10/site-packages'
[15.136s] Level 1:colcon.colcon_core.shell:create_environment_hook('straight_line', 'pythonpath')
[15.137s] INFO:colcon.colcon_core.shell:Creating environment hook '/home/cc/ee106a/fa26/class/ee106a-aej/ros_workspaces/install/straight_line/share/straight_line/hook/pythonpath.ps1'
[15.142s] INFO:colcon.colcon_core.shell:Creating environment descriptor '/home/cc/ee106a/fa26/class/ee106a-aej/ros_workspaces/install/straight_line/share/straight_line/hook/pythonpath.dsv'
[15.146s] INFO:colcon.colcon_core.shell:Creating environment hook '/home/cc/ee106a/fa26/class/ee106a-aej/ros_workspaces/install/straight_line/share/straight_line/hook/pythonpath.sh'
[15.151s] Level 1:colcon.colcon_core.environment:checking '/home/cc/ee106a/fa26/class/ee106a-aej/ros_workspaces/install/straight_line/bin'
[15.152s] Level 1:colcon.colcon_core.environment:create_environment_scripts_only(straight_line)
[15.153s] INFO:colcon.colcon_core.shell:Creating package script '/home/cc/ee106a/fa26/class/ee106a-aej/ros_workspaces/install/straight_line/share/straight_line/package.ps1'
[15.158s] INFO:colcon.colcon_core.shell:Creating package descriptor '/home/cc/ee106a/fa26/class/ee106a-aej/ros_workspaces/install/straight_line/share/straight_line/package.dsv'
[15.162s] INFO:colcon.colcon_core.shell:Creating package script '/home/cc/ee106a/fa26/class/ee106a-aej/ros_workspaces/install/straight_line/share/straight_line/package.sh'
[15.166s] INFO:colcon.colcon_core.shell:Creating package script '/home/cc/ee106a/fa26/class/ee106a-aej/ros_workspaces/install/straight_line/share/straight_line/package.bash'
[15.170s] INFO:colcon.colcon_core.shell:Creating package script '/home/cc/ee106a/fa26/class/ee106a-aej/ros_workspaces/install/straight_line/share/straight_line/package.zsh'
[15.174s] Level 1:colcon.colcon_core.environment:create_file_with_runtime_dependencies(/home/cc/ee106a/fa26/class/ee106a-aej/ros_workspaces/install/straight_line/share/colcon-core/packages/straight_line)
[15.181s] DEBUG:colcon.colcon_parallel_executor.executor.parallel:closing loop
[15.181s] DEBUG:colcon.colcon_parallel_executor.executor.parallel:loop closed
[15.182s] DEBUG:colcon.colcon_parallel_executor.executor.parallel:run_until_complete finished with '0'
[15.182s] DEBUG:colcon.colcon_core.event_reactor:joining thread
[15.209s] INFO:colcon.colcon_core.plugin_system:Skipping extension 'colcon_notification.desktop_notification.notify_send': Could not find 'notify-send'
[15.210s] INFO:colcon.colcon_core.plugin_system:Skipping extension 'colcon_notification.desktop_notification.terminal_notifier': Not used on non-Darwin systems
[15.211s] INFO:colcon.colcon_core.plugin_system:Skipping extension 'colcon_notification.desktop_notification.win32': Not used on non-Windows systems
[15.211s] INFO:colcon.colcon_notification.desktop_notification:Sending desktop notification using 'notify2'
[15.324s] DEBUG:colcon.colcon_core.event_reactor:joined thread
[15.325s] INFO:colcon.colcon_core.shell:Creating prefix script '/home/cc/ee106a/fa26/class/ee106a-aej/ros_workspaces/install/local_setup.ps1'
[15.330s] INFO:colcon.colcon_core.shell:Creating prefix util module '/home/cc/ee106a/fa26/class/ee106a-aej/ros_workspaces/install/_local_setup_util_ps1.py'
[15.335s] INFO:colcon.colcon_core.shell:Creating prefix chain script '/home/cc/ee106a/fa26/class/ee106a-aej/ros_workspaces/install/setup.ps1'
[15.340s] INFO:colcon.colcon_core.shell:Creating prefix script '/home/cc/ee106a/fa26/class/ee106a-aej/ros_workspaces/install/local_setup.sh'
[15.343s] INFO:colcon.colcon_core.shell:Creating prefix util module '/home/cc/ee106a/fa26/class/ee106a-aej/ros_workspaces/install/_local_setup_util_sh.py'
[15.347s] INFO:colcon.colcon_core.shell:Creating prefix chain script '/home/cc/ee106a/fa26/class/ee106a-aej/ros_workspaces/install/setup.sh'
[15.353s] INFO:colcon.colcon_core.shell:Creating prefix script '/home/cc/ee106a/fa26/class/ee106a-aej/ros_workspaces/install/local_setup.bash'
[15.356s] INFO:colcon.colcon_core.shell:Creating prefix chain script '/home/cc/ee106a/fa26/class/ee106a-aej/ros_workspaces/install/setup.bash'
[15.362s] INFO:colcon.colcon_core.shell:Creating prefix script '/home/cc/ee106a/fa26/class/ee106a-aej/ros_workspaces/install/local_setup.zsh'
[15.366s] INFO:colcon.colcon_core.shell:Creating prefix chain script '/home/cc/ee106a/fa26/class/ee106a-aej/ros_workspaces/install/setup.zsh'
