[0.985s] Invoking command in '/home/user/ros_workspaces/lab0/src/bar': PYTHONPATH=/home/user/ros_workspaces/lab0/build/bar/prefix_override:/usr/lib/python3/dist-packages/colcon_core/task/python/colcon_distutils_commands:/home/user/ros_workspaces/lab0/install/bar/lib/python3.10/site-packages:${PYTHONPATH} _=/usr/bin/env /usr/bin/python3 -W ignore:setup.py install is deprecated -W ignore:easy_install command is deprecated setup.py egg_info --egg-base ../../build/bar build --build-base /home/user/ros_workspaces/lab0/build/bar/build install --record /home/user/ros_workspaces/lab0/build/bar/install.log --single-version-externally-managed install_data
[1.293s] running egg_info
[1.310s] creating ../../build/bar/bar.egg-info
[1.311s] writing ../../build/bar/bar.egg-info/PKG-INFO
[1.315s] writing dependency_links to ../../build/bar/bar.egg-info/dependency_links.txt
[1.315s] writing requirements to ../../build/bar/bar.egg-info/requires.txt
[1.315s] writing top-level names to ../../build/bar/bar.egg-info/top_level.txt
[1.315s] writing manifest file '../../build/bar/bar.egg-info/SOURCES.txt'
[1.361s] reading manifest file '../../build/bar/bar.egg-info/SOURCES.txt'
[1.364s] writing manifest file '../../build/bar/bar.egg-info/SOURCES.txt'
[1.364s] running build
[1.371s] running build_py
[1.371s] creating /home/user/ros_workspaces/lab0/build/bar/build/lib/bar
[1.371s] copying bar/__init__.py -> /home/user/ros_workspaces/lab0/build/bar/build/lib/bar
[1.371s] running install
[1.371s] running install_lib
[1.389s] creating /home/user/ros_workspaces/lab0/install/bar/lib/python3.10/site-packages/bar
[1.389s] copying /home/user/ros_workspaces/lab0/build/bar/build/lib/bar/__init__.py -> /home/user/ros_workspaces/lab0/install/bar/lib/python3.10/site-packages/bar
[1.390s] byte-compiling /home/user/ros_workspaces/lab0/install/bar/lib/python3.10/site-packages/bar/__init__.py to __init__.cpython-310.pyc
[1.390s] running install_data
[1.390s] creating /home/user/ros_workspaces/lab0/install/bar/share/ament_index/resource_index/packages
[1.390s] copying resource/bar -> /home/user/ros_workspaces/lab0/install/bar/share/ament_index/resource_index/packages
[1.391s] copying package.xml -> /home/user/ros_workspaces/lab0/install/bar/share/bar
[1.391s] running install_egg_info
[1.410s] Copying ../../build/bar/bar.egg-info to /home/user/ros_workspaces/lab0/install/bar/lib/python3.10/site-packages/bar-0.0.0-py3.10.egg-info
[1.415s] running install_scripts
[1.473s] writing list of installed files to '/home/user/ros_workspaces/lab0/build/bar/install.log'
[1.493s] Invoked command in '/home/user/ros_workspaces/lab0/src/bar' returned '0': PYTHONPATH=/home/user/ros_workspaces/lab0/build/bar/prefix_override:/usr/lib/python3/dist-packages/colcon_core/task/python/colcon_distutils_commands:/home/user/ros_workspaces/lab0/install/bar/lib/python3.10/site-packages:${PYTHONPATH} _=/usr/bin/env /usr/bin/python3 -W ignore:setup.py install is deprecated -W ignore:easy_install command is deprecated setup.py egg_info --egg-base ../../build/bar build --build-base /home/user/ros_workspaces/lab0/build/bar/build install --record /home/user/ros_workspaces/lab0/build/bar/install.log --single-version-externally-managed install_data
