[0.698s] Invoking command in '/home/cc/ee106a/fa26/class/ee106a-aej/ros_workspaces/lab3/src/straight_line': AMENT_PREFIX_PATH=/home/cc/ee106a/fa26/class/ee106a-aej/ros_workspaces/install/straight_line_interface:${AMENT_PREFIX_PATH} CMAKE_PREFIX_PATH=/home/cc/ee106a/fa26/class/ee106a-aej/ros_workspaces/install/straight_line_interface:${CMAKE_PREFIX_PATH} LD_LIBRARY_PATH=/home/cc/ee106a/fa26/class/ee106a-aej/ros_workspaces/install/straight_line_interface/lib:${LD_LIBRARY_PATH} PYTHONPATH=/home/cc/ee106a/fa26/class/ee106a-aej/ros_workspaces/build/straight_line/prefix_override:/usr/lib/python3/dist-packages/colcon_core/task/python/colcon_distutils_commands:/home/cc/ee106a/fa26/class/ee106a-aej/ros_workspaces/install/straight_line/lib/python3.10/site-packages:/home/cc/ee106a/fa26/class/ee106a-aej/ros_workspaces/install/straight_line_interface/local/lib/python3.10/dist-packages:${PYTHONPATH} /usr/bin/python3 -W ignore:setup.py install is deprecated -W ignore:easy_install command is deprecated setup.py egg_info --egg-base ../../../build/straight_line build --build-base /home/cc/ee106a/fa26/class/ee106a-aej/ros_workspaces/build/straight_line/build install --record /home/cc/ee106a/fa26/class/ee106a-aej/ros_workspaces/build/straight_line/install.log --install-scripts $base/lib/straight_line --single-version-externally-managed install_data
[0.919s] running egg_info
[0.920s] creating ../../../build/straight_line/straight_line.egg-info
[0.922s] writing ../../../build/straight_line/straight_line.egg-info/PKG-INFO
[0.927s] writing dependency_links to ../../../build/straight_line/straight_line.egg-info/dependency_links.txt
[0.931s] writing entry points to ../../../build/straight_line/straight_line.egg-info/entry_points.txt
[0.933s] writing requirements to ../../../build/straight_line/straight_line.egg-info/requires.txt
[0.936s] writing top-level names to ../../../build/straight_line/straight_line.egg-info/top_level.txt
[0.939s] writing manifest file '../../../build/straight_line/straight_line.egg-info/SOURCES.txt'
[0.945s] reading manifest file '../../../build/straight_line/straight_line.egg-info/SOURCES.txt'
[0.945s] adding license file 'LICENSE'
[0.946s] writing manifest file '../../../build/straight_line/straight_line.egg-info/SOURCES.txt'
[0.948s] running build
[0.948s] running build_py
[0.948s] creating /home/cc/ee106a/fa26/class/ee106a-aej/ros_workspaces/build/straight_line/build
[0.950s] creating /home/cc/ee106a/fa26/class/ee106a-aej/ros_workspaces/build/straight_line/build/lib
[0.951s] creating /home/cc/ee106a/fa26/class/ee106a-aej/ros_workspaces/build/straight_line/build/lib/straight_line
[0.953s] copying straight_line/straight_line_server.py -> /home/cc/ee106a/fa26/class/ee106a-aej/ros_workspaces/build/straight_line/build/lib/straight_line
[0.959s] copying straight_line/__init__.py -> /home/cc/ee106a/fa26/class/ee106a-aej/ros_workspaces/build/straight_line/build/lib/straight_line
[0.965s] running install
[0.965s] running install_lib
[0.969s] creating /home/cc/ee106a/fa26/class/ee106a-aej/ros_workspaces/install/straight_line/lib/python3.10/site-packages/straight_line
[0.971s] copying /home/cc/ee106a/fa26/class/ee106a-aej/ros_workspaces/build/straight_line/build/lib/straight_line/straight_line_server.py -> /home/cc/ee106a/fa26/class/ee106a-aej/ros_workspaces/install/straight_line/lib/python3.10/site-packages/straight_line
[0.976s] copying /home/cc/ee106a/fa26/class/ee106a-aej/ros_workspaces/build/straight_line/build/lib/straight_line/__init__.py -> /home/cc/ee106a/fa26/class/ee106a-aej/ros_workspaces/install/straight_line/lib/python3.10/site-packages/straight_line
[0.981s] byte-compiling /home/cc/ee106a/fa26/class/ee106a-aej/ros_workspaces/install/straight_line/lib/python3.10/site-packages/straight_line/straight_line_server.py to straight_line_server.cpython-310.pyc
[0.988s] byte-compiling /home/cc/ee106a/fa26/class/ee106a-aej/ros_workspaces/install/straight_line/lib/python3.10/site-packages/straight_line/__init__.py to __init__.cpython-310.pyc
[0.994s] running install_data
[0.995s] creating /home/cc/ee106a/fa26/class/ee106a-aej/ros_workspaces/install/straight_line/share/ament_index
[0.996s] creating /home/cc/ee106a/fa26/class/ee106a-aej/ros_workspaces/install/straight_line/share/ament_index/resource_index
[0.997s] creating /home/cc/ee106a/fa26/class/ee106a-aej/ros_workspaces/install/straight_line/share/ament_index/resource_index/packages
[1.000s] copying resource/straight_line -> /home/cc/ee106a/fa26/class/ee106a-aej/ros_workspaces/install/straight_line/share/ament_index/resource_index/packages
[1.005s] copying package.xml -> /home/cc/ee106a/fa26/class/ee106a-aej/ros_workspaces/install/straight_line/share/straight_line
[1.009s] running install_egg_info
[1.013s] Copying ../../../build/straight_line/straight_line.egg-info to /home/cc/ee106a/fa26/class/ee106a-aej/ros_workspaces/install/straight_line/lib/python3.10/site-packages/straight_line-0.0.0-py3.10.egg-info
[1.051s] running install_scripts
[1.084s] Installing straight_line_server script to /home/cc/ee106a/fa26/class/ee106a-aej/ros_workspaces/install/straight_line/lib/straight_line
[1.090s] writing list of installed files to '/home/cc/ee106a/fa26/class/ee106a-aej/ros_workspaces/build/straight_line/install.log'
[1.111s] Invoked command in '/home/cc/ee106a/fa26/class/ee106a-aej/ros_workspaces/lab3/src/straight_line' returned '0': AMENT_PREFIX_PATH=/home/cc/ee106a/fa26/class/ee106a-aej/ros_workspaces/install/straight_line_interface:${AMENT_PREFIX_PATH} CMAKE_PREFIX_PATH=/home/cc/ee106a/fa26/class/ee106a-aej/ros_workspaces/install/straight_line_interface:${CMAKE_PREFIX_PATH} LD_LIBRARY_PATH=/home/cc/ee106a/fa26/class/ee106a-aej/ros_workspaces/install/straight_line_interface/lib:${LD_LIBRARY_PATH} PYTHONPATH=/home/cc/ee106a/fa26/class/ee106a-aej/ros_workspaces/build/straight_line/prefix_override:/usr/lib/python3/dist-packages/colcon_core/task/python/colcon_distutils_commands:/home/cc/ee106a/fa26/class/ee106a-aej/ros_workspaces/install/straight_line/lib/python3.10/site-packages:/home/cc/ee106a/fa26/class/ee106a-aej/ros_workspaces/install/straight_line_interface/local/lib/python3.10/dist-packages:${PYTHONPATH} /usr/bin/python3 -W ignore:setup.py install is deprecated -W ignore:easy_install command is deprecated setup.py egg_info --egg-base ../../../build/straight_line build --build-base /home/cc/ee106a/fa26/class/ee106a-aej/ros_workspaces/build/straight_line/build install --record /home/cc/ee106a/fa26/class/ee106a-aej/ros_workspaces/build/straight_line/install.log --install-scripts $base/lib/straight_line --single-version-externally-managed install_data
